✔ talent_people_page rejects disabled talent before its business body (126.811333ms)
✔ talent_person_detail rejects disabled talent before its business body (1.647375ms)
✔ talent_save_person rejects disabled talent before its business body (1.815583ms)
✔ talent_resolve_person_command rejects disabled talent before its business body (1.54425ms)
✔ talent_compare_snapshot rejects disabled talent before its business body (1.719708ms)
✔ talent_import_status rejects disabled talent before its business body (2.280875ms)
✔ talent_import_prepare rejects disabled talent before its business body (1.253834ms)
✔ talent_import_apply_row rejects disabled talent before its business body (1.41825ms)
✔ talent_import_cancel rejects disabled talent before its business body (1.172666ms)
✔ talent_import_recover rejects disabled talent before its business body (1.154666ms)
✔ talent_import_close rejects disabled talent before its business body (1.114958ms)
✔ talent_import_history rejects disabled talent before its business body (1.262584ms)
✔ talent_conversation_save rejects disabled talent before its business body (1.261334ms)
✔ talent_attachment_reserve rejects disabled talent before its business body (1.112541ms)
✔ talent_attachment_finish rejects disabled talent before its business body (1.168708ms)
✔ talent_attachment_list rejects disabled talent before its business body (1.146125ms)
✔ talent_attachment_pending rejects disabled talent before its business body (1.108625ms)
✔ talent_attachment_cancel rejects disabled talent before its business body (1.205333ms)
✔ talent_availability_read rejects disabled talent before its business body (1.177958ms)
✔ talent_availability_save rejects disabled talent before its business body (1.431375ms)
✔ talent_prepare_worker rejects disabled talent before its business body (1.348375ms)
✔ talent_match_source rejects disabled talent before its business body (1.377667ms)
✔ talent_work_copy_page rejects disabled talent before its business body (1.2475ms)
✔ talent_import_change_review rejects disabled talent before its business body (1.293458ms)
✔ talent_import_undo_update rejects disabled talent before its business body (1.556333ms)
✔ talent_merge_review rejects disabled talent before its business body (1.448291ms)
✔ talent_merge_apply rejects disabled talent before its business body (1.542791ms)
✔ talent_merge_resolve rejects disabled talent before its business body (1.259125ms)
✔ talent_merged_availability rejects disabled talent before its business body (1.379958ms)
✔ talent_contact_summaries rejects disabled talent before its business body (2.184708ms)
✔ talent_shared_views_read rejects disabled talent before its business body (1.192167ms)
✔ talent_shared_view_create rejects disabled talent before its business body (1.342958ms)
✔ talent_shared_view_archive rejects disabled talent before its business body (1.40525ms)
✔ talent_call_lists_read rejects disabled talent before its business body (1.164083ms)
✔ talent_call_list_create rejects disabled talent before its business body (1.401ms)
✔ talent_call_list_archive rejects disabled talent before its business body (1.198542ms)
✔ talent_call_list_edit rejects disabled talent before its business body (1.390416ms)
✔ talent_conversation_list rejects disabled talent before its business body (1.145208ms)
✔ talent_call_list_people rejects disabled talent before its business body (1.11675ms)
✔ all patched bodies preserve their original statements and acquire config before original locks (6.033083ms)
✔ neutral identity scope still serves operations when talent is off (0.927917ms)
✔ enabled read executes the actual saved-view body and returns only the selected tenant (1.572292ms)
✔ actor spoof, foreign tenant and missing membership fail before business reads (1.634084ms)
✔ prepare-worker requires staffing as well as talent (2.105792ms)
✔ anonymous and service cannot execute any patched entry, including internal read helper (11.281375ms)
✔ write after waiting on settings lock observes committed disabled state (21.577792ms)
✔ last-body drift rolls back every earlier patch and helper creation (15.477875ms)
✔ exposed internal aliases stop migration instead of leaving a bypass (6.711083ms)
✔ a newly exposed actor-scoped overload requires review (9.303792ms)
✔ attachment policy helper denies downloads and new uploads when talent is off (3.839208ms)
✔ attachment access retains tenant owner ready and onboarding rules (3.080334ms)
✔ enabled write executes original archive operation without losing authorization (1.841917ms)
✔ actual person detail withholds assignments when staffing is off and restores them when on (12.558209ms)
✔ assignment projection rejects an unexpected source body without changing it (1.083416ms)
✔ conversation history retains order and job outcome without querying disabled operation context (7.381875ms)
✔ disabled staffing blocks new request conversations but permits general notes and their retry (5.207042ms)
✔ conversation patch preserves metadata and rolls back the first patch if the second source drifts (2.970417ms)
✔ closed staffing permits linked contact/location edits but rejects name sync atomically (10.319708ms)
✔ unlinked and new people can still change names with staffing disabled (6.72925ms)
✔ actual operations worker create and retry stay usable with talent off; reopening reveals the same person (16.562417ms)
✔ maintenance trigger synchronizes once and stays tenant-scoped while talent is off (8.747083ms)
✔ closed staffing stops the actual worker writer before maintenance can create a talent row (8.52225ms)
✔ preparing an existing person reuses their card through the real trigger and remains idempotent (12.653208ms)
ℹ tests 63
ℹ suites 0
ℹ pass 63
ℹ fail 0
ℹ cancelled 0
ℹ skipped 0
ℹ todo 0
ℹ duration_ms 481.18475
