
> bps@0.1.0 build
> next build

   ▲ Next.js 15.5.26
   - Experiments (use with caution):
     · middlewareClientMaxBodySize: "11mb"

   Creating an optimized production build ...
<w> [webpack.cache.PackFileCacheStrategy] Serializing big strings (215kiB) impacts deserialization performance (consider using Buffer instead and decode when needed)
 ✓ Compiled successfully in 14.4s
   Linting and checking validity of types ...
   Collecting page data ...
   Generating static pages (0/29) ...
   Generating static pages (7/29) 
   Generating static pages (14/29) 
   Generating static pages (21/29) 
 ✓ Generating static pages (29/29)
   Finalizing page optimization ...
   Collecting build traces ...

Route (app)                                 Size  First Load JS
┌ ○ /                                    48.7 kB         151 kB
├ ○ /_not-found                             1 kB         104 kB
├ ƒ /admin                                6.1 kB         109 kB
├ ○ /aktif-isgucu                        6.93 kB         193 kB
├ ƒ /api/access-request                    151 B         103 kB
├ ƒ /api/contracts/pdf-upload              151 B         103 kB
├ ƒ /api/cron/notifications                151 B         103 kB
├ ƒ /api/demo-request                      151 B         103 kB
├ ƒ /api/healthz                           151 B         103 kB
├ ƒ /api/operations/weekly-export          151 B         103 kB
├ ƒ /auth/callback                         151 B         103 kB
├ ○ /ayarlar                             6.75 kB         188 kB
├ ○ /dashboard                             12 kB         201 kB
├ ○ /davet                                4.2 kB         182 kB
├ ○ /evraklar                            9.24 kB         210 kB
├ ○ /finansal-ozet                        6.1 kB         186 kB
├ ○ /firmalar                            7.55 kB         194 kB
├ ƒ /firmalar/[id]                        128 kB         333 kB
├ ○ /gorevler                            17.8 kB         218 kB
├ ○ /import                              8.37 kB         186 kB
├ ○ /kayit                               1.94 kB         169 kB
├ ○ /kurulum                             6.84 kB         188 kB
├ ○ /kurumsal-tarihler                   7.47 kB         185 kB
├ ○ /login                               3.94 kB         168 kB
├ ○ /luca-import                          169 kB         348 kB
├ ƒ /personel-havuzu                     33.2 kB         237 kB
├ ƒ /personel-havuzu/aktarim             23.2 kB         199 kB
├ ƒ /personel-havuzu/listeler            5.47 kB         191 kB
├ ƒ /projeler                            2.17 kB         108 kB
├ ƒ /projeler/[id]                       2.93 kB         109 kB
├ ƒ /projeler/[id]/aktarim               9.01 kB         120 kB
├ ƒ /projeler/[id]/rapor                   169 B         106 kB
├ ƒ /projeler/[id]/rapor/kayitlar          169 B         106 kB
├ ○ /randevular                            12 kB         212 kB
├ ○ /raporlar                            7.07 kB         196 kB
├ ○ /sirket-sec                          4.04 kB         168 kB
├ ○ /sozlesmeler                         7.22 kB         204 kB
├ ƒ /sozlesmeler/[id]                    16.1 kB         221 kB
├ ○ /talepler                            8.33 kB         206 kB
├ ƒ /talepler/dizin                      7.33 kB         192 kB
├ ƒ /talepler/gunluk                     32.6 kB         226 kB
├ ƒ /talepler/haftalik                   7.76 kB         189 kB
├ ƒ /talepler/ise-baslama                10.9 kB         195 kB
├ ○ /talepler/ise-baslama/onizleme       2.84 kB         170 kB
├ ƒ /talepler/kadro                      8.37 kB         179 kB
├ ƒ /talepler/kontrol                    5.42 kB         186 kB
├ ƒ /talepler/planlar                     8.2 kB         179 kB
└ ƒ /yonetim                             7.15 kB         197 kB
+ First Load JS shared by all             103 kB
  ├ chunks/8337-670d98be687c4cde.js      46.3 kB
  ├ chunks/945200c1-3bdd3afc4617970b.js  54.2 kB
  └ other shared chunks (total)          2.15 kB


ƒ Middleware                             87.1 kB

○  (Static)   prerendered as static content
ƒ  (Dynamic)  server-rendered on demand

