✔ removed and cancelled assignments reject every new attendance state without receipts (77.738ms)
✔ active attendance works; retry of accepted command after removal returns receipt without new event (2.596667ms)
✔ non-overlapping shifts remain allowed and overlap still rejects (2.271334ms)
✔ waiting stale screen observes committed removal after acquiring request lock (17.964958ms)
✔ six validated immediate RESTRICT keys retain their original column order (72.476208ms)
✔ company cannot cascade its contract, appointment or document history (2.520084ms)
✔ contract deletion cannot detach an appointment or reclassify its PDF as a general document (2.26175ms)
✔ completed appointment cannot lose its idempotency receipt through parent deletion (0.756833ms)
✔ status changes and nullable contract-free appointments remain usable (0.804416ms)
✔ deleting a parent with no dependent history is still allowed (0.603292ms)
✔ SET NULL scope drift is rejected before changing that relation (6.636542ms)
✔ an extra cascading FK aborts and rolls back the whole migration (7.335583ms)
Synthetic company commands DB: 17.10
✔ create assigns verified tenant/actor and normalizes defaults without client DML privileges (75.424542ms)
✔ CSV status/risk values survive the same creation command (2.951125ms)
✔ status command changes only status and a repeat does not trigger another update (4.715792ms)
✔ wrong actor, tenant, role and foreign company cannot write (5.617708ms)
✔ input keys, types, empty names and unsupported status values are rejected (11.977375ms)
✔ closed customers rejects both creation and status changes; malformed config fails closed (4.554542ms)
✔ stale membership and repeatable read do not execute commands (1.88525ms)
✔ anon and service role cannot execute the company command (1.683334ms)
✔ config writer wins: command waits before profile lock then sees disabled customers (24.871792ms)
✔ company command wins: config updater waits until full business transaction ends (11.084625ms)
✔ role is rechecked after waiting for membership profile lock (19.422125ms)
Synthetic contact commands DB: 17.10
✔ operations patches only supplied fields; absent email remains current (91.086042ms)
✔ empty channels, empty patch, injected name and malformed payload are rejected (10.09925ms)
✔ manager deletes exactly the company-bound contact; repeated delete fails (3.451333ms)
✔ operations cannot delete/import; other roles cannot patch (16.08175ms)
✔ wrong company, tenant, actor and foreign-company import are rejected (7.562166ms)
✔ CSV preserves the existing primary and rejects duplicate primary instead of demoting (4.432ms)
✔ CSV has the same five-contact limit and passive-company guard (10.430375ms)
✔ effective contact DML is gone for app roles; legacy manager create/full edit still works (3.458459ms)
✔ disabled customer module blocks every new action (8.692166ms)
✔ configuration lock comes before profile; waiting command sees committed module closure (23.095292ms)
✔ role is rechecked after a blocked profile lock (20.102791ms)
✔ cutover refuses inherited column UPDATE grants (2.759959ms)
✔ concurrent partial edits merge against the locked row, not a stale client snapshot (27.591125ms)
✔ all five exact foreign keys become validated immediate RESTRICT constraints (74.502583ms)
✔ company deletion cannot cascade contacts or notes, even with modules disabled (2.943542ms)
✔ profile deletion cannot erase contact or note authorship (1.61025ms)
✔ mizan upload deletion cannot silently remove confirmed row history (0.670917ms)
✔ deactivation and membership removal preserve historical records and continue working (0.818959ms)
✔ unreferenced parents can still be deleted; this is not a blanket delete trigger (0.4885ms)
✔ schema drift fails and rolls back earlier constraint replacements (5.443875ms)
✔ concurrent child insert prevents a waiting company delete after commit (9.941375ms)
Synthetic customers DB: 17.10
✔ customer read gates preserve repository role policy matrix (113.221167ms)
✔ customer reads retain tenant identity and never leak a foreign contact (7.859125ms)
✔ closed customer module hides all three sets and task company choices without deleting records (3.482791ms)
✔ closing tenant A leaves tenant B customer reads unchanged (3.486583ms)
✔ a stale claim after membership removal returns no customer data (1.496875ms)
✔ missing config and invalid dependency snapshots do not become enabled (7.079666ms)
✔ a permissive policy cannot OR around the module read fence (3.1695ms)
✔ migration aborts if any target RLS is disabled and rolls back prior policy work (2.40775ms)
Synthetic notes/contact DB: 17.10
✔ manager, operations and HR can create notes; author is resolved from the profile (102.291583ms)
✔ other roles cannot create, edit, pin or delete notes (6.040458ms)
✔ operations and HR can edit only their own notes and cannot pin/delete (29.852459ms)
✔ manager can pin and delete; missing targets never report a successful mutation (4.76875ms)
✔ even manager cannot edit a note through a different same-tenant company (7.818ms)
✔ forged author, pin-at-create, invalid tags and blank/non-string content are rejected (7.639958ms)
✔ passive companies retain note creation but reject new contacts (3.893833ms)
✔ company/note direct writes are revoked, while both note and legacy contact commands still work (7.581458ms)
✔ legacy full contact command preserves atomic primary selection and max five limit after cutover (32.442708ms)
✔ legacy contact command rejects other roles and foreign targets (12.326666ms)
✔ disabled module blocks note and contact commands, including the unchanged legacy signature (5.509458ms)
✔ config change wins: note and contact wait before profile locks and see disabled state (58.320208ms)
✔ note transaction holds the configuration lock until transaction completion (12.978875ms)
✔ contact definer conversion rejects body drift instead of elevating altered code (2.124125ms)
✔ write cutover rejects inherited table privileges (1.693375ms)
✔ existing authenticated CSV contact insert remains compatible after company UPDATE is revoked (1.998541ms)
✔ role is rechecked after the profile lock for both contact and note writers (40.205ms)
✔ blank profile names are rejected instead of inventing a note author label (2.024334ms)
✔ only service role can execute the two notification projections (79.628209ms)
✔ a company cannot resolve through another tenant, even for the service role (1.226417ms)
✔ module-specific disabling is isolated between tenants and blocks the corresponding names (3.427625ms)
✔ turning customers off with dependent modules off prevents either company projection (1.947375ms)
✔ incomplete settings and broken dependencies raise errors rather than enabled or disabled defaults (1.754584ms)
✔ invalid modules, excessive and null tenant arrays are rejected (4.688042ms)
✔ company arrays must be bounded, unique and pairwise complete (3.538417ms)
✔ unknown tenant configuration and missing company fail closed (1.48675ms)
✔ all candidate and document-state RPCs are service-only (3.759ms)
✔ SQL candidates preserve source date/status filters and expose only notification columns (3.954041ms)
✔ contract off preserves company documents but removes linked documents and contract candidates (2.981334ms)
✔ documents/calendar off prevents SQL candidates for only that tenant (2.298375ms)
✔ foreign-company or foreign-tenant contract links are excluded, not projected (1.429875ms)
✔ document state uses current relationship and acknowledges removed records as ineligible (2.909167ms)
✔ candidate readers fail on incomplete configuration instead of silently treating it as disabled (3.128834ms)
✔ document-state inputs reject missing, excessive and duplicate pairs (3.346042ms)
✔ service raw SELECT is denied after cutover while all notification projections remain usable (6.210791ms)
✔ service read cutover rejects inherited column access instead of claiming closure (1.497584ms)
✔ legacy stamps are retained and copied only to matching tenant and non-null current expiry (64.925709ms)
✔ current date deduplicates; renewal admits one new reservation; exact rollback preserves historical stamp (2.458084ms)
✔ old worker reservations fail while unrelated notification kinds keep their keys (0.729875ms)
✔ tenant managers cannot read leads, including with an extra broad permissive policy (75.267459ms)
✔ platform admin can read global leads without tenant membership but cannot mutate from browser (2.49025ms)
✔ anonymous access is closed; service intake remains possible (1.546125ms)
✔ manager inserts own tenant with own author, rejects foreign tenant and forged author (3.245833ms)
✔ same-tenant manager edits another author record without claiming authorship (4.140042ms)
✔ unfiltered manager delete stays inside active tenant even with broad permissive grants (2.541541ms)
✔ A manager selected into B as operator cannot write even with permissive policy (2.937333ms)
✔ unknown tenant claim exposes no deadlines and cannot insert (2.014792ms)
✔ legacy null creator can be edited but cannot be rewritten as a different author (4.625875ms)
Synthetic finance DB: 17.10
✔ finance AND policies retain role and tenant filtering while enabled (89.692375ms)
✔ closed finance hides all three tables without deleting records (2.756542ms)
✔ atomic import still writes and replays the same receipt once when enabled (5.230208ms)
✔ closed finance rejects both new import and old replay before any write (3.413333ms)
✔ wrong role, foreign company and stale claimed tenant remain rejected (4.1275ms)
✔ malformed module configuration and stronger isolation fail closed (2.888292ms)
✔ anon, authenticated and bypassrls service cannot mutate directly or call retired RPCs (10.462916ms)
✔ config change wins: import waits before profile lock then observes disabled state (23.780459ms)
✔ import wins: config update waits for full import transaction (12.272ms)
✔ migration revokes direct column privileges as well as table privileges (4.066792ms)
✔ migration aborts on inherited write privileges (3.425ms)
✔ migration aborts on command body drift (2.286125ms)
✔ migration aborts on a callable same-name overload (3.11475ms)
✔ ops_mutate rejects disabled staffing with original execution mode (81.271167ms)
✔ ops_import_locations rejects disabled staffing with original execution mode (1.692708ms)
✔ ops_board rejects disabled staffing with original execution mode (1.472791ms)
✔ ops_week rejects disabled staffing with original execution mode (1.449667ms)
✔ ops_attendance_week rejects disabled staffing with original execution mode (1.473709ms)
✔ ops_directory rejects disabled staffing with original execution mode (1.312042ms)
✔ ops_idp_list rejects disabled staffing with original execution mode (1.306125ms)
✔ ops_locations raw SELECT is tenant-scoped and empty when module disabled (3.089167ms)
✔ ops_workers raw SELECT is tenant-scoped and empty when module disabled (2.984ms)
✔ ops_daily_requests raw SELECT is tenant-scoped and empty when module disabled (2.720041ms)
✔ ops_assignments raw SELECT is tenant-scoped and empty when module disabled (2.704709ms)
✔ restrictive policies do not grant a viewer previously denied access (3.382416ms)
✔ actual worker directory remains invoker and works when staffing on, talent off (3.1295ms)
✔ original statements and invoker/definer flags survive history plus gates (1.25725ms)
✔ missing tenant RLS precondition aborts without altering functions (3.165833ms)
✔ manager sees all sixteen checks with no settings mutation or save authorization (76.520542ms)
✔ anon service and non-manager cannot use the preview (2.871584ms)
✔ cross tenant, actor mismatch, removed membership and stale revision reject (3.599542ms)
✔ invalid JSON shapes and coerced booleans reject before any business scan (4.939125ms)
✔ dependencies report requested state, do not silently enable or cascade disable (1.642583ms)
✔ no-change draft scans no business tables and bigint revision stays exact (1.360333ms)
✔ unfinished_tasks: own tenant blocks, foreign tenant and completed history do not (3.766542ms)
✔ unfinished_appointments: own tenant blocks, foreign tenant and completed history do not (3.267041ms)
✔ unfinished_contracts: own tenant blocks, foreign tenant and completed history do not (2.928125ms)
✔ pending_talent_import: own tenant blocks, foreign tenant and completed history do not (2.90925ms)
✔ open_staffing_demands: own tenant blocks, foreign tenant and completed history do not (3.155667ms)
✔ upcoming_requests: own tenant blocks, foreign tenant and completed history do not (2.798541ms)
✔ upcoming_assignments: own tenant blocks, foreign tenant and completed history do not (3.331417ms)
✔ unapproved_work: own tenant blocks, foreign tenant and completed history do not (2.650083ms)
✔ active_roster: own tenant blocks, foreign tenant and completed history do not (2.705541ms)
✔ active_schedules: own tenant blocks, foreign tenant and completed history do not (2.789917ms)
✔ open_reporting_periods: own tenant blocks, foreign tenant and completed history do not (2.49625ms)
✔ pending_reporting_imports: own tenant blocks, foreign tenant and completed history do not (2.625292ms)
✔ unknown and null states stay blocking instead of passing as completed (2.333791ms)
✔ dates use Istanbul business day regardless of session timezone (3.85125ms)
✔ missing relation produces an error, never a green empty report (2.017166ms)
✔ real SQL response satisfies the application parser contract (327.459833ms)
✔ customer_linked_tasks: dependent open task is visible even when tasks stays enabled (2.361666ms)
✔ appointment_linked_tasks: dependent open task is visible even when tasks stays enabled (2.042916ms)
✔ contract_linked_tasks: dependent open task is visible even when tasks stays enabled (1.867208ms)
✔ unfinished file uploads or cancellation cleanup block talent closure until ready or cleaned (3.165583ms)
✔ ops_execute_scoped: staffing off denies before business body (105.924708ms)
✔ ops_reconcile_commands: staffing off denies before business body (1.682958ms)
✔ ops_create_request_batch: staffing off denies before business body (1.509292ms)
✔ ops_resize_request: staffing off denies before business body (1.422958ms)
✔ ops_record_attendance: staffing off denies before business body (1.469542ms)
✔ ops_replace_assignment: staffing off denies before business body (1.386208ms)
✔ ops_set_directory_active: staffing off denies before business body (1.239667ms)
✔ ops_start_execute: staffing off denies before business body (1.475791ms)
✔ ops_start_board: staffing off denies before business body (1.54675ms)
✔ ops_start_board_filtered: staffing off denies before business body (1.481125ms)
✔ ops_replace_assignment_before_start: staffing off denies before business body (1.418917ms)
✔ ops_comment_send: staffing off denies before business body (2.0665ms)
✔ ops_comment_list: staffing off denies before business body (1.172583ms)
✔ ops_comment_inbox: staffing off denies before business body (1.072125ms)
✔ ops_comment_read: staffing off denies before business body (1.152209ms)
✔ ops_comment_people: staffing off denies before business body (1.01725ms)
✔ ops_comment_inbox_page: staffing off denies before business body (1.062583ms)
✔ ops_comment_resolve: staffing off denies before business body (1.120541ms)
✔ ops_update_location: staffing off denies before business body (1.093583ms)
✔ ops_record_replacement_outreach: staffing off denies before business body (1.171834ms)
✔ ops_replacement_outreach_history: staffing off denies before business body (1.049ms)
✔ ops_replacement_outreach_latest: staffing off denies before business body (1.0385ms)
✔ ops_work_record_execute: staffing off denies before business body (1.371167ms)
✔ ops_work_record_read: staffing off denies before business body (1.114209ms)
✔ ops_work_record_list: staffing off denies before business body (1.272125ms)
✔ ops_idp_read: staffing off denies before business body (1.1285ms)
✔ ops_idp_save: staffing off denies before business body (1.203792ms)
✔ ops_idp_period_create: staffing off denies before business body (1.240833ms)
✔ ops_idp_period_read: staffing off denies before business body (1.258083ms)
✔ ops_idp_period_manage: staffing off denies before business body (1.328666ms)
✔ ops_idp_period_history: staffing off denies before business body (1.152958ms)
✔ ops_fixed_roster_save: staffing off denies before business body (1.3315ms)
✔ ops_fixed_roster_list: staffing off denies before business body (1.107917ms)
✔ ops_fixed_roster_history: staffing off denies before business body (0.993458ms)
✔ ops_fixed_roster_idp_create: staffing off denies before business body (1.235167ms)
✔ ops_create_timed_requests: staffing off denies before business body (1.222333ms)
✔ ops_schedule_save: staffing off denies before business body (1.14825ms)
✔ ops_schedule_list: staffing off denies before business body (1.09925ms)
✔ ops_schedule_preview: staffing off denies before business body (1.070542ms)
✔ ops_schedule_generate: staffing off denies before business body (1.750459ms)
✔ every original statement and exact signature is preserved (6.113833ms)
✔ enabled IDP read uses actual body; talent off does not break operations (1.973584ms)
✔ each endpoint rejects actor and workspace spoof before business work (22.105708ms)
✔ original IDP role restriction survives for HR (1.469709ms)
✔ anon and service execute is denied for every scoped endpoint (10.036209ms)
✔ writer waits for settings lock then sees committed disabled state (19.043541ms)
✔ late catalog drift rolls back previous endpoint patches (18.487ms)
✔ an unreviewed exposed actor endpoint stops migration (8.239708ms)
✔ enabled notification write keeps original recipient boundary and does not duplicate timestamp (3.60875ms)
✔ pre-history fixture is rejected rather than accepted as the deployed baseline (11.223542ms)
✔ merged code resolves to primary; historical source identity accepts corrections without rewriting history (97.399542ms)
✔ canonical duplicate through another code/source row is rejected (1.347084ms)
✔ same canonical mapping is idempotent while used code cannot move to another person or tenant (4.436416ms)
✔ mapping list, detail names and monthly distinct people agree; minutes stay intact (6.239708ms)
✔ preview prepared before a merge cannot silently approve a changed identity (3.179042ms)
✔ merge fails promptly while reporting holds its shared fence (9.016417ms)
✔ waiting import sees committed merge identity after acquiring the fence (20.623833ms)
✔ multi-hop merge resolves historical records to the final primary (1.332375ms)
✔ existing source row cannot be changed to a genuinely different identity (1.063334ms)
✔ tenant scope rejects cross-workspace reads and writes (1.903833ms)
✔ reporting_project_execute rejects disabled reporting before business queries (114.056416ms)
✔ reporting_project_list rejects disabled reporting before business queries (2.324959ms)
✔ reporting_project_detail rejects disabled reporting before business queries (2.435917ms)
✔ reporting_person_code_set rejects disabled reporting before business queries (2.877834ms)
✔ reporting_import_prepare rejects disabled reporting before business queries (4.784709ms)
✔ reporting_import_finish rejects disabled reporting before business queries (4.027167ms)
✔ reporting_import_list rejects disabled reporting before business queries (2.237666ms)
✔ reporting_import_people rejects disabled reporting before business queries (2.701917ms)
✔ reporting_import_read rejects disabled reporting before business queries (2.748917ms)
✔ reporting_monthly_report rejects disabled reporting before business queries (4.519208ms)
✔ reporting_work_details rejects disabled reporting before business queries (2.582042ms)
✔ reporting_source_file rejects disabled reporting before business queries (7.699125ms)
✔ all endpoint bodies retain business statements and clients cannot bypass through anon/service (6.494958ms)
✔ enabled actual list is scoped; talent and staffing can both be off (4.939292ms)
✔ Storage helper keeps ownership/status rules and denies read/upload when reporting off (6.963458ms)
✔ read role cannot use reporting writes; spoofed actor fails scope (1.561417ms)
✔ late body drift rolls back earlier endpoint patches (6.27525ms)
✔ new accessible overload and exposed internal helper require explicit review (6.791292ms)
✔ waiting reporting writer sees committed module disable before entering business work (19.718375ms)
✔ source access rejects another operators batch, foreign tenant and malformed paths (5.915916ms)
✔ two separate shifts and adjacent shifts can both be confirmed on the same date (91.729334ms)
✔ overnight confirmation and extra call work after midnight until the exclusive shift end (4.20125ms)
✔ manual call after midnight remains available for a night shift (1.84625ms)
✔ end boundary, earlier date, future timestamps, absent and overlapping attendance stay rejected (9.381833ms)
✔ early arrival on work date and legacy full-day assignments remain supported (2.080542ms)
✔ closed assignment rejects new command but accepted retry remains idempotent (2.436417ms)
✔ concurrent confirmation observes an overlapping committed attendance after the worker lock (18.496833ms)
✔ talent_people_page rejects disabled talent before its business body (180.61875ms)
✔ talent_person_detail rejects disabled talent before its business body (20.092541ms)
✔ talent_save_person rejects disabled talent before its business body (7.907166ms)
✔ talent_resolve_person_command rejects disabled talent before its business body (6.417333ms)
✔ talent_compare_snapshot rejects disabled talent before its business body (2.003583ms)
✔ talent_import_status rejects disabled talent before its business body (4.921083ms)
✔ talent_import_prepare rejects disabled talent before its business body (2.595916ms)
✔ talent_import_apply_row rejects disabled talent before its business body (2.411042ms)
✔ talent_import_cancel rejects disabled talent before its business body (2.365583ms)
✔ talent_import_recover rejects disabled talent before its business body (1.621458ms)
✔ talent_import_close rejects disabled talent before its business body (1.364584ms)
✔ talent_import_history rejects disabled talent before its business body (2.041208ms)
✔ talent_conversation_save rejects disabled talent before its business body (2.773916ms)
✔ talent_attachment_reserve rejects disabled talent before its business body (2.028833ms)
✔ talent_attachment_finish rejects disabled talent before its business body (3.70525ms)
✔ talent_attachment_list rejects disabled talent before its business body (4.057542ms)
✔ talent_attachment_pending rejects disabled talent before its business body (1.649666ms)
✔ talent_attachment_cancel rejects disabled talent before its business body (1.606292ms)
✔ talent_availability_read rejects disabled talent before its business body (2.333459ms)
✔ talent_availability_save rejects disabled talent before its business body (2.616583ms)
✔ talent_prepare_worker rejects disabled talent before its business body (4.898125ms)
✔ talent_match_source rejects disabled talent before its business body (2.494459ms)
✔ talent_work_copy_page rejects disabled talent before its business body (1.4715ms)
✔ talent_import_change_review rejects disabled talent before its business body (1.388083ms)
✔ talent_import_undo_update rejects disabled talent before its business body (2.02375ms)
✔ talent_merge_review rejects disabled talent before its business body (3.395416ms)
✔ talent_merge_apply rejects disabled talent before its business body (2.112958ms)
✔ talent_merge_resolve rejects disabled talent before its business body (1.483834ms)
✔ talent_merged_availability rejects disabled talent before its business body (2.376792ms)
✔ talent_contact_summaries rejects disabled talent before its business body (1.349083ms)
✔ talent_shared_views_read rejects disabled talent before its business body (1.253916ms)
✔ talent_shared_view_create rejects disabled talent before its business body (1.325667ms)
✔ talent_shared_view_archive rejects disabled talent before its business body (1.352708ms)
✔ talent_call_lists_read rejects disabled talent before its business body (1.290208ms)
✔ talent_call_list_create rejects disabled talent before its business body (1.645792ms)
✔ talent_call_list_archive rejects disabled talent before its business body (1.305542ms)
✔ talent_call_list_edit rejects disabled talent before its business body (1.232084ms)
✔ talent_conversation_list rejects disabled talent before its business body (1.123667ms)
✔ talent_call_list_people rejects disabled talent before its business body (1.231833ms)
✔ all patched bodies preserve their original statements and acquire config before original locks (5.189459ms)
✔ neutral identity scope still serves operations when talent is off (1.010125ms)
✔ enabled read executes the actual saved-view body and returns only the selected tenant (1.625042ms)
✔ actor spoof, foreign tenant and missing membership fail before business reads (1.655875ms)
✔ prepare-worker requires staffing as well as talent (1.519584ms)
✔ anonymous and service cannot execute any patched entry, including internal read helper (9.910792ms)
✔ write after waiting on settings lock observes committed disabled state (20.6635ms)
✔ last-body drift rolls back every earlier patch and helper creation (16.588208ms)
✔ exposed internal aliases stop migration instead of leaving a bypass (9.679ms)
✔ a newly exposed actor-scoped overload requires review (9.742458ms)
✔ attachment policy helper denies downloads and new uploads when talent is off (4.140458ms)
✔ attachment access retains tenant owner ready and onboarding rules (2.726792ms)
✔ enabled write executes original archive operation without losing authorization (2.079833ms)
✔ actual person detail withholds assignments when staffing is off and restores them when on (13.412542ms)
✔ assignment projection rejects an unexpected source body without changing it (1.319917ms)
✔ conversation history retains order and job outcome without querying disabled operation context (8.37225ms)
✔ disabled staffing blocks new request conversations but permits general notes and their retry (6.733333ms)
✔ conversation patch preserves metadata and rolls back the first patch if the second source drifts (3.49925ms)
✔ closed staffing permits linked contact/location edits but rejects name sync atomically (11.616667ms)
✔ unlinked and new people can still change names with staffing disabled (7.701334ms)
✔ actual operations worker create and retry stay usable with talent off; reopening reveals the same person (22.805959ms)
✔ maintenance trigger synchronizes once and stays tenant-scoped while talent is off (21.495833ms)
✔ closed staffing stops the actual worker writer before maintenance can create a talent row (16.359334ms)
✔ preparing an existing person reuses their card through the real trigger and remains idempotent (12.329875ms)
✔ current cancellation body retains tombstone denial and row lock; old SQL body cannot pass migration (16.926834ms)
✔ actual cancellation Storage policies cannot reveal or delete files when talent is disabled (8.586917ms)
Task gateway synthetic PostgreSQL: 17.10
✔ company-free task creation derives creator and assignee label, then revision advances on edit (116.307875ms)
✔ authenticated cannot bypass gateway with direct DML or call private lock helper (7.084708ms)
✔ missing or disabled module configuration blocks mutation, disabled tasks hide table and history reads (9.389833ms)
✔ all six live roles: only manager, operations and HR can create (9.086292ms)
✔ HR cannot reassign and non-owner quick completion cannot masquerade as manager (8.396792ms)
✔ forged fields, invalid dates/types, foreign relations and stale revisions are rejected (15.196709ms)
✔ foreign task, mismatched expected actor/tenant and nonmember assignee fail (7.127166ms)
✔ linked creation requires the source module while independent tasks remain available (2.468958ms)
✔ two simultaneous claims have exactly one winner and one assignment event (18.136833ms)
✔ config change winning the lock makes a waiting write see disabled state after commit (22.868583ms)
✔ a writing transaction holds its configuration barrier until commit; independent writers share it (17.141375ms)
✔ role revoked while waiting for the profile lock is rechecked after the lock (20.818ms)
✔ passive company rejects new work; HR cannot use an unreadable contract or appointment (4.732209ms)
✔ repeatable-read writes are refused rather than using a stale post-lock snapshot (0.814541ms)
✔ contract removes an explicit column-level write grant as well as table grants (0.958917ms)
✔ inherited write privilege drift aborts contract migration instead of leaving a bypass (0.975292ms)
✔ task transfer supports independent tasks, live membership roles and idempotent replay (5.49725ms)
✔ disabled task module rejects all three workflow mutations including receipt replays (13.588833ms)
✔ calendar completion without a follow-up works with tasks off, but calendar off rejects it (3.632667ms)
✔ failed appointment task request does not complete the appointment or leave a receipt (1.899834ms)
✔ definer reads obey module gates and hide company projection when only tasks remain enabled (9.108958ms)
✔ dashboard activity excludes each disabled source without suppressing enabled task activity (10.358542ms)
✔ config barrier is first for every workflow and waiting commands see the newly disabled module (41.836291ms)
✔ workflow role and cross-tenant restrictions remain intact (4.274208ms)
✔ service-only task notification RPC filters disabled tenants and refuses incomplete config (5.724583ms)
✔ shared configuration validator preserves scope, completeness and dependency failures (1.770875ms)
✔ workflow patch aborts on unexpected function definition rather than silently skipping a guard (2.033958ms)
✔ task company projection returns only display columns and retains tenant, module, role and company RLS (9.13725ms)
✔ parent hard deletion cannot delete task history or detach task context, even with tasks disabled (12.106917ms)
✔ unreferenced parent deletion and deactivation remain possible; schema drift aborts the preservation migration (3.328417ms)
✔ parent deletion waiting behind a new task cannot erase that task after its commit (12.239042ms)
Synthetic module DB: 17.10
✔ existing tenants get exactly ten enabled settings and one truthful bootstrap receipt each (77.143334ms)
✔ new tenant provisioning initializes all ten rows in the same transaction; rollback leaves nothing (2.180042ms)
✔ authenticated response is scoped to live membership, preserves role and bigint precision (4.992166ms)
✔ all configuration tables deny direct reads and writes to anon/authenticated/service_role (8.145167ms)
✔ only authenticated can execute the public reader; internal bootstrap and catalog have no client grants (2.808834ms)
✔ no session, foreign tenant claim and removed membership fail closed (4.468875ms)
✔ stale workspace selection and stale membership generations are rejected by the real scope functions (3.962917ms)
✔ missing config, missing key and broken hard dependencies do not return an all-enabled fallback (9.723125ms)
✔ disabled independent module is represented as disabled without changing another tenant (3.537ms)
✔ unknown/duplicate module keys, invalid revision and bootstrap reset are rejected (3.473959ms)
✔ tenant insert and migration serialize in both orders; timeout rolls back all new tables (272.985916ms)
ℹ tests 348
ℹ suites 0
ℹ pass 348
ℹ fail 0
ℹ cancelled 0
ℹ skipped 0
ℹ todo 0
ℹ duration_ms 5813.651292
