
> bps@0.1.0 qa:release
> npm run qa:test-inventory && npm run qa:unit && npm run qa:operations && npm run qa:static && tsc --noEmit && npm run build


> bps@0.1.0 qa:test-inventory
> node scripts/qa-test-suite.mjs inventory

application: 117 files
database: 25 files
pending: 7 files

> bps@0.1.0 qa:unit
> node scripts/qa-unit.mjs

BPS QA Unit — saf fonksiyon regresyonları

isIsoDate  (kaynak: src/lib/calendar-date.ts)
  [32mPASS[0m "2026-08-27"   → true 
  [32mPASS[0m "2024-02-29"   → true 
  [32mPASS[0m "2026-02-30"   → false
  [32mPASS[0m "2025-02-29"   → false
  [32mPASS[0m "2026-13-01"   → false
  [32mPASS[0m "2026-00-10"   → false
  [32mPASS[0m "27.08.2026"   → false
  [32mPASS[0m "2026-8-27"    → false
  [32mPASS[0m ""             → false
  [32mPASS[0m null           → false
  [32mPASS[0m undefined      → false
  [32mPASS[0m "bugün"        → false

safeThrown  (kaynak: src/lib/email/safe-error.ts)
  [32mPASS[0m Error          → thrown=Error        
  [32mPASS[0m leak@example.c → thrown=Error        
  [32mPASS[0m TypeError      → thrown=TypeError    
  [32mPASS[0m RangeError     → thrown=RangeError   
  [32mPASS[0m "düz metin"    → thrown=unknown      
  [32mPASS[0m {"name":"leak@ → thrown=unknown      
  [32mPASS[0m null           → thrown=unknown      

safe-error.ts serbest metin okumuyor mu
  [32mPASS[0m /err\.name/            okunmuyor
  [32mPASS[0m /constructor\.name/    okunmuyor
  [32mPASS[0m /error\.message/       okunmuyor
  [32mPASS[0m /result\.error\b/      okunmuyor

19 vaka + 4 statik kontrol · 0 FAIL
qa:unit PASS

> bps@0.1.0 qa:operations
> node scripts/qa-test-suite.mjs application

application: 117 files
database: 25 files
pending: 7 files
Pending feature tests are NOT part of the passed application coverage.
✔ calendar follows Istanbul day across UTC midnight and year rollover (43.488417ms)
✔ agenda groups civil dates, sorts unknown time last, retains cancelled entries, never mutates source (4.833542ms)
✔ truncated or uncounted appointment response cannot render a falsely empty calendar (1.01275ms)
✔ bounded completion input is normalized; nonboolean cannot request a task (2.864291ms)
✔ completion result must identify exact appointment and valid task/skip combination (0.712625ms)
✔ service uses one scoped RPC with no sequential table fallback (0.358292ms)
✔ transport failure is unverifiable, not already completed or unauthorized (0.981709ms)
✔ scope and invalid input fail before calling RPC (0.528583ms)
✔ status-only service cannot recreate split completion path (0.438583ms)
✔ links contain only the appointment UUID and round trip (0.992208ms)
✔ unrelated query parameters do not become an appointment link (0.092875ms)
✔ malformed, empty and duplicate IDs are rejected (0.285375ms)
✔ attendance actions retain exact record and revision, undo appears only after a report (3.407583ms)
✔ future dates and read-only/busy state disable every action including undo (1.150541ms)
✔ removed assignment disables every attendance action, including undo (0.28875ms)
✔ contract days follow Istanbul midnight and preserve today/expired semantics (3.733917ms)
✔ missing, malformed and impossible contract dates never turn into a plausible remaining-day count (0.246959ms)
✔ actual company service enables candidate and active only, preserves input CRM statuses (1.169667ms)
✔ company directory failures are not presented as empty success (0.381417ms)
✔ existing insert helper uses one scoped RPC with explicit actor, tenant and allowed business fields (1.084583ms)
✔ missing identity and protected input fields stop before a write (0.27725ms)
✔ transport uncertainty, empty and wrong-scope responses never become success or automatic retries (0.436416ms)
✔ module and input rejections use actionable messages (0.1395ms)
✔ company import retains confirmed rows then stops on uncertain or disabled writes (0.388833ms)
✔ status helper verifies returned target and requested status (0.178333ms)
✔ both status server actions use verified tenant and shared command with no direct writes (87.085042ms)
✔ status actions reject invalid identity and missing targets instead of reporting success (27.455834ms)
✔ company tabs intersect valid module states and current repository roles (18.670791ms)
✔ company finance reader uses exact tenant/company and distinguishes absent, failed and malformed responses (0.792291ms)
✔ company document reader filters contract files on every page before download and rejects an escaped row (0.768834ms)
✔ actual company page skips closed module readers and falls back from a stale saved tab (171.313666ms)
✔ actual company role gates match financial and workforce readers without healthy empty cards (385.572708ms)
✔ actual finance error is not rendered as no data or no payment follow-up (73.031542ms)
✔ company document screen passes closed-contract predicate and offers standalone upload (58.828125ms)
✔ extracted upload form hides disabled contract selector and preserves standalone file payload (24.461959ms)
✔ late financial response after company unmount cannot populate the old view (90.020041ms)
✔ upload keeps its file but requires explicit clearing of a contract that becomes disabled (17.022542ms)
✔ status source contract accepts both actual command routes (36.0785ms)
✔ status source contract rejects extra payload fields and wrong status literal (32.950084ms)
✔ status source contract rejects direct DML beside the helper and rerouted import (13.179166ms)
✔ status source contract rejects missing source, malformed syntax and a changed execute target (29.36825ms)
✔ 1001 rows require three bounded requests; no clipping or redundant empty request (9.3885ms)
✔ empty and exact page boundary terminate without an extra read (6.62375ms)
✔ second-page failures never return the first page as a complete list (20.825542ms)
✔ invalid identities, malformed totals and over-budget lists fail on first request (4.71325ms)
✔ selectAllCriticalDates retains scope, exact count and unique ordering on all pages (0.503125ms)
✔ selectAllWorkforceSummaries retains scope, exact count and unique ordering on all pages (0.279375ms)
✔ selectWorkforceSummariesByCompanyIds retains scope, exact count and unique ordering on all pages (0.307083ms)
✔ selectAllTasks retains scope, exact count and unique ordering on all pages (0.343708ms)
✔ selectTasksByCompanyId retains scope, exact count and unique ordering on all pages (0.243958ms)
✔ selectTasksByContractId retains scope, exact count and unique ordering on all pages (6.114083ms)
✔ selectTasksByAppointmentId retains scope, exact count and unique ordering on all pages (0.692584ms)
✔ selectAllAppointments retains scope, exact count and unique ordering on all pages (0.509375ms)
✔ selectAppointmentsByCompanyId retains scope, exact count and unique ordering on all pages (0.505709ms)
✔ selectAppointmentsByContractId retains scope, exact count and unique ordering on all pages (0.386834ms)
✔ selectAppointmentsByCompanyIds retains scope, exact count and unique ordering on all pages (0.379666ms)
✔ selectAllContracts retains scope, exact count and unique ordering on all pages (0.209292ms)
✔ selectContractsByCompanyId retains scope, exact count and unique ordering on all pages (0.15575ms)
✔ selectNotesByCompanyId retains scope, exact count and unique ordering on all pages (0.134709ms)
✔ getActiveContractCountsByCompanyIds retains scope, exact count and unique ordering on all pages (0.256125ms)
✔ real Supabase query builder sends bounded offsets, stable order and exact count (62.05175ms)
✔ deadline expiry stops before the next page (0.742292ms)
✔ selectNotesByCompanyId rejects clipped, null-count and failed results (2.996833ms)
✔ selectAllContracts rejects clipped, null-count and failed results (0.249792ms)
✔ selectContractsByCompanyId rejects clipped, null-count and failed results (0.212542ms)
✔ getActiveContractCountsByCompanyIds rejects clipped, null-count and failed results (0.314042ms)
✔ selectAllCriticalDates rejects clipped, null-count and failed results (0.237041ms)
✔ selectAllAppointments rejects clipped, null-count and failed results (1.830833ms)
✔ selectAppointmentsByCompanyId rejects clipped, null-count and failed results (0.182084ms)
✔ selectAppointmentsByContractId rejects clipped, null-count and failed results (0.160291ms)
✔ selectAppointmentsByCompanyIds rejects clipped, null-count and failed results (0.34275ms)
✔ selectAllWorkforceSummaries rejects clipped, null-count and failed results (0.1995ms)
✔ selectWorkforceSummariesByCompanyIds rejects clipped, null-count and failed results (0.13225ms)
✔ selectTasksByCompanyId rejects clipped, null-count and failed results (0.177333ms)
✔ selectAllTasks rejects clipped, null-count and failed results (0.098334ms)
✔ selectTasksByContractId rejects clipped, null-count and failed results (0.093125ms)
✔ selectTasksByAppointmentId rejects clipped, null-count and failed results (0.113333ms)
✔ active counts retain repeated company IDs in a complete result (0.42525ms)
✔ empty company selection never fetches a broader workforce or appointment list (0.053291ms)
✔ dashboard exact totals survive clipped lists while card rows remain unavailable (0.08325ms)
✔ unavailable or malformed totals cannot become measured zero (0.076458ms)
✔ report joins reject missing source or a missing company anywhere in the list (0.052709ms)
✔ report joins preserve measured empty lists and legitimate display names without text sentinels (0.040833ms)
✔ communication submits only supplied fields with resolved actor, tenant and company (42.093667ms)
✔ empty changes and failed identity stop before RPC (17.242667ms)
✔ delete binds target to expected company and returns the confirmed removed row (12.448208ms)
✔ malformed, empty and foreign responses never acknowledge contact writes (0.280583ms)
✔ import verifies creator and primary flag; errors do not trigger retries (0.293792ms)
✔ CSV keeps confirmed rows and stops at first uncertain write (0.297958ms)
✔ company map reads all pages and rejects ambiguous names across page boundaries (0.846584ms)
✔ delete server action passes the page company and does not acknowledge service errors (15.878292ms)
✔ appendix list distinguishes empty, malformed and wrong scope (1.813292ms)
✔ keyset pagination has bounded continuation and rejects duplicates or borrowed preceding rows (0.3025ms)
✔ document history rejects another document even within same contract (0.251416ms)
✔ legacy main commands keep their storage key; appendix targets remain isolated (0.107083ms)
✔ appendix title is command identity; main receipt cannot acknowledge appendix command (0.412042ms)
✔ version download checks contract/document before signing any path (0.232083ms)
✔ missing, unavailable and malformed versions never mean empty history (1.079542ms)
✔ bounded history explicitly reports more and rejects unordered or duplicate evidence (0.262625ms)
✔ signed download resolves version through scoped RPC, never arbitrary caller path (0.224334ms)
✔ actual PDF replace service gates revision and uses CAS, zero rows is failure (0.481083ms)
✔ creation validates real calendar dates, bounded revision and required basis (4.1245ms)
✔ unavailable or malformed snapshot never means no task (0.179292ms)
✔ current task owner can be unassigned or unavailable without inventing a person (0.084542ms)
✔ service uses one scoped RPC; malformed success and transport failure do not fall back (0.324459ms)
✔ only exact known failure is definite; unknown responses keep retry command (0.13875ms)
✔ strict command rejects forged identity/display/routing fields and missing fields (0.743125ms)
✔ unicode PostgreSQL character boundary, Turkish text, line endings, NUL and broken UTF-16 (1.399ms)
✔ mentions are selected identifiers, canonical order, detached from caller array (0.519542ms)
✔ retry comparison is stable but every scope/content change differs (0.216542ms)
✔ null/string/mismatched receipt cannot acknowledge pending command (0.5985ms)
✔ resolution requires matching scope and a recognized terminal result (0.292833ms)
✔ failed RPC shapes are not empty successful reads (1.607709ms)
✔ message shape requires safe identity, timestamp and explicit parent (0.537959ms)
✔ inbox counts and source fields cannot be silently coerced (0.73575ms)
✔ explicit empty optional critical-date fields clear stored content (2.509042ms)
✔ omitted optional critical-date fields remain untouched (0.568583ms)
✔ nonempty optional critical-date fields are trimmed (0.318041ms)
✔ critical-date CAS preserves full database timestamp and rejects a losing edit (1.07425ms)
✔ missing or malformed snapshot cannot update a critical date (0.238292ms)
✔ malformed headers, widths and quotes never produce writable rows (1.499833ms)
✔ valid BOM CRLF multiline escaped quotes and semicolon fields survive (0.502166ms)
✔ invalid encodings and resource limits fail before preview (5.893542ms)
✔ closed contracts are neither queried nor shown as zero on desktop or mobile (64.4735ms)
✔ HR, accounting and viewer never query or display restricted contact/contract summaries (75.316709ms)
✔ allowed empty contract result is zero while failed summary is explicitly unreadable (42.879042ms)
✔ failed company directory stops dependent readers and displays retry state (28.051959ms)
✔ note create sends the resolved company/tenant/actor but no client author or pin fields (29.885375ms)
✔ note edits, pin and delete all preserve the expected company in the actual request (25.126625ms)
✔ changed tenant, invalid identity or blank content stops before command submission (16.973875ms)
✔ unknown result, malformed rows and wrong company cannot acknowledge a note command (0.3305ms)
✔ module errors and transport failures are distinct, and neither retries the command (0.208375ms)
✔ pin acknowledgment must match the requested flag and target (0.112166ms)
✔ missing author and ownership rejection explain the actual corrective action (0.110583ms)
✔ coverage, presence and missing reports remain distinct; historical removed attendance does not count (0.820917ms)
✔ cancelled requests remain visible in all but never enter active action filters (0.106625ms)
✔ fully assigned does not mean present and absent people remain assigned until replacement (0.079458ms)
✔ search combines Turkish-normalized location, occupation and assigned staff terms (0.307375ms)
✔ measured empty day accepted, unavailable or malformed RPC never becomes zero (4.007583ms)
✔ real dates, leap years and strict format (2.0245ms)
✔ required fields, counts and extra untrusted fields (0.228708ms)
✔ daily coverage from zero to full (1.239625ms)
✔ paused and cancelled are not active demand (0.422ms)
✔ corrupt aggregates fail rather than clamp (0.297583ms)
✔ assignment eligibility failures stay distinct (0.435916ms)
✔ missing or nonboolean verification never means available (0.191167ms)
✔ activity empty differs from unavailable or malformed response (1.139833ms)
✔ activity labels distinguish ownership events without claiming task completion (0.117167ms)
✔ general document activity accepts only an internal document destination (0.144042ms)
✔ contracts filter in SQL before five-row cap; no full-record transfer (26.837666ms)
✔ documents include missing files and undated manual states before limiting; derive expiry now (1.471667ms)
✔ critical dates include overdue and exactly thirty days; bounded stable order (0.813916ms)
✔ smaller server cap, missing counts, duplicate rows and transport errors do not masquerade as complete cards (2.640792ms)
✔ company names resolve only referenced IDs in batches; no task count tied to directory cap (2.229ms)
✔ money preserves zero, negative values, and missing versus malformed input (17.701291ms)
✔ Istanbul variants share a display/filter key without changing other city names (0.183ms)
✔ role rejection touches neither document nor storage (1.373458ms)
✔ read failure leaves both records untouched (0.200083ms)
✔ missing read and zero-row delete explicitly report no confirmed deletion (0.148708ms)
✔ blocked database deletion never removes the file (0.164667ms)
✔ confirmed row deletion uses RETURNING path, after deleting the row (0.141667ms)
✔ record without a file is a confirmed deletion with no storage operation (0.097834ms)
✔ storage failure preserves confirmed deletion and warning, never suggests row retry (0.118792ms)
✔ each existing category belongs to one folder; linked contracts stay together (0.798042ms)
✔ moving changes category only, scoped by company, revision and unlinked contract (0.71475ms)
✔ invalid category, denied/stale result, transport error and wrong identity never succeed (0.410958ms)
✔ document eligibility requires exact ids, tenants and boolean values (1.238542ms)
✔ document checks deduplicate and chunk without accepting contradictory scope (0.850041ms)
✔ document state database and transport failures do not fall back to enabled (0.134583ms)
✔ listAllDocuments derives expiry without mutating stored status (63.301875ms)
✔ listDocumentsByLegacyCompanyId derives expiry without mutating stored status (24.830708ms)
✔ single document derives expiry and preserves missing record (58.9855ms)
✔ company compliance counts expired stored-complete files as non-compliant (21.139334ms)
✔ Istanbul expiry includes day zero and thirty, expires on following day (0.76825ms)
✔ expiry changes at Istanbul midnight instead of UTC midnight (0.083334ms)
✔ stored complete does not keep an expired document green and mapping does not mutate raw data (0.09575ms)
✔ missing file and explicit missing status take priority; undated manual state stays intact (0.135709ms)
✔ initial snapshot and refresh are silent; only newly observed unread IDs sound (0.889208ms)
✔ scope keys separate companies and users; response mismatch fails closed (0.321917ms)
✔ links contain only a verified internal request target, company and date (1.411375ms)
✔ two tabs observing the same event play once; rapid batches are consumed silently (0.415333ms)
✔ storage or locking failure never falls back to uncoordinated sound (0.278ms)
✔ shared ledger stores only bounded event IDs and time, never message content (0.414875ms)
✔ duplicate inbox rows are rejected instead of doubling counters or cards (0.233959ms)
✔ impossible calendar day cannot reach the date formatter or deep link (0.0895ms)
✔ independent task inserts null company without company lookup and keeps assignment empty (0.61125ms)
✔ independent tasks cannot borrow company-linked context (0.351291ms)
✔ business day is independent of device timezone at Istanbul midnight (0.426083ms)
✔ actual day hook observes timer, wake and visibility changes, then removes listeners (18.191166ms)
✔ legacy migration is deterministic and covers seven entries and four tables (0.861584ms)
✔ historical workspace and shift patches change eight scoped and four legacy bodies (0.15425ms)
✔ reconstructed declarations contain exact bodies including SQL regex dollar literals (0.196458ms)
✔ valid search and known filter values survive serialization (0.789416ms)
✔ malformed, oversized and wrongly typed preferences recover to defaults (0.146375ms)
✔ unknown keys and overlong fields cannot enter the filter state (0.081375ms)
✔ keys separate list, account, tenant and role without separator ambiguity (0.12425ms)
✔ distinguishes new, unchanged, changed and inactive without rewriting input (2.805166ms)
✔ reads beyond first page and includes inactive rows (0.271417ms)
✔ null codes do not match by name; leading zeros and case remain distinct (0.116ms)
✔ read failures and malformed pages never become new records (0.251ms)
✔ changing totals and duplicated records across pages fail closed (0.30825ms)
✔ oversized directory stops after first page; no partial preview (0.255875ms)
✔ empty measured directory is allowed; duplicate input is rejected before reads (0.337ms)
✔ UTF8 BOM CRLF and leading zeros retained (0.957208ms)
✔ quoted delimiter and escaped quotes (0.16525ms)
✔ bad quoting columns and headers rejected (0.192458ms)
✔ duplicate codes rejected, different leading zeros retained (0.11325ms)
✔ empty oversize and more than 500 rows rejected (0.449084ms)
✔ invalid cell types controls and empty text rejected (0.113458ms)
✔ only editable fields survive; leading/trailing whitespace is trimmed (1.738834ms)
✔ invalid identity, stale-token shapes and invalid text cannot become update commands (0.978334ms)
✔ response requires identity, exact new values and one revision advance (0.298292ms)
✔ max accepted revision advances safely and missing old values are unverifiable (0.096834ms)
✔ real service forwards scope and normalized payload; RPC error or malformed success is never accepted (0.323ms)
✔ login preserves internal destination, query and hash after normalization (18.149209ms)
✔ login rejects external, backslash, controls and normalized host prefixes (0.149416ms)
✔ anonymous access request reaches handler while adjacent and protected paths redirect (4.069ms)
✔ redirect retains refreshed session cookie options (0.805292ms)
✔ management date follows Istanbul midnight and owner/date filters stay server-side (17.087917ms)
✔ saved search stores normalized filter not a page and rejects corrupt/duplicate data (0.57925ms)
✔ availability rejects impossible dates, inverted and excessive intervals (0.326708ms)
✔ past and superseded availability never becomes current via fallback (0.084167ms)
✔ active work rejection has a useful admin message without raw database text (0.679875ms)
✔ task guard membership and role failures remain distinct in create and update (0.343916ms)
✔ transport failures are not translated into lost membership or role (0.101958ms)
✔ operation day rolls over at Istanbul midnight regardless of device timezone (23.384208ms)
✔ quick views distinguish current owner, truly unassigned, and closed work (0.219458ms)
✔ active tasks sort by due day with stable ties without mutating input (1.058584ms)
✔ completion sends scope and revision to the gateway; server resolves actual privileges (0.194709ms)
✔ lost race, inaccessible task, transport error and invalid revision never succeed (0.394166ms)
✔ overdue view derives lateness from date and excludes completed, future and undated tasks (0.076ms)
✔ desktop and mobile action availability preserves ownership and legacy assignee boundaries (0.117458ms)
✔ complete advisory response preserves all checks but never permits mutation (1.034709ms)
✔ a dependency-invalid draft is accepted so the UI can explain it; incomplete or coerced states are not (0.175834ms)
✔ scope revision membership role and advisory flags fail closed (0.456542ms)
✔ missing duplicate foreign and non-boolean checks never become an empty successful report (0.293084ms)
✔ dependency evidence must match the requested graph (0.154125ms)
✔ every resolution link targets an existing page (0.201375ms)
✔ one bounded RPC; transport errors and malformed responses never fall back (0.373125ms)
✔ route remount uses current workspace; stale cleanup cannot remove its protection (0.804959ms)
✔ navigation decision keeps the original event and synchronous cancellation (0.10675ms)
✔ company IDs are chunked and each assignment batch is paged to the measured total (1.8115ms)
✔ late assignment failure or unrelated company discards all previously read assignments (1.82475ms)
✔ failed manager read yields no company recipients and never starts partner lookup (0.269209ms)
✔ tasks candidate pages keep filters and never expose a partial source list (2.842125ms)
✔ documents candidate pages keep filters and never expose a partial source list (0.529583ms)
✔ appointments candidate pages keep filters and never expose a partial source list (0.462542ms)
✔ task module snapshots require a complete distinct boolean response and propagate transport failure (0.370417ms)
✔ task module snapshot chunks 501 distinct tenants without truncation (0.270916ms)
✔ document batch reaches last source/membership rows and keeps tenant contents out of the other email (25.872916ms)
✔ late documents error produces no sends or reservation writes (1.077959ms)
✔ late tenant_memberships error produces no sends or reservation writes (4.581917ms)
✔ unacknowledged notification stamps are errors, never sent or counted as already sent (16.385208ms)
✔ unverifiable task owner is not treated as unassigned or sent to the manager fallback (1.027083ms)
✔ verified task owner receives the task while a truly unassigned task goes to its tenant manager (1.311083ms)
✔ overdue tasks change day at Istanbul midnight, not three hours later at UTC midnight (1.432833ms)
✔ appointment reminders use tomorrow in Istanbul when UTC is still on the previous day (1.33675ms)
✔ tenant roles override global roles for document recipients (14.076791ms)
✔ missing membership role fails closed before any transport or stamp (0.887208ms)
✔ disabled task tenant never produces an email or a reservation (0.491084ms)
✔ unverifiable task module before stamping stops the email without consuming a reservation (2.078584ms)
✔ task module disabled after reservation is rechecked and reservation is rolled back before send (1.594667ms)
✔ unverifiable post-stamp module state releases the reservation and sends nothing (5.377708ms)
✔ calendar off before collection prevents sends (0.978875ms)
✔ calendar off after stamp prevents sends (1.129084ms)
✔ document pre-send gate removes contract-linked documents while retaining company documents (13.923167ms)
✔ document module closure after reservation prevents send and releases every reservation (13.575ms)
✔ unverifiable document state before stamping sends nothing (2.214583ms)
✔ document batch reservations follow each documents expiry date (33.14325ms)
✔ notification names resolve all referenced companies in bounded deduplicated chunks (1.737541ms)
✔ missing, truncated, duplicated or malformed company names fail instead of generating fallback mail (0.396083ms)
✔ a company cannot be associated with two tenants or acknowledge a different tenant (0.338208ms)
✔ contract batch reads past limits and sends each contract only to its tenant and assigned partner (43.348833ms)
✔ contract batch stops before stamps on a late read failure or missing company name (9.777417ms)
✔ contract 30-day window opens at Istanbul midnight (1.659292ms)
✔ a shared email in another tenant does not hide an eligible profile; same-tenant duplicates still get one copy (24.572583ms)
✔ multi-workspace contracts use tenant roles for managers and assigned partners (16.26975ms)
✔ contract module off filters candidates before names and reservations (0.670375ms)
✔ missing contract config sends nothing and never consumes a stamp (0.576333ms)
✔ contract closure after stamp releases reservation; rollback failure=false (14.032375ms)
✔ contract closure after stamp releases reservation; rollback failure=true (1.242792ms)
✔ contract batch reserves the actual expiry date and renewal changes its key (2.102334ms)
✔ contract recipients page managers, preserve email-only eligibility and restrict partner assignments/roles (1.630042ms)
✔ contract recipient later page failure rejects instead of returning earlier managers (0.579416ms)
✔ expiry contract reader reaches the last candidate past the server cap without selecting unused columns (1.202875ms)
✔ contract read failure or incomplete later page rejects the entire candidate set (0.315833ms)
✔ membership paging reaches the last row even when server cap is lower than requested (8.9755ms)
✔ later page error, changing count, empty gap and duplicate rows discard the entire map (1.432458ms)
✔ empty membership table is valid only with measured zero; thrown reads remain unavailable (0.208125ms)
✔ profile IDs are deduplicated and chunked without losing the last owner (2.039125ms)
✔ late error, count mismatch and unexpected or repeated profiles discard previous chunks (3.0625ms)
✔ missing profiles and contactless profiles are measured omissions, empty input does not query (0.74675ms)
✔ company recipients still exclude a former partner after shared profile lookup (0.735208ms)
✔ role profile pagination includes the last eligible recipient and excludes missing contact (1.70675ms)
✔ role profile errors and unexpected roles never expose a partial recipient list (1.614458ms)
✔ notification reservation requires the expected acknowledgement; empty data is not already sent (0.962708ms)
✔ unique conflict remains an idempotent skip and DB failures expose only their code (0.119333ms)
✔ renewal keys vary by expiry, reject invalid dates, and preserve other notification kinds (32.130542ms)
✔ failed delivery rollback filters the exact dated reservation (0.203542ms)
✔ bounded matcher catches identity-like and Turkish mobile forms (0.937667ms)
✔ ordinary dates, times, amounts and long identifiers remain usable; limits explicit (0.167916ms)
✔ all four submission validators reject before calling a service (0.743208ms)
✔ historical conversation and pending command resolution remain readable (0.800084ms)
✔ validation errors are actionable without echoing private text (0.15175ms)
✔ one request may have three signs but request count is unique (32.517292ms)
✔ removed absence and cancelled demands do not create actions (1.031ms)
✔ future unknown does not count as outstanding but unfilled demand does (0.64225ms)
✔ due date uses snapshot Istanbul day across UTC midnight boundary (1.072958ms)
✔ wrong week or malformed snapshot never becomes clean checklist (0.622375ms)
✔ empty verified week and fully present request have no signs (1.349708ms)
✔ priority and search preserve overlap without summing people (0.913083ms)
✔ selected day only, including year boundary week (0.785334ms)
✔ query separates company locations and tenant workers (2.731542ms)
✔ page preserves leading zero code and manual null code (1.65575ms)
✔ partial page, duplicate identity or wrong filter fails instead of showing clean data (0.606ms)
✔ page beyond shrinking total is valid empty with true total (0.091292ms)
✔ worker shape cannot be mistaken for a company location (0.144333ms)
✔ activation keeps strict boolean and bounded expected revision (0.984125ms)
✔ activation response must identify exact change and revision (0.42475ms)
✔ 40 unique operation signatures generate the committed migration exactly (2.454625ms)
✔ schedule readers taking profile locks use write barrier; operations never require talent (0.671042ms)
✔ pilotError distinguishes module rejection from transport uncertainty (468.784584ms)
✔ fixedRosterError distinguishes module rejection from transport uncertainty (0.3005ms)
✔ workError distinguishes module rejection from transport uncertainty (16.61775ms)
✔ scheduleError distinguishes module rejection from transport uncertainty (11.868667ms)
✔ startError distinguishes module rejection from transport uncertainty (10.489917ms)
✔ command boundaries reject missing or invalid CAS, hash, bytes and filename (1.3095ms)
✔ receipt identity and terminal states cannot be borrowed or interpreted loosely (0.667833ms)
✔ invalid file is rejected before any RPC, including same-size different content (4.336958ms)
✔ lost upload response reconciles bytes before finish; same command retry returns receipt without Storage (4.973666ms)
✔ missing or mismatched Storage bytes cannot finish (4.346292ms)
✔ cancelled command never uploads; cancel-before-prepare uses full immutable command (0.58975ms)
✔ status distinguishes unknown transport, confirmed missing, malformed and published (0.237333ms)
✔ bounded multipart accepts a file above Server Action default and exactly 10 MiB (64.4225ms)
✔ body limit enforced on actual chunks despite missing or lying Content-Length (1.6175ms)
✔ malformed successful RPC data remains an unverifiable result, not invalid caller input (0.17075ms)
✔ fresh adapter after reload reuses persisted identity without storing form text (6.258ms)
✔ canonical object key order is stable; changed payload and kind are distinct (0.859917ms)
✔ different account and tenant never borrow identity (0.90275ms)
✔ concurrent tabs reserve a single identity through shared lock (1.300833ms)
✔ acknowledgment removes only confirmed command; next identical intent has new identity (1.223917ms)
✔ blocked read/write and missing locks reject without volatile fallback (0.948042ms)
✔ malformed stored records fail closed (2.07925ms)
✔ 50 pending limit preserves old identities and blocks new writes (19.126542ms)
✔ failed acknowledgment retains original identity for safe retry (2.480875ms)
✔ reconciliation clears only terminal requested IDs; unknown and concurrent additions survive (4.662834ms)
✔ malformed, omitted, duplicate, foreign, and non-terminal-looking statuses preserve all pending identities (1.441541ms)
✔ reconciliation storage failure keeps recoverable identity (1.148167ms)
✔ read-only digest snapshot matches normalized intent without reserving or exposing payload (1.019417ms)
✔ reload and concurrent tabs reuse identity without retaining financial text (4.212166ms)
✔ changed file or mapping cannot silently allocate a second command (1.324709ms)
✔ scope isolation; settlement clears only the proven command (1.26825ms)
✔ storage failure and corrupt records fail closed (1.553709ms)
✔ failed settlement retains original identity (1.728458ms)
✔ only explicit input rejection permits clearing recovery; network/replay uncertainty preserves it (0.290167ms)
✔ command payload allowlists fields and trims text (4.53125ms)
✔ unknown commands including prototype properties are rejected (0.175959ms)
✔ request boundary, date and identity validation (0.178625ms)
✔ directory and assignment commands require their own fields (0.530959ms)
✔ null and nonboolean board data cannot become an empty or available board (6.388959ms)
✔ capacity and cancellation contradictions fail board validation (13.927917ms)
✔ capacity edit requires valid old and new counts and strips unrelated fields (13.903125ms)
✔ attendance requires exact status and nonnegative bounded revision (0.173375ms)
✔ board cannot drop attendance or turn unknown into absence (0.271792ms)
✔ request context round trips without dropping day, scope, or encoded job (2.176125ms)
✔ malformed or duplicate context cannot initialize a placement journey (0.307375ms)
✔ new, repeated and corrected files remain distinct (2.848375ms)
✔ rejects other tenant/project/source/month and partial snapshots (0.210875ms)
✔ both copies are blocked; changed source identity cannot duplicate work (0.507333ms)
✔ missing is not zero; malformed dates and durations are blocked (0.160333ms)
✔ omitted rows remain visible without deletion; corrupt snapshots fail (0.111375ms)
✔ multiple slots are separate; leading zero codes are preserved (0.088834ms)
✔ preview rejects incomplete, duplicate, invalid duration or status rows (0.725042ms)
✔ people response rejects duplicate codes and malformed candidates (0.164417ms)
✔ monthly report rejects incomplete, inconsistent or wrong-scope totals (19.1845ms)
✔ empty report is explicit and duration retains minutes (39.176125ms)
✔ UTF-8 CSV preserves codes and explicitly converts hours (1.371375ms)
✔ invalid encoding, duplicate columns, partial row fail (0.322834ms)
✔ blank/formula/day-text/fractional-minute/out-of-range never become zero (0.521459ms)
✔ wrong month, formula metadata and duplicate mapping block (0.286417ms)
✔ incomplete lists, duplicates and wrong tenant fail (0.906875ms)
✔ details reject impossible dates and incomplete child pages (3.081792ms)
✔ page offsets are bounded and aligned (0.199083ms)
✔ work details fail on missing pages, duplicates, wrong scope and invalid durations (1.648791ms)
✔ Excel dates and zero-padded codes survive extraction (3.087041ms)
✔ formulas remain flagged; merged, hidden-only and oversized sheets reject (0.815459ms)
✔ task rejects wrong company, tenant, invisible relation and read failure before insert (1.347542ms)
✔ task accepts same company/tenant relation and queries explicit scope (1.041375ms)
✔ task rejects company belonging to another tenant (0.331333ms)
✔ appointment rejects wrong company, tenant, invisible relation and read failure before insert (0.674333ms)
✔ appointment accepts same company/tenant relation and queries explicit scope (0.470667ms)
✔ appointment rejects company belonging to another tenant (0.269209ms)
✔ task appointment relation is independently validated before insert (0.30375ms)
✔ no relation requires no extra relation reads and preserves nullable IDs (0.178541ms)
✔ replacement search is Turkish-normalized and excludes booked, inactive and current worker (4.1895ms)
✔ selected available worker survives no matching search without inflating match count (0.286333ms)
✔ selection cannot bypass availability and does not duplicate a matched worker (0.118542ms)
✔ only an explicit scoped null latest is interpreted as no conversation (0.987292ms)
✔ transport error cannot become a zero revision snapshot (0.219291ms)
✔ latest revision and actor are validated before exposing the record (0.392083ms)
✔ write retains scope, command ID and revision; validates response against submitted command (0.398375ms)
✔ invalid input stops before RPC and write errors are preserved for reconciliation (0.192125ms)
✔ eleven-digit numeric codes are blocked without collecting or validating identity (0.773833ms)
✔ ordinary business codes, dates and UUIDs are not reclassified as identities (0.083292ms)
✔ spreadsheet row is held with field message and no accepted value (0.435125ms)
✔ database rejection is translated without echoing the input (0.121209ms)
✔ 12 explicit reporting signatures generate the exact candidate migration (0.973458ms)
✔ reporting and import messages distinguish disabled module from transport uncertainty (143.97525ms)
✔ weekdays selected across year boundary and leap day (1.764ms)
✔ range limit is inclusive 31 days; reverse, empty weekday and invalid calendar rejected (0.282958ms)
✔ payload normalization gives same dates and trimmed content for retry identity (0.376292ms)
✔ malformed or excessive payload never reaches writes (0.174708ms)
✔ removed preview days remain excluded from canonical payload (0.092208ms)
✔ batch result must contain exact count and distinct identities for the same command (0.124792ms)
✔ IDP period keeps original leave interval while excluding non-working preview days (0.344208ms)
✔ all routes prohibit framing and set browser safety headers without breaking scripts (51.895542ms)
✔ all valid module combinations intersect dashboard roles, without enabling dependent sections (14.367458ms)
✔ shared loader rejects malformed/foreign snapshots and transport errors (7.313042ms)
✔ page boundary never mounts business readers before validation; off, error and role denial remain distinct (73.004625ms)
✔ page boundary retries failed settings and ignores a response after unmount (8.468333ms)
✔ actual completion form explicitly sends task true, unchecked false, and unavailable false (30.4675ms)
✔ failed completion preserves both result fields and shows a retryable error (8.382958ms)
✔ actual dashboard skips disabled queries/cards; independent tasks work without company lookup (82.414459ms)
✔ actual dashboard fetches enabled sections but never offers partner task access (46.895542ms)
✔ late assignment skips prior checks and requires immediate call (2.093666ms)
✔ last recorded event wins, not scheduled offset (1.368167ms)
✔ past plan events cannot colour new plan (0.238333ms)
✔ claimed arrival remains unverified at start even if all calls recorded (0.669125ms)
✔ confirmation closes remaining calls without fabricating events; removal closes writes (0.152875ms)
✔ unknown or malformed call outcome fails closed instead of hiding required action (0.706625ms)
✔ all supported call results and extra call offset remain accepted (0.178125ms)
✔ daily attendance conflict directs the operator to reopen independent confirmation (0.217709ms)
✔ mobile next call suggests earliest due unrecorded step regardless of offset order (0.127417ms)
✔ mobile next call never reopens closed/confirmed work or fabricates scheduled checks (0.17075ms)
✔ known rejected command is removed only after terminal server closure (8.536291ms)
✔ previous commit wins over a later rejection; never claims not saved (0.573291ms)
✔ scope denial, unknown or malformed reconciliation preserve pending identity (10.204833ms)
✔ network, lock and unknown errors never automatically close a command (1.569792ms)
✔ storage failure after response keeps uncertainty rather than fake cleanup (0.482875ms)
✔ input, witness, replay and plan errors have useful distinct explanations (0.407667ms)
✔ zero assignments differs from zero outstanding tracking (2.278209ms)
✔ full count survives first-page/top-three rendering (0.679667ms)
✔ partial or wrong-scope response is not a healthy summary (0.180625ms)
✔ confirmed or closed record cannot become an outstanding item (0.121917ms)
✔ employee claim remains pending and lost responsibility is explicit (0.212333ms)
✔ tracking link preserves exact day and enables only explicit action filter (0.096917ms)
✔ tracking link preserves day and safely encodes worker search without enabling urgent filter (1.389666ms)
✔ missing name and invalid day cannot produce an unrelated tracking destination (0.157625ms)
✔ tracking preserves return company separately from the all-company query and chosen return day (0.231334ms)
✔ return navigation rejects malformed company and impossible dates without accepting arbitrary URLs (0.149ms)
✔ future, due and overdue controls have distinct boundaries (0.571417ms)
✔ claimed arrival never confirms; start deadline escalates even after all calls (0.097167ms)
✔ cannot attend needs replacement; unreachable differs from absence (0.075667ms)
✔ verified arrival skips remaining controls, retains recorded outcomes (0.087458ms)
✔ removed assignment closes pending controls; invalid confirmation cannot green a row (0.170459ms)
✔ midnight arithmetic and malformed schedules (6.995458ms)
✔ onboarding access excludes operations while ordinary attachments remain available (1.222416ms)
✔ metadata rejects path names, oversized files, PDF photos and forged properties (3.516375ms)
✔ file signature is checked rather than trusting filename or browser MIME (0.207042ms)
✔ lost upload response survives reload and reuses its command without storing file contents (0.976625ms)
✔ upload references are isolated by actor, tenant, person, category and file fingerprint (0.199708ms)
✔ blocked, silently discarded or corrupted browser storage prevents starting a new command (0.162166ms)
✔ confirmation cannot clear a different command written by another tab (0.078875ms)
✔ upload recovery accepts duplicate status 400 or 409 and lost responses only after database confirmation (0.220083ms)
✔ a successful Storage response never substitutes for failed or non-boolean database confirmation (0.231708ms)
✔ confirmed reserve replay avoids uploading twice; malformed reserve never uploads (0.190583ms)
✔ two tabs reserve one upload command through the same exclusive lock (0.176625ms)
✔ missing or rejected cross-tab lock never allocates an upload reference (0.120542ms)
✔ attachment list distinguishes measured empty from missing or corrupt response (0.26675ms)
✔ attachment list rejects wrong person, duplicate IDs and malformed file metadata (0.172708ms)
✔ attachment list keeps the 51st pagination sentinel but rejects an unexpected oversized response (0.145834ms)
✔ confirmation and reservation use the same lock; a queued new command survives cleanup (0.340291ms)
✔ confirmation preserves recovery reference if cross-tab lock cannot be acquired (0.096833ms)
✔ cancel cleanup only clears matching command inside the same actor tenant and person (0.175083ms)
✔ explicit empty differs from missing, and every requested identity is accounted for (3.708709ms)
✔ reject wrong tenant, actor, timestamps and job-specific decline in general summary (0.228625ms)
✔ bound requests to one server page and accept empty page (0.464666ms)
✔ conversation captures an outcome without manufacturing availability or a placement (0.800667ms)
✔ declining a job requires that specific request; malformed values fail (0.202208ms)
✔ response belongs to requested tenant/person and contains a real server actor/time (0.230583ms)
✔ history rejects mixed people, duplicate ids and oversized responses (0.472625ms)
✔ hidden operation context retains the conversation outcome but cannot contain a live projection (0.136041ms)
✔ combined filters normalize without dropping constraints (0.696583ms)
✔ invalid ranges, malformed filters and null values fail validation (0.287791ms)
✔ demographics remain optional and omission is distinct from explicit clear (13.895542ms)
✔ server response must echo every applied filter (0.236792ms)
✔ availability requires date and state together; saved legacy filters remain valid (0.191042ms)
✔ person responses retain demographics through list, detail and edit validation (0.84075ms)
✔ callback view survives validation and saved searches; response cannot silently use all (8.040625ms)
✔ detail distinguishes unavailable staffing from no assignments and rejects contradictory data (0.192542ms)
✔ batch request preserves sparse physical row numbers and rejects malformed or duplicate decisions (247.844334ms)
✔ status must be complete and belong to the expected actor, company, batch and source (0.69075ms)
✔ terminal receipt and blocked codes cannot be coerced or accepted for another row (1.65ms)
✔ services use scoped RPCs, validate inputs before calls, and never translate transport failures into success (18.305958ms)
✔ unknown recovery stays distinct from closed and rejects another scope or reference (1.246916ms)
✔ selected plan maps only approved fields and strips all held source information (22.458541ms)
✔ history requires a complete scoped page and valid pending counts (0.399666ms)
✔ result report includes each physical source row and distinguishes unsettled from saved (0.353417ms)
✔ comparison snapshot distinguishes measured empty from incomplete, malformed and foreign results (1.154416ms)
✔ read service sends only verified scope, not spreadsheet content, and validates response (2.206708ms)
✔ Turkish phone formats match but do not imply identity (1.285041ms)
✔ blank fields preserve existing data; new contacts are additive and old city conflicts visible (0.253791ms)
✔ name and contact matching different people requires review; never prefer one silently (0.16675ms)
✔ source issues remain blocking review even when no current match exists (0.124333ms)
✔ many ambiguous matches are bounded and explicitly labelled; file rows are never merged (0.516209ms)
✔ every source row is accounted for; no decision is guessed (2.0695ms)
✔ existing identity selection never accepts field changes by default (0.477833ms)
✔ source issues, unknown targets, illegal changes and matches cannot become new writes (0.311625ms)
✔ two source rows targeting one person require resolution even for unchanged rows (0.221042ms)
✔ new rows with normalized shared identity do not silently create duplicates (0.31075ms)
✔ new row conflicting with another row resulting contact is also blocked (0.1655ms)
✔ contact capacity and revision overflow cannot be hidden by review (0.182416ms)
✔ existing city-only import excludes rejected source name and contact values from the actual request (15.030959ms)
✔ selected email is retained, unchanged rows send only stored name, hold rows send no personal data (2.832875ms)
✔ suggestions are conservative, duplicates and branch city are not guessed (21.962375ms)
✔ calendar dates reject impossible days and ambiguous serials (0.249834ms)
✔ repeated names and shared phones retain all physical source rows without merging (2.27375ms)
✔ coverage statuses remain source history; invalid ranges and unmapped fields remain visible (0.318083ms)
✔ missing, overlapping and wrong-scope mappings are rejected (0.219959ms)
✔ real XLSX reader preserves hidden sheet, physical row numbers, dates and formula diagnostics (112.581ms)
✔ CSV supports BOM CRLF quoted delimiters; bad encoding and renamed text fail (1.541542ms)
✔ worksheet extents cannot silently truncate oversized sources (3.003834ms)
✔ name-only source and unmapped formula can be explicitly prepared as new without merging (119.979208ms)
✔ mapped formula, error, invalid contact and missing name still block a new-person decision (1.290375ms)
✔ ten long emails fit the workbook cell budget without truncation; over-limit cells fail (1.693083ms)
✔ a large source is partitioned without losing or renumbering any source row (9.591167ms)
✔ duplicate targets across partition boundary are rejected before any part can be sent (0.456292ms)
✔ queue references reject corruption and duplicates instead of skipping parts (0.290917ms)
✔ local import receipt distinguishes absent, valid, malformed JSON and old shape (2.94125ms)
✔ blocked storage stays unavailable, is never treated as an empty receipt, and leaks no raw contents (0.860625ms)
✔ person receipt retry preserves command identity and distinguishes malformed and blocked storage (0.620541ms)
✔ resolved receipt removal failure preserves receipt and allows retry without leaking storage error (0.287375ms)
✔ reference preserves exact command and stores no person fields (0.99725ms)
✔ reference cannot recover into a different actor or tenant (0.204292ms)
✔ corrupt, old or unconfirmed references fail closed (0.10175ms)
✔ migration is exactly generated from 39 unique reviewed signatures and source bodies (1.804208ms)
✔ write guards come before original business statements; only worker preparation needs staffing (0.358875ms)
✔ known module denials are clear, while transport uncertainty remains distinct (0.295125ms)
✔ assignment projection migration is generated against the already gated body (1.260292ms)
✔ conversation module patch is generated against prior guarded bodies (1.257375ms)
✔ linked name gate uses the current guarded writer and gives an actionable message (0.9805ms)
✔ name-only records preserve unknown contacts, region and work type (0.877125ms)
✔ invalid contacts, hidden extra fields and unsupported work types are rejected (0.306958ms)
✔ page completeness, duplicate IDs, foreign scope and null RPC results fail closed (0.392167ms)
✔ recovery only confirms the expected person, command and revision (0.130208ms)
✔ UUID assignment displays the directory name even without legacy text (0.456ms)
✔ current directory name supersedes stale legacy text (0.071917ms)
✔ loading, failure and missing directory entry never claim unassigned (0.171833ms)
✔ blank profile name is still an assignment (0.064375ms)
✔ name-only rows are clearly marked as legacy (0.06375ms)
✔ only a row without UUID or legacy name says unassigned (0.060625ms)
✔ claim sends expected scope and revision to the atomic gateway; display names are not trusted (0.942042ms)
✔ losing claim, inaccessible record and transport failure cannot report success (0.504542ms)
✔ claim and quick completion use one command rather than separate mutable role and tenant snapshots (0.292916ms)
✔ bad scope is rejected before a claim/completion command is sent (0.123333ms)
✔ module disabled, missing configuration and transport failure remain distinct from a lost claim (0.178708ms)
✔ links contain only the task UUID and round trip (0.555208ms)
✔ unrelated task-prefill parameters do not become a task link (0.075833ms)
✔ malformed, empty and duplicate IDs are rejected (0.176792ms)
✔ URL round trip carries only identifiers and date (2.448583ms)
✔ ordinary tasks page has no prefill; partial and duplicate context rejected (0.21275ms)
✔ reject malformed ids, impossible dates and unsupported date bounds (0.127083ms)
✔ prefill derives fresh name and title from server data, no assignee/source FK or deadline inferred (0.162208ms)
✔ missing company/request/location and mismatched day fail without fallback (0.230667ms)
✔ passive company and cancelled request cannot prepare a new followup (0.099542ms)
✔ inactive location may still need a followup on an existing active request (0.069417ms)
✔ invalid or missing revision fails before any raw request (0.780875ms)
✔ update filters exact loaded revision and returns new row (0.449167ms)
✔ zero rows is a conflict, transport/database error stays different (0.297458ms)
✔ history has an honest twenty-row limit and extra-row indicator (0.183125ms)
✔ command validates bounded unique integer revisions and canonical identities (8.892833ms)
✔ snapshot normalization removes ordering and presentation from command identity (0.115291ms)
✔ preview rejects silent omissions, duplicate rows, unsafe counts and wrong source (0.22675ms)
✔ directory allows unnamed departed source, never absent arrays or duplicate targets (0.175875ms)
✔ result must match exact command scope and moved count (0.109083ms)
✔ service writes one RPC and has no iterative task fallback (0.14725ms)
✔ invalid command fails before write and malformed successful response is uncertain (0.197708ms)
✔ transport error cannot be mislabeled as nonmember or conflict (0.265667ms)
✔ module rejection is definite but a transport error remains uncertain (0.167792ms)
✔ task screen requires verified actor, tenant, live role and complete module snapshot (1.281542ms)
✔ task company directory keeps narrow fields, ordered complete pagination and rejects wrong tenant (1.326125ms)
✔ context navigation needs an enabled source module; missing state never defaults to all links (0.156708ms)
✔ actual task form hides disabled company controls instead of calling the company list empty (10.817291ms)
✔ reverse formula rejects the historical negative-price case and below-baseline amounts (0.509583ms)
✔ every numeric input rejects negative and non-finite values (0.122083ms)
✔ zero markup is valid and markup is applied to cost, not sales margin (0.075042ms)
✔ form parser distinguishes missing required input from optional zero and rejects partial numeric strings (0.073541ms)
✔ hard dependencies are a DAG; unknown, duplicate and self edges are rejected (0.626666ms)
✔ talent, tasks and announcements stand alone; reporting and staffing do not require each other (0.483667ms)
✔ every one of the 1024 configurations is accepted iff all required dependencies are enabled (6.152833ms)
✔ partial, unknown, inherited and non-boolean module values never imply enabled (0.194958ms)
✔ context keeps bigint revisions exact and discards unrelated response fields (0.331375ms)
✔ actor/company/generation/role/protocol mismatches cannot supply a context (0.280875ms)
✔ all existing member roles retain their role without receiving new privileges (0.119291ms)
✔ an older response from another workspace is rejected and no RPC fallback runs (0.309875ms)
✔ one bounded RPC returns the whole snapshot, without a client-selected tenant argument (0.14525ms)
✔ migration catalog is generated from the same manifest, not a second hand-maintained graph (0.516208ms)
✔ cancelled presence remains actual; removed unknown is not outstanding (4.318042ms)
✔ no declarations cannot silently become zero attendance (0.504042ms)
✔ duplicate or unmatched declarations fail verification (0.597833ms)
✔ same worker on different days counts separate person days (0.423916ms)
✔ absence total counts declarations, not unique people (0.143791ms)
✔ Monday week boundaries include Sunday, leap day, year and minimum date (1.686958ms)
✔ totals count person-days, exclude cancellations and retain unfilled requests (0.489833ms)
✔ empty verified plan is accepted; null and wrong company/week are not (0.311416ms)
✔ range, duplicate requests, capacity, missing staff and cancelled assignment contradictions fail closed (0.219084ms)
✔ same worker on separate days allowed, double booking or repeated assignment ID rejected (0.226625ms)
✔ CSV records scope/time and quotes delimiters, double quotes and embedded newlines (0.245833ms)
✔ CSV neutralizes formula prefixes including whitespace before formula (0.197334ms)
✔ CSV cancellations are opt-in and contribute zero active open (0.096208ms)
✔ overnight is explicit; break reduces actual work; invalid time never becomes an estimate (0.784167ms)
✔ 24 hour limit and zero-length work are distinct; no automatic overnight guessing (0.296042ms)
✔ correction reason required and only valid scoped record can establish revision zero (1.989083ms)
✔ net totals and contiguous latest audit history must agree with the record (0.21175ms)
✔ receipt is matched to command, assignment, action and next revision (0.161709ms)
✔ invalid write fails before RPC; exact payload and errors are preserved (0.268833ms)
✔ company/day list rejects wrong scope, partial shape, duplicates and malformed totals (1.919917ms)
✔ latest 20 audit entries are accepted only in contiguous descending revision order (0.158584ms)
✔ declared per-entry and aggregate expansion are bounded (0.531834ms)
✔ malformed directories, encryption, volume split and entry-count overflow fail (0.289041ms)
✔ preparation preserves identity and explicit work kind; normalizes code (2.070459ms)
✔ rejects malformed identities, revisions and unsupported work types (0.327375ms)
✔ receipt must match command, person, next revision and real worker id (0.128583ms)
✔ five surplus staff in one location cannot cancel five missing in another (0.736958ms)
✔ zero target, fully staffed and empty sets remain distinct and nonnegative (0.089584ms)
✔ workspace identity follows server data and never a user-editable company name (0.930584ms)
✔ missing, malformed and mismatched company or actor responses fail closed (0.32475ms)
✔ write target requires both the same actor and company (0.139375ms)
✔ RPC errors and null success never invent a company or return a stale identity (0.294416ms)
✔ company context request carries no caller-selected company and has a deadline (0.15175ms)
✔ UI company comes from verified workspace when getUser metadata lacks token-hook claims (0.109667ms)
✔ role and company are accepted together and user metadata cannot supply authority (0.160291ms)
✔ invitation parsing fails closed and excludes server extras (0.915708ms)
✔ token has 256 random bits and transport failure is not labelled invalid invitation (0.69975ms)
✔ setup accepts measured zeros but rejects unavailable/wrong-scope response (1.667542ms)
✔ setup rejects coerced, missing, negative or unsafe counts and invalid calendar dates (0.159958ms)
ℹ tests 636
ℹ suites 0
ℹ pass 636
ℹ fail 0
ℹ cancelled 0
ℹ skipped 0
ℹ todo 0
ℹ duration_ms 16912.772959

> bps@0.1.0 qa:static
> node scripts/qa-static.mjs

BPS QA Mini Harness V1 — qa:static

[32mPASS[0m service_role-confined              (FAIL-rule)  service_role only in cron/healthz/demo-request/access-request
[32mPASS[0m browser-createContact-removed      (FAIL-rule)  no browser-context createContact( in src/app
[32mPASS[0m contact-create-yonetici-only-action (FAIL-rule)  guard: roleData !== "yonetici", no partner in code
[32mPASS[0m contact-create-yonetici-only-ui    (FAIL-rule)  Yetkili Ekle gate: role === "yonetici"
[32mPASS[0m passivate-status-only              (FAIL-rule)  scoped command; status-only payload
[33mWARN[0m package-migration-drift            (WARN-rule)  drift (human decides): supabase/migrations/20261004001000_demo_and_critical_date_boundaries.sql, supabase/migrations/20261004001100_attendance_lifecycle_guard.sql, supabase/migrations/20261004001200_expiry_notification_date_keys.sql, supabase/migrations/20261004001300_start_confirmation_shift_window.sql, supabase/migrations/20261004001400_reporting_canonical_people.sql
[32mPASS[0m upload-guard-before-storage        (WARN-rule)  guard precedes storage upload
[32mPASS[0m contact-guard-before-insert        (WARN-rule)  guard precedes createContact insert
[32mPASS[0m reactivate-status-only             (WARN-rule)  scoped command; status-only payload
[32mPASS[0m stale-partner-comment              (WARN-rule)  no stale partner-scope create comment on create path
[32mPASS[0m import-graph-browser-create        (WARN-rule)  page does not import browser createContact
[32mPASS[0m pre-deploy-gates-recorded          (FAIL-rule)  G1/G2/G3 cleared with accepted values
[32mPASS[0m table-rls-enabled                  (FAIL-rule)  77/77 created tables enable RLS explicitly
[33mWARN[0m unreachable-component              (WARN-rule)  nothing renders: CapacityRiskCard, TimelineList
[32mPASS[0m profiles-read-scoped               (FAIL-rule)  463 files parsed; no unscoped profiles reader; every raw chain keyed; pages read via scoped RPC
[32mPASS[0m scan-integrity                     (FAIL-rule)  every walk() listed completely and every read() succeeded

16 checks · 0 FAIL · 2 WARN
scripts/qa-static.mjs — static only; run tsc + build separately (no lint configured).

> bps@0.1.0 build
> next build

   ▲ Next.js 15.5.26
   - Experiments (use with caution):
     · middlewareClientMaxBodySize: "11mb"

   Creating an optimized production build ...
<w> [webpack.cache.PackFileCacheStrategy] Serializing big strings (215kiB) impacts deserialization performance (consider using Buffer instead and decode when needed)
 ✓ Compiled successfully in 12.6s
   Linting and checking validity of types ...
   Collecting page data ...
   Generating static pages (0/29) ...
Error occurred prerendering page "/dashboard". Read more: https://nextjs.org/docs/messages/prerender-error
Error: @supabase/ssr: Your project's URL and API key are required to create a Supabase client!

Check your Supabase project's API settings to find these values

https://supabase.com/dashboard/project/_/settings/api
    at <unknown> (https://supabase.com/dashboard/project/_/settings/api)
    at cM (.next/server/chunks/9904.js:37:54970)
    at e (.next/server/chunks/7128.js:1:8091)
    at h (.next/server/chunks/7128.js:1:23626) {
  digest: '926281643'
}
Export encountered an error on /(main)/dashboard/page: /dashboard, exiting the build.
 ⨯ Next.js build worker exited with code: 1 and signal: null
