✔ removed and cancelled assignments reject every new attendance state without receipts (73.453666ms)
✔ active attendance works; retry of accepted command after removal returns receipt without new event (2.542ms)
✔ non-overlapping shifts remain allowed and overlap still rejects (2.990125ms)
✔ waiting stale screen observes committed removal after acquiring request lock (19.334916ms)
✔ merged code resolves to primary; historical source identity accepts corrections without rewriting history (97.853583ms)
✔ canonical duplicate through another code/source row is rejected (1.540084ms)
✔ same canonical mapping is idempotent while used code cannot move to another person or tenant (4.281958ms)
✔ mapping list, detail names and monthly distinct people agree; minutes stay intact (7.910833ms)
✔ preview prepared before a merge cannot silently approve a changed identity (3.137292ms)
✔ merge fails promptly while reporting holds its shared fence (9.344834ms)
✔ waiting import sees committed merge identity after acquiring the fence (20.766083ms)
✔ multi-hop merge resolves historical records to the final primary (1.187042ms)
✔ existing source row cannot be changed to a genuinely different identity (1.167042ms)
✔ tenant scope rejects cross-workspace reads and writes (1.9245ms)
✔ two separate shifts and adjacent shifts can both be confirmed on the same date (74.236208ms)
✔ overnight confirmation and extra call work after midnight until the exclusive shift end (3.242375ms)
✔ manual call after midnight remains available for a night shift (1.796541ms)
✔ end boundary, earlier date, future timestamps, absent and overlapping attendance stay rejected (7.81075ms)
✔ early arrival on work date and legacy full-day assignments remain supported (2.54425ms)
✔ closed assignment rejects new command but accepted retry remains idempotent (3.316209ms)
✔ concurrent confirmation observes an overlapping committed attendance after the worker lock (24.235ms)
ℹ tests 21
ℹ suites 0
ℹ pass 21
ℹ fail 0
ℹ cancelled 0
ℹ skipped 0
ℹ todo 0
ℹ duration_ms 677.330625
