Synthetic company commands DB: 17.10
✔ create assigns verified tenant/actor and normalizes defaults without client DML privileges (209.301333ms)
✔ CSV status/risk values survive the same creation command (4.148959ms)
✔ status command changes only status and a repeat does not trigger another update (12.50125ms)
✔ wrong actor, tenant, role and foreign company cannot write (8.285375ms)
✔ input keys, types, empty names and unsupported status values are rejected (16.5665ms)
✔ closed customers rejects both creation and status changes; malformed config fails closed (6.151875ms)
✔ stale membership and repeatable read do not execute commands (3.482541ms)
✔ anon and service role cannot execute the company command (3.279292ms)
✔ config writer wins: command waits before profile lock then sees disabled customers (35.31375ms)
✔ company command wins: config updater waits until full business transaction ends (13.689125ms)
✔ role is rechecked after waiting for membership profile lock (19.552292ms)
Synthetic contact commands DB: 17.10
✔ operations patches only supplied fields; absent email remains current (101.310625ms)
✔ empty channels, empty patch, injected name and malformed payload are rejected (12.739875ms)
✔ manager deletes exactly the company-bound contact; repeated delete fails (5.419792ms)
✔ operations cannot delete/import; other roles cannot patch (29.741667ms)
✔ wrong company, tenant, actor and foreign-company import are rejected (13.822458ms)
✔ CSV preserves the existing primary and rejects duplicate primary instead of demoting (8.053959ms)
✔ CSV has the same five-contact limit and passive-company guard (17.41175ms)
✔ effective contact DML is gone for app roles; legacy manager create/full edit still works (6.651458ms)
✔ disabled customer module blocks every new action (13.131625ms)
✔ configuration lock comes before profile; waiting command sees committed module closure (30.614875ms)
✔ role is rechecked after a blocked profile lock (25.636375ms)
✔ cutover refuses inherited column UPDATE grants (4.061ms)
✔ concurrent partial edits merge against the locked row, not a stale client snapshot (37.065875ms)
✔ all five exact foreign keys become validated immediate RESTRICT constraints (114.439667ms)
✔ company deletion cannot cascade contacts or notes, even with modules disabled (5.779458ms)
✔ profile deletion cannot erase contact or note authorship (3.972125ms)
✔ mizan upload deletion cannot silently remove confirmed row history (1.18075ms)
✔ deactivation and membership removal preserve historical records and continue working (2.075459ms)
✔ unreferenced parents can still be deleted; this is not a blanket delete trigger (1.325958ms)
✔ schema drift fails and rolls back earlier constraint replacements (13.07675ms)
✔ concurrent child insert prevents a waiting company delete after commit (30.473291ms)
Synthetic customers DB: 17.10
✔ customer read gates preserve repository role policy matrix (140.575958ms)
✔ customer reads retain tenant identity and never leak a foreign contact (9.147458ms)
✔ closed customer module hides all three sets and task company choices without deleting records (3.826125ms)
✔ closing tenant A leaves tenant B customer reads unchanged (3.998666ms)
✔ a stale claim after membership removal returns no customer data (1.281709ms)
✔ missing config and invalid dependency snapshots do not become enabled (9.7255ms)
✔ a permissive policy cannot OR around the module read fence (3.078083ms)
✔ migration aborts if any target RLS is disabled and rolls back prior policy work (2.647917ms)
Synthetic notes/contact DB: 17.10
✔ manager, operations and HR can create notes; author is resolved from the profile (117.58425ms)
✔ other roles cannot create, edit, pin or delete notes (8.972083ms)
✔ operations and HR can edit only their own notes and cannot pin/delete (43.37225ms)
✔ manager can pin and delete; missing targets never report a successful mutation (8.421709ms)
✔ even manager cannot edit a note through a different same-tenant company (10.0795ms)
✔ forged author, pin-at-create, invalid tags and blank/non-string content are rejected (14.850625ms)
✔ passive companies retain note creation but reject new contacts (7.895208ms)
✔ company/note direct writes are revoked, while both note and legacy contact commands still work (14.6915ms)
✔ legacy full contact command preserves atomic primary selection and max five limit after cutover (27.421584ms)
✔ legacy contact command rejects other roles and foreign targets (15.346584ms)
✔ disabled module blocks note and contact commands, including the unchanged legacy signature (14.926042ms)
✔ config change wins: note and contact wait before profile locks and see disabled state (77.750791ms)
✔ note transaction holds the configuration lock until transaction completion (39.060541ms)
✔ contact definer conversion rejects body drift instead of elevating altered code (7.879459ms)
✔ write cutover rejects inherited table privileges (3.121833ms)
✔ existing authenticated CSV contact insert remains compatible after company UPDATE is revoked (5.225625ms)
✔ role is rechecked after the profile lock for both contact and note writers (88.535ms)
✔ blank profile names are rejected instead of inventing a note author label (8.048917ms)
✔ only service role can execute the two notification projections (104.21675ms)
✔ a company cannot resolve through another tenant, even for the service role (1.678541ms)
✔ module-specific disabling is isolated between tenants and blocks the corresponding names (4.436125ms)
✔ turning customers off with dependent modules off prevents either company projection (2.527875ms)
✔ incomplete settings and broken dependencies raise errors rather than enabled or disabled defaults (2.558042ms)
✔ invalid modules, excessive and null tenant arrays are rejected (3.610958ms)
✔ company arrays must be bounded, unique and pairwise complete (3.274292ms)
✔ unknown tenant configuration and missing company fail closed (1.784125ms)
✔ all candidate and document-state RPCs are service-only (4.432792ms)
✔ SQL candidates preserve source date/status filters and expose only notification columns (4.181625ms)
✔ contract off preserves company documents but removes linked documents and contract candidates (2.47275ms)
✔ documents/calendar off prevents SQL candidates for only that tenant (2.371083ms)
✔ foreign-company or foreign-tenant contract links are excluded, not projected (1.552334ms)
✔ document state uses current relationship and acknowledges removed records as ineligible (4.199333ms)
✔ candidate readers fail on incomplete configuration instead of silently treating it as disabled (3.618417ms)
✔ document-state inputs reject missing, excessive and duplicate pairs (3.328125ms)
✔ service raw SELECT is denied after cutover while all notification projections remain usable (5.507791ms)
✔ service read cutover rejects inherited column access instead of claiming closure (1.624709ms)
Synthetic finance DB: 17.10
✔ finance AND policies retain role and tenant filtering while enabled (144.542875ms)
✔ closed finance hides all three tables without deleting records (3.570875ms)
✔ atomic import still writes and replays the same receipt once when enabled (5.554958ms)
✔ closed finance rejects both new import and old replay before any write (3.882042ms)
✔ wrong role, foreign company and stale claimed tenant remain rejected (4.513875ms)
✔ malformed module configuration and stronger isolation fail closed (2.522ms)
✔ anon, authenticated and bypassrls service cannot mutate directly or call retired RPCs (12.376375ms)
✔ config change wins: import waits before profile lock then observes disabled state (27.939708ms)
✔ import wins: config update waits for full import transaction (14.618ms)
✔ migration revokes direct column privileges as well as table privileges (4.915ms)
✔ migration aborts on inherited write privileges (4.476959ms)
✔ migration aborts on command body drift (2.845125ms)
✔ migration aborts on a callable same-name overload (4.330042ms)
Task gateway synthetic PostgreSQL: 17.10
✔ company-free task creation derives creator and assignee label, then revision advances on edit (135.132167ms)
✔ authenticated cannot bypass gateway with direct DML or call private lock helper (5.150416ms)
✔ missing or disabled module configuration blocks mutation, disabled tasks hide table and history reads (7.860125ms)
✔ all six live roles: only manager, operations and HR can create (15.117584ms)
✔ HR cannot reassign and non-owner quick completion cannot masquerade as manager (13.67275ms)
✔ forged fields, invalid dates/types, foreign relations and stale revisions are rejected (16.712791ms)
✔ foreign task, mismatched expected actor/tenant and nonmember assignee fail (6.663917ms)
✔ linked creation requires the source module while independent tasks remain available (2.488917ms)
✔ two simultaneous claims have exactly one winner and one assignment event (19.6075ms)
✔ config change winning the lock makes a waiting write see disabled state after commit (24.839334ms)
✔ a writing transaction holds its configuration barrier until commit; independent writers share it (20.576292ms)
✔ role revoked while waiting for the profile lock is rechecked after the lock (23.375083ms)
✔ passive company rejects new work; HR cannot use an unreadable contract or appointment (5.927667ms)
✔ repeatable-read writes are refused rather than using a stale post-lock snapshot (1.336083ms)
✔ contract removes an explicit column-level write grant as well as table grants (1.496208ms)
✔ inherited write privilege drift aborts contract migration instead of leaving a bypass (1.713375ms)
✔ task transfer supports independent tasks, live membership roles and idempotent replay (7.4445ms)
✔ disabled task module rejects all three workflow mutations including receipt replays (18.625125ms)
✔ calendar completion without a follow-up works with tasks off, but calendar off rejects it (4.926334ms)
✔ failed appointment task request does not complete the appointment or leave a receipt (1.845292ms)
✔ definer reads obey module gates and hide company projection when only tasks remain enabled (11.957917ms)
✔ dashboard activity excludes each disabled source without suppressing enabled task activity (17.087875ms)
✔ config barrier is first for every workflow and waiting commands see the newly disabled module (44.10275ms)
✔ workflow role and cross-tenant restrictions remain intact (4.649458ms)
✔ service-only task notification RPC filters disabled tenants and refuses incomplete config (6.399084ms)
✔ shared configuration validator preserves scope, completeness and dependency failures (2.994666ms)
✔ workflow patch aborts on unexpected function definition rather than silently skipping a guard (2.521791ms)
✔ task company projection returns only display columns and retains tenant, module, role and company RLS (9.982833ms)
✔ parent hard deletion cannot delete task history or detach task context, even with tasks disabled (14.4505ms)
✔ unreferenced parent deletion and deactivation remain possible; schema drift aborts the preservation migration (3.621625ms)
✔ parent deletion waiting behind a new task cannot erase that task after its commit (11.731167ms)
Synthetic module DB: 17.10
✔ existing tenants get exactly ten enabled settings and one truthful bootstrap receipt each (65.134458ms)
✔ new tenant provisioning initializes all ten rows in the same transaction; rollback leaves nothing (2.742125ms)
✔ authenticated response is scoped to live membership, preserves role and bigint precision (4.367416ms)
✔ all configuration tables deny direct reads and writes to anon/authenticated/service_role (10.120542ms)
✔ only authenticated can execute the public reader; internal bootstrap and catalog have no client grants (3.654958ms)
✔ no session, foreign tenant claim and removed membership fail closed (4.4525ms)
✔ stale workspace selection and stale membership generations are rejected by the real scope functions (4.993625ms)
✔ missing config, missing key and broken hard dependencies do not return an all-enabled fallback (6.308958ms)
✔ disabled independent module is represented as disabled without changing another tenant (2.223166ms)
✔ unknown/duplicate module keys, invalid revision and bootstrap reset are rejected (2.96925ms)
✔ tenant insert and migration serialize in both orders; timeout rolls back all new tables (236.667417ms)
ℹ tests 131
ℹ suites 0
ℹ pass 131
ℹ fail 0
ℹ cancelled 0
ℹ skipped 0
ℹ todo 0
ℹ duration_ms 3849.310834
