
> bps@0.1.0 qa:operations
> node scripts/qa-test-suite.mjs application

application: 116 files
database: 19 files
pending: 7 files
Pending feature tests are NOT part of the passed application coverage.
✔ calendar follows Istanbul day across UTC midnight and year rollover (18.000125ms)
✔ agenda groups civil dates, sorts unknown time last, retains cancelled entries, never mutates source (1.016417ms)
✔ truncated or uncounted appointment response cannot render a falsely empty calendar (0.571083ms)
✔ bounded completion input is normalized; nonboolean cannot request a task (0.854583ms)
✔ completion result must identify exact appointment and valid task/skip combination (0.265167ms)
✔ service uses one scoped RPC with no sequential table fallback (0.230125ms)
✔ transport failure is unverifiable, not already completed or unauthorized (0.480292ms)
✔ scope and invalid input fail before calling RPC (0.150583ms)
✔ status-only service cannot recreate split completion path (0.134833ms)
✔ links contain only the appointment UUID and round trip (0.640542ms)
✔ unrelated query parameters do not become an appointment link (0.077375ms)
✔ malformed, empty and duplicate IDs are rejected (0.23175ms)
✔ attendance actions retain exact record and revision, undo appears only after a report (1.446125ms)
✔ future dates and read-only/busy state disable every action including undo (0.391083ms)
✔ contract days follow Istanbul midnight and preserve today/expired semantics (0.9405ms)
✔ missing, malformed and impossible contract dates never turn into a plausible remaining-day count (0.113792ms)
✔ actual company service enables candidate and active only, preserves input CRM statuses (1.559583ms)
✔ company directory failures are not presented as empty success (0.358291ms)
✔ existing insert helper uses one scoped RPC with explicit actor, tenant and allowed business fields (3.3095ms)
✔ missing identity and protected input fields stop before a write (0.342875ms)
✔ transport uncertainty, empty and wrong-scope responses never become success or automatic retries (0.963708ms)
✔ module and input rejections use actionable messages (0.462792ms)
✔ company import retains confirmed rows then stops on uncertain or disabled writes (0.898542ms)
✔ status helper verifies returned target and requested status (0.504625ms)
✔ both status server actions use verified tenant and shared command with no direct writes (82.490625ms)
✔ status actions reject invalid identity and missing targets instead of reporting success (45.550791ms)
✔ company tabs intersect valid module states and current repository roles (21.604042ms)
✔ company finance reader uses exact tenant/company and distinguishes absent, failed and malformed responses (1.638083ms)
✔ company document reader filters contract files on every page before download and rejects an escaped row (0.395208ms)
✔ actual company page skips closed module readers and falls back from a stale saved tab (204.435084ms)
✔ actual company role gates match financial and workforce readers without healthy empty cards (340.655792ms)
✔ actual finance error is not rendered as no data or no payment follow-up (94.666833ms)
✔ company document screen passes closed-contract predicate and offers standalone upload (73.352291ms)
✔ extracted upload form hides disabled contract selector and preserves standalone file payload (12.360959ms)
✔ late financial response after company unmount cannot populate the old view (85.851791ms)
✔ upload keeps its file but requires explicit clearing of a contract that becomes disabled (10.42525ms)
✔ status source contract accepts both actual command routes (30.839083ms)
✔ status source contract rejects extra payload fields and wrong status literal (11.406ms)
✔ status source contract rejects direct DML beside the helper and rerouted import (12.698125ms)
✔ status source contract rejects missing source, malformed syntax and a changed execute target (7.898333ms)
✔ 1001 rows require three bounded requests; no clipping or redundant empty request (11.377708ms)
✔ empty and exact page boundary terminate without an extra read (8.027916ms)
✔ second-page failures never return the first page as a complete list (20.471875ms)
✔ invalid identities, malformed totals and over-budget lists fail on first request (6.065791ms)
✔ selectAllCriticalDates retains scope, exact count and unique ordering on all pages (1.697625ms)
✔ selectAllWorkforceSummaries retains scope, exact count and unique ordering on all pages (0.332ms)
✔ selectWorkforceSummariesByCompanyIds retains scope, exact count and unique ordering on all pages (0.640167ms)
✔ selectAllTasks retains scope, exact count and unique ordering on all pages (1.99925ms)
✔ selectTasksByCompanyId retains scope, exact count and unique ordering on all pages (0.964292ms)
✔ selectTasksByContractId retains scope, exact count and unique ordering on all pages (1.151958ms)
✔ selectTasksByAppointmentId retains scope, exact count and unique ordering on all pages (0.721209ms)
✔ selectAllAppointments retains scope, exact count and unique ordering on all pages (1.689792ms)
✔ selectAppointmentsByCompanyId retains scope, exact count and unique ordering on all pages (0.364292ms)
✔ selectAppointmentsByContractId retains scope, exact count and unique ordering on all pages (0.149542ms)
✔ selectAppointmentsByCompanyIds retains scope, exact count and unique ordering on all pages (0.209375ms)
✔ selectAllContracts retains scope, exact count and unique ordering on all pages (0.198667ms)
✔ selectContractsByCompanyId retains scope, exact count and unique ordering on all pages (0.155459ms)
✔ selectNotesByCompanyId retains scope, exact count and unique ordering on all pages (0.163416ms)
✔ getActiveContractCountsByCompanyIds retains scope, exact count and unique ordering on all pages (0.28875ms)
✔ real Supabase query builder sends bounded offsets, stable order and exact count (71.445834ms)
✔ deadline expiry stops before the next page (0.908ms)
✔ selectNotesByCompanyId rejects clipped, null-count and failed results (4.370375ms)
✔ selectAllContracts rejects clipped, null-count and failed results (0.859667ms)
✔ selectContractsByCompanyId rejects clipped, null-count and failed results (0.916042ms)
✔ getActiveContractCountsByCompanyIds rejects clipped, null-count and failed results (0.585875ms)
✔ selectAllCriticalDates rejects clipped, null-count and failed results (0.200875ms)
✔ selectAllAppointments rejects clipped, null-count and failed results (0.620958ms)
✔ selectAppointmentsByCompanyId rejects clipped, null-count and failed results (2.737583ms)
✔ selectAppointmentsByContractId rejects clipped, null-count and failed results (0.222375ms)
✔ selectAppointmentsByCompanyIds rejects clipped, null-count and failed results (0.21275ms)
✔ selectAllWorkforceSummaries rejects clipped, null-count and failed results (1.123083ms)
✔ selectWorkforceSummariesByCompanyIds rejects clipped, null-count and failed results (0.563333ms)
✔ selectTasksByCompanyId rejects clipped, null-count and failed results (0.193791ms)
✔ selectAllTasks rejects clipped, null-count and failed results (0.110458ms)
✔ selectTasksByContractId rejects clipped, null-count and failed results (0.1065ms)
✔ selectTasksByAppointmentId rejects clipped, null-count and failed results (0.113417ms)
✔ active counts retain repeated company IDs in a complete result (0.530042ms)
✔ empty company selection never fetches a broader workforce or appointment list (0.076917ms)
✔ dashboard exact totals survive clipped lists while card rows remain unavailable (0.093958ms)
✔ unavailable or malformed totals cannot become measured zero (0.0835ms)
✔ report joins reject missing source or a missing company anywhere in the list (0.051625ms)
✔ report joins preserve measured empty lists and legitimate display names without text sentinels (0.043541ms)
✔ communication submits only supplied fields with resolved actor, tenant and company (33.997792ms)
✔ empty changes and failed identity stop before RPC (25.772667ms)
✔ delete binds target to expected company and returns the confirmed removed row (9.510584ms)
✔ malformed, empty and foreign responses never acknowledge contact writes (0.394292ms)
✔ import verifies creator and primary flag; errors do not trigger retries (0.2865ms)
✔ CSV keeps confirmed rows and stops at first uncertain write (0.29ms)
✔ company map reads all pages and rejects ambiguous names across page boundaries (1.083875ms)
✔ delete server action passes the page company and does not acknowledge service errors (24.547125ms)
✔ appendix list distinguishes empty, malformed and wrong scope (1.491125ms)
✔ keyset pagination has bounded continuation and rejects duplicates or borrowed preceding rows (0.210166ms)
✔ document history rejects another document even within same contract (0.284125ms)
✔ legacy main commands keep their storage key; appendix targets remain isolated (0.123375ms)
✔ appendix title is command identity; main receipt cannot acknowledge appendix command (0.418208ms)
✔ version download checks contract/document before signing any path (0.19575ms)
✔ missing, unavailable and malformed versions never mean empty history (2.626125ms)
✔ bounded history explicitly reports more and rejects unordered or duplicate evidence (0.4085ms)
✔ signed download resolves version through scoped RPC, never arbitrary caller path (0.478375ms)
✔ actual PDF replace service gates revision and uses CAS, zero rows is failure (0.539375ms)
✔ creation validates real calendar dates, bounded revision and required basis (2.455167ms)
✔ unavailable or malformed snapshot never means no task (0.179375ms)
✔ current task owner can be unassigned or unavailable without inventing a person (0.087166ms)
✔ service uses one scoped RPC; malformed success and transport failure do not fall back (0.312791ms)
✔ only exact known failure is definite; unknown responses keep retry command (0.144125ms)
✔ strict command rejects forged identity/display/routing fields and missing fields (0.800208ms)
✔ unicode PostgreSQL character boundary, Turkish text, line endings, NUL and broken UTF-16 (2.090666ms)
✔ mentions are selected identifiers, canonical order, detached from caller array (1.650292ms)
✔ retry comparison is stable but every scope/content change differs (0.404625ms)
✔ null/string/mismatched receipt cannot acknowledge pending command (0.345ms)
✔ resolution requires matching scope and a recognized terminal result (0.324416ms)
✔ failed RPC shapes are not empty successful reads (0.804792ms)
✔ message shape requires safe identity, timestamp and explicit parent (0.415041ms)
✔ inbox counts and source fields cannot be silently coerced (0.511291ms)
✔ explicit empty optional critical-date fields clear stored content (2.083833ms)
✔ omitted optional critical-date fields remain untouched (0.431416ms)
✔ nonempty optional critical-date fields are trimmed (0.111292ms)
✔ critical-date CAS preserves full database timestamp and rejects a losing edit (0.658125ms)
✔ missing or malformed snapshot cannot update a critical date (0.190334ms)
✔ malformed headers, widths and quotes never produce writable rows (1.145084ms)
✔ valid BOM CRLF multiline escaped quotes and semicolon fields survive (0.689ms)
✔ invalid encodings and resource limits fail before preview (5.814333ms)
✔ closed contracts are neither queried nor shown as zero on desktop or mobile (91.794541ms)
✔ HR, accounting and viewer never query or display restricted contact/contract summaries (103.988458ms)
✔ allowed empty contract result is zero while failed summary is explicitly unreadable (46.32ms)
✔ failed company directory stops dependent readers and displays retry state (18.976458ms)
✔ note create sends the resolved company/tenant/actor but no client author or pin fields (28.671125ms)
✔ note edits, pin and delete all preserve the expected company in the actual request (25.628458ms)
✔ changed tenant, invalid identity or blank content stops before command submission (15.857083ms)
✔ unknown result, malformed rows and wrong company cannot acknowledge a note command (0.4175ms)
✔ module errors and transport failures are distinct, and neither retries the command (0.648666ms)
✔ pin acknowledgment must match the requested flag and target (0.354959ms)
✔ missing author and ownership rejection explain the actual corrective action (0.252542ms)
✔ coverage, presence and missing reports remain distinct; historical removed attendance does not count (0.835291ms)
✔ cancelled requests remain visible in all but never enter active action filters (0.10375ms)
✔ fully assigned does not mean present and absent people remain assigned until replacement (0.126166ms)
✔ search combines Turkish-normalized location, occupation and assigned staff terms (0.314083ms)
✔ measured empty day accepted, unavailable or malformed RPC never becomes zero (2.524333ms)
✔ real dates, leap years and strict format (1.785834ms)
✔ required fields, counts and extra untrusted fields (0.357291ms)
✔ daily coverage from zero to full (0.491041ms)
✔ paused and cancelled are not active demand (0.158333ms)
✔ corrupt aggregates fail rather than clamp (0.090583ms)
✔ assignment eligibility failures stay distinct (0.152167ms)
✔ missing or nonboolean verification never means available (0.084458ms)
✔ activity empty differs from unavailable or malformed response (2.319625ms)
✔ activity labels distinguish ownership events without claiming task completion (0.140959ms)
✔ general document activity accepts only an internal document destination (0.132041ms)
✔ contracts filter in SQL before five-row cap; no full-record transfer (18.867208ms)
✔ documents include missing files and undated manual states before limiting; derive expiry now (1.880666ms)
✔ critical dates include overdue and exactly thirty days; bounded stable order (0.837583ms)
✔ smaller server cap, missing counts, duplicate rows and transport errors do not masquerade as complete cards (3.617375ms)
✔ company names resolve only referenced IDs in batches; no task count tied to directory cap (2.947417ms)
✔ money preserves zero, negative values, and missing versus malformed input (15.324792ms)
✔ Istanbul variants share a display/filter key without changing other city names (0.271167ms)
✔ role rejection touches neither document nor storage (0.931917ms)
✔ read failure leaves both records untouched (0.169584ms)
✔ missing read and zero-row delete explicitly report no confirmed deletion (0.143333ms)
✔ blocked database deletion never removes the file (0.158125ms)
✔ confirmed row deletion uses RETURNING path, after deleting the row (0.141541ms)
✔ record without a file is a confirmed deletion with no storage operation (0.095417ms)
✔ storage failure preserves confirmed deletion and warning, never suggests row retry (0.120958ms)
✔ each existing category belongs to one folder; linked contracts stay together (0.5115ms)
✔ moving changes category only, scoped by company, revision and unlinked contract (0.918459ms)
✔ invalid category, denied/stale result, transport error and wrong identity never succeed (0.362542ms)
✔ document eligibility requires exact ids, tenants and boolean values (1.692584ms)
✔ document checks deduplicate and chunk without accepting contradictory scope (0.861334ms)
✔ document state database and transport failures do not fall back to enabled (0.152542ms)
✔ listAllDocuments derives expiry without mutating stored status (51.365667ms)
✔ listDocumentsByLegacyCompanyId derives expiry without mutating stored status (22.932959ms)
✔ single document derives expiry and preserves missing record (42.058625ms)
✔ company compliance counts expired stored-complete files as non-compliant (16.833541ms)
✔ Istanbul expiry includes day zero and thirty, expires on following day (0.846375ms)
✔ expiry changes at Istanbul midnight instead of UTC midnight (0.085875ms)
✔ stored complete does not keep an expired document green and mapping does not mutate raw data (0.097833ms)
✔ missing file and explicit missing status take priority; undated manual state stays intact (0.369291ms)
✔ initial snapshot and refresh are silent; only newly observed unread IDs sound (0.979ms)
✔ scope keys separate companies and users; response mismatch fails closed (0.604333ms)
✔ links contain only a verified internal request target, company and date (1.739209ms)
✔ two tabs observing the same event play once; rapid batches are consumed silently (0.40675ms)
✔ storage or locking failure never falls back to uncoordinated sound (0.270167ms)
✔ shared ledger stores only bounded event IDs and time, never message content (0.32325ms)
✔ duplicate inbox rows are rejected instead of doubling counters or cards (0.24725ms)
✔ impossible calendar day cannot reach the date formatter or deep link (0.103917ms)
✔ independent task inserts null company without company lookup and keeps assignment empty (0.632125ms)
✔ independent tasks cannot borrow company-linked context (0.401958ms)
✔ business day is independent of device timezone at Istanbul midnight (1.035125ms)
✔ actual day hook observes timer, wake and visibility changes, then removes listeners (23.428625ms)
✔ legacy migration is deterministic and covers seven entries and four tables (0.766833ms)
✔ historical workspace and shift patches change eight scoped and four legacy bodies (0.156292ms)
✔ reconstructed declarations contain exact bodies including SQL regex dollar literals (0.172334ms)
✔ valid search and known filter values survive serialization (1.747708ms)
✔ malformed, oversized and wrongly typed preferences recover to defaults (0.497209ms)
✔ unknown keys and overlong fields cannot enter the filter state (0.130958ms)
✔ keys separate list, account, tenant and role without separator ambiguity (0.142166ms)
✔ distinguishes new, unchanged, changed and inactive without rewriting input (1.619375ms)
✔ reads beyond first page and includes inactive rows (0.338708ms)
✔ null codes do not match by name; leading zeros and case remain distinct (0.136916ms)
✔ read failures and malformed pages never become new records (0.266042ms)
✔ changing totals and duplicated records across pages fail closed (0.456917ms)
✔ oversized directory stops after first page; no partial preview (0.498833ms)
✔ empty measured directory is allowed; duplicate input is rejected before reads (0.132792ms)
✔ UTF8 BOM CRLF and leading zeros retained (2.401083ms)
✔ quoted delimiter and escaped quotes (0.249625ms)
✔ bad quoting columns and headers rejected (0.205083ms)
✔ duplicate codes rejected, different leading zeros retained (0.133708ms)
✔ empty oversize and more than 500 rows rejected (0.45875ms)
✔ invalid cell types controls and empty text rejected (0.347667ms)
✔ only editable fields survive; leading/trailing whitespace is trimmed (2.153042ms)
✔ invalid identity, stale-token shapes and invalid text cannot become update commands (0.839917ms)
✔ response requires identity, exact new values and one revision advance (0.386084ms)
✔ max accepted revision advances safely and missing old values are unverifiable (0.157791ms)
✔ real service forwards scope and normalized payload; RPC error or malformed success is never accepted (0.773875ms)
✔ login preserves internal destination, query and hash after normalization (26.667708ms)
✔ login rejects external, backslash, controls and normalized host prefixes (0.370041ms)
✔ anonymous access request reaches handler while adjacent and protected paths redirect (5.444167ms)
✔ redirect retains refreshed session cookie options (0.986209ms)
✔ management date follows Istanbul midnight and owner/date filters stay server-side (24.299459ms)
✔ saved search stores normalized filter not a page and rejects corrupt/duplicate data (0.626ms)
✔ availability rejects impossible dates, inverted and excessive intervals (0.336417ms)
✔ past and superseded availability never becomes current via fallback (0.1105ms)
✔ active work rejection has a useful admin message without raw database text (0.734375ms)
✔ task guard membership and role failures remain distinct in create and update (0.802333ms)
✔ transport failures are not translated into lost membership or role (0.389667ms)
✔ operation day rolls over at Istanbul midnight regardless of device timezone (22.07625ms)
✔ quick views distinguish current owner, truly unassigned, and closed work (0.202042ms)
✔ active tasks sort by due day with stable ties without mutating input (1.661125ms)
✔ completion sends scope and revision to the gateway; server resolves actual privileges (0.222458ms)
✔ lost race, inaccessible task, transport error and invalid revision never succeed (2.041625ms)
✔ overdue view derives lateness from date and excludes completed, future and undated tasks (0.146083ms)
✔ desktop and mobile action availability preserves ownership and legacy assignee boundaries (0.126708ms)
✔ complete advisory response preserves all checks but never permits mutation (1.02825ms)
✔ a dependency-invalid draft is accepted so the UI can explain it; incomplete or coerced states are not (0.350125ms)
✔ scope revision membership role and advisory flags fail closed (0.538709ms)
✔ missing duplicate foreign and non-boolean checks never become an empty successful report (0.362875ms)
✔ dependency evidence must match the requested graph (0.194458ms)
✔ every resolution link targets an existing page (0.2765ms)
✔ one bounded RPC; transport errors and malformed responses never fall back (0.45975ms)
✔ route remount uses current workspace; stale cleanup cannot remove its protection (2.785ms)
✔ navigation decision keeps the original event and synchronous cancellation (0.250625ms)
✔ company IDs are chunked and each assignment batch is paged to the measured total (4.200125ms)
✔ late assignment failure or unrelated company discards all previously read assignments (0.455916ms)
✔ failed manager read yields no company recipients and never starts partner lookup (0.243ms)
✔ tasks candidate pages keep filters and never expose a partial source list (4.7155ms)
✔ documents candidate pages keep filters and never expose a partial source list (1.180167ms)
✔ appointments candidate pages keep filters and never expose a partial source list (1.187166ms)
✔ task module snapshots require a complete distinct boolean response and propagate transport failure (0.83725ms)
✔ task module snapshot chunks 501 distinct tenants without truncation (0.327666ms)
✔ document batch reaches last source/membership rows and keeps tenant contents out of the other email (16.552416ms)
✔ late documents error produces no sends or reservation writes (1.103958ms)
✔ late tenant_memberships error produces no sends or reservation writes (1.483209ms)
✔ unacknowledged notification stamps are errors, never sent or counted as already sent (13.712542ms)
✔ unverifiable task owner is not treated as unassigned or sent to the manager fallback (0.933125ms)
✔ verified task owner receives the task while a truly unassigned task goes to its tenant manager (1.481042ms)
✔ overdue tasks change day at Istanbul midnight, not three hours later at UTC midnight (1.733167ms)
✔ appointment reminders use tomorrow in Istanbul when UTC is still on the previous day (3.686833ms)
✔ tenant roles override global roles for document recipients (15.288541ms)
✔ missing membership role fails closed before any transport or stamp (1.321041ms)
✔ disabled task tenant never produces an email or a reservation (0.503708ms)
✔ unverifiable task module before stamping stops the email without consuming a reservation (1.199917ms)
✔ task module disabled after reservation is rechecked and reservation is rolled back before send (2.487ms)
✔ unverifiable post-stamp module state releases the reservation and sends nothing (1.372708ms)
✔ calendar off before collection prevents sends (0.598208ms)
✔ calendar off after stamp prevents sends (1.020458ms)
✔ document pre-send gate removes contract-linked documents while retaining company documents (13.313167ms)
✔ document module closure after reservation prevents send and releases every reservation (13.770667ms)
✔ unverifiable document state before stamping sends nothing (1.911792ms)
✔ notification names resolve all referenced companies in bounded deduplicated chunks (1.135916ms)
✔ missing, truncated, duplicated or malformed company names fail instead of generating fallback mail (0.311542ms)
✔ a company cannot be associated with two tenants or acknowledge a different tenant (0.229916ms)
✔ contract batch reads past limits and sends each contract only to its tenant and assigned partner (26.706166ms)
✔ contract batch stops before stamps on a late read failure or missing company name (14.065042ms)
✔ contract 30-day window opens at Istanbul midnight (1.905292ms)
✔ a shared email in another tenant does not hide an eligible profile; same-tenant duplicates still get one copy (29.066417ms)
✔ multi-workspace contracts use tenant roles for managers and assigned partners (18.180417ms)
✔ contract module off filters candidates before names and reservations (0.618625ms)
✔ missing contract config sends nothing and never consumes a stamp (0.52325ms)
✔ contract closure after stamp releases reservation; rollback failure=false (1.579083ms)
✔ contract closure after stamp releases reservation; rollback failure=true (1.941125ms)
✔ contract recipients page managers, preserve email-only eligibility and restrict partner assignments/roles (2.749417ms)
✔ contract recipient later page failure rejects instead of returning earlier managers (0.629792ms)
✔ expiry contract reader reaches the last candidate past the server cap without selecting unused columns (1.223541ms)
✔ contract read failure or incomplete later page rejects the entire candidate set (0.328583ms)
✔ membership paging reaches the last row even when server cap is lower than requested (2.85325ms)
✔ later page error, changing count, empty gap and duplicate rows discard the entire map (1.023542ms)
✔ empty membership table is valid only with measured zero; thrown reads remain unavailable (0.167208ms)
✔ profile IDs are deduplicated and chunked without losing the last owner (1.487583ms)
✔ late error, count mismatch and unexpected or repeated profiles discard previous chunks (1.418583ms)
✔ missing profiles and contactless profiles are measured omissions, empty input does not query (0.368458ms)
✔ company recipients still exclude a former partner after shared profile lookup (4.121583ms)
✔ role profile pagination includes the last eligible recipient and excludes missing contact (1.9375ms)
✔ role profile errors and unexpected roles never expose a partial recipient list (0.926083ms)
✔ notification reservation requires the expected acknowledgement; empty data is not already sent (0.89925ms)
✔ unique conflict remains an idempotent skip and DB failures expose only their code (0.128041ms)
✔ bounded matcher catches identity-like and Turkish mobile forms (1.341333ms)
✔ ordinary dates, times, amounts and long identifiers remain usable; limits explicit (0.188625ms)
✔ all four submission validators reject before calling a service (0.750833ms)
✔ historical conversation and pending command resolution remain readable (0.894041ms)
✔ validation errors are actionable without echoing private text (0.534167ms)
✔ one request may have three signs but request count is unique (20.59975ms)
✔ removed absence and cancelled demands do not create actions (0.375708ms)
✔ future unknown does not count as outstanding but unfilled demand does (0.231833ms)
✔ due date uses snapshot Istanbul day across UTC midnight boundary (0.394459ms)
✔ wrong week or malformed snapshot never becomes clean checklist (0.259042ms)
✔ empty verified week and fully present request have no signs (0.27325ms)
✔ priority and search preserve overlap without summing people (0.344833ms)
✔ selected day only, including year boundary week (0.172ms)
✔ query separates company locations and tenant workers (0.895916ms)
✔ page preserves leading zero code and manual null code (0.521ms)
✔ partial page, duplicate identity or wrong filter fails instead of showing clean data (0.251291ms)
✔ page beyond shrinking total is valid empty with true total (0.078166ms)
✔ worker shape cannot be mistaken for a company location (0.150292ms)
✔ activation keeps strict boolean and bounded expected revision (0.493125ms)
✔ activation response must identify exact change and revision (0.135917ms)
✔ 40 unique operation signatures generate the committed migration exactly (1.476916ms)
✔ schedule readers taking profile locks use write barrier; operations never require talent (0.182042ms)
✔ pilotError distinguishes module rejection from transport uncertainty (290.420458ms)
✔ fixedRosterError distinguishes module rejection from transport uncertainty (0.6095ms)
✔ workError distinguishes module rejection from transport uncertainty (17.459083ms)
✔ scheduleError distinguishes module rejection from transport uncertainty (24.796667ms)
✔ startError distinguishes module rejection from transport uncertainty (9.082042ms)
✔ command boundaries reject missing or invalid CAS, hash, bytes and filename (1.695333ms)
✔ receipt identity and terminal states cannot be borrowed or interpreted loosely (0.326667ms)
✔ invalid file is rejected before any RPC, including same-size different content (2.114792ms)
✔ lost upload response reconciles bytes before finish; same command retry returns receipt without Storage (1.352042ms)
✔ missing or mismatched Storage bytes cannot finish (1.691125ms)
✔ cancelled command never uploads; cancel-before-prepare uses full immutable command (1.437ms)
✔ status distinguishes unknown transport, confirmed missing, malformed and published (0.695542ms)
✔ bounded multipart accepts a file above Server Action default and exactly 10 MiB (42.499375ms)
✔ body limit enforced on actual chunks despite missing or lying Content-Length (4.246917ms)
✔ malformed successful RPC data remains an unverifiable result, not invalid caller input (0.246125ms)
✔ fresh adapter after reload reuses persisted identity without storing form text (9.145959ms)
✔ canonical object key order is stable; changed payload and kind are distinct (1.893333ms)
✔ different account and tenant never borrow identity (1.629042ms)
✔ concurrent tabs reserve a single identity through shared lock (2.893791ms)
✔ acknowledgment removes only confirmed command; next identical intent has new identity (1.776667ms)
✔ blocked read/write and missing locks reject without volatile fallback (1.4635ms)
✔ malformed stored records fail closed (2.004ms)
✔ 50 pending limit preserves old identities and blocks new writes (17.998417ms)
✔ failed acknowledgment retains original identity for safe retry (2.211542ms)
✔ reconciliation clears only terminal requested IDs; unknown and concurrent additions survive (3.146542ms)
✔ malformed, omitted, duplicate, foreign, and non-terminal-looking statuses preserve all pending identities (1.551333ms)
✔ reconciliation storage failure keeps recoverable identity (1.011209ms)
✔ read-only digest snapshot matches normalized intent without reserving or exposing payload (2.992125ms)
✔ reload and concurrent tabs reuse identity without retaining financial text (5.087667ms)
✔ changed file or mapping cannot silently allocate a second command (1.966125ms)
✔ scope isolation; settlement clears only the proven command (1.051666ms)
✔ storage failure and corrupt records fail closed (1.473375ms)
✔ failed settlement retains original identity (0.906875ms)
✔ only explicit input rejection permits clearing recovery; network/replay uncertainty preserves it (0.217583ms)
✔ command payload allowlists fields and trims text (2.839209ms)
✔ unknown commands including prototype properties are rejected (0.213083ms)
✔ request boundary, date and identity validation (0.194625ms)
✔ directory and assignment commands require their own fields (0.469583ms)
✔ null and nonboolean board data cannot become an empty or available board (0.232958ms)
✔ capacity and cancellation contradictions fail board validation (0.154667ms)
✔ capacity edit requires valid old and new counts and strips unrelated fields (0.141834ms)
✔ attendance requires exact status and nonnegative bounded revision (0.770166ms)
✔ board cannot drop attendance or turn unknown into absence (0.97075ms)
✔ request context round trips without dropping day, scope, or encoded job (7.946916ms)
✔ malformed or duplicate context cannot initialize a placement journey (0.306917ms)
✔ new, repeated and corrected files remain distinct (2.49425ms)
✔ rejects other tenant/project/source/month and partial snapshots (0.368167ms)
✔ both copies are blocked; changed source identity cannot duplicate work (1.045125ms)
✔ missing is not zero; malformed dates and durations are blocked (0.29025ms)
✔ omitted rows remain visible without deletion; corrupt snapshots fail (0.147791ms)
✔ multiple slots are separate; leading zero codes are preserved (0.1325ms)
✔ preview rejects incomplete, duplicate, invalid duration or status rows (1.063083ms)
✔ people response rejects duplicate codes and malformed candidates (0.186208ms)
✔ monthly report rejects incomplete, inconsistent or wrong-scope totals (0.748041ms)
✔ empty report is explicit and duration retains minutes (15.613584ms)
✔ UTF-8 CSV preserves codes and explicitly converts hours (1.15ms)
✔ invalid encoding, duplicate columns, partial row fail (0.21975ms)
✔ blank/formula/day-text/fractional-minute/out-of-range never become zero (0.50775ms)
✔ wrong month, formula metadata and duplicate mapping block (0.194917ms)
✔ incomplete lists, duplicates and wrong tenant fail (0.74375ms)
✔ details reject impossible dates and incomplete child pages (1.794084ms)
✔ page offsets are bounded and aligned (0.527667ms)
✔ work details fail on missing pages, duplicates, wrong scope and invalid durations (0.80225ms)
✔ Excel dates and zero-padded codes survive extraction (3.0805ms)
✔ formulas remain flagged; merged, hidden-only and oversized sheets reject (0.955375ms)
✔ task rejects wrong company, tenant, invisible relation and read failure before insert (0.936375ms)
✔ task accepts same company/tenant relation and queries explicit scope (0.5785ms)
✔ task rejects company belonging to another tenant (0.457667ms)
✔ appointment rejects wrong company, tenant, invisible relation and read failure before insert (0.701417ms)
✔ appointment accepts same company/tenant relation and queries explicit scope (0.203042ms)
✔ appointment rejects company belonging to another tenant (0.176292ms)
✔ task appointment relation is independently validated before insert (0.531542ms)
✔ no relation requires no extra relation reads and preserves nullable IDs (0.525625ms)
✔ replacement search is Turkish-normalized and excludes booked, inactive and current worker (1.124583ms)
✔ selected available worker survives no matching search without inflating match count (0.12575ms)
✔ selection cannot bypass availability and does not duplicate a matched worker (0.109792ms)
✔ only an explicit scoped null latest is interpreted as no conversation (0.836958ms)
✔ transport error cannot become a zero revision snapshot (0.187291ms)
✔ latest revision and actor are validated before exposing the record (0.381958ms)
✔ write retains scope, command ID and revision; validates response against submitted command (0.361042ms)
✔ invalid input stops before RPC and write errors are preserved for reconciliation (0.167125ms)
✔ eleven-digit numeric codes are blocked without collecting or validating identity (0.717834ms)
✔ ordinary business codes, dates and UUIDs are not reclassified as identities (0.081792ms)
✔ spreadsheet row is held with field message and no accepted value (0.517084ms)
✔ database rejection is translated without echoing the input (0.148958ms)
✔ weekdays selected across year boundary and leap day (2.090291ms)
✔ range limit is inclusive 31 days; reverse, empty weekday and invalid calendar rejected (0.293917ms)
✔ payload normalization gives same dates and trimmed content for retry identity (0.409875ms)
✔ malformed or excessive payload never reaches writes (0.182625ms)
✔ removed preview days remain excluded from canonical payload (0.101ms)
✔ batch result must contain exact count and distinct identities for the same command (0.131917ms)
✔ IDP period keeps original leave interval while excluding non-working preview days (0.297584ms)
✔ all routes prohibit framing and set browser safety headers without breaking scripts (43.733083ms)
✔ all valid module combinations intersect dashboard roles, without enabling dependent sections (24.858292ms)
✔ shared loader rejects malformed/foreign snapshots and transport errors (16.501625ms)
✔ page boundary never mounts business readers before validation; off, error and role denial remain distinct (70.996416ms)
✔ page boundary retries failed settings and ignores a response after unmount (7.067125ms)
✔ actual completion form explicitly sends task true, unchecked false, and unavailable false (40.86075ms)
✔ failed completion preserves both result fields and shows a retryable error (10.117084ms)
✔ actual dashboard skips disabled queries/cards; independent tasks work without company lookup (108.888375ms)
✔ actual dashboard fetches enabled sections but never offers partner task access (85.26975ms)
✔ late assignment skips prior checks and requires immediate call (1.049291ms)
✔ last recorded event wins, not scheduled offset (0.310833ms)
✔ past plan events cannot colour new plan (0.083417ms)
✔ claimed arrival remains unverified at start even if all calls recorded (0.192167ms)
✔ confirmation closes remaining calls without fabricating events; removal closes writes (0.09125ms)
✔ unknown or malformed call outcome fails closed instead of hiding required action (0.792541ms)
✔ all supported call results and extra call offset remain accepted (0.173167ms)
✔ daily attendance conflict directs the operator to reopen independent confirmation (0.263709ms)
✔ mobile next call suggests earliest due unrecorded step regardless of offset order (0.226875ms)
✔ mobile next call never reopens closed/confirmed work or fabricates scheduled checks (0.485208ms)
✔ known rejected command is removed only after terminal server closure (5.185375ms)
✔ previous commit wins over a later rejection; never claims not saved (3.244875ms)
✔ scope denial, unknown or malformed reconciliation preserve pending identity (3.93825ms)
✔ network, lock and unknown errors never automatically close a command (5.147334ms)
✔ storage failure after response keeps uncertainty rather than fake cleanup (0.777583ms)
✔ input, witness, replay and plan errors have useful distinct explanations (0.152083ms)
✔ zero assignments differs from zero outstanding tracking (2.02775ms)
✔ full count survives first-page/top-three rendering (0.905959ms)
✔ partial or wrong-scope response is not a healthy summary (0.204833ms)
✔ confirmed or closed record cannot become an outstanding item (0.125083ms)
✔ employee claim remains pending and lost responsibility is explicit (0.205791ms)
✔ tracking link preserves exact day and enables only explicit action filter (0.087167ms)
✔ tracking link preserves day and safely encodes worker search without enabling urgent filter (4.041875ms)
✔ missing name and invalid day cannot produce an unrelated tracking destination (0.431084ms)
✔ tracking preserves return company separately from the all-company query and chosen return day (0.590542ms)
✔ return navigation rejects malformed company and impossible dates without accepting arbitrary URLs (0.464ms)
✔ future, due and overdue controls have distinct boundaries (0.578292ms)
✔ claimed arrival never confirms; start deadline escalates even after all calls (0.102208ms)
✔ cannot attend needs replacement; unreachable differs from absence (0.076ms)
✔ verified arrival skips remaining controls, retains recorded outcomes (0.084333ms)
✔ removed assignment closes pending controls; invalid confirmation cannot green a row (0.170375ms)
✔ midnight arithmetic and malformed schedules (1.475916ms)
✔ onboarding access excludes operations while ordinary attachments remain available (0.526458ms)
✔ metadata rejects path names, oversized files, PDF photos and forged properties (3.81525ms)
✔ file signature is checked rather than trusting filename or browser MIME (0.195417ms)
✔ lost upload response survives reload and reuses its command without storing file contents (0.830375ms)
✔ upload references are isolated by actor, tenant, person, category and file fingerprint (0.154333ms)
✔ blocked, silently discarded or corrupted browser storage prevents starting a new command (0.155666ms)
✔ confirmation cannot clear a different command written by another tab (0.077417ms)
✔ upload recovery accepts duplicate status 400 or 409 and lost responses only after database confirmation (0.216584ms)
✔ a successful Storage response never substitutes for failed or non-boolean database confirmation (0.883ms)
✔ confirmed reserve replay avoids uploading twice; malformed reserve never uploads (0.250083ms)
✔ two tabs reserve one upload command through the same exclusive lock (0.195958ms)
✔ missing or rejected cross-tab lock never allocates an upload reference (0.137459ms)
✔ attachment list distinguishes measured empty from missing or corrupt response (0.237083ms)
✔ attachment list rejects wrong person, duplicate IDs and malformed file metadata (0.175833ms)
✔ attachment list keeps the 51st pagination sentinel but rejects an unexpected oversized response (0.154542ms)
✔ confirmation and reservation use the same lock; a queued new command survives cleanup (0.154708ms)
✔ confirmation preserves recovery reference if cross-tab lock cannot be acquired (0.071125ms)
✔ cancel cleanup only clears matching command inside the same actor tenant and person (0.15775ms)
✔ explicit empty differs from missing, and every requested identity is accounted for (1.521375ms)
✔ reject wrong tenant, actor, timestamps and job-specific decline in general summary (0.236959ms)
✔ bound requests to one server page and accept empty page (0.455083ms)
✔ conversation captures an outcome without manufacturing availability or a placement (0.840417ms)
✔ declining a job requires that specific request; malformed values fail (0.207ms)
✔ response belongs to requested tenant/person and contains a real server actor/time (0.22625ms)
✔ history rejects mixed people, duplicate ids and oversized responses (0.46675ms)
✔ combined filters normalize without dropping constraints (0.690625ms)
✔ invalid ranges, malformed filters and null values fail validation (0.248875ms)
✔ demographics remain optional and omission is distinct from explicit clear (18.587375ms)
✔ server response must echo every applied filter (0.243833ms)
✔ availability requires date and state together; saved legacy filters remain valid (0.196667ms)
✔ person responses retain demographics through list, detail and edit validation (0.81475ms)
✔ callback view survives validation and saved searches; response cannot silently use all (9.522959ms)
✔ detail distinguishes unavailable staffing from no assignments and rejects contradictory data (0.204958ms)
✔ batch request preserves sparse physical row numbers and rejects malformed or duplicate decisions (241.439958ms)
✔ status must be complete and belong to the expected actor, company, batch and source (0.334084ms)
✔ terminal receipt and blocked codes cannot be coerced or accepted for another row (1.512375ms)
✔ services use scoped RPCs, validate inputs before calls, and never translate transport failures into success (19.397167ms)
✔ unknown recovery stays distinct from closed and rejects another scope or reference (0.518125ms)
✔ selected plan maps only approved fields and strips all held source information (14.9745ms)
✔ history requires a complete scoped page and valid pending counts (0.342ms)
✔ result report includes each physical source row and distinguishes unsettled from saved (0.337417ms)
✔ comparison snapshot distinguishes measured empty from incomplete, malformed and foreign results (1.477958ms)
✔ read service sends only verified scope, not spreadsheet content, and validates response (0.759958ms)
✔ Turkish phone formats match but do not imply identity (0.850416ms)
✔ blank fields preserve existing data; new contacts are additive and old city conflicts visible (0.235083ms)
✔ name and contact matching different people requires review; never prefer one silently (0.150875ms)
✔ source issues remain blocking review even when no current match exists (0.119709ms)
✔ many ambiguous matches are bounded and explicitly labelled; file rows are never merged (0.441125ms)
✔ every source row is accounted for; no decision is guessed (2.33475ms)
✔ existing identity selection never accepts field changes by default (0.956583ms)
✔ source issues, unknown targets, illegal changes and matches cannot become new writes (0.930375ms)
✔ two source rows targeting one person require resolution even for unchanged rows (0.266917ms)
✔ new rows with normalized shared identity do not silently create duplicates (0.346083ms)
✔ new row conflicting with another row resulting contact is also blocked (0.184ms)
✔ contact capacity and revision overflow cannot be hidden by review (0.233375ms)
✔ existing city-only import excludes rejected source name and contact values from the actual request (5.387334ms)
✔ selected email is retained, unchanged rows send only stored name, hold rows send no personal data (2.248834ms)
✔ suggestions are conservative, duplicates and branch city are not guessed (12.076167ms)
✔ calendar dates reject impossible days and ambiguous serials (0.295084ms)
✔ repeated names and shared phones retain all physical source rows without merging (2.798125ms)
✔ coverage statuses remain source history; invalid ranges and unmapped fields remain visible (1.245291ms)
✔ missing, overlapping and wrong-scope mappings are rejected (0.692875ms)
✔ real XLSX reader preserves hidden sheet, physical row numbers, dates and formula diagnostics (122.392ms)
✔ CSV supports BOM CRLF quoted delimiters; bad encoding and renamed text fail (2.551ms)
✔ worksheet extents cannot silently truncate oversized sources (3.2525ms)
✔ name-only source and unmapped formula can be explicitly prepared as new without merging (108.315083ms)
✔ mapped formula, error, invalid contact and missing name still block a new-person decision (1.915167ms)
✔ ten long emails fit the workbook cell budget without truncation; over-limit cells fail (2.276875ms)
✔ a large source is partitioned without losing or renumbering any source row (7.2055ms)
✔ duplicate targets across partition boundary are rejected before any part can be sent (0.452958ms)
✔ queue references reject corruption and duplicates instead of skipping parts (0.184208ms)
✔ local import receipt distinguishes absent, valid, malformed JSON and old shape (2.554125ms)
✔ blocked storage stays unavailable, is never treated as an empty receipt, and leaks no raw contents (0.333334ms)
✔ person receipt retry preserves command identity and distinguishes malformed and blocked storage (0.292417ms)
✔ resolved receipt removal failure preserves receipt and allows retry without leaking storage error (0.219083ms)
✔ reference preserves exact command and stores no person fields (1.340375ms)
✔ reference cannot recover into a different actor or tenant (0.607708ms)
✔ corrupt, old or unconfirmed references fail closed (0.28075ms)
✔ migration is exactly generated from 39 unique reviewed signatures and source bodies (0.716625ms)
✔ write guards come before original business statements; only worker preparation needs staffing (0.119958ms)
✔ known module denials are clear, while transport uncertainty remains distinct (0.271917ms)
✔ assignment projection migration is generated against the already gated body (1.411ms)
✔ name-only records preserve unknown contacts, region and work type (1.89225ms)
✔ invalid contacts, hidden extra fields and unsupported work types are rejected (0.431208ms)
✔ page completeness, duplicate IDs, foreign scope and null RPC results fail closed (0.452083ms)
✔ recovery only confirms the expected person, command and revision (0.142916ms)
✔ UUID assignment displays the directory name even without legacy text (0.465917ms)
✔ current directory name supersedes stale legacy text (0.068167ms)
✔ loading, failure and missing directory entry never claim unassigned (0.058792ms)
✔ blank profile name is still an assignment (0.049417ms)
✔ name-only rows are clearly marked as legacy (0.056667ms)
✔ only a row without UUID or legacy name says unassigned (0.101125ms)
✔ claim sends expected scope and revision to the atomic gateway; display names are not trusted (1.323875ms)
✔ losing claim, inaccessible record and transport failure cannot report success (0.565875ms)
✔ claim and quick completion use one command rather than separate mutable role and tenant snapshots (0.328834ms)
✔ bad scope is rejected before a claim/completion command is sent (0.128083ms)
✔ module disabled, missing configuration and transport failure remain distinct from a lost claim (0.173291ms)
✔ links contain only the task UUID and round trip (1.035667ms)
✔ unrelated task-prefill parameters do not become a task link (0.125333ms)
✔ malformed, empty and duplicate IDs are rejected (0.216125ms)
✔ URL round trip carries only identifiers and date (2.929458ms)
✔ ordinary tasks page has no prefill; partial and duplicate context rejected (0.237667ms)
✔ reject malformed ids, impossible dates and unsupported date bounds (0.133791ms)
✔ prefill derives fresh name and title from server data, no assignee/source FK or deadline inferred (0.175583ms)
✔ missing company/request/location and mismatched day fail without fallback (0.216167ms)
✔ passive company and cancelled request cannot prepare a new followup (0.098875ms)
✔ inactive location may still need a followup on an existing active request (0.073333ms)
✔ invalid or missing revision fails before any raw request (0.774ms)
✔ update filters exact loaded revision and returns new row (0.477167ms)
✔ zero rows is a conflict, transport/database error stays different (0.826583ms)
✔ history has an honest twenty-row limit and extra-row indicator (0.480584ms)
✔ command validates bounded unique integer revisions and canonical identities (10.021209ms)
✔ snapshot normalization removes ordering and presentation from command identity (0.128292ms)
✔ preview rejects silent omissions, duplicate rows, unsafe counts and wrong source (0.239125ms)
✔ directory allows unnamed departed source, never absent arrays or duplicate targets (0.1865ms)
✔ result must match exact command scope and moved count (0.118417ms)
✔ service writes one RPC and has no iterative task fallback (0.151917ms)
✔ invalid command fails before write and malformed successful response is uncertain (0.577709ms)
✔ transport error cannot be mislabeled as nonmember or conflict (0.743458ms)
✔ module rejection is definite but a transport error remains uncertain (0.241958ms)
✔ task screen requires verified actor, tenant, live role and complete module snapshot (1.380375ms)
✔ task company directory keeps narrow fields, ordered complete pagination and rejects wrong tenant (1.393459ms)
✔ context navigation needs an enabled source module; missing state never defaults to all links (0.169041ms)
✔ actual task form hides disabled company controls instead of calling the company list empty (10.156792ms)
✔ reverse formula rejects the historical negative-price case and below-baseline amounts (0.754459ms)
✔ every numeric input rejects negative and non-finite values (0.188625ms)
✔ zero markup is valid and markup is applied to cost, not sales margin (0.088917ms)
✔ form parser distinguishes missing required input from optional zero and rejects partial numeric strings (0.075708ms)
✔ hard dependencies are a DAG; unknown, duplicate and self edges are rejected (0.673542ms)
✔ talent, tasks and announcements stand alone; reporting and staffing do not require each other (0.509625ms)
✔ every one of the 1024 configurations is accepted iff all required dependencies are enabled (9.413959ms)
✔ partial, unknown, inherited and non-boolean module values never imply enabled (0.542292ms)
✔ context keeps bigint revisions exact and discards unrelated response fields (0.784375ms)
✔ actor/company/generation/role/protocol mismatches cannot supply a context (0.897416ms)
✔ all existing member roles retain their role without receiving new privileges (0.247ms)
✔ an older response from another workspace is rejected and no RPC fallback runs (0.404791ms)
✔ one bounded RPC returns the whole snapshot, without a client-selected tenant argument (0.176625ms)
✔ migration catalog is generated from the same manifest, not a second hand-maintained graph (0.237625ms)
✔ cancelled presence remains actual; removed unknown is not outstanding (3.093292ms)
✔ no declarations cannot silently become zero attendance (0.254ms)
✔ duplicate or unmatched declarations fail verification (0.25375ms)
✔ same worker on different days counts separate person days (0.150125ms)
✔ absence total counts declarations, not unique people (0.09525ms)
✔ Monday week boundaries include Sunday, leap day, year and minimum date (6.4345ms)
✔ totals count person-days, exclude cancellations and retain unfilled requests (0.550416ms)
✔ empty verified plan is accepted; null and wrong company/week are not (0.337542ms)
✔ range, duplicate requests, capacity, missing staff and cancelled assignment contradictions fail closed (0.229209ms)
✔ same worker on separate days allowed, double booking or repeated assignment ID rejected (0.225167ms)
✔ CSV records scope/time and quotes delimiters, double quotes and embedded newlines (0.248125ms)
✔ CSV neutralizes formula prefixes including whitespace before formula (0.189917ms)
✔ CSV cancellations are opt-in and contribute zero active open (0.087291ms)
✔ overnight is explicit; break reduces actual work; invalid time never becomes an estimate (1.299667ms)
✔ 24 hour limit and zero-length work are distinct; no automatic overnight guessing (0.120792ms)
✔ correction reason required and only valid scoped record can establish revision zero (0.956334ms)
✔ net totals and contiguous latest audit history must agree with the record (0.18125ms)
✔ receipt is matched to command, assignment, action and next revision (0.146333ms)
✔ invalid write fails before RPC; exact payload and errors are preserved (0.234708ms)
✔ company/day list rejects wrong scope, partial shape, duplicates and malformed totals (1.110041ms)
✔ latest 20 audit entries are accepted only in contiguous descending revision order (0.143625ms)
✔ declared per-entry and aggregate expansion are bounded (0.576417ms)
✔ malformed directories, encryption, volume split and entry-count overflow fail (0.29575ms)
✔ preparation preserves identity and explicit work kind; normalizes code (1.2745ms)
✔ rejects malformed identities, revisions and unsupported work types (0.257042ms)
✔ receipt must match command, person, next revision and real worker id (0.12725ms)
✔ five surplus staff in one location cannot cancel five missing in another (0.800042ms)
✔ zero target, fully staffed and empty sets remain distinct and nonnegative (0.089916ms)
✔ workspace identity follows server data and never a user-editable company name (0.964417ms)
✔ missing, malformed and mismatched company or actor responses fail closed (0.335292ms)
✔ write target requires both the same actor and company (0.122333ms)
✔ RPC errors and null success never invent a company or return a stale identity (0.546375ms)
✔ company context request carries no caller-selected company and has a deadline (0.1915ms)
✔ UI company comes from verified workspace when getUser metadata lacks token-hook claims (0.119958ms)
✔ role and company are accepted together and user metadata cannot supply authority (0.160417ms)
✔ invitation parsing fails closed and excludes server extras (2.53125ms)
✔ token has 256 random bits and transport failure is not labelled invalid invitation (0.830834ms)
✔ setup accepts measured zeros but rejects unavailable/wrong-scope response (1.6415ms)
✔ setup rejects coerced, missing, negative or unsafe counts and invalid calendar dates (0.187792ms)
ℹ tests 626
ℹ suites 0
ℹ pass 626
ℹ fail 0
ℹ cancelled 0
ℹ skipped 0
ℹ todo 0
ℹ duration_ms 16229.227125
