✔ talent_people_page rejects disabled talent before its business body (103.613834ms)
✔ talent_person_detail rejects disabled talent before its business body (1.714458ms)
✔ talent_save_person rejects disabled talent before its business body (2.220916ms)
✔ talent_resolve_person_command rejects disabled talent before its business body (1.620292ms)
✔ talent_compare_snapshot rejects disabled talent before its business body (1.448083ms)
✔ talent_import_status rejects disabled talent before its business body (1.582708ms)
✔ talent_import_prepare rejects disabled talent before its business body (1.337167ms)
✔ talent_import_apply_row rejects disabled talent before its business body (2.139542ms)
✔ talent_import_cancel rejects disabled talent before its business body (1.784ms)
✔ talent_import_recover rejects disabled talent before its business body (1.46125ms)
✔ talent_import_close rejects disabled talent before its business body (1.357208ms)
✔ talent_import_history rejects disabled talent before its business body (1.554833ms)
✔ talent_conversation_save rejects disabled talent before its business body (1.378417ms)
✔ talent_attachment_reserve rejects disabled talent before its business body (1.186875ms)
✔ talent_attachment_finish rejects disabled talent before its business body (1.200125ms)
✔ talent_attachment_list rejects disabled talent before its business body (1.458958ms)
✔ talent_attachment_pending rejects disabled talent before its business body (1.192625ms)
✔ talent_attachment_cancel rejects disabled talent before its business body (1.202417ms)
✔ talent_availability_read rejects disabled talent before its business body (1.199708ms)
✔ talent_availability_save rejects disabled talent before its business body (1.867917ms)
✔ talent_prepare_worker rejects disabled talent before its business body (1.328209ms)
✔ talent_match_source rejects disabled talent before its business body (1.167708ms)
✔ talent_work_copy_page rejects disabled talent before its business body (1.6315ms)
✔ talent_import_change_review rejects disabled talent before its business body (1.405667ms)
✔ talent_import_undo_update rejects disabled talent before its business body (1.317541ms)
✔ talent_merge_review rejects disabled talent before its business body (1.275958ms)
✔ talent_merge_apply rejects disabled talent before its business body (1.765042ms)
✔ talent_merge_resolve rejects disabled talent before its business body (1.300708ms)
✔ talent_merged_availability rejects disabled talent before its business body (1.311917ms)
✔ talent_contact_summaries rejects disabled talent before its business body (1.387583ms)
✔ talent_shared_views_read rejects disabled talent before its business body (1.204542ms)
✔ talent_shared_view_create rejects disabled talent before its business body (2.121875ms)
✔ talent_shared_view_archive rejects disabled talent before its business body (1.614958ms)
✔ talent_call_lists_read rejects disabled talent before its business body (1.274791ms)
✔ talent_call_list_create rejects disabled talent before its business body (1.269834ms)
✔ talent_call_list_archive rejects disabled talent before its business body (1.21525ms)
✔ talent_call_list_edit rejects disabled talent before its business body (1.455959ms)
✔ talent_conversation_list rejects disabled talent before its business body (1.12825ms)
✔ talent_call_list_people rejects disabled talent before its business body (1.027791ms)
✔ all patched bodies preserve their original statements and acquire config before original locks (5.673292ms)
✔ neutral identity scope still serves operations when talent is off (1.123416ms)
✔ enabled read executes the actual saved-view body and returns only the selected tenant (1.779709ms)
✔ actor spoof, foreign tenant and missing membership fail before business reads (1.778667ms)
✔ prepare-worker requires staffing as well as talent (1.496708ms)
✔ anonymous and service cannot execute any patched entry, including internal read helper (10.038417ms)
✔ write after waiting on settings lock observes committed disabled state (19.100958ms)
✔ last-body drift rolls back every earlier patch and helper creation (17.111334ms)
✔ exposed internal aliases stop migration instead of leaving a bypass (6.737417ms)
✔ a newly exposed actor-scoped overload requires review (9.458125ms)
✔ attachment policy helper denies downloads and new uploads when talent is off (3.772292ms)
✔ attachment access retains tenant owner ready and onboarding rules (3.705041ms)
✔ enabled write executes original archive operation without losing authorization (2.2255ms)
✔ actual person detail withholds assignments when staffing is off and restores them when on (11.890291ms)
✔ assignment projection rejects an unexpected source body without changing it (1.480166ms)
ℹ tests 54
ℹ suites 0
ℹ pass 54
ℹ fail 0
ℹ cancelled 0
ℹ skipped 0
ℹ todo 0
ℹ duration_ms 342.102542
