
> bps@0.1.0 qa:release
> npm run qa:test-inventory && npm run qa:unit && npm run qa:operations && npm run qa:static && tsc --noEmit && npm run build


> bps@0.1.0 qa:test-inventory
> node scripts/qa-test-suite.mjs inventory

application: 105 files
database: 7 files
pending: 7 files

> bps@0.1.0 qa:unit
> node scripts/qa-unit.mjs

BPS QA Unit — saf fonksiyon regresyonları

isIsoDate  (kaynak: src/lib/calendar-date.ts)
  PASS "2026-08-27"   → true
  PASS "2024-02-29"   → true
  PASS "2026-02-30"   → false
  PASS "2025-02-29"   → false
  PASS "2026-13-01"   → false
  PASS "2026-00-10"   → false
  PASS "27.08.2026"   → false
  PASS "2026-8-27"    → false
  PASS ""             → false
  PASS null           → false
  PASS undefined      → false
  PASS "bugün"        → false

safeThrown  (kaynak: src/lib/email/safe-error.ts)
  PASS Error          → thrown=Error
  PASS leak@example.c → thrown=Error
  PASS TypeError      → thrown=TypeError
  PASS RangeError     → thrown=RangeError
  PASS "düz metin"    → thrown=unknown
  PASS {"name":"leak@ → thrown=unknown
  PASS null           → thrown=unknown

safe-error.ts serbest metin okumuyor mu
  PASS /err\.name/            okunmuyor
  PASS /constructor\.name/    okunmuyor
  PASS /error\.message/       okunmuyor
  PASS /result\.error\b/      okunmuyor

19 vaka + 4 statik kontrol · 0 FAIL
qa:unit PASS

> bps@0.1.0 qa:operations
> node scripts/qa-test-suite.mjs application

application: 105 files
database: 7 files
pending: 7 files
Pending feature tests are NOT part of the passed application coverage.
✔ calendar follows Istanbul day across UTC midnight and year rollover (17.6025ms)
✔ agenda groups civil dates, sorts unknown time last, retains cancelled entries, never mutates source (1.189791ms)
✔ truncated or uncounted appointment response cannot render a falsely empty calendar (0.686792ms)
✔ bounded completion input is normalized; nonboolean cannot request a task (0.904916ms)
✔ completion result must identify exact appointment and valid task/skip combination (0.320958ms)
✔ service uses one scoped RPC with no sequential table fallback (0.204875ms)
✔ transport failure is unverifiable, not already completed or unauthorized (0.341791ms)
✔ scope and invalid input fail before calling RPC (0.138125ms)
✔ status-only service cannot recreate split completion path (0.124583ms)
✔ links contain only the appointment UUID and round trip (0.646959ms)
✔ unrelated query parameters do not become an appointment link (0.077375ms)
✔ malformed, empty and duplicate IDs are rejected (0.169416ms)
✔ attendance actions retain exact record and revision, undo appears only after a report (1.614041ms)
✔ future dates and read-only/busy state disable every action including undo (0.358334ms)
✔ contract days follow Istanbul midnight and preserve today/expired semantics (0.71925ms)
✔ missing, malformed and impossible contract dates never turn into a plausible remaining-day count (0.115958ms)
✔ actual company service enables candidate and active only, preserves input CRM statuses (1.133209ms)
✔ company directory failures are not presented as empty success (0.386708ms)
✔ 1001 rows require three bounded requests; no clipping or redundant empty request (14.014416ms)
✔ empty and exact page boundary terminate without an extra read (9.804125ms)
✔ second-page failures never return the first page as a complete list (11.19525ms)
✔ invalid identities, malformed totals and over-budget lists fail on first request (5.1545ms)
✔ selectAllCriticalDates retains scope, exact count and unique ordering on all pages (1.05125ms)
✔ selectAllWorkforceSummaries retains scope, exact count and unique ordering on all pages (0.6575ms)
✔ selectWorkforceSummariesByCompanyIds retains scope, exact count and unique ordering on all pages (0.372917ms)
✔ selectAllTasks retains scope, exact count and unique ordering on all pages (0.291667ms)
✔ selectTasksByCompanyId retains scope, exact count and unique ordering on all pages (0.334291ms)
✔ selectTasksByContractId retains scope, exact count and unique ordering on all pages (0.4975ms)
✔ selectTasksByAppointmentId retains scope, exact count and unique ordering on all pages (3.448875ms)
✔ selectAllAppointments retains scope, exact count and unique ordering on all pages (0.278666ms)
✔ selectAppointmentsByCompanyId retains scope, exact count and unique ordering on all pages (0.153125ms)
✔ selectAppointmentsByContractId retains scope, exact count and unique ordering on all pages (0.187084ms)
✔ selectAppointmentsByCompanyIds retains scope, exact count and unique ordering on all pages (0.16525ms)
✔ selectAllContracts retains scope, exact count and unique ordering on all pages (0.169833ms)
✔ selectContractsByCompanyId retains scope, exact count and unique ordering on all pages (0.668166ms)
✔ selectNotesByCompanyId retains scope, exact count and unique ordering on all pages (0.150791ms)
✔ getActiveContractCountsByCompanyIds retains scope, exact count and unique ordering on all pages (0.246959ms)
✔ real Supabase query builder sends bounded offsets, stable order and exact count (99.711958ms)
✔ deadline expiry stops before the next page (1.04175ms)
✔ selectNotesByCompanyId rejects clipped, null-count and failed results (4.556625ms)
✔ selectAllContracts rejects clipped, null-count and failed results (0.367208ms)
✔ selectContractsByCompanyId rejects clipped, null-count and failed results (1.00575ms)
✔ getActiveContractCountsByCompanyIds rejects clipped, null-count and failed results (0.352709ms)
✔ selectAllCriticalDates rejects clipped, null-count and failed results (0.32625ms)
✔ selectAllAppointments rejects clipped, null-count and failed results (0.192875ms)
✔ selectAppointmentsByCompanyId rejects clipped, null-count and failed results (0.162167ms)
✔ selectAppointmentsByContractId rejects clipped, null-count and failed results (0.354042ms)
✔ selectAppointmentsByCompanyIds rejects clipped, null-count and failed results (0.201ms)
✔ selectAllWorkforceSummaries rejects clipped, null-count and failed results (0.218916ms)
✔ selectWorkforceSummariesByCompanyIds rejects clipped, null-count and failed results (0.145041ms)
✔ selectTasksByCompanyId rejects clipped, null-count and failed results (0.164791ms)
✔ selectAllTasks rejects clipped, null-count and failed results (0.107125ms)
✔ selectTasksByContractId rejects clipped, null-count and failed results (3.510125ms)
✔ selectTasksByAppointmentId rejects clipped, null-count and failed results (0.236833ms)
✔ active counts retain repeated company IDs in a complete result (1.077084ms)
✔ empty company selection never fetches a broader workforce or appointment list (0.18275ms)
✔ dashboard exact totals survive clipped lists while card rows remain unavailable (0.352375ms)
✔ unavailable or malformed totals cannot become measured zero (0.196625ms)
✔ report joins reject missing source or a missing company anywhere in the list (0.288333ms)
✔ report joins preserve measured empty lists and legitimate display names without text sentinels (0.071333ms)
✔ appendix list distinguishes empty, malformed and wrong scope (1.205875ms)
✔ keyset pagination has bounded continuation and rejects duplicates or borrowed preceding rows (0.304958ms)
✔ document history rejects another document even within same contract (0.249458ms)
✔ legacy main commands keep their storage key; appendix targets remain isolated (0.106125ms)
✔ appendix title is command identity; main receipt cannot acknowledge appendix command (0.482792ms)
✔ version download checks contract/document before signing any path (0.210708ms)
✔ missing, unavailable and malformed versions never mean empty history (1.155916ms)
✔ bounded history explicitly reports more and rejects unordered or duplicate evidence (0.558208ms)
✔ signed download resolves version through scoped RPC, never arbitrary caller path (0.26275ms)
✔ actual PDF replace service gates revision and uses CAS, zero rows is failure (0.933459ms)
✔ creation validates real calendar dates, bounded revision and required basis (4.0365ms)
✔ unavailable or malformed snapshot never means no task (0.40475ms)
✔ current task owner can be unassigned or unavailable without inventing a person (0.112708ms)
✔ service uses one scoped RPC; malformed success and transport failure do not fall back (0.641708ms)
✔ only exact known failure is definite; unknown responses keep retry command (0.196167ms)
✔ strict command rejects forged identity/display/routing fields and missing fields (0.979541ms)
✔ unicode PostgreSQL character boundary, Turkish text, line endings, NUL and broken UTF-16 (2.267333ms)
✔ mentions are selected identifiers, canonical order, detached from caller array (1.0425ms)
✔ retry comparison is stable but every scope/content change differs (0.296667ms)
✔ null/string/mismatched receipt cannot acknowledge pending command (0.324083ms)
✔ resolution requires matching scope and a recognized terminal result (0.308541ms)
✔ failed RPC shapes are not empty successful reads (0.976416ms)
✔ message shape requires safe identity, timestamp and explicit parent (0.837625ms)
✔ inbox counts and source fields cannot be silently coerced (1.129667ms)
✔ explicit empty optional critical-date fields clear stored content (2.370209ms)
✔ omitted optional critical-date fields remain untouched (0.221875ms)
✔ nonempty optional critical-date fields are trimmed (0.095167ms)
✔ critical-date CAS preserves full database timestamp and rejects a losing edit (1.164833ms)
✔ missing or malformed snapshot cannot update a critical date (0.399417ms)
✔ malformed headers, widths and quotes never produce writable rows (0.773ms)
✔ valid BOM CRLF multiline escaped quotes and semicolon fields survive (0.564ms)
✔ invalid encodings and resource limits fail before preview (5.657334ms)
✔ coverage, presence and missing reports remain distinct; historical removed attendance does not count (0.876084ms)
✔ cancelled requests remain visible in all but never enter active action filters (0.307458ms)
✔ fully assigned does not mean present and absent people remain assigned until replacement (0.293042ms)
✔ search combines Turkish-normalized location, occupation and assigned staff terms (0.719ms)
✔ measured empty day accepted, unavailable or malformed RPC never becomes zero (2.339125ms)
✔ real dates, leap years and strict format (1.837792ms)
✔ required fields, counts and extra untrusted fields (0.227ms)
✔ daily coverage from zero to full (0.547834ms)
✔ paused and cancelled are not active demand (0.157875ms)
✔ corrupt aggregates fail rather than clamp (0.092292ms)
✔ assignment eligibility failures stay distinct (0.204875ms)
✔ missing or nonboolean verification never means available (0.310292ms)
✔ activity empty differs from unavailable or malformed response (1.099875ms)
✔ activity labels distinguish ownership events without claiming task completion (0.175416ms)
✔ general document activity accepts only an internal document destination (0.410542ms)
✔ contracts filter in SQL before five-row cap; no full-record transfer (22.141458ms)
✔ documents include missing files and undated manual states before limiting; derive expiry now (1.850042ms)
✔ critical dates include overdue and exactly thirty days; bounded stable order (0.827ms)
✔ smaller server cap, missing counts, duplicate rows and transport errors do not masquerade as complete cards (2.314834ms)
✔ company names resolve only referenced IDs in batches; no task count tied to directory cap (1.05025ms)
✔ money preserves zero, negative values, and missing versus malformed input (23.149375ms)
✔ Istanbul variants share a display/filter key without changing other city names (0.207291ms)
✔ role rejection touches neither document nor storage (1.586416ms)
✔ read failure leaves both records untouched (0.170041ms)
✔ missing read and zero-row delete explicitly report no confirmed deletion (0.174917ms)
✔ blocked database deletion never removes the file (0.209667ms)
✔ confirmed row deletion uses RETURNING path, after deleting the row (0.205042ms)
✔ record without a file is a confirmed deletion with no storage operation (0.402625ms)
✔ storage failure preserves confirmed deletion and warning, never suggests row retry (0.371333ms)
✔ each existing category belongs to one folder; linked contracts stay together (1.314625ms)
✔ moving changes category only, scoped by company, revision and unlinked contract (0.709416ms)
✔ invalid category, denied/stale result, transport error and wrong identity never succeed (0.467208ms)
✔ listAllDocuments derives expiry without mutating stored status (49.206541ms)
✔ listDocumentsByLegacyCompanyId derives expiry without mutating stored status (22.997083ms)
✔ single document derives expiry and preserves missing record (34.945375ms)
✔ company compliance counts expired stored-complete files as non-compliant (26.360417ms)
✔ Istanbul expiry includes day zero and thirty, expires on following day (0.888709ms)
✔ expiry changes at Istanbul midnight instead of UTC midnight (0.089583ms)
✔ stored complete does not keep an expired document green and mapping does not mutate raw data (0.097917ms)
✔ missing file and explicit missing status take priority; undated manual state stays intact (0.150583ms)
✔ initial snapshot and refresh are silent; only newly observed unread IDs sound (1.136666ms)
✔ scope keys separate companies and users; response mismatch fails closed (0.444542ms)
✔ links contain only a verified internal request target, company and date (2.225959ms)
✔ two tabs observing the same event play once; rapid batches are consumed silently (0.7795ms)
✔ storage or locking failure never falls back to uncoordinated sound (0.292625ms)
✔ shared ledger stores only bounded event IDs and time, never message content (0.347542ms)
✔ duplicate inbox rows are rejected instead of doubling counters or cards (0.214292ms)
✔ impossible calendar day cannot reach the date formatter or deep link (0.089083ms)
✔ independent task inserts null company without company lookup and keeps assignment empty (0.682333ms)
✔ independent tasks cannot borrow company-linked context (0.395292ms)
✔ business day is independent of device timezone at Istanbul midnight (0.634459ms)
✔ actual day hook observes timer, wake and visibility changes, then removes listeners (22.57925ms)
✔ valid search and known filter values survive serialization (2.098166ms)
✔ malformed, oversized and wrongly typed preferences recover to defaults (0.194291ms)
✔ unknown keys and overlong fields cannot enter the filter state (0.094ms)
✔ keys separate list, account, tenant and role without separator ambiguity (0.136291ms)
✔ distinguishes new, unchanged, changed and inactive without rewriting input (2.061917ms)
✔ reads beyond first page and includes inactive rows (0.299875ms)
✔ null codes do not match by name; leading zeros and case remain distinct (0.129416ms)
✔ read failures and malformed pages never become new records (0.267208ms)
✔ changing totals and duplicated records across pages fail closed (0.361ms)
✔ oversized directory stops after first page; no partial preview (0.335167ms)
✔ empty measured directory is allowed; duplicate input is rejected before reads (0.141917ms)
✔ UTF8 BOM CRLF and leading zeros retained (1.752458ms)
✔ quoted delimiter and escaped quotes (0.228291ms)
✔ bad quoting columns and headers rejected (0.356792ms)
✔ duplicate codes rejected, different leading zeros retained (1.249792ms)
✔ empty oversize and more than 500 rows rejected (0.54725ms)
✔ invalid cell types controls and empty text rejected (0.141333ms)
✔ only editable fields survive; leading/trailing whitespace is trimmed (1.928375ms)
✔ invalid identity, stale-token shapes and invalid text cannot become update commands (0.367625ms)
✔ response requires identity, exact new values and one revision advance (0.474333ms)
✔ max accepted revision advances safely and missing old values are unverifiable (0.131959ms)
✔ real service forwards scope and normalized payload; RPC error or malformed success is never accepted (0.507917ms)
✔ login preserves internal destination, query and hash after normalization (19.292083ms)
✔ login rejects external, backslash, controls and normalized host prefixes (0.235625ms)
✔ anonymous access request reaches handler while adjacent and protected paths redirect (5.188625ms)
✔ redirect retains refreshed session cookie options (0.811459ms)
✔ management date follows Istanbul midnight and owner/date filters stay server-side (19.268708ms)
✔ saved search stores normalized filter not a page and rejects corrupt/duplicate data (1.284375ms)
✔ availability rejects impossible dates, inverted and excessive intervals (0.37775ms)
✔ past and superseded availability never becomes current via fallback (0.091458ms)
✔ active work rejection has a useful admin message without raw database text (1.329875ms)
✔ task guard membership and role failures remain distinct in create and update (0.399583ms)
✔ transport failures are not translated into lost membership or role (0.114542ms)
✔ operation day rolls over at Istanbul midnight regardless of device timezone (16.628292ms)
✔ quick views distinguish current owner, truly unassigned, and closed work (0.230542ms)
✔ active tasks sort by due day with stable ties without mutating input (1.12975ms)
✔ completion sends scope and revision to the gateway; server resolves actual privileges (1.675042ms)
✔ lost race, inaccessible task, transport error and invalid revision never succeed (0.489209ms)
✔ overdue view derives lateness from date and excludes completed, future and undated tasks (0.093375ms)
✔ desktop and mobile action availability preserves ownership and legacy assignee boundaries (0.459833ms)
✔ route remount uses current workspace; stale cleanup cannot remove its protection (1.220333ms)
✔ navigation decision keeps the original event and synchronous cancellation (0.14225ms)
✔ company IDs are chunked and each assignment batch is paged to the measured total (1.946917ms)
✔ late assignment failure or unrelated company discards all previously read assignments (0.312833ms)
✔ failed manager read yields no company recipients and never starts partner lookup (2.122334ms)
✔ tasks candidate pages keep filters and never expose a partial source list (4.512333ms)
✔ documents candidate pages keep filters and never expose a partial source list (0.89525ms)
✔ appointments candidate pages keep filters and never expose a partial source list (0.449ms)
✔ task module snapshots require a complete distinct boolean response and propagate transport failure (0.362833ms)
✔ task module snapshot chunks 501 distinct tenants without truncation (0.283541ms)
✔ document batch reaches last source/membership rows and keeps tenant contents out of the other email (16.294125ms)
✔ late documents error produces no sends or reservation writes (1.054625ms)
✔ late tenant_memberships error produces no sends or reservation writes (1.933125ms)
✔ unacknowledged notification stamps are errors, never sent or counted as already sent (5.123042ms)
✔ unverifiable task owner is not treated as unassigned or sent to the manager fallback (1.12825ms)
✔ verified task owner receives the task while a truly unassigned task goes to its tenant manager (1.676917ms)
✔ overdue tasks change day at Istanbul midnight, not three hours later at UTC midnight (5.035916ms)
✔ appointment reminders use tomorrow in Istanbul when UTC is still on the previous day (1.701916ms)
✔ tenant roles override global roles for document recipients (5.2455ms)
✔ missing membership role fails closed before any transport or stamp (1.63875ms)
✔ disabled task tenant never produces an email or a reservation (0.571709ms)
✔ unverifiable task module before stamping stops the email without consuming a reservation (1.564833ms)
✔ task module disabled after reservation is rechecked and reservation is rolled back before send (2.194125ms)
✔ unverifiable post-stamp module state releases the reservation and sends nothing (1.230666ms)
✔ notification names resolve all referenced companies in bounded deduplicated chunks (1.928291ms)
✔ missing, truncated, duplicated or malformed company names fail instead of generating fallback mail (2.006834ms)
✔ contract batch reads past limits and sends each contract only to its tenant and assigned partner (19.503708ms)
✔ contract batch stops before stamps on a late read failure or missing company name (7.416875ms)
✔ contract 30-day window opens at Istanbul midnight (5.112292ms)
✔ a shared email in another tenant does not hide an eligible profile; same-tenant duplicates still get one copy (28.509708ms)
✔ multi-workspace contracts use tenant roles for managers and assigned partners (15.868833ms)
✔ contract recipients page managers, preserve email-only eligibility and restrict partner assignments/roles (2.359042ms)
✔ contract recipient later page failure rejects instead of returning earlier managers (0.719666ms)
✔ expiry contract reader reaches the last candidate past the server cap without selecting unused columns (2.703458ms)
✔ contract read failure or incomplete later page rejects the entire candidate set (0.429708ms)
✔ membership paging reaches the last row even when server cap is lower than requested (3.992083ms)
✔ later page error, changing count, empty gap and duplicate rows discard the entire map (0.929041ms)
✔ empty membership table is valid only with measured zero; thrown reads remain unavailable (0.548584ms)
✔ profile IDs are deduplicated and chunked without losing the last owner (2.048ms)
✔ late error, count mismatch and unexpected or repeated profiles discard previous chunks (0.514667ms)
✔ missing profiles and contactless profiles are measured omissions, empty input does not query (0.131292ms)
✔ company recipients still exclude a former partner after shared profile lookup (0.575167ms)
✔ role profile pagination includes the last eligible recipient and excludes missing contact (3.469625ms)
✔ role profile errors and unexpected roles never expose a partial recipient list (0.371916ms)
✔ notification reservation requires the expected acknowledgement; empty data is not already sent (1.342833ms)
✔ unique conflict remains an idempotent skip and DB failures expose only their code (0.390417ms)
✔ bounded matcher catches identity-like and Turkish mobile forms (1.602792ms)
✔ ordinary dates, times, amounts and long identifiers remain usable; limits explicit (0.196417ms)
✔ all four submission validators reject before calling a service (1.715083ms)
✔ historical conversation and pending command resolution remain readable (0.686833ms)
✔ validation errors are actionable without echoing private text (0.142625ms)
✔ one request may have three signs but request count is unique (22.334667ms)
✔ removed absence and cancelled demands do not create actions (0.495208ms)
✔ future unknown does not count as outstanding but unfilled demand does (0.189333ms)
✔ due date uses snapshot Istanbul day across UTC midnight boundary (0.282542ms)
✔ wrong week or malformed snapshot never becomes clean checklist (0.269125ms)
✔ empty verified week and fully present request have no signs (0.293583ms)
✔ priority and search preserve overlap without summing people (0.358292ms)
✔ selected day only, including year boundary week (0.171584ms)
✔ query separates company locations and tenant workers (0.96325ms)
✔ page preserves leading zero code and manual null code (0.462042ms)
✔ partial page, duplicate identity or wrong filter fails instead of showing clean data (0.229208ms)
✔ page beyond shrinking total is valid empty with true total (0.074ms)
✔ worker shape cannot be mistaken for a company location (0.128833ms)
✔ activation keeps strict boolean and bounded expected revision (0.481208ms)
✔ activation response must identify exact change and revision (0.132083ms)
✔ command boundaries reject missing or invalid CAS, hash, bytes and filename (2.458833ms)
✔ receipt identity and terminal states cannot be borrowed or interpreted loosely (0.359ms)
✔ invalid file is rejected before any RPC, including same-size different content (4.731667ms)
✔ lost upload response reconciles bytes before finish; same command retry returns receipt without Storage (4.888875ms)
✔ missing or mismatched Storage bytes cannot finish (1.21925ms)
✔ cancelled command never uploads; cancel-before-prepare uses full immutable command (1.84175ms)
✔ status distinguishes unknown transport, confirmed missing, malformed and published (0.295125ms)
✔ bounded multipart accepts a file above Server Action default and exactly 10 MiB (52.57775ms)
✔ body limit enforced on actual chunks despite missing or lying Content-Length (6.822125ms)
✔ malformed successful RPC data remains an unverifiable result, not invalid caller input (0.442084ms)
✔ fresh adapter after reload reuses persisted identity without storing form text (4.964542ms)
✔ canonical object key order is stable; changed payload and kind are distinct (1.034125ms)
✔ different account and tenant never borrow identity (1.405417ms)
✔ concurrent tabs reserve a single identity through shared lock (1.526709ms)
✔ acknowledgment removes only confirmed command; next identical intent has new identity (1.367083ms)
✔ blocked read/write and missing locks reject without volatile fallback (2.747375ms)
✔ malformed stored records fail closed (1.293834ms)
✔ 50 pending limit preserves old identities and blocks new writes (9.3565ms)
✔ failed acknowledgment retains original identity for safe retry (0.762958ms)
✔ reconciliation clears only terminal requested IDs; unknown and concurrent additions survive (2.073041ms)
✔ malformed, omitted, duplicate, foreign, and non-terminal-looking statuses preserve all pending identities (0.59725ms)
✔ reconciliation storage failure keeps recoverable identity (0.492459ms)
✔ read-only digest snapshot matches normalized intent without reserving or exposing payload (0.875834ms)
✔ reload and concurrent tabs reuse identity without retaining financial text (5.192083ms)
✔ changed file or mapping cannot silently allocate a second command (0.8525ms)
✔ scope isolation; settlement clears only the proven command (1.000792ms)
✔ storage failure and corrupt records fail closed (0.699958ms)
✔ failed settlement retains original identity (0.378459ms)
✔ only explicit input rejection permits clearing recovery; network/replay uncertainty preserves it (0.208541ms)
✔ command payload allowlists fields and trims text (3.20575ms)
✔ unknown commands including prototype properties are rejected (0.452ms)
✔ request boundary, date and identity validation (0.553208ms)
✔ directory and assignment commands require their own fields (0.99725ms)
✔ null and nonboolean board data cannot become an empty or available board (0.593458ms)
✔ capacity and cancellation contradictions fail board validation (0.292208ms)
✔ capacity edit requires valid old and new counts and strips unrelated fields (0.183916ms)
✔ attendance requires exact status and nonnegative bounded revision (0.141208ms)
✔ board cannot drop attendance or turn unknown into absence (0.23075ms)
✔ request context round trips without dropping day, scope, or encoded job (2.094084ms)
✔ malformed or duplicate context cannot initialize a placement journey (0.18775ms)
✔ new, repeated and corrected files remain distinct (3.606ms)
✔ rejects other tenant/project/source/month and partial snapshots (0.239834ms)
✔ both copies are blocked; changed source identity cannot duplicate work (0.658708ms)
✔ missing is not zero; malformed dates and durations are blocked (0.168542ms)
✔ omitted rows remain visible without deletion; corrupt snapshots fail (0.117791ms)
✔ multiple slots are separate; leading zero codes are preserved (0.095083ms)
✔ preview rejects incomplete, duplicate, invalid duration or status rows (1.049667ms)
✔ people response rejects duplicate codes and malformed candidates (0.270166ms)
✔ monthly report rejects incomplete, inconsistent or wrong-scope totals (0.780042ms)
✔ empty report is explicit and duration retains minutes (15.391834ms)
✔ UTF-8 CSV preserves codes and explicitly converts hours (1.398208ms)
✔ invalid encoding, duplicate columns, partial row fail (0.239417ms)
✔ blank/formula/day-text/fractional-minute/out-of-range never become zero (0.50975ms)
✔ wrong month, formula metadata and duplicate mapping block (0.497375ms)
✔ incomplete lists, duplicates and wrong tenant fail (0.825041ms)
✔ details reject impossible dates and incomplete child pages (1.308458ms)
✔ page offsets are bounded and aligned (0.173916ms)
✔ work details fail on missing pages, duplicates, wrong scope and invalid durations (0.814459ms)
✔ Excel dates and zero-padded codes survive extraction (3.141916ms)
✔ formulas remain flagged; merged, hidden-only and oversized sheets reject (0.909125ms)
✔ task rejects wrong company, tenant, invisible relation and read failure before insert (1.074208ms)
✔ task accepts same company/tenant relation and queries explicit scope (0.995959ms)
✔ task rejects company belonging to another tenant (0.17975ms)
✔ appointment rejects wrong company, tenant, invisible relation and read failure before insert (0.29175ms)
✔ appointment accepts same company/tenant relation and queries explicit scope (0.192833ms)
✔ appointment rejects company belonging to another tenant (0.125ms)
✔ task appointment relation is independently validated before insert (0.118333ms)
✔ no relation requires no extra relation reads and preserves nullable IDs (0.129916ms)
✔ replacement search is Turkish-normalized and excludes booked, inactive and current worker (2.078625ms)
✔ selected available worker survives no matching search without inflating match count (0.12875ms)
✔ selection cannot bypass availability and does not duplicate a matched worker (0.767542ms)
✔ only an explicit scoped null latest is interpreted as no conversation (0.934792ms)
✔ transport error cannot become a zero revision snapshot (0.807458ms)
✔ latest revision and actor are validated before exposing the record (1.1915ms)
✔ write retains scope, command ID and revision; validates response against submitted command (0.823375ms)
✔ invalid input stops before RPC and write errors are preserved for reconciliation (0.866916ms)
✔ eleven-digit numeric codes are blocked without collecting or validating identity (0.782083ms)
✔ ordinary business codes, dates and UUIDs are not reclassified as identities (0.088917ms)
✔ spreadsheet row is held with field message and no accepted value (0.430375ms)
✔ database rejection is translated without echoing the input (0.115666ms)
✔ weekdays selected across year boundary and leap day (2.153416ms)
✔ range limit is inclusive 31 days; reverse, empty weekday and invalid calendar rejected (0.452375ms)
✔ payload normalization gives same dates and trimmed content for retry identity (0.521542ms)
✔ malformed or excessive payload never reaches writes (0.215416ms)
✔ removed preview days remain excluded from canonical payload (0.107875ms)
✔ batch result must contain exact count and distinct identities for the same command (0.156208ms)
✔ IDP period keeps original leave interval while excluding non-working preview days (0.32925ms)
✔ all routes prohibit framing and set browser safety headers without breaking scripts (50.746166ms)
✔ all valid module combinations intersect dashboard roles, without enabling dependent sections (24.142917ms)
✔ shared loader rejects malformed/foreign snapshots and transport errors (12.609834ms)
✔ page boundary never mounts business readers before validation; off, error and role denial remain distinct (42.226167ms)
✔ page boundary retries failed settings and ignores a response after unmount (9.735709ms)
✔ actual completion form explicitly sends task true, unchecked false, and unavailable false (39.271083ms)
✔ failed completion preserves both result fields and shows a retryable error (9.35325ms)
✔ actual dashboard skips disabled queries/cards; independent tasks work without company lookup (136.994833ms)
✔ actual dashboard fetches enabled sections but never offers partner task access (126.246167ms)
✔ late assignment skips prior checks and requires immediate call (1.678542ms)
✔ last recorded event wins, not scheduled offset (0.340125ms)
✔ past plan events cannot colour new plan (0.115125ms)
✔ claimed arrival remains unverified at start even if all calls recorded (0.221ms)
✔ confirmation closes remaining calls without fabricating events; removal closes writes (0.122208ms)
✔ unknown or malformed call outcome fails closed instead of hiding required action (1.038375ms)
✔ all supported call results and extra call offset remain accepted (0.646584ms)
✔ daily attendance conflict directs the operator to reopen independent confirmation (0.44975ms)
✔ mobile next call suggests earliest due unrecorded step regardless of offset order (0.382333ms)
✔ mobile next call never reopens closed/confirmed work or fabricates scheduled checks (0.330875ms)
✔ known rejected command is removed only after terminal server closure (4.1135ms)
✔ previous commit wins over a later rejection; never claims not saved (0.731541ms)
✔ scope denial, unknown or malformed reconciliation preserve pending identity (1.6195ms)
✔ network, lock and unknown errors never automatically close a command (1.371ms)
✔ storage failure after response keeps uncertainty rather than fake cleanup (0.544875ms)
✔ input, witness, replay and plan errors have useful distinct explanations (0.174709ms)
✔ zero assignments differs from zero outstanding tracking (5.570209ms)
✔ full count survives first-page/top-three rendering (6.378208ms)
✔ partial or wrong-scope response is not a healthy summary (0.638542ms)
✔ confirmed or closed record cannot become an outstanding item (0.342292ms)
✔ employee claim remains pending and lost responsibility is explicit (0.648291ms)
✔ tracking link preserves exact day and enables only explicit action filter (0.135667ms)
✔ tracking link preserves day and safely encodes worker search without enabling urgent filter (3.842791ms)
✔ missing name and invalid day cannot produce an unrelated tracking destination (0.312375ms)
✔ tracking preserves return company separately from the all-company query and chosen return day (0.826042ms)
✔ return navigation rejects malformed company and impossible dates without accepting arbitrary URLs (0.279709ms)
✔ future, due and overdue controls have distinct boundaries (1.291167ms)
✔ claimed arrival never confirms; start deadline escalates even after all calls (0.113875ms)
✔ cannot attend needs replacement; unreachable differs from absence (0.081333ms)
✔ verified arrival skips remaining controls, retains recorded outcomes (0.106584ms)
✔ removed assignment closes pending controls; invalid confirmation cannot green a row (0.182334ms)
✔ midnight arithmetic and malformed schedules (1.416292ms)
✔ onboarding access excludes operations while ordinary attachments remain available (0.569125ms)
✔ metadata rejects path names, oversized files, PDF photos and forged properties (4.276625ms)
✔ file signature is checked rather than trusting filename or browser MIME (0.20675ms)
✔ lost upload response survives reload and reuses its command without storing file contents (0.968208ms)
✔ upload references are isolated by actor, tenant, person, category and file fingerprint (0.192625ms)
✔ blocked, silently discarded or corrupted browser storage prevents starting a new command (0.169291ms)
✔ confirmation cannot clear a different command written by another tab (0.155167ms)
✔ upload recovery accepts duplicate status 400 or 409 and lost responses only after database confirmation (0.226625ms)
✔ a successful Storage response never substitutes for failed or non-boolean database confirmation (0.872542ms)
✔ confirmed reserve replay avoids uploading twice; malformed reserve never uploads (0.555125ms)
✔ two tabs reserve one upload command through the same exclusive lock (0.199584ms)
✔ missing or rejected cross-tab lock never allocates an upload reference (0.142625ms)
✔ attachment list distinguishes measured empty from missing or corrupt response (0.368709ms)
✔ attachment list rejects wrong person, duplicate IDs and malformed file metadata (0.32125ms)
✔ attachment list keeps the 51st pagination sentinel but rejects an unexpected oversized response (0.48275ms)
✔ confirmation and reservation use the same lock; a queued new command survives cleanup (0.440833ms)
✔ confirmation preserves recovery reference if cross-tab lock cannot be acquired (0.398292ms)
✔ cancel cleanup only clears matching command inside the same actor tenant and person (0.221333ms)
✔ explicit empty differs from missing, and every requested identity is accounted for (0.9295ms)
✔ reject wrong tenant, actor, timestamps and job-specific decline in general summary (0.608416ms)
✔ bound requests to one server page and accept empty page (0.838542ms)
✔ conversation captures an outcome without manufacturing availability or a placement (0.957375ms)
✔ declining a job requires that specific request; malformed values fail (0.273959ms)
✔ response belongs to requested tenant/person and contains a real server actor/time (0.258708ms)
✔ history rejects mixed people, duplicate ids and oversized responses (0.753542ms)
✔ combined filters normalize without dropping constraints (1.8615ms)
✔ invalid ranges, malformed filters and null values fail validation (0.281667ms)
✔ demographics remain optional and omission is distinct from explicit clear (17.076334ms)
✔ server response must echo every applied filter (0.274708ms)
✔ availability requires date and state together; saved legacy filters remain valid (0.720209ms)
✔ person responses retain demographics through list, detail and edit validation (1.052416ms)
✔ callback view survives validation and saved searches; response cannot silently use all (13.780833ms)
✔ batch request preserves sparse physical row numbers and rejects malformed or duplicate decisions (259.137959ms)
✔ status must be complete and belong to the expected actor, company, batch and source (0.34725ms)
✔ terminal receipt and blocked codes cannot be coerced or accepted for another row (2.403334ms)
✔ services use scoped RPCs, validate inputs before calls, and never translate transport failures into success (16.35775ms)
✔ unknown recovery stays distinct from closed and rejects another scope or reference (0.633375ms)
✔ selected plan maps only approved fields and strips all held source information (21.899875ms)
✔ history requires a complete scoped page and valid pending counts (0.372084ms)
✔ result report includes each physical source row and distinguishes unsettled from saved (0.355375ms)
✔ comparison snapshot distinguishes measured empty from incomplete, malformed and foreign results (2.267042ms)
✔ read service sends only verified scope, not spreadsheet content, and validates response (0.997333ms)
✔ Turkish phone formats match but do not imply identity (0.852875ms)
✔ blank fields preserve existing data; new contacts are additive and old city conflicts visible (0.23525ms)
✔ name and contact matching different people requires review; never prefer one silently (0.163458ms)
✔ source issues remain blocking review even when no current match exists (0.122125ms)
✔ many ambiguous matches are bounded and explicitly labelled; file rows are never merged (1.672042ms)
✔ every source row is accounted for; no decision is guessed (2.344125ms)
✔ existing identity selection never accepts field changes by default (0.526542ms)
✔ source issues, unknown targets, illegal changes and matches cannot become new writes (0.32025ms)
✔ two source rows targeting one person require resolution even for unchanged rows (0.335416ms)
✔ new rows with normalized shared identity do not silently create duplicates (0.607958ms)
✔ new row conflicting with another row resulting contact is also blocked (0.185ms)
✔ contact capacity and revision overflow cannot be hidden by review (0.203834ms)
✔ existing city-only import excludes rejected source name and contact values from the actual request (8.805833ms)
✔ selected email is retained, unchanged rows send only stored name, hold rows send no personal data (2.249167ms)
✔ suggestions are conservative, duplicates and branch city are not guessed (19.35525ms)
✔ calendar dates reject impossible days and ambiguous serials (0.473917ms)
✔ repeated names and shared phones retain all physical source rows without merging (3.5845ms)
✔ coverage statuses remain source history; invalid ranges and unmapped fields remain visible (0.385125ms)
✔ missing, overlapping and wrong-scope mappings are rejected (0.236958ms)
✔ real XLSX reader preserves hidden sheet, physical row numbers, dates and formula diagnostics (141.762167ms)
✔ CSV supports BOM CRLF quoted delimiters; bad encoding and renamed text fail (1.557167ms)
✔ worksheet extents cannot silently truncate oversized sources (3.244334ms)
✔ name-only source and unmapped formula can be explicitly prepared as new without merging (111.571125ms)
✔ mapped formula, error, invalid contact and missing name still block a new-person decision (3.804417ms)
✔ ten long emails fit the workbook cell budget without truncation; over-limit cells fail (1.940417ms)
✔ a large source is partitioned without losing or renumbering any source row (9.984458ms)
✔ duplicate targets across partition boundary are rejected before any part can be sent (0.971333ms)
✔ queue references reject corruption and duplicates instead of skipping parts (0.249958ms)
✔ local import receipt distinguishes absent, valid, malformed JSON and old shape (2.327333ms)
✔ blocked storage stays unavailable, is never treated as an empty receipt, and leaks no raw contents (0.251125ms)
✔ person receipt retry preserves command identity and distinguishes malformed and blocked storage (0.278834ms)
✔ resolved receipt removal failure preserves receipt and allows retry without leaking storage error (0.106042ms)
✔ reference preserves exact command and stores no person fields (1.308083ms)
✔ reference cannot recover into a different actor or tenant (0.512083ms)
✔ corrupt, old or unconfirmed references fail closed (0.128542ms)
✔ name-only records preserve unknown contacts, region and work type (2.0065ms)
✔ invalid contacts, hidden extra fields and unsupported work types are rejected (0.364417ms)
✔ page completeness, duplicate IDs, foreign scope and null RPC results fail closed (0.860875ms)
✔ recovery only confirms the expected person, command and revision (0.412375ms)
✔ UUID assignment displays the directory name even without legacy text (1.257417ms)
✔ current directory name supersedes stale legacy text (0.130084ms)
✔ loading, failure and missing directory entry never claim unassigned (0.068917ms)
✔ blank profile name is still an assignment (0.055375ms)
✔ name-only rows are clearly marked as legacy (0.065083ms)
✔ only a row without UUID or legacy name says unassigned (0.062084ms)
✔ claim sends expected scope and revision to the atomic gateway; display names are not trusted (2.036875ms)
✔ losing claim, inaccessible record and transport failure cannot report success (0.752083ms)
✔ claim and quick completion use one command rather than separate mutable role and tenant snapshots (0.347417ms)
✔ bad scope is rejected before a claim/completion command is sent (0.1255ms)
✔ module disabled, missing configuration and transport failure remain distinct from a lost claim (0.242625ms)
✔ links contain only the task UUID and round trip (0.616167ms)
✔ unrelated task-prefill parameters do not become a task link (0.079375ms)
✔ malformed, empty and duplicate IDs are rejected (0.538958ms)
✔ URL round trip carries only identifiers and date (2.286458ms)
✔ ordinary tasks page has no prefill; partial and duplicate context rejected (0.400083ms)
✔ reject malformed ids, impossible dates and unsupported date bounds (0.166083ms)
✔ prefill derives fresh name and title from server data, no assignee/source FK or deadline inferred (0.24275ms)
✔ missing company/request/location and mismatched day fail without fallback (0.252334ms)
✔ passive company and cancelled request cannot prepare a new followup (0.113625ms)
✔ inactive location may still need a followup on an existing active request (0.091042ms)
✔ invalid or missing revision fails before any raw request (1.267041ms)
✔ update filters exact loaded revision and returns new row (0.969084ms)
✔ zero rows is a conflict, transport/database error stays different (0.4105ms)
✔ history has an honest twenty-row limit and extra-row indicator (0.893292ms)
✔ command validates bounded unique integer revisions and canonical identities (17.94825ms)
✔ snapshot normalization removes ordering and presentation from command identity (0.359709ms)
✔ preview rejects silent omissions, duplicate rows, unsafe counts and wrong source (0.407625ms)
✔ directory allows unnamed departed source, never absent arrays or duplicate targets (0.270125ms)
✔ result must match exact command scope and moved count (0.418333ms)
✔ service writes one RPC and has no iterative task fallback (0.430125ms)
✔ invalid command fails before write and malformed successful response is uncertain (0.690708ms)
✔ transport error cannot be mislabeled as nonmember or conflict (0.689167ms)
✔ module rejection is definite but a transport error remains uncertain (0.655958ms)
✔ task screen requires verified actor, tenant, live role and complete module snapshot (2.355167ms)
✔ task company directory keeps narrow fields, ordered complete pagination and rejects wrong tenant (2.033541ms)
✔ context navigation needs an enabled source module; missing state never defaults to all links (0.197083ms)
✔ actual task form hides disabled company controls instead of calling the company list empty (10.401083ms)
✔ reverse formula rejects the historical negative-price case and below-baseline amounts (0.9255ms)
✔ every numeric input rejects negative and non-finite values (0.428292ms)
✔ zero markup is valid and markup is applied to cost, not sales margin (0.125167ms)
✔ form parser distinguishes missing required input from optional zero and rejects partial numeric strings (0.082958ms)
✔ hard dependencies are a DAG; unknown, duplicate and self edges are rejected (1.4505ms)
✔ talent, tasks and announcements stand alone; reporting and staffing do not require each other (0.57475ms)
✔ every one of the 1024 configurations is accepted iff all required dependencies are enabled (11.114875ms)
✔ partial, unknown, inherited and non-boolean module values never imply enabled (0.230958ms)
✔ context keeps bigint revisions exact and discards unrelated response fields (0.347708ms)
✔ actor/company/generation/role/protocol mismatches cannot supply a context (0.315334ms)
✔ all existing member roles retain their role without receiving new privileges (0.242ms)
✔ an older response from another workspace is rejected and no RPC fallback runs (0.724458ms)
✔ one bounded RPC returns the whole snapshot, without a client-selected tenant argument (0.192584ms)
✔ migration catalog is generated from the same manifest, not a second hand-maintained graph (1.153625ms)
✔ cancelled presence remains actual; removed unknown is not outstanding (4.413167ms)
✔ no declarations cannot silently become zero attendance (0.292625ms)
✔ duplicate or unmatched declarations fail verification (0.2875ms)
✔ same worker on different days counts separate person days (0.160542ms)
✔ absence total counts declarations, not unique people (0.477625ms)
✔ Monday week boundaries include Sunday, leap day, year and minimum date (2.211375ms)
✔ totals count person-days, exclude cancellations and retain unfilled requests (1.237ms)
✔ empty verified plan is accepted; null and wrong company/week are not (0.526625ms)
✔ range, duplicate requests, capacity, missing staff and cancelled assignment contradictions fail closed (0.860125ms)
✔ same worker on separate days allowed, double booking or repeated assignment ID rejected (0.4835ms)
✔ CSV records scope/time and quotes delimiters, double quotes and embedded newlines (0.286875ms)
✔ CSV neutralizes formula prefixes including whitespace before formula (0.19975ms)
✔ CSV cancellations are opt-in and contribute zero active open (0.100417ms)
✔ overnight is explicit; break reduces actual work; invalid time never becomes an estimate (2.559083ms)
✔ 24 hour limit and zero-length work are distinct; no automatic overnight guessing (0.201292ms)
✔ correction reason required and only valid scoped record can establish revision zero (1.723416ms)
✔ net totals and contiguous latest audit history must agree with the record (0.964625ms)
✔ receipt is matched to command, assignment, action and next revision (0.21525ms)
✔ invalid write fails before RPC; exact payload and errors are preserved (0.794667ms)
✔ company/day list rejects wrong scope, partial shape, duplicates and malformed totals (2.583083ms)
✔ latest 20 audit entries are accepted only in contiguous descending revision order (0.463208ms)
✔ declared per-entry and aggregate expansion are bounded (1.693458ms)
✔ malformed directories, encryption, volume split and entry-count overflow fail (0.345334ms)
✔ preparation preserves identity and explicit work kind; normalizes code (1.816375ms)
✔ rejects malformed identities, revisions and unsupported work types (0.260042ms)
✔ receipt must match command, person, next revision and real worker id (0.133584ms)
✔ five surplus staff in one location cannot cancel five missing in another (1.367083ms)
✔ zero target, fully staffed and empty sets remain distinct and nonnegative (0.112875ms)
✔ workspace identity follows server data and never a user-editable company name (1.203292ms)
✔ missing, malformed and mismatched company or actor responses fail closed (0.927334ms)
✔ write target requires both the same actor and company (0.139416ms)
✔ RPC errors and null success never invent a company or return a stale identity (0.3165ms)
✔ company context request carries no caller-selected company and has a deadline (0.158458ms)
✔ UI company comes from verified workspace when getUser metadata lacks token-hook claims (0.119292ms)
✔ role and company are accepted together and user metadata cannot supply authority (0.162834ms)
✔ invitation parsing fails closed and excludes server extras (1.550041ms)
✔ token has 256 random bits and transport failure is not labelled invalid invitation (1.08575ms)
✔ setup accepts measured zeros but rejects unavailable/wrong-scope response (1.875ms)
✔ setup rejects coerced, missing, negative or unsafe counts and invalid calendar dates (0.189292ms)
ℹ tests 550
ℹ suites 0
ℹ pass 550
ℹ fail 0
ℹ cancelled 0
ℹ skipped 0
ℹ todo 0
ℹ duration_ms 15241.255416

> bps@0.1.0 qa:static
> node scripts/qa-static.mjs

BPS QA Mini Harness V1 — qa:static

PASS service_role-confined              (FAIL-rule)  service_role only in cron/healthz/demo-request/access-request
PASS browser-createContact-removed      (FAIL-rule)  no browser-context createContact( in src/app
PASS contact-create-yonetici-only-action (FAIL-rule)  guard: roleData !== "yonetici", no partner in code
PASS contact-create-yonetici-only-ui    (FAIL-rule)  Yetkili Ekle gate: role === "yonetici"
PASS passivate-status-only              (FAIL-rule)  payload = { status: "pasif" }
PASS package-migration-drift            (WARN-rule)  no package/migration changes in working tree
PASS upload-guard-before-storage        (WARN-rule)  guard precedes storage upload
PASS contact-guard-before-insert        (WARN-rule)  guard precedes createContact insert
PASS reactivate-status-only             (WARN-rule)  payload = { status: "aktif" }
PASS stale-partner-comment              (WARN-rule)  no stale partner-scope create comment on create path
PASS import-graph-browser-create        (WARN-rule)  page does not import browser createContact
PASS pre-deploy-gates-recorded          (FAIL-rule)  G1/G2/G3 cleared with accepted values
PASS table-rls-enabled                  (FAIL-rule)  77/77 created tables enable RLS explicitly
WARN unreachable-component              (WARN-rule)  nothing renders: CapacityRiskCard, TimelineList
PASS profiles-read-scoped               (FAIL-rule)  457 files parsed; no unscoped profiles reader; every raw chain keyed; pages read via scoped RPC
PASS scan-integrity                     (FAIL-rule)  every walk() listed completely and every read() succeeded

16 checks · 0 FAIL · 1 WARN
scripts/qa-static.mjs — static only; run tsc + build separately (no lint configured).

> bps@0.1.0 build
> next build

   ▲ Next.js 15.5.26
   - Experiments (use with caution):
     · middlewareClientMaxBodySize: "11mb"

   Creating an optimized production build ...
<w> [webpack.cache.PackFileCacheStrategy] Serializing big strings (215kiB) impacts deserialization performance (consider using Buffer instead and decode when needed)
 ✓ Compiled successfully in 21.4s
   Linting and checking validity of types ...
   Collecting page data ...
   Generating static pages (0/29) ...
   Generating static pages (7/29)
   Generating static pages (14/29)
   Generating static pages (21/29)
 ✓ Generating static pages (29/29)
   Finalizing page optimization ...
   Collecting build traces ...

Route (app)                                 Size  First Load JS
┌ ○ /                                    48.7 kB         151 kB
├ ○ /_not-found                             1 kB         104 kB
├ ƒ /admin                               6.09 kB         109 kB
├ ○ /aktif-isgucu                        6.92 kB         194 kB
├ ƒ /api/access-request                    151 B         103 kB
├ ƒ /api/contracts/pdf-upload              151 B         103 kB
├ ƒ /api/cron/notifications                151 B         103 kB
├ ƒ /api/demo-request                      151 B         103 kB
├ ƒ /api/healthz                           151 B         103 kB
├ ƒ /api/operations/weekly-export          151 B         103 kB
├ ƒ /auth/callback                         151 B         103 kB
├ ○ /ayarlar                             6.75 kB         188 kB
├ ○ /dashboard                           13.4 kB         200 kB
├ ○ /davet                                4.2 kB         182 kB
├ ○ /evraklar                            9.24 kB         210 kB
├ ○ /finansal-ozet                       6.04 kB         184 kB
├ ○ /firmalar                             7.1 kB         191 kB
├ ƒ /firmalar/[id]                        126 kB         329 kB
├ ○ /gorevler                            17.2 kB         218 kB
├ ○ /import                              7.95 kB         186 kB
├ ○ /kayit                               1.75 kB         169 kB
├ ○ /kurulum                             6.84 kB         188 kB
├ ○ /kurumsal-tarihler                   7.47 kB         185 kB
├ ○ /login                               3.75 kB         168 kB
├ ○ /luca-import                          168 kB         346 kB
├ ƒ /personel-havuzu                     33.2 kB         237 kB
├ ƒ /personel-havuzu/aktarim             23.4 kB         199 kB
├ ƒ /personel-havuzu/listeler            5.46 kB         191 kB
├ ƒ /projeler                            2.17 kB         108 kB
├ ƒ /projeler/[id]                       2.92 kB         109 kB
├ ƒ /projeler/[id]/aktarim               8.97 kB         120 kB
├ ƒ /projeler/[id]/rapor                   169 B         106 kB
├ ƒ /projeler/[id]/rapor/kayitlar          169 B         106 kB
├ ○ /randevular                          11.1 kB         212 kB
├ ○ /raporlar                            7.07 kB         196 kB
├ ○ /sirket-sec                          3.84 kB         168 kB
├ ○ /sozlesmeler                         7.22 kB         205 kB
├ ƒ /sozlesmeler/[id]                    17.2 kB         221 kB
├ ○ /talepler                            8.33 kB         207 kB
├ ƒ /talepler/dizin                      7.33 kB         192 kB
├ ƒ /talepler/gunluk                     35.8 kB         230 kB
├ ƒ /talepler/haftalik                   7.71 kB         189 kB
├ ƒ /talepler/ise-baslama                10.7 kB         195 kB
├ ○ /talepler/ise-baslama/onizleme       2.84 kB         171 kB
├ ƒ /talepler/kadro                      8.37 kB         179 kB
├ ƒ /talepler/kontrol                    5.43 kB         187 kB
├ ƒ /talepler/planlar                    8.15 kB         179 kB
└ ƒ /yonetim                             7.14 kB         197 kB
+ First Load JS shared by all             103 kB
  ├ chunks/8337-670d98be687c4cde.js      46.3 kB
  ├ chunks/945200c1-3bdd3afc4617970b.js  54.2 kB
  └ other shared chunks (total)          2.15 kB


ƒ Middleware                             86.8 kB

○  (Static)   prerendered as static content
ƒ  (Dynamic)  server-rendered on demand
