
> bps@0.1.0 qa:operations
> node scripts/qa-test-suite.mjs application

application: 102 files
database: 7 files
pending: 7 files
Pending feature tests are NOT part of the passed application coverage.
✔ calendar follows Istanbul day across UTC midnight and year rollover (36.960208ms)
✔ agenda groups civil dates, sorts unknown time last, retains cancelled entries, never mutates source (1.047833ms)
✔ truncated or uncounted appointment response cannot render a falsely empty calendar (0.89025ms)
✔ bounded completion input is normalized; nonboolean cannot request a task (1.400333ms)
✔ completion result must identify exact appointment and valid task/skip combination (0.309708ms)
✔ service uses one scoped RPC with no sequential table fallback (0.1995ms)
✔ transport failure is unverifiable, not already completed or unauthorized (0.320583ms)
✔ scope and invalid input fail before calling RPC (0.285666ms)
✔ status-only service cannot recreate split completion path (0.16975ms)
✔ links contain only the appointment UUID and round trip (0.605584ms)
✔ unrelated query parameters do not become an appointment link (0.0765ms)
✔ malformed, empty and duplicate IDs are rejected (0.171125ms)
✔ attendance actions retain exact record and revision, undo appears only after a report (1.327291ms)
✔ future dates and read-only/busy state disable every action including undo (0.343667ms)
✔ removed assignment disables every attendance action, including undo (0.181666ms)
✔ contract days follow Istanbul midnight and preserve today/expired semantics (1.217875ms)
✔ missing, malformed and impossible contract dates never turn into a plausible remaining-day count (0.257416ms)
✔ actual company service enables candidate and active only, preserves input CRM statuses (1.150125ms)
✔ company directory failures are not presented as empty success (0.394334ms)
✔ 1001 rows require three bounded requests; no clipping or redundant empty request (7.820416ms)
✔ empty and exact page boundary terminate without an extra read (12.779959ms)
✔ second-page failures never return the first page as a complete list (12.76725ms)
✔ invalid identities, malformed totals and over-budget lists fail on first request (7.040791ms)
✔ selectAllCriticalDates retains scope, exact count and unique ordering on all pages (1.122041ms)
✔ selectAllWorkforceSummaries retains scope, exact count and unique ordering on all pages (0.472917ms)
✔ selectWorkforceSummariesByCompanyIds retains scope, exact count and unique ordering on all pages (0.360042ms)
✔ selectAllTasks retains scope, exact count and unique ordering on all pages (0.298375ms)
✔ selectTasksByCompanyId retains scope, exact count and unique ordering on all pages (0.24425ms)
✔ selectTasksByContractId retains scope, exact count and unique ordering on all pages (0.295584ms)
✔ selectTasksByAppointmentId retains scope, exact count and unique ordering on all pages (0.245875ms)
✔ selectAllAppointments retains scope, exact count and unique ordering on all pages (0.2225ms)
✔ selectAppointmentsByCompanyId retains scope, exact count and unique ordering on all pages (0.208208ms)
✔ selectAppointmentsByContractId retains scope, exact count and unique ordering on all pages (0.197458ms)
✔ selectAppointmentsByCompanyIds retains scope, exact count and unique ordering on all pages (0.203208ms)
✔ selectAllContracts retains scope, exact count and unique ordering on all pages (0.210417ms)
✔ selectContractsByCompanyId retains scope, exact count and unique ordering on all pages (0.22825ms)
✔ selectNotesByCompanyId retains scope, exact count and unique ordering on all pages (2.511375ms)
✔ getActiveContractCountsByCompanyIds retains scope, exact count and unique ordering on all pages (0.37175ms)
✔ real Supabase query builder sends bounded offsets, stable order and exact count (78.823125ms)
✔ deadline expiry stops before the next page (0.608125ms)
✔ selectNotesByCompanyId rejects clipped, null-count and failed results (3.443542ms)
✔ selectAllContracts rejects clipped, null-count and failed results (0.314458ms)
✔ selectContractsByCompanyId rejects clipped, null-count and failed results (0.230416ms)
✔ getActiveContractCountsByCompanyIds rejects clipped, null-count and failed results (0.233875ms)
✔ selectAllCriticalDates rejects clipped, null-count and failed results (0.186666ms)
✔ selectAllAppointments rejects clipped, null-count and failed results (0.193375ms)
✔ selectAppointmentsByCompanyId rejects clipped, null-count and failed results (0.155917ms)
✔ selectAppointmentsByContractId rejects clipped, null-count and failed results (0.397208ms)
✔ selectAppointmentsByCompanyIds rejects clipped, null-count and failed results (0.19075ms)
✔ selectAllWorkforceSummaries rejects clipped, null-count and failed results (0.207208ms)
✔ selectWorkforceSummariesByCompanyIds rejects clipped, null-count and failed results (0.143792ms)
✔ selectTasksByCompanyId rejects clipped, null-count and failed results (0.145166ms)
✔ selectAllTasks rejects clipped, null-count and failed results (0.255667ms)
✔ selectTasksByContractId rejects clipped, null-count and failed results (0.098916ms)
✔ selectTasksByAppointmentId rejects clipped, null-count and failed results (0.092458ms)
✔ active counts retain repeated company IDs in a complete result (0.44375ms)
✔ empty company selection never fetches a broader workforce or appointment list (0.053125ms)
✔ dashboard exact totals survive clipped lists while card rows remain unavailable (0.083458ms)
✔ unavailable or malformed totals cannot become measured zero (0.075666ms)
✔ report joins reject missing source or a missing company anywhere in the list (0.080625ms)
✔ report joins preserve measured empty lists and legitimate display names without text sentinels (0.071375ms)
✔ appendix list distinguishes empty, malformed and wrong scope (2.764542ms)
✔ keyset pagination has bounded continuation and rejects duplicates or borrowed preceding rows (0.618459ms)
✔ document history rejects another document even within same contract (0.276333ms)
✔ legacy main commands keep their storage key; appendix targets remain isolated (0.109458ms)
✔ appendix title is command identity; main receipt cannot acknowledge appendix command (0.38225ms)
✔ version download checks contract/document before signing any path (0.1915ms)
✔ missing, unavailable and malformed versions never mean empty history (1.080708ms)
✔ bounded history explicitly reports more and rejects unordered or duplicate evidence (0.374ms)
✔ signed download resolves version through scoped RPC, never arbitrary caller path (0.252916ms)
✔ actual PDF replace service gates revision and uses CAS, zero rows is failure (0.495417ms)
✔ creation validates real calendar dates, bounded revision and required basis (2.547209ms)
✔ unavailable or malformed snapshot never means no task (0.216541ms)
✔ current task owner can be unassigned or unavailable without inventing a person (0.091166ms)
✔ service uses one scoped RPC; malformed success and transport failure do not fall back (0.792125ms)
✔ only exact known failure is definite; unknown responses keep retry command (0.144792ms)
✔ strict command rejects forged identity/display/routing fields and missing fields (0.751542ms)
✔ unicode PostgreSQL character boundary, Turkish text, line endings, NUL and broken UTF-16 (0.615042ms)
✔ mentions are selected identifiers, canonical order, detached from caller array (0.512792ms)
✔ retry comparison is stable but every scope/content change differs (0.206375ms)
✔ null/string/mismatched receipt cannot acknowledge pending command (0.298583ms)
✔ resolution requires matching scope and a recognized terminal result (0.276625ms)
✔ failed RPC shapes are not empty successful reads (0.610958ms)
✔ message shape requires safe identity, timestamp and explicit parent (0.307959ms)
✔ inbox counts and source fields cannot be silently coerced (0.474667ms)
✔ explicit empty optional critical-date fields clear stored content (1.654792ms)
✔ omitted optional critical-date fields remain untouched (1.123375ms)
✔ nonempty optional critical-date fields are trimmed (0.099042ms)
✔ critical-date CAS preserves full database timestamp and rejects a losing edit (0.649959ms)
✔ missing or malformed snapshot cannot update a critical date (0.17875ms)
✔ malformed headers, widths and quotes never produce writable rows (0.732125ms)
✔ valid BOM CRLF multiline escaped quotes and semicolon fields survive (0.681625ms)
✔ invalid encodings and resource limits fail before preview (7.083ms)
✔ coverage, presence and missing reports remain distinct; historical removed attendance does not count (0.775417ms)
✔ cancelled requests remain visible in all but never enter active action filters (0.096958ms)
✔ fully assigned does not mean present and absent people remain assigned until replacement (0.080917ms)
✔ search combines Turkish-normalized location, occupation and assigned staff terms (0.29275ms)
✔ measured empty day accepted, unavailable or malformed RPC never becomes zero (2.487083ms)
✔ real dates, leap years and strict format (1.700542ms)
✔ required fields, counts and extra untrusted fields (0.23725ms)
✔ daily coverage from zero to full (0.480792ms)
✔ paused and cancelled are not active demand (0.142583ms)
✔ corrupt aggregates fail rather than clamp (0.089ms)
✔ assignment eligibility failures stay distinct (0.150125ms)
✔ missing or nonboolean verification never means available (0.08375ms)
✔ activity empty differs from unavailable or malformed response (1.075875ms)
✔ activity labels distinguish ownership events without claiming task completion (0.093625ms)
✔ general document activity accepts only an internal document destination (0.105334ms)
✔ contracts filter in SQL before five-row cap; no full-record transfer (18.516041ms)
✔ documents include missing files and undated manual states before limiting; derive expiry now (1.333459ms)
✔ critical dates include overdue and exactly thirty days; bounded stable order (0.98525ms)
✔ smaller server cap, missing counts, duplicate rows and transport errors do not masquerade as complete cards (1.970916ms)
✔ company names resolve only referenced IDs in batches; no task count tied to directory cap (1.757208ms)
✔ money preserves zero, negative values, and missing versus malformed input (14.663625ms)
✔ Istanbul variants share a display/filter key without changing other city names (0.1935ms)
✔ role rejection touches neither document nor storage (0.823709ms)
✔ read failure leaves both records untouched (0.196917ms)
✔ missing read and zero-row delete explicitly report no confirmed deletion (0.150416ms)
✔ blocked database deletion never removes the file (0.157375ms)
✔ confirmed row deletion uses RETURNING path, after deleting the row (0.129666ms)
✔ record without a file is a confirmed deletion with no storage operation (0.095042ms)
✔ storage failure preserves confirmed deletion and warning, never suggests row retry (0.122541ms)
✔ each existing category belongs to one folder; linked contracts stay together (0.457875ms)
✔ moving changes category only, scoped by company, revision and unlinked contract (0.754667ms)
✔ invalid category, denied/stale result, transport error and wrong identity never succeed (0.581334ms)
✔ listAllDocuments derives expiry without mutating stored status (43.8825ms)
✔ listDocumentsByLegacyCompanyId derives expiry without mutating stored status (18.803625ms)
✔ single document derives expiry and preserves missing record (26.466042ms)
✔ company compliance counts expired stored-complete files as non-compliant (10.148333ms)
✔ Istanbul expiry includes day zero and thirty, expires on following day (0.815958ms)
✔ expiry changes at Istanbul midnight instead of UTC midnight (0.083375ms)
✔ stored complete does not keep an expired document green and mapping does not mutate raw data (0.096917ms)
✔ missing file and explicit missing status take priority; undated manual state stays intact (0.141833ms)
✔ initial snapshot and refresh are silent; only newly observed unread IDs sound (0.858708ms)
✔ scope keys separate companies and users; response mismatch fails closed (0.303708ms)
✔ links contain only a verified internal request target, company and date (1.409375ms)
✔ two tabs observing the same event play once; rapid batches are consumed silently (0.427209ms)
✔ storage or locking failure never falls back to uncoordinated sound (0.262542ms)
✔ shared ledger stores only bounded event IDs and time, never message content (0.331042ms)
✔ duplicate inbox rows are rejected instead of doubling counters or cards (0.195583ms)
✔ impossible calendar day cannot reach the date formatter or deep link (0.086042ms)
✔ independent task inserts null company without company lookup and keeps assignment empty (0.627ms)
✔ independent tasks cannot borrow company-linked context (0.365792ms)
✔ business day is independent of device timezone at Istanbul midnight (0.453208ms)
✔ actual day hook observes timer, wake and visibility changes, then removes listeners (18.188959ms)
✔ valid search and known filter values survive serialization (0.871ms)
✔ malformed, oversized and wrongly typed preferences recover to defaults (0.149875ms)
✔ unknown keys and overlong fields cannot enter the filter state (0.081875ms)
✔ keys separate list, account, tenant and role without separator ambiguity (0.128917ms)
✔ distinguishes new, unchanged, changed and inactive without rewriting input (2.642375ms)
✔ reads beyond first page and includes inactive rows (0.440167ms)
✔ null codes do not match by name; leading zeros and case remain distinct (0.161ms)
✔ read failures and malformed pages never become new records (0.26975ms)
✔ changing totals and duplicated records across pages fail closed (0.761ms)
✔ oversized directory stops after first page; no partial preview (0.82625ms)
✔ empty measured directory is allowed; duplicate input is rejected before reads (0.470375ms)
✔ UTF8 BOM CRLF and leading zeros retained (1.014958ms)
✔ quoted delimiter and escaped quotes (0.18ms)
✔ bad quoting columns and headers rejected (0.202791ms)
✔ duplicate codes rejected, different leading zeros retained (0.112209ms)
✔ empty oversize and more than 500 rows rejected (0.441083ms)
✔ invalid cell types controls and empty text rejected (0.105041ms)
✔ only editable fields survive; leading/trailing whitespace is trimmed (1.773792ms)
✔ invalid identity, stale-token shapes and invalid text cannot become update commands (0.355625ms)
✔ response requires identity, exact new values and one revision advance (0.600958ms)
✔ max accepted revision advances safely and missing old values are unverifiable (0.318208ms)
✔ real service forwards scope and normalized payload; RPC error or malformed success is never accepted (0.965708ms)
✔ login preserves internal destination, query and hash after normalization (21.942542ms)
✔ login rejects external, backslash, controls and normalized host prefixes (0.197166ms)
✔ anonymous access request reaches handler while adjacent and protected paths redirect (5.500584ms)
✔ redirect retains refreshed session cookie options (2.739375ms)
✔ management date follows Istanbul midnight and owner/date filters stay server-side (15.627875ms)
✔ saved search stores normalized filter not a page and rejects corrupt/duplicate data (0.586542ms)
✔ availability rejects impossible dates, inverted and excessive intervals (0.330917ms)
✔ past and superseded availability never becomes current via fallback (0.0865ms)
✔ active work rejection has a useful admin message without raw database text (0.66975ms)
✔ task guard membership and role failures remain distinct in create and update (0.284375ms)
✔ transport failures are not translated into lost membership or role (0.099833ms)
✔ operation day rolls over at Istanbul midnight regardless of device timezone (18.04475ms)
✔ quick views distinguish current owner, truly unassigned, and closed work (0.952417ms)
✔ active tasks sort by due day with stable ties without mutating input (1.194667ms)
✔ completion keeps tenant, revision, active status and ownership in the same update (0.294959ms)
✔ lost race, inaccessible task, transport error and invalid revision never succeed (0.410208ms)
✔ overdue view derives lateness from date and excludes completed, future and undated tasks (0.092458ms)
✔ desktop and mobile action availability preserves ownership and legacy assignee boundaries (0.131125ms)
✔ route remount uses current workspace; stale cleanup cannot remove its protection (0.785958ms)
✔ navigation decision keeps the original event and synchronous cancellation (0.107666ms)
✔ company IDs are chunked and each assignment batch is paged to the measured total (6.667542ms)
✔ late assignment failure or unrelated company discards all previously read assignments (0.82675ms)
✔ failed manager read yields no company recipients and never starts partner lookup (1.494875ms)
✔ tasks candidate pages keep filters and never expose a partial source list (4.44625ms)
✔ documents candidate pages keep filters and never expose a partial source list (1.194042ms)
✔ appointments candidate pages keep filters and never expose a partial source list (2.169583ms)
✔ document batch reaches last source/membership rows and keeps tenant contents out of the other email (24.244417ms)
✔ late documents error produces no sends or reservation writes (2.243666ms)
✔ late tenant_memberships error produces no sends or reservation writes (2.145333ms)
✔ unacknowledged notification stamps are errors, never sent or counted as already sent (8.234042ms)
✔ unverifiable task owner is not treated as unassigned or sent to the manager fallback (1.012334ms)
✔ verified task owner receives the task while a truly unassigned task goes to its tenant manager (1.327583ms)
✔ overdue tasks change day at Istanbul midnight, not three hours later at UTC midnight (10.107708ms)
✔ appointment reminders use tomorrow in Istanbul when UTC is still on the previous day (16.143292ms)
✔ tenant roles override global roles for document recipients (16.472833ms)
✔ missing membership role fails closed before any transport or stamp (2.213875ms)
✔ notification names resolve all referenced companies in bounded deduplicated chunks (2.034ms)
✔ missing, truncated, duplicated or malformed company names fail instead of generating fallback mail (0.87675ms)
✔ contract batch reads past limits and sends each contract only to its tenant and assigned partner (19.15525ms)
✔ contract batch stops before stamps on a late read failure or missing company name (6.786416ms)
✔ contract 30-day window opens at Istanbul midnight (1.9585ms)
✔ a shared email in another tenant does not hide an eligible profile; same-tenant duplicates still get one copy (13.708125ms)
✔ multi-workspace contracts use tenant roles for managers and assigned partners (10.784458ms)
✔ contract recipients page managers, preserve email-only eligibility and restrict partner assignments/roles (1.92775ms)
✔ contract recipient later page failure rejects instead of returning earlier managers (1.826208ms)
✔ expiry contract reader reaches the last candidate past the server cap without selecting unused columns (1.951208ms)
✔ contract read failure or incomplete later page rejects the entire candidate set (0.418ms)
✔ membership paging reaches the last row even when server cap is lower than requested (3.43425ms)
✔ later page error, changing count, empty gap and duplicate rows discard the entire map (1.574667ms)
✔ empty membership table is valid only with measured zero; thrown reads remain unavailable (0.486375ms)
✔ profile IDs are deduplicated and chunked without losing the last owner (4.153542ms)
✔ late error, count mismatch and unexpected or repeated profiles discard previous chunks (0.662209ms)
✔ missing profiles and contactless profiles are measured omissions, empty input does not query (0.122417ms)
✔ company recipients still exclude a former partner after shared profile lookup (0.592375ms)
✔ role profile pagination includes the last eligible recipient and excludes missing contact (8.116ms)
✔ role profile errors and unexpected roles never expose a partial recipient list (1.020791ms)
✔ notification reservation requires the expected acknowledgement; empty data is not already sent (0.972666ms)
✔ unique conflict remains an idempotent skip and DB failures expose only their code (0.121083ms)
✔ bounded matcher catches identity-like and Turkish mobile forms (1.177ms)
✔ ordinary dates, times, amounts and long identifiers remain usable; limits explicit (0.226958ms)
✔ all four submission validators reject before calling a service (0.881417ms)
✔ historical conversation and pending command resolution remain readable (0.673542ms)
✔ validation errors are actionable without echoing private text (0.145834ms)
✔ one request may have three signs but request count is unique (18.747917ms)
✔ removed absence and cancelled demands do not create actions (0.368167ms)
✔ future unknown does not count as outstanding but unfilled demand does (0.199333ms)
✔ due date uses snapshot Istanbul day across UTC midnight boundary (0.286125ms)
✔ wrong week or malformed snapshot never becomes clean checklist (0.2305ms)
✔ empty verified week and fully present request have no signs (0.235583ms)
✔ priority and search preserve overlap without summing people (0.330292ms)
✔ selected day only, including year boundary week (0.15175ms)
✔ query separates company locations and tenant workers (0.779916ms)
✔ page preserves leading zero code and manual null code (0.206083ms)
✔ partial page, duplicate identity or wrong filter fails instead of showing clean data (0.199792ms)
✔ page beyond shrinking total is valid empty with true total (0.171417ms)
✔ worker shape cannot be mistaken for a company location (0.119ms)
✔ activation keeps strict boolean and bounded expected revision (0.44725ms)
✔ activation response must identify exact change and revision (0.129166ms)
✔ command boundaries reject missing or invalid CAS, hash, bytes and filename (1.163833ms)
✔ receipt identity and terminal states cannot be borrowed or interpreted loosely (0.2955ms)
✔ invalid file is rejected before any RPC, including same-size different content (3.8185ms)
✔ lost upload response reconciles bytes before finish; same command retry returns receipt without Storage (6.594042ms)
✔ missing or mismatched Storage bytes cannot finish (3.586917ms)
✔ cancelled command never uploads; cancel-before-prepare uses full immutable command (0.563625ms)
✔ status distinguishes unknown transport, confirmed missing, malformed and published (0.235459ms)
✔ bounded multipart accepts a file above Server Action default and exactly 10 MiB (59.549459ms)
✔ body limit enforced on actual chunks despite missing or lying Content-Length (13.477ms)
✔ malformed successful RPC data remains an unverifiable result, not invalid caller input (0.183667ms)
✔ fresh adapter after reload reuses persisted identity without storing form text (16.210708ms)
✔ canonical object key order is stable; changed payload and kind are distinct (2.219125ms)
✔ different account and tenant never borrow identity (1.371417ms)
✔ concurrent tabs reserve a single identity through shared lock (2.062ms)
✔ acknowledgment removes only confirmed command; next identical intent has new identity (2.479458ms)
✔ blocked read/write and missing locks reject without volatile fallback (10.801334ms)
✔ malformed stored records fail closed (6.699875ms)
✔ 50 pending limit preserves old identities and blocks new writes (24.436ms)
✔ failed acknowledgment retains original identity for safe retry (3.272709ms)
✔ reconciliation clears only terminal requested IDs; unknown and concurrent additions survive (23.864583ms)
✔ malformed, omitted, duplicate, foreign, and non-terminal-looking statuses preserve all pending identities (13.22925ms)
✔ reconciliation storage failure keeps recoverable identity (0.67425ms)
✔ read-only digest snapshot matches normalized intent without reserving or exposing payload (2.533ms)
✔ reload and concurrent tabs reuse identity without retaining financial text (10.206333ms)
✔ changed file or mapping cannot silently allocate a second command (3.061375ms)
✔ scope isolation; settlement clears only the proven command (3.375583ms)
✔ storage failure and corrupt records fail closed (1.737875ms)
✔ failed settlement retains original identity (1.374292ms)
✔ only explicit input rejection permits clearing recovery; network/replay uncertainty preserves it (0.547625ms)
✔ command payload allowlists fields and trims text (3.081625ms)
✔ unknown commands including prototype properties are rejected (0.198ms)
✔ request boundary, date and identity validation (0.18625ms)
✔ directory and assignment commands require their own fields (0.473583ms)
✔ null and nonboolean board data cannot become an empty or available board (0.236584ms)
✔ capacity and cancellation contradictions fail board validation (0.191041ms)
✔ capacity edit requires valid old and new counts and strips unrelated fields (0.149875ms)
✔ attendance requires exact status and nonnegative bounded revision (0.130084ms)
✔ board cannot drop attendance or turn unknown into absence (0.212458ms)
✔ request context round trips without dropping day, scope, or encoded job (4.133292ms)
✔ malformed or duplicate context cannot initialize a placement journey (0.268292ms)
✔ new, repeated and corrected files remain distinct (3.976459ms)
✔ rejects other tenant/project/source/month and partial snapshots (0.207625ms)
✔ both copies are blocked; changed source identity cannot duplicate work (0.509959ms)
✔ missing is not zero; malformed dates and durations are blocked (0.16325ms)
✔ omitted rows remain visible without deletion; corrupt snapshots fail (0.111583ms)
✔ multiple slots are separate; leading zero codes are preserved (0.097291ms)
✔ preview rejects incomplete, duplicate, invalid duration or status rows (0.71025ms)
✔ people response rejects duplicate codes and malformed candidates (0.157625ms)
✔ monthly report rejects incomplete, inconsistent or wrong-scope totals (0.742459ms)
✔ empty report is explicit and duration retains minutes (30.114792ms)
✔ UTF-8 CSV preserves codes and explicitly converts hours (1.119833ms)
✔ invalid encoding, duplicate columns, partial row fail (0.202667ms)
✔ blank/formula/day-text/fractional-minute/out-of-range never become zero (0.462708ms)
✔ wrong month, formula metadata and duplicate mapping block (0.190166ms)
✔ incomplete lists, duplicates and wrong tenant fail (8.959709ms)
✔ details reject impossible dates and incomplete child pages (2.147ms)
✔ page offsets are bounded and aligned (0.2125ms)
✔ work details fail on missing pages, duplicates, wrong scope and invalid durations (0.768041ms)
✔ Excel dates and zero-padded codes survive extraction (3.198875ms)
✔ formulas remain flagged; merged, hidden-only and oversized sheets reject (1.867833ms)
✔ task rejects wrong company, tenant, invisible relation and read failure before insert (6.880208ms)
✔ task accepts same company/tenant relation and queries explicit scope (2.132167ms)
✔ task rejects company belonging to another tenant (0.158709ms)
✔ appointment rejects wrong company, tenant, invisible relation and read failure before insert (0.263167ms)
✔ appointment accepts same company/tenant relation and queries explicit scope (1.203792ms)
✔ appointment rejects company belonging to another tenant (0.334917ms)
✔ task appointment relation is independently validated before insert (0.35375ms)
✔ no relation requires no extra relation reads and preserves nullable IDs (0.359958ms)
✔ replacement search is Turkish-normalized and excludes booked, inactive and current worker (1.172917ms)
✔ selected available worker survives no matching search without inflating match count (0.152083ms)
✔ selection cannot bypass availability and does not duplicate a matched worker (0.117917ms)
✔ only an explicit scoped null latest is interpreted as no conversation (0.862125ms)
✔ transport error cannot become a zero revision snapshot (0.187834ms)
✔ latest revision and actor are validated before exposing the record (0.374333ms)
✔ write retains scope, command ID and revision; validates response against submitted command (0.39125ms)
✔ invalid input stops before RPC and write errors are preserved for reconciliation (0.173958ms)
✔ eleven-digit numeric codes are blocked without collecting or validating identity (0.806084ms)
✔ ordinary business codes, dates and UUIDs are not reclassified as identities (0.091875ms)
✔ spreadsheet row is held with field message and no accepted value (0.447625ms)
✔ database rejection is translated without echoing the input (0.116167ms)
✔ weekdays selected across year boundary and leap day (2.818791ms)
✔ range limit is inclusive 31 days; reverse, empty weekday and invalid calendar rejected (0.296209ms)
✔ payload normalization gives same dates and trimmed content for retry identity (0.412791ms)
✔ malformed or excessive payload never reaches writes (0.181ms)
✔ removed preview days remain excluded from canonical payload (0.101709ms)
✔ batch result must contain exact count and distinct identities for the same command (0.135959ms)
✔ IDP period keeps original leave interval while excluding non-working preview days (0.317375ms)
✔ all routes prohibit framing and set browser safety headers without breaking scripts (51.470167ms)
✔ late assignment skips prior checks and requires immediate call (1.093292ms)
✔ last recorded event wins, not scheduled offset (0.320375ms)
✔ past plan events cannot colour new plan (0.087458ms)
✔ claimed arrival remains unverified at start even if all calls recorded (0.182166ms)
✔ confirmation closes remaining calls without fabricating events; removal closes writes (0.093625ms)
✔ unknown or malformed call outcome fails closed instead of hiding required action (0.690584ms)
✔ all supported call results and extra call offset remain accepted (0.178083ms)
✔ daily attendance conflict directs the operator to reopen independent confirmation (0.19875ms)
✔ mobile next call suggests earliest due unrecorded step regardless of offset order (0.122ms)
✔ mobile next call never reopens closed/confirmed work or fabricates scheduled checks (0.196208ms)
✔ known rejected command is removed only after terminal server closure (8.482ms)
✔ previous commit wins over a later rejection; never claims not saved (0.737041ms)
✔ scope denial, unknown or malformed reconciliation preserve pending identity (1.620166ms)
✔ network, lock and unknown errors never automatically close a command (2.591375ms)
✔ storage failure after response keeps uncertainty rather than fake cleanup (1.470916ms)
✔ input, witness, replay and plan errors have useful distinct explanations (0.291042ms)
✔ zero assignments differs from zero outstanding tracking (3.551334ms)
✔ full count survives first-page/top-three rendering (2.247667ms)
✔ partial or wrong-scope response is not a healthy summary (0.657416ms)
✔ confirmed or closed record cannot become an outstanding item (0.326833ms)
✔ employee claim remains pending and lost responsibility is explicit (0.58175ms)
✔ tracking link preserves exact day and enables only explicit action filter (0.266167ms)
✔ tracking link preserves day and safely encodes worker search without enabling urgent filter (3.244792ms)
✔ missing name and invalid day cannot produce an unrelated tracking destination (0.189125ms)
✔ tracking preserves return company separately from the all-company query and chosen return day (0.243291ms)
✔ return navigation rejects malformed company and impossible dates without accepting arbitrary URLs (0.156333ms)
✔ future, due and overdue controls have distinct boundaries (0.626125ms)
✔ claimed arrival never confirms; start deadline escalates even after all calls (0.101125ms)
✔ cannot attend needs replacement; unreachable differs from absence (0.077834ms)
✔ verified arrival skips remaining controls, retains recorded outcomes (0.416416ms)
✔ removed assignment closes pending controls; invalid confirmation cannot green a row (0.644459ms)
✔ midnight arithmetic and malformed schedules (1.791125ms)
✔ onboarding access excludes operations while ordinary attachments remain available (1.844292ms)
✔ metadata rejects path names, oversized files, PDF photos and forged properties (4.278625ms)
✔ file signature is checked rather than trusting filename or browser MIME (0.186333ms)
✔ lost upload response survives reload and reuses its command without storing file contents (1.171791ms)
✔ upload references are isolated by actor, tenant, person, category and file fingerprint (0.192709ms)
✔ blocked, silently discarded or corrupted browser storage prevents starting a new command (0.166333ms)
✔ confirmation cannot clear a different command written by another tab (0.077875ms)
✔ upload recovery accepts duplicate status 400 or 409 and lost responses only after database confirmation (0.215958ms)
✔ a successful Storage response never substitutes for failed or non-boolean database confirmation (0.229125ms)
✔ confirmed reserve replay avoids uploading twice; malformed reserve never uploads (0.186583ms)
✔ two tabs reserve one upload command through the same exclusive lock (0.178958ms)
✔ missing or rejected cross-tab lock never allocates an upload reference (0.130083ms)
✔ attachment list distinguishes measured empty from missing or corrupt response (0.249875ms)
✔ attachment list rejects wrong person, duplicate IDs and malformed file metadata (0.183584ms)
✔ attachment list keeps the 51st pagination sentinel but rejects an unexpected oversized response (0.148041ms)
✔ confirmation and reservation use the same lock; a queued new command survives cleanup (0.155625ms)
✔ confirmation preserves recovery reference if cross-tab lock cannot be acquired (0.06675ms)
✔ cancel cleanup only clears matching command inside the same actor tenant and person (0.184333ms)
✔ explicit empty differs from missing, and every requested identity is accounted for (1.54525ms)
✔ reject wrong tenant, actor, timestamps and job-specific decline in general summary (0.227333ms)
✔ bound requests to one server page and accept empty page (0.450959ms)
✔ conversation captures an outcome without manufacturing availability or a placement (0.747625ms)
✔ declining a job requires that specific request; malformed values fail (0.422917ms)
✔ response belongs to requested tenant/person and contains a real server actor/time (3.2565ms)
✔ history rejects mixed people, duplicate ids and oversized responses (1.261583ms)
✔ combined filters normalize without dropping constraints (0.69025ms)
✔ invalid ranges, malformed filters and null values fail validation (0.262417ms)
✔ demographics remain optional and omission is distinct from explicit clear (20.325208ms)
✔ server response must echo every applied filter (0.982375ms)
✔ availability requires date and state together; saved legacy filters remain valid (0.3505ms)
✔ person responses retain demographics through list, detail and edit validation (1.079625ms)
✔ callback view survives validation and saved searches; response cannot silently use all (11.700916ms)
✔ batch request preserves sparse physical row numbers and rejects malformed or duplicate decisions (339.527917ms)
✔ status must be complete and belong to the expected actor, company, batch and source (0.384ms)
✔ terminal receipt and blocked codes cannot be coerced or accepted for another row (2.989541ms)
✔ services use scoped RPCs, validate inputs before calls, and never translate transport failures into success (20.220584ms)
✔ unknown recovery stays distinct from closed and rejects another scope or reference (0.42975ms)
✔ selected plan maps only approved fields and strips all held source information (21.845667ms)
✔ history requires a complete scoped page and valid pending counts (0.392167ms)
✔ result report includes each physical source row and distinguishes unsettled from saved (0.349834ms)
✔ comparison snapshot distinguishes measured empty from incomplete, malformed and foreign results (2.238542ms)
✔ read service sends only verified scope, not spreadsheet content, and validates response (2.518542ms)
✔ Turkish phone formats match but do not imply identity (1.921875ms)
✔ blank fields preserve existing data; new contacts are additive and old city conflicts visible (0.999667ms)
✔ name and contact matching different people requires review; never prefer one silently (0.199625ms)
✔ source issues remain blocking review even when no current match exists (0.139042ms)
✔ many ambiguous matches are bounded and explicitly labelled; file rows are never merged (0.512833ms)
✔ every source row is accounted for; no decision is guessed (4.397209ms)
✔ existing identity selection never accepts field changes by default (0.521375ms)
✔ source issues, unknown targets, illegal changes and matches cannot become new writes (0.327834ms)
✔ two source rows targeting one person require resolution even for unchanged rows (0.249ms)
✔ new rows with normalized shared identity do not silently create duplicates (0.309292ms)
✔ new row conflicting with another row resulting contact is also blocked (0.176458ms)
✔ contact capacity and revision overflow cannot be hidden by review (0.239666ms)
✔ existing city-only import excludes rejected source name and contact values from the actual request (9.353917ms)
✔ selected email is retained, unchanged rows send only stored name, hold rows send no personal data (1.320333ms)
✔ suggestions are conservative, duplicates and branch city are not guessed (14.397375ms)
✔ calendar dates reject impossible days and ambiguous serials (3.163167ms)
✔ repeated names and shared phones retain all physical source rows without merging (4.012458ms)
✔ coverage statuses remain source history; invalid ranges and unmapped fields remain visible (0.32125ms)
✔ missing, overlapping and wrong-scope mappings are rejected (0.244208ms)
✔ real XLSX reader preserves hidden sheet, physical row numbers, dates and formula diagnostics (158.784125ms)
✔ CSV supports BOM CRLF quoted delimiters; bad encoding and renamed text fail (2.476875ms)
✔ worksheet extents cannot silently truncate oversized sources (6.502667ms)
✔ name-only source and unmapped formula can be explicitly prepared as new without merging (96.084666ms)
✔ mapped formula, error, invalid contact and missing name still block a new-person decision (1.461917ms)
✔ ten long emails fit the workbook cell budget without truncation; over-limit cells fail (1.557125ms)
✔ a large source is partitioned without losing or renumbering any source row (10.812459ms)
✔ duplicate targets across partition boundary are rejected before any part can be sent (1.048417ms)
✔ queue references reject corruption and duplicates instead of skipping parts (0.243459ms)
✔ local import receipt distinguishes absent, valid, malformed JSON and old shape (1.211375ms)
✔ blocked storage stays unavailable, is never treated as an empty receipt, and leaks no raw contents (0.221125ms)
✔ person receipt retry preserves command identity and distinguishes malformed and blocked storage (0.20325ms)
✔ resolved receipt removal failure preserves receipt and allows retry without leaking storage error (0.083833ms)
✔ reference preserves exact command and stores no person fields (1.091042ms)
✔ reference cannot recover into a different actor or tenant (0.556625ms)
✔ corrupt, old or unconfirmed references fail closed (0.246875ms)
✔ name-only records preserve unknown contacts, region and work type (2.768292ms)
✔ invalid contacts, hidden extra fields and unsupported work types are rejected (0.654166ms)
✔ page completeness, duplicate IDs, foreign scope and null RPC results fail closed (0.446ms)
✔ recovery only confirms the expected person, command and revision (0.145334ms)
✔ UUID assignment displays the directory name even without legacy text (0.491333ms)
✔ current directory name supersedes stale legacy text (0.070792ms)
✔ loading, failure and missing directory entry never claim unassigned (0.061875ms)
✔ blank profile name is still an assignment (0.050833ms)
✔ name-only rows are clearly marked as legacy (0.063417ms)
✔ only a row without UUID or legacy name says unassigned (0.058583ms)
✔ claim predicates atomically require same tenant/revision, no identity or legacy name, and open status (0.9125ms)
✔ losing claim, inaccessible record and transport failure cannot report success (0.388625ms)
✔ links contain only the task UUID and round trip (0.567042ms)
✔ unrelated task-prefill parameters do not become a task link (0.077042ms)
✔ malformed, empty and duplicate IDs are rejected (0.166125ms)
✔ URL round trip carries only identifiers and date (5.763333ms)
✔ ordinary tasks page has no prefill; partial and duplicate context rejected (0.29775ms)
✔ reject malformed ids, impossible dates and unsupported date bounds (0.139833ms)
✔ prefill derives fresh name and title from server data, no assignee/source FK or deadline inferred (0.176084ms)
✔ missing company/request/location and mismatched day fail without fallback (0.214834ms)
✔ passive company and cancelled request cannot prepare a new followup (0.096833ms)
✔ inactive location may still need a followup on an existing active request (0.073125ms)
✔ invalid or missing revision fails before any raw request (0.742333ms)
✔ update filters exact loaded revision and returns new row (0.455125ms)
✔ zero rows is a conflict, transport/database error stays different (0.274292ms)
✔ history has an honest twenty-row limit and extra-row indicator (0.171292ms)
✔ command validates bounded unique integer revisions and canonical identities (9.185666ms)
✔ snapshot normalization removes ordering and presentation from command identity (0.134833ms)
✔ preview rejects silent omissions, duplicate rows, unsafe counts and wrong source (0.241041ms)
✔ directory allows unnamed departed source, never absent arrays or duplicate targets (0.184584ms)
✔ result must match exact command scope and moved count (0.121959ms)
✔ service writes one RPC and has no iterative task fallback (0.178917ms)
✔ invalid command fails before write and malformed successful response is uncertain (0.197792ms)
✔ transport error cannot be mislabeled as nonmember or conflict (0.283125ms)
✔ reverse formula rejects the historical negative-price case and below-baseline amounts (0.543583ms)
✔ every numeric input rejects negative and non-finite values (0.12825ms)
✔ zero markup is valid and markup is applied to cost, not sales margin (0.078292ms)
✔ form parser distinguishes missing required input from optional zero and rejects partial numeric strings (0.08925ms)
✔ cancelled presence remains actual; removed unknown is not outstanding (2.502375ms)
✔ no declarations cannot silently become zero attendance (0.246292ms)
✔ duplicate or unmatched declarations fail verification (0.250458ms)
✔ same worker on different days counts separate person days (0.167625ms)
✔ absence total counts declarations, not unique people (0.09625ms)
✔ Monday week boundaries include Sunday, leap day, year and minimum date (2.517208ms)
✔ totals count person-days, exclude cancellations and retain unfilled requests (0.499ms)
✔ empty verified plan is accepted; null and wrong company/week are not (0.327292ms)
✔ range, duplicate requests, capacity, missing staff and cancelled assignment contradictions fail closed (0.239042ms)
✔ same worker on separate days allowed, double booking or repeated assignment ID rejected (0.218208ms)
✔ CSV records scope/time and quotes delimiters, double quotes and embedded newlines (0.24825ms)
✔ CSV neutralizes formula prefixes including whitespace before formula (0.243833ms)
✔ CSV cancellations are opt-in and contribute zero active open (0.123042ms)
✔ overnight is explicit; break reduces actual work; invalid time never becomes an estimate (0.7645ms)
✔ 24 hour limit and zero-length work are distinct; no automatic overnight guessing (0.111125ms)
✔ correction reason required and only valid scoped record can establish revision zero (1.515417ms)
✔ net totals and contiguous latest audit history must agree with the record (0.495416ms)
✔ receipt is matched to command, assignment, action and next revision (0.152958ms)
✔ invalid write fails before RPC; exact payload and errors are preserved (0.283959ms)
✔ company/day list rejects wrong scope, partial shape, duplicates and malformed totals (1.17575ms)
✔ latest 20 audit entries are accepted only in contiguous descending revision order (0.178125ms)
✔ declared per-entry and aggregate expansion are bounded (0.709625ms)
✔ malformed directories, encryption, volume split and entry-count overflow fail (0.300458ms)
✔ preparation preserves identity and explicit work kind; normalizes code (0.875458ms)
✔ rejects malformed identities, revisions and unsupported work types (0.234708ms)
✔ receipt must match command, person, next revision and real worker id (0.121625ms)
✔ five surplus staff in one location cannot cancel five missing in another (0.785667ms)
✔ zero target, fully staffed and empty sets remain distinct and nonnegative (0.089875ms)
✔ workspace identity follows server data and never a user-editable company name (0.908458ms)
✔ missing, malformed and mismatched company or actor responses fail closed (0.299916ms)
✔ write target requires both the same actor and company (0.162834ms)
✔ RPC errors and null success never invent a company or return a stale identity (0.434333ms)
✔ company context request carries no caller-selected company and has a deadline (0.157709ms)
✔ UI company comes from verified workspace when getUser metadata lacks token-hook claims (0.143125ms)
✔ role and company are accepted together and user metadata cannot supply authority (0.162958ms)
✔ invitation parsing fails closed and excludes server extras (2.842583ms)
✔ token has 256 random bits and transport failure is not labelled invalid invitation (0.812ms)
✔ setup accepts measured zeros but rejects unavailable/wrong-scope response (1.522625ms)
✔ setup rejects coerced, missing, negative or unsafe counts and invalid calendar dates (0.14675ms)
ℹ tests 519
ℹ suites 0
ℹ pass 519
ℹ fail 0
ℹ cancelled 0
ℹ skipped 0
ℹ todo 0
ℹ duration_ms 14368.464166
