
> bps@0.1.0 qa:operations
> node scripts/qa-test-suite.mjs application

application: 116 files
database: 19 files
pending: 7 files
Pending feature tests are NOT part of the passed application coverage.
✔ calendar follows Istanbul day across UTC midnight and year rollover (39.34325ms)
✔ agenda groups civil dates, sorts unknown time last, retains cancelled entries, never mutates source (1.268166ms)
✔ truncated or uncounted appointment response cannot render a falsely empty calendar (0.603333ms)
✔ bounded completion input is normalized; nonboolean cannot request a task (0.879375ms)
✔ completion result must identify exact appointment and valid task/skip combination (0.264542ms)
✔ service uses one scoped RPC with no sequential table fallback (0.1605ms)
✔ transport failure is unverifiable, not already completed or unauthorized (0.306416ms)
✔ scope and invalid input fail before calling RPC (0.133875ms)
✔ status-only service cannot recreate split completion path (0.121417ms)
✔ links contain only the appointment UUID and round trip (0.629542ms)
✔ unrelated query parameters do not become an appointment link (0.076875ms)
✔ malformed, empty and duplicate IDs are rejected (0.17325ms)
✔ attendance actions retain exact record and revision, undo appears only after a report (1.592125ms)
✔ future dates and read-only/busy state disable every action including undo (1.069167ms)
✔ contract days follow Istanbul midnight and preserve today/expired semantics (1.411167ms)
✔ missing, malformed and impossible contract dates never turn into a plausible remaining-day count (0.214792ms)
✔ actual company service enables candidate and active only, preserves input CRM statuses (1.607333ms)
✔ company directory failures are not presented as empty success (0.449333ms)
✔ existing insert helper uses one scoped RPC with explicit actor, tenant and allowed business fields (1.132791ms)
✔ missing identity and protected input fields stop before a write (0.276834ms)
✔ transport uncertainty, empty and wrong-scope responses never become success or automatic retries (0.427708ms)
✔ module and input rejections use actionable messages (0.15225ms)
✔ company import retains confirmed rows then stops on uncertain or disabled writes (0.34525ms)
✔ status helper verifies returned target and requested status (0.158916ms)
✔ both status server actions use verified tenant and shared command with no direct writes (92.031542ms)
✔ status actions reject invalid identity and missing targets instead of reporting success (48.837667ms)
✔ company tabs intersect valid module states and current repository roles (15.377542ms)
✔ company finance reader uses exact tenant/company and distinguishes absent, failed and malformed responses (1.098042ms)
✔ company document reader filters contract files on every page before download and rejects an escaped row (1.090542ms)
✔ actual company page skips closed module readers and falls back from a stale saved tab (211.926083ms)
✔ actual company role gates match financial and workforce readers without healthy empty cards (403.482584ms)
✔ actual finance error is not rendered as no data or no payment follow-up (95.30475ms)
✔ company document screen passes closed-contract predicate and offers standalone upload (100.419167ms)
✔ extracted upload form hides disabled contract selector and preserves standalone file payload (12.929958ms)
✔ late financial response after company unmount cannot populate the old view (82.089834ms)
✔ upload keeps its file but requires explicit clearing of a contract that becomes disabled (10.295875ms)
✔ status source contract accepts both actual command routes (52.756833ms)
✔ status source contract rejects extra payload fields and wrong status literal (14.570542ms)
✔ status source contract rejects direct DML beside the helper and rerouted import (10.918083ms)
✔ status source contract rejects missing source, malformed syntax and a changed execute target (9.677583ms)
✔ 1001 rows require three bounded requests; no clipping or redundant empty request (12.706ms)
✔ empty and exact page boundary terminate without an extra read (8.408375ms)
✔ second-page failures never return the first page as a complete list (12.472666ms)
✔ invalid identities, malformed totals and over-budget lists fail on first request (4.877083ms)
✔ selectAllCriticalDates retains scope, exact count and unique ordering on all pages (1.79525ms)
✔ selectAllWorkforceSummaries retains scope, exact count and unique ordering on all pages (1.012667ms)
✔ selectWorkforceSummariesByCompanyIds retains scope, exact count and unique ordering on all pages (0.931958ms)
✔ selectAllTasks retains scope, exact count and unique ordering on all pages (2.995042ms)
✔ selectTasksByCompanyId retains scope, exact count and unique ordering on all pages (0.350958ms)
✔ selectTasksByContractId retains scope, exact count and unique ordering on all pages (0.301709ms)
✔ selectTasksByAppointmentId retains scope, exact count and unique ordering on all pages (0.264167ms)
✔ selectAllAppointments retains scope, exact count and unique ordering on all pages (0.242833ms)
✔ selectAppointmentsByCompanyId retains scope, exact count and unique ordering on all pages (0.38775ms)
✔ selectAppointmentsByContractId retains scope, exact count and unique ordering on all pages (0.244583ms)
✔ selectAppointmentsByCompanyIds retains scope, exact count and unique ordering on all pages (0.1885ms)
✔ selectAllContracts retains scope, exact count and unique ordering on all pages (0.253458ms)
✔ selectContractsByCompanyId retains scope, exact count and unique ordering on all pages (0.138333ms)
✔ selectNotesByCompanyId retains scope, exact count and unique ordering on all pages (0.284291ms)
✔ getActiveContractCountsByCompanyIds retains scope, exact count and unique ordering on all pages (0.422583ms)
✔ real Supabase query builder sends bounded offsets, stable order and exact count (71.757625ms)
✔ deadline expiry stops before the next page (0.90525ms)
✔ selectNotesByCompanyId rejects clipped, null-count and failed results (4.546458ms)
✔ selectAllContracts rejects clipped, null-count and failed results (0.256ms)
✔ selectContractsByCompanyId rejects clipped, null-count and failed results (0.207666ms)
✔ getActiveContractCountsByCompanyIds rejects clipped, null-count and failed results (0.204125ms)
✔ selectAllCriticalDates rejects clipped, null-count and failed results (0.227209ms)
✔ selectAllAppointments rejects clipped, null-count and failed results (2.452083ms)
✔ selectAppointmentsByCompanyId rejects clipped, null-count and failed results (0.268209ms)
✔ selectAppointmentsByContractId rejects clipped, null-count and failed results (0.167042ms)
✔ selectAppointmentsByCompanyIds rejects clipped, null-count and failed results (0.15425ms)
✔ selectAllWorkforceSummaries rejects clipped, null-count and failed results (0.195584ms)
✔ selectWorkforceSummariesByCompanyIds rejects clipped, null-count and failed results (0.13275ms)
✔ selectTasksByCompanyId rejects clipped, null-count and failed results (0.145ms)
✔ selectAllTasks rejects clipped, null-count and failed results (0.119042ms)
✔ selectTasksByContractId rejects clipped, null-count and failed results (0.278709ms)
✔ selectTasksByAppointmentId rejects clipped, null-count and failed results (0.4815ms)
✔ active counts retain repeated company IDs in a complete result (0.559791ms)
✔ empty company selection never fetches a broader workforce or appointment list (0.060125ms)
✔ dashboard exact totals survive clipped lists while card rows remain unavailable (0.450292ms)
✔ unavailable or malformed totals cannot become measured zero (0.907375ms)
✔ report joins reject missing source or a missing company anywhere in the list (0.265042ms)
✔ report joins preserve measured empty lists and legitimate display names without text sentinels (0.132333ms)
✔ communication submits only supplied fields with resolved actor, tenant and company (28.288166ms)
✔ empty changes and failed identity stop before RPC (24.666333ms)
✔ delete binds target to expected company and returns the confirmed removed row (8.475375ms)
✔ malformed, empty and foreign responses never acknowledge contact writes (0.297042ms)
✔ import verifies creator and primary flag; errors do not trigger retries (0.287041ms)
✔ CSV keeps confirmed rows and stops at first uncertain write (0.323375ms)
✔ company map reads all pages and rejects ambiguous names across page boundaries (1.633875ms)
✔ delete server action passes the page company and does not acknowledge service errors (22.58975ms)
✔ appendix list distinguishes empty, malformed and wrong scope (1.004709ms)
✔ keyset pagination has bounded continuation and rejects duplicates or borrowed preceding rows (0.201042ms)
✔ document history rejects another document even within same contract (0.235417ms)
✔ legacy main commands keep their storage key; appendix targets remain isolated (0.288292ms)
✔ appendix title is command identity; main receipt cannot acknowledge appendix command (1.271125ms)
✔ version download checks contract/document before signing any path (0.246292ms)
✔ missing, unavailable and malformed versions never mean empty history (1.686125ms)
✔ bounded history explicitly reports more and rejects unordered or duplicate evidence (0.288ms)
✔ signed download resolves version through scoped RPC, never arbitrary caller path (0.247958ms)
✔ actual PDF replace service gates revision and uses CAS, zero rows is failure (0.508667ms)
✔ creation validates real calendar dates, bounded revision and required basis (2.215125ms)
✔ unavailable or malformed snapshot never means no task (0.62875ms)
✔ current task owner can be unassigned or unavailable without inventing a person (0.121291ms)
✔ service uses one scoped RPC; malformed success and transport failure do not fall back (0.423333ms)
✔ only exact known failure is definite; unknown responses keep retry command (0.204125ms)
✔ strict command rejects forged identity/display/routing fields and missing fields (0.78625ms)
✔ unicode PostgreSQL character boundary, Turkish text, line endings, NUL and broken UTF-16 (0.7425ms)
✔ mentions are selected identifiers, canonical order, detached from caller array (0.489667ms)
✔ retry comparison is stable but every scope/content change differs (0.213ms)
✔ null/string/mismatched receipt cannot acknowledge pending command (0.299ms)
✔ resolution requires matching scope and a recognized terminal result (0.293209ms)
✔ failed RPC shapes are not empty successful reads (0.574333ms)
✔ message shape requires safe identity, timestamp and explicit parent (0.391666ms)
✔ inbox counts and source fields cannot be silently coerced (0.586625ms)
✔ explicit empty optional critical-date fields clear stored content (2.137084ms)
✔ omitted optional critical-date fields remain untouched (0.538208ms)
✔ nonempty optional critical-date fields are trimmed (0.260042ms)
✔ critical-date CAS preserves full database timestamp and rejects a losing edit (1.343083ms)
✔ missing or malformed snapshot cannot update a critical date (0.478542ms)
✔ malformed headers, widths and quotes never produce writable rows (1.029458ms)
✔ valid BOM CRLF multiline escaped quotes and semicolon fields survive (0.620666ms)
✔ invalid encodings and resource limits fail before preview (8.409042ms)
✔ closed contracts are neither queried nor shown as zero on desktop or mobile (92.3275ms)
✔ HR, accounting and viewer never query or display restricted contact/contract summaries (98.133042ms)
✔ allowed empty contract result is zero while failed summary is explicitly unreadable (42.263875ms)
✔ failed company directory stops dependent readers and displays retry state (19.491292ms)
✔ note create sends the resolved company/tenant/actor but no client author or pin fields (38.920125ms)
✔ note edits, pin and delete all preserve the expected company in the actual request (32.799084ms)
✔ changed tenant, invalid identity or blank content stops before command submission (32.280333ms)
✔ unknown result, malformed rows and wrong company cannot acknowledge a note command (1.07225ms)
✔ module errors and transport failures are distinct, and neither retries the command (0.615916ms)
✔ pin acknowledgment must match the requested flag and target (0.191458ms)
✔ missing author and ownership rejection explain the actual corrective action (0.158709ms)
✔ coverage, presence and missing reports remain distinct; historical removed attendance does not count (0.789417ms)
✔ cancelled requests remain visible in all but never enter active action filters (0.100167ms)
✔ fully assigned does not mean present and absent people remain assigned until replacement (0.077958ms)
✔ search combines Turkish-normalized location, occupation and assigned staff terms (0.27ms)
✔ measured empty day accepted, unavailable or malformed RPC never becomes zero (2.126583ms)
✔ real dates, leap years and strict format (2.090125ms)
✔ required fields, counts and extra untrusted fields (0.224792ms)
✔ daily coverage from zero to full (0.567125ms)
✔ paused and cancelled are not active demand (0.156542ms)
✔ corrupt aggregates fail rather than clamp (0.095917ms)
✔ assignment eligibility failures stay distinct (0.154916ms)
✔ missing or nonboolean verification never means available (0.093583ms)
✔ activity empty differs from unavailable or malformed response (1.085875ms)
✔ activity labels distinguish ownership events without claiming task completion (0.103458ms)
✔ general document activity accepts only an internal document destination (0.107417ms)
✔ contracts filter in SQL before five-row cap; no full-record transfer (39.427542ms)
✔ documents include missing files and undated manual states before limiting; derive expiry now (3.083541ms)
✔ critical dates include overdue and exactly thirty days; bounded stable order (0.891542ms)
✔ smaller server cap, missing counts, duplicate rows and transport errors do not masquerade as complete cards (2.007083ms)
✔ company names resolve only referenced IDs in batches; no task count tied to directory cap (4.048542ms)
✔ money preserves zero, negative values, and missing versus malformed input (23.478875ms)
✔ Istanbul variants share a display/filter key without changing other city names (0.765ms)
✔ role rejection touches neither document nor storage (0.942375ms)
✔ read failure leaves both records untouched (0.171666ms)
✔ missing read and zero-row delete explicitly report no confirmed deletion (0.154792ms)
✔ blocked database deletion never removes the file (0.161959ms)
✔ confirmed row deletion uses RETURNING path, after deleting the row (0.136709ms)
✔ record without a file is a confirmed deletion with no storage operation (0.10475ms)
✔ storage failure preserves confirmed deletion and warning, never suggests row retry (0.1355ms)
✔ each existing category belongs to one folder; linked contracts stay together (1.39775ms)
✔ moving changes category only, scoped by company, revision and unlinked contract (0.952417ms)
✔ invalid category, denied/stale result, transport error and wrong identity never succeed (0.504958ms)
✔ document eligibility requires exact ids, tenants and boolean values (2.316709ms)
✔ document checks deduplicate and chunk without accepting contradictory scope (1.307167ms)
✔ document state database and transport failures do not fall back to enabled (0.179459ms)
✔ listAllDocuments derives expiry without mutating stored status (71.220625ms)
✔ listDocumentsByLegacyCompanyId derives expiry without mutating stored status (91.132542ms)
✔ single document derives expiry and preserves missing record (83.663333ms)
✔ company compliance counts expired stored-complete files as non-compliant (40.630792ms)
✔ Istanbul expiry includes day zero and thirty, expires on following day (1.7855ms)
✔ expiry changes at Istanbul midnight instead of UTC midnight (0.256625ms)
✔ stored complete does not keep an expired document green and mapping does not mutate raw data (0.253459ms)
✔ missing file and explicit missing status take priority; undated manual state stays intact (0.366083ms)
✔ initial snapshot and refresh are silent; only newly observed unread IDs sound (1.169209ms)
✔ scope keys separate companies and users; response mismatch fails closed (0.548083ms)
✔ links contain only a verified internal request target, company and date (5.469042ms)
✔ two tabs observing the same event play once; rapid batches are consumed silently (1.802375ms)
✔ storage or locking failure never falls back to uncoordinated sound (0.380834ms)
✔ shared ledger stores only bounded event IDs and time, never message content (0.915292ms)
✔ duplicate inbox rows are rejected instead of doubling counters or cards (0.295291ms)
✔ impossible calendar day cannot reach the date formatter or deep link (0.374709ms)
✔ independent task inserts null company without company lookup and keeps assignment empty (1.153416ms)
✔ independent tasks cannot borrow company-linked context (1.106834ms)
✔ business day is independent of device timezone at Istanbul midnight (2.75025ms)
✔ actual day hook observes timer, wake and visibility changes, then removes listeners (66.924708ms)
✔ legacy migration is deterministic and covers seven entries and four tables (1.738291ms)
✔ historical workspace and shift patches change eight scoped and four legacy bodies (0.45775ms)
✔ reconstructed declarations contain exact bodies including SQL regex dollar literals (0.410792ms)
✔ valid search and known filter values survive serialization (1.165667ms)
✔ malformed, oversized and wrongly typed preferences recover to defaults (0.175459ms)
✔ unknown keys and overlong fields cannot enter the filter state (0.0925ms)
✔ keys separate list, account, tenant and role without separator ambiguity (0.139167ms)
✔ distinguishes new, unchanged, changed and inactive without rewriting input (2.896042ms)
✔ reads beyond first page and includes inactive rows (0.547792ms)
✔ null codes do not match by name; leading zeros and case remain distinct (0.133208ms)
✔ read failures and malformed pages never become new records (0.767334ms)
✔ changing totals and duplicated records across pages fail closed (1.155792ms)
✔ oversized directory stops after first page; no partial preview (0.635708ms)
✔ empty measured directory is allowed; duplicate input is rejected before reads (0.3435ms)
✔ UTF8 BOM CRLF and leading zeros retained (1.401833ms)
✔ quoted delimiter and escaped quotes (0.19025ms)
✔ bad quoting columns and headers rejected (0.215542ms)
✔ duplicate codes rejected, different leading zeros retained (0.147292ms)
✔ empty oversize and more than 500 rows rejected (0.488625ms)
✔ invalid cell types controls and empty text rejected (0.146084ms)
✔ only editable fields survive; leading/trailing whitespace is trimmed (1.760916ms)
✔ invalid identity, stale-token shapes and invalid text cannot become update commands (0.372375ms)
✔ response requires identity, exact new values and one revision advance (0.256458ms)
✔ max accepted revision advances safely and missing old values are unverifiable (0.099417ms)
✔ real service forwards scope and normalized payload; RPC error or malformed success is never accepted (0.321667ms)
✔ login preserves internal destination, query and hash after normalization (29.412416ms)
✔ login rejects external, backslash, controls and normalized host prefixes (0.194417ms)
✔ anonymous access request reaches handler while adjacent and protected paths redirect (8.001833ms)
✔ redirect retains refreshed session cookie options (0.856958ms)
✔ management date follows Istanbul midnight and owner/date filters stay server-side (31.806083ms)
✔ saved search stores normalized filter not a page and rejects corrupt/duplicate data (0.59225ms)
✔ availability rejects impossible dates, inverted and excessive intervals (0.325459ms)
✔ past and superseded availability never becomes current via fallback (0.362042ms)
✔ active work rejection has a useful admin message without raw database text (1.463375ms)
✔ task guard membership and role failures remain distinct in create and update (0.44225ms)
✔ transport failures are not translated into lost membership or role (0.104709ms)
✔ operation day rolls over at Istanbul midnight regardless of device timezone (33.929917ms)
✔ quick views distinguish current owner, truly unassigned, and closed work (0.554709ms)
✔ active tasks sort by due day with stable ties without mutating input (2.604708ms)
✔ completion sends scope and revision to the gateway; server resolves actual privileges (0.515167ms)
✔ lost race, inaccessible task, transport error and invalid revision never succeed (3.425417ms)
✔ overdue view derives lateness from date and excludes completed, future and undated tasks (0.296791ms)
✔ desktop and mobile action availability preserves ownership and legacy assignee boundaries (4.07975ms)
✔ complete advisory response preserves all checks but never permits mutation (1.119791ms)
✔ a dependency-invalid draft is accepted so the UI can explain it; incomplete or coerced states are not (0.197125ms)
✔ scope revision membership role and advisory flags fail closed (9.946791ms)
✔ missing duplicate foreign and non-boolean checks never become an empty successful report (0.292375ms)
✔ dependency evidence must match the requested graph (0.171792ms)
✔ every resolution link targets an existing page (0.211417ms)
✔ one bounded RPC; transport errors and malformed responses never fall back (0.384625ms)
✔ route remount uses current workspace; stale cleanup cannot remove its protection (0.7335ms)
✔ navigation decision keeps the original event and synchronous cancellation (0.102667ms)
✔ company IDs are chunked and each assignment batch is paged to the measured total (1.562125ms)
✔ late assignment failure or unrelated company discards all previously read assignments (0.298208ms)
✔ failed manager read yields no company recipients and never starts partner lookup (0.756125ms)
✔ tasks candidate pages keep filters and never expose a partial source list (4.5315ms)
✔ documents candidate pages keep filters and never expose a partial source list (2.898917ms)
✔ appointments candidate pages keep filters and never expose a partial source list (0.435333ms)
✔ task module snapshots require a complete distinct boolean response and propagate transport failure (0.392208ms)
✔ task module snapshot chunks 501 distinct tenants without truncation (0.27825ms)
✔ document batch reaches last source/membership rows and keeps tenant contents out of the other email (16.752459ms)
✔ late documents error produces no sends or reservation writes (0.948ms)
✔ late tenant_memberships error produces no sends or reservation writes (1.464833ms)
✔ unacknowledged notification stamps are errors, never sent or counted as already sent (9.618208ms)
✔ unverifiable task owner is not treated as unassigned or sent to the manager fallback (0.980958ms)
✔ verified task owner receives the task while a truly unassigned task goes to its tenant manager (1.322542ms)
✔ overdue tasks change day at Istanbul midnight, not three hours later at UTC midnight (1.48175ms)
✔ appointment reminders use tomorrow in Istanbul when UTC is still on the previous day (1.464042ms)
✔ tenant roles override global roles for document recipients (9.695875ms)
✔ missing membership role fails closed before any transport or stamp (0.757166ms)
✔ disabled task tenant never produces an email or a reservation (0.516125ms)
✔ unverifiable task module before stamping stops the email without consuming a reservation (1.196833ms)
✔ task module disabled after reservation is rechecked and reservation is rolled back before send (1.512333ms)
✔ unverifiable post-stamp module state releases the reservation and sends nothing (1.05325ms)
✔ calendar off before collection prevents sends (0.494583ms)
✔ calendar off after stamp prevents sends (1.00525ms)
✔ document pre-send gate removes contract-linked documents while retaining company documents (24.752833ms)
✔ document module closure after reservation prevents send and releases every reservation (45.265291ms)
✔ unverifiable document state before stamping sends nothing (3.227292ms)
✔ notification names resolve all referenced companies in bounded deduplicated chunks (1.114875ms)
✔ missing, truncated, duplicated or malformed company names fail instead of generating fallback mail (0.304ms)
✔ a company cannot be associated with two tenants or acknowledge a different tenant (0.230709ms)
✔ contract batch reads past limits and sends each contract only to its tenant and assigned partner (46.922625ms)
✔ contract batch stops before stamps on a late read failure or missing company name (9.424166ms)
✔ contract 30-day window opens at Istanbul midnight (7.331792ms)
✔ a shared email in another tenant does not hide an eligible profile; same-tenant duplicates still get one copy (36.135042ms)
✔ multi-workspace contracts use tenant roles for managers and assigned partners (16.4815ms)
✔ contract module off filters candidates before names and reservations (0.611166ms)
✔ missing contract config sends nothing and never consumes a stamp (0.4835ms)
✔ contract closure after stamp releases reservation; rollback failure=false (1.96475ms)
✔ contract closure after stamp releases reservation; rollback failure=true (9.627625ms)
✔ contract recipients page managers, preserve email-only eligibility and restrict partner assignments/roles (1.734959ms)
✔ contract recipient later page failure rejects instead of returning earlier managers (0.628792ms)
✔ expiry contract reader reaches the last candidate past the server cap without selecting unused columns (1.22975ms)
✔ contract read failure or incomplete later page rejects the entire candidate set (0.338583ms)
✔ membership paging reaches the last row even when server cap is lower than requested (7.530334ms)
✔ later page error, changing count, empty gap and duplicate rows discard the entire map (1ms)
✔ empty membership table is valid only with measured zero; thrown reads remain unavailable (0.184667ms)
✔ profile IDs are deduplicated and chunked without losing the last owner (1.167708ms)
✔ late error, count mismatch and unexpected or repeated profiles discard previous chunks (1.494208ms)
✔ missing profiles and contactless profiles are measured omissions, empty input does not query (0.248ms)
✔ company recipients still exclude a former partner after shared profile lookup (0.624167ms)
✔ role profile pagination includes the last eligible recipient and excludes missing contact (10.156292ms)
✔ role profile errors and unexpected roles never expose a partial recipient list (0.473541ms)
✔ notification reservation requires the expected acknowledgement; empty data is not already sent (1.437583ms)
✔ unique conflict remains an idempotent skip and DB failures expose only their code (0.174209ms)
✔ bounded matcher catches identity-like and Turkish mobile forms (1.138375ms)
✔ ordinary dates, times, amounts and long identifiers remain usable; limits explicit (0.228084ms)
✔ all four submission validators reject before calling a service (0.761708ms)
✔ historical conversation and pending command resolution remain readable (0.804458ms)
✔ validation errors are actionable without echoing private text (0.192209ms)
✔ one request may have three signs but request count is unique (37.700333ms)
✔ removed absence and cancelled demands do not create actions (0.863ms)
✔ future unknown does not count as outstanding but unfilled demand does (0.627792ms)
✔ due date uses snapshot Istanbul day across UTC midnight boundary (0.90675ms)
✔ wrong week or malformed snapshot never becomes clean checklist (0.682208ms)
✔ empty verified week and fully present request have no signs (0.8215ms)
✔ priority and search preserve overlap without summing people (0.974875ms)
✔ selected day only, including year boundary week (2.9115ms)
✔ query separates company locations and tenant workers (2.303ms)
✔ page preserves leading zero code and manual null code (0.270666ms)
✔ partial page, duplicate identity or wrong filter fails instead of showing clean data (0.228833ms)
✔ page beyond shrinking total is valid empty with true total (0.078292ms)
✔ worker shape cannot be mistaken for a company location (0.125625ms)
✔ activation keeps strict boolean and bounded expected revision (0.533375ms)
✔ activation response must identify exact change and revision (0.153833ms)
✔ 40 unique operation signatures generate the committed migration exactly (1.384417ms)
✔ schedule readers taking profile locks use write barrier; operations never require talent (0.191084ms)
✔ pilotError distinguishes module rejection from transport uncertainty (609.168333ms)
✔ fixedRosterError distinguishes module rejection from transport uncertainty (1.238792ms)
✔ workError distinguishes module rejection from transport uncertainty (12.999375ms)
✔ scheduleError distinguishes module rejection from transport uncertainty (19.602542ms)
✔ startError distinguishes module rejection from transport uncertainty (8.283417ms)
✔ command boundaries reject missing or invalid CAS, hash, bytes and filename (3.000458ms)
✔ receipt identity and terminal states cannot be borrowed or interpreted loosely (0.989584ms)
✔ invalid file is rejected before any RPC, including same-size different content (26.886959ms)
✔ lost upload response reconciles bytes before finish; same command retry returns receipt without Storage (4.622333ms)
✔ missing or mismatched Storage bytes cannot finish (4.388709ms)
✔ cancelled command never uploads; cancel-before-prepare uses full immutable command (4.519792ms)
✔ status distinguishes unknown transport, confirmed missing, malformed and published (0.332459ms)
✔ bounded multipart accepts a file above Server Action default and exactly 10 MiB (145.950792ms)
✔ body limit enforced on actual chunks despite missing or lying Content-Length (4.547167ms)
✔ malformed successful RPC data remains an unverifiable result, not invalid caller input (0.702125ms)
✔ fresh adapter after reload reuses persisted identity without storing form text (23.7055ms)
✔ canonical object key order is stable; changed payload and kind are distinct (7.009ms)
✔ different account and tenant never borrow identity (2.108375ms)
✔ concurrent tabs reserve a single identity through shared lock (1.854042ms)
✔ acknowledgment removes only confirmed command; next identical intent has new identity (1.695541ms)
✔ blocked read/write and missing locks reject without volatile fallback (1.416167ms)
✔ malformed stored records fail closed (2.092667ms)
✔ 50 pending limit preserves old identities and blocks new writes (20.506ms)
✔ failed acknowledgment retains original identity for safe retry (1.37125ms)
✔ reconciliation clears only terminal requested IDs; unknown and concurrent additions survive (2.018542ms)
✔ malformed, omitted, duplicate, foreign, and non-terminal-looking statuses preserve all pending identities (0.617792ms)
✔ reconciliation storage failure keeps recoverable identity (0.357125ms)
✔ read-only digest snapshot matches normalized intent without reserving or exposing payload (2.546ms)
✔ reload and concurrent tabs reuse identity without retaining financial text (6.356042ms)
✔ changed file or mapping cannot silently allocate a second command (0.758375ms)
✔ scope isolation; settlement clears only the proven command (1.012125ms)
✔ storage failure and corrupt records fail closed (1.427417ms)
✔ failed settlement retains original identity (1.061333ms)
✔ only explicit input rejection permits clearing recovery; network/replay uncertainty preserves it (0.487292ms)
✔ command payload allowlists fields and trims text (2.857ms)
✔ unknown commands including prototype properties are rejected (1.242958ms)
✔ request boundary, date and identity validation (0.867916ms)
✔ directory and assignment commands require their own fields (0.6245ms)
✔ null and nonboolean board data cannot become an empty or available board (0.259291ms)
✔ capacity and cancellation contradictions fail board validation (1.057542ms)
✔ capacity edit requires valid old and new counts and strips unrelated fields (0.231458ms)
✔ attendance requires exact status and nonnegative bounded revision (0.151ms)
✔ board cannot drop attendance or turn unknown into absence (0.24975ms)
✔ request context round trips without dropping day, scope, or encoded job (4.101958ms)
✔ malformed or duplicate context cannot initialize a placement journey (0.212834ms)
✔ new, repeated and corrected files remain distinct (11.512834ms)
✔ rejects other tenant/project/source/month and partial snapshots (0.261584ms)
✔ both copies are blocked; changed source identity cannot duplicate work (1.595417ms)
✔ missing is not zero; malformed dates and durations are blocked (0.555958ms)
✔ omitted rows remain visible without deletion; corrupt snapshots fail (0.192375ms)
✔ multiple slots are separate; leading zero codes are preserved (0.545208ms)
✔ preview rejects incomplete, duplicate, invalid duration or status rows (1.592333ms)
✔ people response rejects duplicate codes and malformed candidates (0.307ms)
✔ monthly report rejects incomplete, inconsistent or wrong-scope totals (0.735583ms)
✔ empty report is explicit and duration retains minutes (13.659792ms)
✔ UTF-8 CSV preserves codes and explicitly converts hours (1.069667ms)
✔ invalid encoding, duplicate columns, partial row fail (0.191875ms)
✔ blank/formula/day-text/fractional-minute/out-of-range never become zero (0.469084ms)
✔ wrong month, formula metadata and duplicate mapping block (0.183125ms)
✔ incomplete lists, duplicates and wrong tenant fail (0.782917ms)
✔ details reject impossible dates and incomplete child pages (1.400833ms)
✔ page offsets are bounded and aligned (0.19625ms)
✔ work details fail on missing pages, duplicates, wrong scope and invalid durations (0.766667ms)
✔ Excel dates and zero-padded codes survive extraction (3.644959ms)
✔ formulas remain flagged; merged, hidden-only and oversized sheets reject (0.780583ms)
✔ task rejects wrong company, tenant, invisible relation and read failure before insert (0.918792ms)
✔ task accepts same company/tenant relation and queries explicit scope (3.745458ms)
✔ task rejects company belonging to another tenant (0.137375ms)
✔ appointment rejects wrong company, tenant, invisible relation and read failure before insert (0.243042ms)
✔ appointment accepts same company/tenant relation and queries explicit scope (0.159458ms)
✔ appointment rejects company belonging to another tenant (0.084625ms)
✔ task appointment relation is independently validated before insert (0.115167ms)
✔ no relation requires no extra relation reads and preserves nullable IDs (0.141375ms)
✔ replacement search is Turkish-normalized and excludes booked, inactive and current worker (5.490708ms)
✔ selected available worker survives no matching search without inflating match count (0.142709ms)
✔ selection cannot bypass availability and does not duplicate a matched worker (0.1235ms)
✔ only an explicit scoped null latest is interpreted as no conversation (0.773291ms)
✔ transport error cannot become a zero revision snapshot (0.171084ms)
✔ latest revision and actor are validated before exposing the record (0.361584ms)
✔ write retains scope, command ID and revision; validates response against submitted command (0.360375ms)
✔ invalid input stops before RPC and write errors are preserved for reconciliation (0.157084ms)
✔ eleven-digit numeric codes are blocked without collecting or validating identity (0.716792ms)
✔ ordinary business codes, dates and UUIDs are not reclassified as identities (0.080333ms)
✔ spreadsheet row is held with field message and no accepted value (0.413458ms)
✔ database rejection is translated without echoing the input (0.108917ms)
✔ weekdays selected across year boundary and leap day (3.299833ms)
✔ range limit is inclusive 31 days; reverse, empty weekday and invalid calendar rejected (0.898375ms)
✔ payload normalization gives same dates and trimmed content for retry identity (1.352167ms)
✔ malformed or excessive payload never reaches writes (0.674875ms)
✔ removed preview days remain excluded from canonical payload (0.324084ms)
✔ batch result must contain exact count and distinct identities for the same command (2.90625ms)
✔ IDP period keeps original leave interval while excluding non-working preview days (1.064917ms)
✔ all routes prohibit framing and set browser safety headers without breaking scripts (29.453375ms)
✔ all valid module combinations intersect dashboard roles, without enabling dependent sections (21.872583ms)
✔ shared loader rejects malformed/foreign snapshots and transport errors (10.406708ms)
✔ page boundary never mounts business readers before validation; off, error and role denial remain distinct (71.44825ms)
✔ page boundary retries failed settings and ignores a response after unmount (4.012ms)
✔ actual completion form explicitly sends task true, unchecked false, and unavailable false (48.059333ms)
✔ failed completion preserves both result fields and shows a retryable error (11.438042ms)
✔ actual dashboard skips disabled queries/cards; independent tasks work without company lookup (110.207625ms)
✔ actual dashboard fetches enabled sections but never offers partner task access (65.024ms)
✔ late assignment skips prior checks and requires immediate call (1.302875ms)
✔ last recorded event wins, not scheduled offset (0.290958ms)
✔ past plan events cannot colour new plan (0.087833ms)
✔ claimed arrival remains unverified at start even if all calls recorded (0.179375ms)
✔ confirmation closes remaining calls without fabricating events; removal closes writes (0.09375ms)
✔ unknown or malformed call outcome fails closed instead of hiding required action (0.684875ms)
✔ all supported call results and extra call offset remain accepted (0.179625ms)
✔ daily attendance conflict directs the operator to reopen independent confirmation (0.225375ms)
✔ mobile next call suggests earliest due unrecorded step regardless of offset order (0.128167ms)
✔ mobile next call never reopens closed/confirmed work or fabricates scheduled checks (0.17675ms)
✔ known rejected command is removed only after terminal server closure (4.779791ms)
✔ previous commit wins over a later rejection; never claims not saved (0.517458ms)
✔ scope denial, unknown or malformed reconciliation preserve pending identity (0.911834ms)
✔ network, lock and unknown errors never automatically close a command (0.64275ms)
✔ storage failure after response keeps uncertainty rather than fake cleanup (0.356333ms)
✔ input, witness, replay and plan errors have useful distinct explanations (0.120791ms)
✔ zero assignments differs from zero outstanding tracking (1.608083ms)
✔ full count survives first-page/top-three rendering (0.686584ms)
✔ partial or wrong-scope response is not a healthy summary (0.209708ms)
✔ confirmed or closed record cannot become an outstanding item (0.128959ms)
✔ employee claim remains pending and lost responsibility is explicit (0.205084ms)
✔ tracking link preserves exact day and enables only explicit action filter (0.086375ms)
✔ tracking link preserves day and safely encodes worker search without enabling urgent filter (2.58375ms)
✔ missing name and invalid day cannot produce an unrelated tracking destination (0.218125ms)
✔ tracking preserves return company separately from the all-company query and chosen return day (0.255958ms)
✔ return navigation rejects malformed company and impossible dates without accepting arbitrary URLs (0.157292ms)
✔ future, due and overdue controls have distinct boundaries (0.580833ms)
✔ claimed arrival never confirms; start deadline escalates even after all calls (0.097125ms)
✔ cannot attend needs replacement; unreachable differs from absence (0.07525ms)
✔ verified arrival skips remaining controls, retains recorded outcomes (0.085042ms)
✔ removed assignment closes pending controls; invalid confirmation cannot green a row (0.168292ms)
✔ midnight arithmetic and malformed schedules (8.59525ms)
✔ onboarding access excludes operations while ordinary attachments remain available (0.578125ms)
✔ metadata rejects path names, oversized files, PDF photos and forged properties (3.034291ms)
✔ file signature is checked rather than trusting filename or browser MIME (0.173375ms)
✔ lost upload response survives reload and reuses its command without storing file contents (0.799042ms)
✔ upload references are isolated by actor, tenant, person, category and file fingerprint (0.148834ms)
✔ blocked, silently discarded or corrupted browser storage prevents starting a new command (0.146208ms)
✔ confirmation cannot clear a different command written by another tab (0.071834ms)
✔ upload recovery accepts duplicate status 400 or 409 and lost responses only after database confirmation (0.188083ms)
✔ a successful Storage response never substitutes for failed or non-boolean database confirmation (0.238958ms)
✔ confirmed reserve replay avoids uploading twice; malformed reserve never uploads (0.186083ms)
✔ two tabs reserve one upload command through the same exclusive lock (0.185083ms)
✔ missing or rejected cross-tab lock never allocates an upload reference (0.131833ms)
✔ attachment list distinguishes measured empty from missing or corrupt response (0.330375ms)
✔ attachment list rejects wrong person, duplicate IDs and malformed file metadata (0.205292ms)
✔ attachment list keeps the 51st pagination sentinel but rejects an unexpected oversized response (0.167625ms)
✔ confirmation and reservation use the same lock; a queued new command survives cleanup (0.17525ms)
✔ confirmation preserves recovery reference if cross-tab lock cannot be acquired (0.079375ms)
✔ cancel cleanup only clears matching command inside the same actor tenant and person (0.204333ms)
✔ explicit empty differs from missing, and every requested identity is accounted for (0.799084ms)
✔ reject wrong tenant, actor, timestamps and job-specific decline in general summary (0.178042ms)
✔ bound requests to one server page and accept empty page (0.418834ms)
✔ conversation captures an outcome without manufacturing availability or a placement (0.733917ms)
✔ declining a job requires that specific request; malformed values fail (0.198083ms)
✔ response belongs to requested tenant/person and contains a real server actor/time (0.228542ms)
✔ history rejects mixed people, duplicate ids and oversized responses (0.45575ms)
✔ hidden operation context retains the conversation outcome but cannot contain a live projection (0.136417ms)
✔ combined filters normalize without dropping constraints (0.684458ms)
✔ invalid ranges, malformed filters and null values fail validation (0.250084ms)
✔ demographics remain optional and omission is distinct from explicit clear (15.490541ms)
✔ server response must echo every applied filter (0.278542ms)
✔ availability requires date and state together; saved legacy filters remain valid (0.194917ms)
✔ person responses retain demographics through list, detail and edit validation (0.990959ms)
✔ callback view survives validation and saved searches; response cannot silently use all (9.726042ms)
✔ detail distinguishes unavailable staffing from no assignments and rejects contradictory data (0.240208ms)
✔ batch request preserves sparse physical row numbers and rejects malformed or duplicate decisions (199.020708ms)
✔ status must be complete and belong to the expected actor, company, batch and source (0.336917ms)
✔ terminal receipt and blocked codes cannot be coerced or accepted for another row (1.515166ms)
✔ services use scoped RPCs, validate inputs before calls, and never translate transport failures into success (13.269667ms)
✔ unknown recovery stays distinct from closed and rejects another scope or reference (1.193875ms)
✔ selected plan maps only approved fields and strips all held source information (12.160334ms)
✔ history requires a complete scoped page and valid pending counts (0.321209ms)
✔ result report includes each physical source row and distinguishes unsettled from saved (0.327542ms)
✔ comparison snapshot distinguishes measured empty from incomplete, malformed and foreign results (1.199917ms)
✔ read service sends only verified scope, not spreadsheet content, and validates response (0.706875ms)
✔ Turkish phone formats match but do not imply identity (0.836958ms)
✔ blank fields preserve existing data; new contacts are additive and old city conflicts visible (0.239667ms)
✔ name and contact matching different people requires review; never prefer one silently (0.158791ms)
✔ source issues remain blocking review even when no current match exists (0.126625ms)
✔ many ambiguous matches are bounded and explicitly labelled; file rows are never merged (0.593833ms)
✔ every source row is accounted for; no decision is guessed (2.105875ms)
✔ existing identity selection never accepts field changes by default (0.484625ms)
✔ source issues, unknown targets, illegal changes and matches cannot become new writes (0.3125ms)
✔ two source rows targeting one person require resolution even for unchanged rows (0.216208ms)
✔ new rows with normalized shared identity do not silently create duplicates (0.28975ms)
✔ new row conflicting with another row resulting contact is also blocked (0.167875ms)
✔ contact capacity and revision overflow cannot be hidden by review (0.181042ms)
✔ existing city-only import excludes rejected source name and contact values from the actual request (4.135042ms)
✔ selected email is retained, unchanged rows send only stored name, hold rows send no personal data (1.704333ms)
✔ suggestions are conservative, duplicates and branch city are not guessed (9.383875ms)
✔ calendar dates reject impossible days and ambiguous serials (0.26275ms)
✔ repeated names and shared phones retain all physical source rows without merging (1.2135ms)
✔ coverage statuses remain source history; invalid ranges and unmapped fields remain visible (0.309167ms)
✔ missing, overlapping and wrong-scope mappings are rejected (0.230667ms)
✔ real XLSX reader preserves hidden sheet, physical row numbers, dates and formula diagnostics (97.264417ms)
✔ CSV supports BOM CRLF quoted delimiters; bad encoding and renamed text fail (1.475917ms)
✔ worksheet extents cannot silently truncate oversized sources (4.095791ms)
✔ name-only source and unmapped formula can be explicitly prepared as new without merging (105.158084ms)
✔ mapped formula, error, invalid contact and missing name still block a new-person decision (3.936583ms)
✔ ten long emails fit the workbook cell budget without truncation; over-limit cells fail (4.213209ms)
✔ a large source is partitioned without losing or renumbering any source row (6.358167ms)
✔ duplicate targets across partition boundary are rejected before any part can be sent (0.392125ms)
✔ queue references reject corruption and duplicates instead of skipping parts (0.145708ms)
✔ local import receipt distinguishes absent, valid, malformed JSON and old shape (1.086542ms)
✔ blocked storage stays unavailable, is never treated as an empty receipt, and leaks no raw contents (0.165166ms)
✔ person receipt retry preserves command identity and distinguishes malformed and blocked storage (0.191875ms)
✔ resolved receipt removal failure preserves receipt and allows retry without leaking storage error (0.082334ms)
✔ reference preserves exact command and stores no person fields (1.856083ms)
✔ reference cannot recover into a different actor or tenant (0.2655ms)
✔ corrupt, old or unconfirmed references fail closed (0.110458ms)
✔ migration is exactly generated from 39 unique reviewed signatures and source bodies (1.359458ms)
✔ write guards come before original business statements; only worker preparation needs staffing (0.2065ms)
✔ known module denials are clear, while transport uncertainty remains distinct (0.239125ms)
✔ assignment projection migration is generated against the already gated body (4.242208ms)
✔ conversation module patch is generated against prior guarded bodies (3.05625ms)
✔ linked name gate uses the current guarded writer and gives an actionable message (1.600375ms)
✔ name-only records preserve unknown contacts, region and work type (1.126917ms)
✔ invalid contacts, hidden extra fields and unsupported work types are rejected (0.374125ms)
✔ page completeness, duplicate IDs, foreign scope and null RPC results fail closed (0.551333ms)
✔ recovery only confirms the expected person, command and revision (0.181083ms)
✔ UUID assignment displays the directory name even without legacy text (0.555ms)
✔ current directory name supersedes stale legacy text (0.09225ms)
✔ loading, failure and missing directory entry never claim unassigned (0.132417ms)
✔ blank profile name is still an assignment (0.054333ms)
✔ name-only rows are clearly marked as legacy (0.062209ms)
✔ only a row without UUID or legacy name says unassigned (0.061ms)
✔ claim sends expected scope and revision to the atomic gateway; display names are not trusted (0.996583ms)
✔ losing claim, inaccessible record and transport failure cannot report success (0.528375ms)
✔ claim and quick completion use one command rather than separate mutable role and tenant snapshots (0.291375ms)
✔ bad scope is rejected before a claim/completion command is sent (0.120833ms)
✔ module disabled, missing configuration and transport failure remain distinct from a lost claim (0.168625ms)
✔ links contain only the task UUID and round trip (0.642083ms)
✔ unrelated task-prefill parameters do not become a task link (0.081958ms)
✔ malformed, empty and duplicate IDs are rejected (0.17625ms)
✔ URL round trip carries only identifiers and date (2.824792ms)
✔ ordinary tasks page has no prefill; partial and duplicate context rejected (0.251791ms)
✔ reject malformed ids, impossible dates and unsupported date bounds (0.13625ms)
✔ prefill derives fresh name and title from server data, no assignee/source FK or deadline inferred (0.169125ms)
✔ missing company/request/location and mismatched day fail without fallback (0.220834ms)
✔ passive company and cancelled request cannot prepare a new followup (0.104041ms)
✔ inactive location may still need a followup on an existing active request (0.072792ms)
✔ invalid or missing revision fails before any raw request (0.753291ms)
✔ update filters exact loaded revision and returns new row (0.5145ms)
✔ zero rows is a conflict, transport/database error stays different (0.471667ms)
✔ history has an honest twenty-row limit and extra-row indicator (0.197792ms)
✔ command validates bounded unique integer revisions and canonical identities (19.430417ms)
✔ snapshot normalization removes ordering and presentation from command identity (0.138834ms)
✔ preview rejects silent omissions, duplicate rows, unsafe counts and wrong source (0.234833ms)
✔ directory allows unnamed departed source, never absent arrays or duplicate targets (0.179958ms)
✔ result must match exact command scope and moved count (0.118916ms)
✔ service writes one RPC and has no iterative task fallback (0.234958ms)
✔ invalid command fails before write and malformed successful response is uncertain (0.248166ms)
✔ transport error cannot be mislabeled as nonmember or conflict (0.325292ms)
✔ module rejection is definite but a transport error remains uncertain (0.181208ms)
✔ task screen requires verified actor, tenant, live role and complete module snapshot (1.264042ms)
✔ task company directory keeps narrow fields, ordered complete pagination and rejects wrong tenant (4.950416ms)
✔ context navigation needs an enabled source module; missing state never defaults to all links (1.463833ms)
✔ actual task form hides disabled company controls instead of calling the company list empty (9.143416ms)
✔ reverse formula rejects the historical negative-price case and below-baseline amounts (0.539625ms)
✔ every numeric input rejects negative and non-finite values (0.123709ms)
✔ zero markup is valid and markup is applied to cost, not sales margin (0.074917ms)
✔ form parser distinguishes missing required input from optional zero and rejects partial numeric strings (0.070916ms)
✔ hard dependencies are a DAG; unknown, duplicate and self edges are rejected (0.619125ms)
✔ talent, tasks and announcements stand alone; reporting and staffing do not require each other (0.486125ms)
✔ every one of the 1024 configurations is accepted iff all required dependencies are enabled (6.184875ms)
✔ partial, unknown, inherited and non-boolean module values never imply enabled (0.202916ms)
✔ context keeps bigint revisions exact and discards unrelated response fields (0.33475ms)
✔ actor/company/generation/role/protocol mismatches cannot supply a context (0.276167ms)
✔ all existing member roles retain their role without receiving new privileges (0.121541ms)
✔ an older response from another workspace is rejected and no RPC fallback runs (0.311542ms)
✔ one bounded RPC returns the whole snapshot, without a client-selected tenant argument (0.141417ms)
✔ migration catalog is generated from the same manifest, not a second hand-maintained graph (2.634959ms)
✔ cancelled presence remains actual; removed unknown is not outstanding (4.015708ms)
✔ no declarations cannot silently become zero attendance (0.588ms)
✔ duplicate or unmatched declarations fail verification (0.869333ms)
✔ same worker on different days counts separate person days (0.358417ms)
✔ absence total counts declarations, not unique people (0.108667ms)
✔ Monday week boundaries include Sunday, leap day, year and minimum date (2.963917ms)
✔ totals count person-days, exclude cancellations and retain unfilled requests (1.181875ms)
✔ empty verified plan is accepted; null and wrong company/week are not (0.646209ms)
✔ range, duplicate requests, capacity, missing staff and cancelled assignment contradictions fail closed (0.242334ms)
✔ same worker on separate days allowed, double booking or repeated assignment ID rejected (0.241167ms)
✔ CSV records scope/time and quotes delimiters, double quotes and embedded newlines (0.249917ms)
✔ CSV neutralizes formula prefixes including whitespace before formula (0.190709ms)
✔ CSV cancellations are opt-in and contribute zero active open (0.0855ms)
✔ overnight is explicit; break reduces actual work; invalid time never becomes an estimate (0.832ms)
✔ 24 hour limit and zero-length work are distinct; no automatic overnight guessing (0.102375ms)
✔ correction reason required and only valid scoped record can establish revision zero (0.940542ms)
✔ net totals and contiguous latest audit history must agree with the record (0.186416ms)
✔ receipt is matched to command, assignment, action and next revision (0.16175ms)
✔ invalid write fails before RPC; exact payload and errors are preserved (0.2525ms)
✔ company/day list rejects wrong scope, partial shape, duplicates and malformed totals (1.240625ms)
✔ latest 20 audit entries are accepted only in contiguous descending revision order (0.153ms)
✔ declared per-entry and aggregate expansion are bounded (0.527875ms)
✔ malformed directories, encryption, volume split and entry-count overflow fail (2.320333ms)
✔ preparation preserves identity and explicit work kind; normalizes code (0.838916ms)
✔ rejects malformed identities, revisions and unsupported work types (0.215ms)
✔ receipt must match command, person, next revision and real worker id (0.119875ms)
✔ five surplus staff in one location cannot cancel five missing in another (1.155542ms)
✔ zero target, fully staffed and empty sets remain distinct and nonnegative (0.108459ms)
✔ workspace identity follows server data and never a user-editable company name (0.945ms)
✔ missing, malformed and mismatched company or actor responses fail closed (0.326333ms)
✔ write target requires both the same actor and company (0.11875ms)
✔ RPC errors and null success never invent a company or return a stale identity (0.280458ms)
✔ company context request carries no caller-selected company and has a deadline (0.141625ms)
✔ UI company comes from verified workspace when getUser metadata lacks token-hook claims (0.108667ms)
✔ role and company are accepted together and user metadata cannot supply authority (0.15075ms)
✔ invitation parsing fails closed and excludes server extras (0.938792ms)
✔ token has 256 random bits and transport failure is not labelled invalid invitation (0.769ms)
✔ setup accepts measured zeros but rejects unavailable/wrong-scope response (1.415209ms)
✔ setup rejects coerced, missing, negative or unsafe counts and invalid calendar dates (0.151958ms)
ℹ tests 629
ℹ suites 0
ℹ pass 629
ℹ fail 0
ℹ cancelled 0
ℹ skipped 0
ℹ todo 0
ℹ duration_ms 18251.381333
