✔ talent_people_page rejects disabled talent before its business body (183.445125ms)
✔ talent_person_detail rejects disabled talent before its business body (1.757959ms)
✔ talent_save_person rejects disabled talent before its business body (1.878666ms)
✔ talent_resolve_person_command rejects disabled talent before its business body (1.5115ms)
✔ talent_compare_snapshot rejects disabled talent before its business body (1.750709ms)
✔ talent_import_status rejects disabled talent before its business body (1.409459ms)
✔ talent_import_prepare rejects disabled talent before its business body (2.289875ms)
✔ talent_import_apply_row rejects disabled talent before its business body (1.5405ms)
✔ talent_import_cancel rejects disabled talent before its business body (1.217125ms)
✔ talent_import_recover rejects disabled talent before its business body (1.324584ms)
✔ talent_import_close rejects disabled talent before its business body (1.123958ms)
✔ talent_import_history rejects disabled talent before its business body (1.230875ms)
✔ talent_conversation_save rejects disabled talent before its business body (1.132833ms)
✔ talent_attachment_reserve rejects disabled talent before its business body (1.220625ms)
✔ talent_attachment_finish rejects disabled talent before its business body (1.172667ms)
✔ talent_attachment_list rejects disabled talent before its business body (1.327292ms)
✔ talent_attachment_pending rejects disabled talent before its business body (1.144125ms)
✔ talent_attachment_cancel rejects disabled talent before its business body (1.428958ms)
✔ talent_availability_read rejects disabled talent before its business body (1.219709ms)
✔ talent_availability_save rejects disabled talent before its business body (1.645542ms)
✔ talent_prepare_worker rejects disabled talent before its business body (1.340416ms)
✔ talent_match_source rejects disabled talent before its business body (1.264666ms)
✔ talent_work_copy_page rejects disabled talent before its business body (1.325542ms)
✔ talent_import_change_review rejects disabled talent before its business body (1.259833ms)
✔ talent_import_undo_update rejects disabled talent before its business body (1.374792ms)
✔ talent_merge_review rejects disabled talent before its business body (1.506708ms)
✔ talent_merge_apply rejects disabled talent before its business body (1.382375ms)
✔ talent_merge_resolve rejects disabled talent before its business body (1.219625ms)
✔ talent_merged_availability rejects disabled talent before its business body (1.353125ms)
✔ talent_contact_summaries rejects disabled talent before its business body (2.075416ms)
✔ talent_shared_views_read rejects disabled talent before its business body (1.271333ms)
✔ talent_shared_view_create rejects disabled talent before its business body (1.316333ms)
✔ talent_shared_view_archive rejects disabled talent before its business body (1.262959ms)
✔ talent_call_lists_read rejects disabled talent before its business body (1.139334ms)
✔ talent_call_list_create rejects disabled talent before its business body (1.411167ms)
✔ talent_call_list_archive rejects disabled talent before its business body (1.263208ms)
✔ talent_call_list_edit rejects disabled talent before its business body (1.215291ms)
✔ talent_conversation_list rejects disabled talent before its business body (1.19675ms)
✔ talent_call_list_people rejects disabled talent before its business body (1.128959ms)
✔ all patched bodies preserve their original statements and acquire config before original locks (6.231375ms)
✔ neutral identity scope still serves operations when talent is off (0.952042ms)
✔ enabled read executes the actual saved-view body and returns only the selected tenant (1.620792ms)
✔ actor spoof, foreign tenant and missing membership fail before business reads (1.652167ms)
✔ prepare-worker requires staffing as well as talent (1.244667ms)
✔ anonymous and service cannot execute any patched entry, including internal read helper (10.585375ms)
✔ write after waiting on settings lock observes committed disabled state (13.27425ms)
✔ last-body drift rolls back every earlier patch and helper creation (14.886292ms)
✔ exposed internal aliases stop migration instead of leaving a bypass (7.118917ms)
✔ a newly exposed actor-scoped overload requires review (9.0685ms)
✔ attachment policy helper denies downloads and new uploads when talent is off (3.975791ms)
✔ attachment access retains tenant owner ready and onboarding rules (3.494542ms)
✔ enabled write executes original archive operation without losing authorization (1.931708ms)
✔ actual person detail withholds assignments when staffing is off and restores them when on (12.112833ms)
✔ assignment projection rejects an unexpected source body without changing it (1.283333ms)
✔ conversation history retains order and job outcome without querying disabled operation context (7.752709ms)
✔ disabled staffing blocks new request conversations but permits general notes and their retry (5.430292ms)
✔ conversation patch preserves metadata and rolls back the first patch if the second source drifts (3.470625ms)
✔ closed staffing permits linked contact/location edits but rejects name sync atomically (12.091625ms)
✔ unlinked and new people can still change names with staffing disabled (6.983208ms)
ℹ tests 59
ℹ suites 0
ℹ pass 59
ℹ fail 0
ℹ cancelled 0
ℹ skipped 0
ℹ todo 0
ℹ duration_ms 480.232417
