Task gateway synthetic PostgreSQL: 17.10
✔ company-free task creation derives creator and assignee label, then revision advances on edit (1852.839292ms)
✔ authenticated cannot bypass gateway with direct DML or call private lock helper (125.4795ms)
✔ missing or disabled module configuration blocks mutation, disabled tasks hide table and history reads (282.187625ms)
✔ all six live roles: only manager, operations and HR can create (564.696042ms)
✔ HR cannot reassign and non-owner quick completion cannot masquerade as manager (514.844ms)
✔ forged fields, invalid dates/types, foreign relations and stale revisions are rejected (575.888291ms)
✔ foreign task, mismatched expected actor/tenant and nonmember assignee fail (121.102125ms)
✔ linked creation requires the source module while independent tasks remain available (15.245ms)
✔ two simultaneous claims have exactly one winner and one assignment event (124.862667ms)
✔ config change winning the lock makes a waiting write see disabled state after commit (77.362ms)
✔ a writing transaction holds its configuration barrier until commit; independent writers share it (88.822084ms)
✔ role revoked while waiting for the profile lock is rechecked after the lock (55.4505ms)
✔ passive company rejects new work; HR cannot use an unreadable contract or appointment (24.636417ms)
✔ repeatable-read writes are refused rather than using a stale post-lock snapshot (5.536208ms)
✔ contract removes an explicit column-level write grant as well as table grants (5.512292ms)
✔ inherited write privilege drift aborts contract migration instead of leaving a bypass (32.834834ms)
✔ task transfer supports independent tasks, live membership roles and idempotent replay (37.746333ms)
✔ disabled task module rejects all three workflow mutations including receipt replays (81.573ms)
✔ calendar completion without a follow-up works with tasks off, but calendar off rejects it (18.281167ms)
✔ failed appointment task request does not complete the appointment or leave a receipt (25.050834ms)
✔ definer reads obey module gates and hide company projection when only tasks remain enabled (113.209125ms)
✔ dashboard activity excludes each disabled source without suppressing enabled task activity (174.821542ms)
✔ config barrier is first for every workflow and waiting commands see the newly disabled module (262.614375ms)
✔ workflow role and cross-tenant restrictions remain intact (30.400708ms)
✔ service-only task notification RPC filters disabled tenants and refuses incomplete config (39.660041ms)
✔ shared configuration validator preserves scope, completeness and dependency failures (9.469959ms)
✔ workflow patch aborts on unexpected function definition rather than silently skipping a guard (11.901208ms)
Synthetic module DB: 17.10
✔ existing tenants get exactly ten enabled settings and one truthful bootstrap receipt each (580.78125ms)
✔ new tenant provisioning initializes all ten rows in the same transaction; rollback leaves nothing (8.179291ms)
✔ authenticated response is scoped to live membership, preserves role and bigint precision (20.56025ms)
✔ all configuration tables deny direct reads and writes to anon/authenticated/service_role (32.570208ms)
✔ only authenticated can execute the public reader; internal bootstrap and catalog have no client grants (22.00625ms)
✔ no session, foreign tenant claim and removed membership fail closed (9.812042ms)
✔ stale workspace selection and stale membership generations are rejected by the real scope functions (28.973125ms)
✔ missing config, missing key and broken hard dependencies do not return an all-enabled fallback (24.754417ms)
✔ disabled independent module is represented as disabled without changing another tenant (25.205166ms)
✔ unknown/duplicate module keys, invalid revision and bootstrap reset are rejected (46.560541ms)
✔ tenant insert and migration serialize in both orders; timeout rolls back all new tables (1130.24775ms)
ℹ tests 38
ℹ suites 0
ℹ pass 38
ℹ fail 0
ℹ cancelled 0
ℹ skipped 0
ℹ todo 0
ℹ duration_ms 9411.718166
