Synthetic finance DB: 17.10
✔ finance AND policies retain role and tenant filtering while enabled (1394.100708ms)
✔ closed finance hides all three tables without deleting records (109.91525ms)
✔ atomic import still writes and replays the same receipt once when enabled (97.557667ms)
✔ closed finance rejects both new import and old replay before any write (38.578083ms)
✔ wrong role, foreign company and stale claimed tenant remain rejected (28.253709ms)
✔ malformed module configuration and stronger isolation fail closed (8.333708ms)
✔ anon, authenticated and bypassrls service cannot mutate directly or call retired RPCs (31.387625ms)
✔ config change wins: import waits before profile lock then observes disabled state (170.435334ms)
✔ import wins: config update waits for full import transaction (290.195208ms)
✔ migration revokes direct column privileges as well as table privileges (41.0385ms)
✔ migration aborts on inherited write privileges (34.798291ms)
✔ migration aborts on command body drift (12.630958ms)
✔ migration aborts on a callable same-name overload (35.481917ms)
Task gateway synthetic PostgreSQL: 17.10
✔ company-free task creation derives creator and assignee label, then revision advances on edit (1772.047291ms)
✔ authenticated cannot bypass gateway with direct DML or call private lock helper (94.466583ms)
✔ missing or disabled module configuration blocks mutation, disabled tasks hide table and history reads (107.982791ms)
✔ all six live roles: only manager, operations and HR can create (457.335416ms)
✔ HR cannot reassign and non-owner quick completion cannot masquerade as manager (191.793625ms)
✔ forged fields, invalid dates/types, foreign relations and stale revisions are rejected (249.74075ms)
✔ foreign task, mismatched expected actor/tenant and nonmember assignee fail (126.818292ms)
✔ linked creation requires the source module while independent tasks remain available (57.52175ms)
✔ two simultaneous claims have exactly one winner and one assignment event (225.799083ms)
✔ config change winning the lock makes a waiting write see disabled state after commit (108.520958ms)
✔ a writing transaction holds its configuration barrier until commit; independent writers share it (210.703958ms)
✔ role revoked while waiting for the profile lock is rechecked after the lock (150.012542ms)
✔ passive company rejects new work; HR cannot use an unreadable contract or appointment (53.424791ms)
✔ repeatable-read writes are refused rather than using a stale post-lock snapshot (3.097292ms)
✔ contract removes an explicit column-level write grant as well as table grants (7.619334ms)
✔ inherited write privilege drift aborts contract migration instead of leaving a bypass (18.352417ms)
✔ task transfer supports independent tasks, live membership roles and idempotent replay (164.763042ms)
✔ disabled task module rejects all three workflow mutations including receipt replays (261.934792ms)
✔ calendar completion without a follow-up works with tasks off, but calendar off rejects it (131.290959ms)
✔ failed appointment task request does not complete the appointment or leave a receipt (67.819375ms)
✔ definer reads obey module gates and hide company projection when only tasks remain enabled (139.089416ms)
✔ dashboard activity excludes each disabled source without suppressing enabled task activity (161.369458ms)
✔ config barrier is first for every workflow and waiting commands see the newly disabled module (301.467542ms)
✔ workflow role and cross-tenant restrictions remain intact (70.101917ms)
✔ service-only task notification RPC filters disabled tenants and refuses incomplete config (846.899875ms)
✔ shared configuration validator preserves scope, completeness and dependency failures (37.886625ms)
✔ workflow patch aborts on unexpected function definition rather than silently skipping a guard (22.389292ms)
✔ task company projection returns only display columns and retains tenant, module, role and company RLS (277.462417ms)
✔ parent hard deletion cannot delete task history or detach task context, even with tasks disabled (420.868542ms)
✔ unreferenced parent deletion and deactivation remain possible; schema drift aborts the preservation migration (46.864083ms)
✔ parent deletion waiting behind a new task cannot erase that task after its commit (244.715709ms)
Synthetic module DB: 17.10
✔ existing tenants get exactly ten enabled settings and one truthful bootstrap receipt each (1341.129ms)
✔ new tenant provisioning initializes all ten rows in the same transaction; rollback leaves nothing (27.193667ms)
✔ authenticated response is scoped to live membership, preserves role and bigint precision (160.277875ms)
✔ all configuration tables deny direct reads and writes to anon/authenticated/service_role (45.447875ms)
✔ only authenticated can execute the public reader; internal bootstrap and catalog have no client grants (14.48275ms)
✔ no session, foreign tenant claim and removed membership fail closed (12.665042ms)
✔ stale workspace selection and stale membership generations are rejected by the real scope functions (122.910666ms)
✔ missing config, missing key and broken hard dependencies do not return an all-enabled fallback (41.630541ms)
✔ disabled independent module is represented as disabled without changing another tenant (6.843166ms)
✔ unknown/duplicate module keys, invalid revision and bootstrap reset are rejected (75.902417ms)
✔ tenant insert and migration serialize in both orders; timeout rolls back all new tables (1482.097209ms)
ℹ tests 55
ℹ suites 0
ℹ pass 55
ℹ fail 0
ℹ cancelled 0
ℹ skipped 0
ℹ todo 0
ℹ duration_ms 15713.479917
