Synthetic company commands DB: 17.10
✔ create assigns verified tenant/actor and normalizes defaults without client DML privileges (581.51475ms)
✔ CSV status/risk values survive the same creation command (20.545ms)
✔ status command changes only status and a repeat does not trigger another update (31.502125ms)
✔ wrong actor, tenant, role and foreign company cannot write (64.264708ms)
✔ input keys, types, empty names and unsupported status values are rejected (190.514834ms)
✔ closed customers rejects both creation and status changes; malformed config fails closed (47.7265ms)
✔ stale membership and repeatable read do not execute commands (14.124667ms)
✔ anon and service role cannot execute the company command (19.854333ms)
✔ config writer wins: command waits before profile lock then sees disabled customers (104.278417ms)
✔ company command wins: config updater waits until full business transaction ends (64.3495ms)
✔ role is rechecked after waiting for membership profile lock (54.900084ms)
Synthetic contact commands DB: 17.10
✔ operations patches only supplied fields; absent email remains current (524.908916ms)
✔ empty channels, empty patch, injected name and malformed payload are rejected (59.047333ms)
✔ manager deletes exactly the company-bound contact; repeated delete fails (20.945583ms)
✔ operations cannot delete/import; other roles cannot patch (122.728416ms)
✔ wrong company, tenant, actor and foreign-company import are rejected (178.512667ms)
✔ CSV preserves the existing primary and rejects duplicate primary instead of demoting (310.225166ms)
✔ CSV has the same five-contact limit and passive-company guard (131.379375ms)
✔ effective contact DML is gone for app roles; legacy manager create/full edit still works (76.930917ms)
✔ disabled customer module blocks every new action (247.34ms)
✔ configuration lock comes before profile; waiting command sees committed module closure (533.985167ms)
✔ role is rechecked after a blocked profile lock (65.929375ms)
✔ cutover refuses inherited column UPDATE grants (13.248333ms)
✔ concurrent partial edits merge against the locked row, not a stale client snapshot (179.729333ms)
Synthetic customers DB: 17.10
✔ customer read gates preserve repository role policy matrix (2265.008125ms)
✔ customer reads retain tenant identity and never leak a foreign contact (162.109792ms)
✔ closed customer module hides all three sets and task company choices without deleting records (114.045959ms)
✔ closing tenant A leaves tenant B customer reads unchanged (38.911167ms)
✔ a stale claim after membership removal returns no customer data (26.453875ms)
✔ missing config and invalid dependency snapshots do not become enabled (84.75975ms)
✔ a permissive policy cannot OR around the module read fence (134.7055ms)
✔ migration aborts if any target RLS is disabled and rolls back prior policy work (103.958041ms)
Synthetic notes/contact DB: 17.10
✔ manager, operations and HR can create notes; author is resolved from the profile (1581.002167ms)
✔ other roles cannot create, edit, pin or delete notes (50.178667ms)
✔ operations and HR can edit only their own notes and cannot pin/delete (421.826792ms)
✔ manager can pin and delete; missing targets never report a successful mutation (57.1765ms)
✔ even manager cannot edit a note through a different same-tenant company (110.996875ms)
✔ forged author, pin-at-create, invalid tags and blank/non-string content are rejected (79.038875ms)
✔ passive companies retain note creation but reject new contacts (36.813125ms)
✔ company/note direct writes are revoked, while both note and legacy contact commands still work (140.151667ms)
✔ legacy full contact command preserves atomic primary selection and max five limit after cutover (259.355ms)
✔ legacy contact command rejects other roles and foreign targets (69.163959ms)
✔ disabled module blocks note and contact commands, including the unchanged legacy signature (155.2295ms)
✔ config change wins: note and contact wait before profile locks and see disabled state (167.990792ms)
✔ note transaction holds the configuration lock until transaction completion (165.562208ms)
✔ contact definer conversion rejects body drift instead of elevating altered code (10.934834ms)
✔ write cutover rejects inherited table privileges (11.8055ms)
✔ existing authenticated CSV contact insert remains compatible after company UPDATE is revoked (41.232583ms)
✔ role is rechecked after the profile lock for both contact and note writers (408.420084ms)
✔ blank profile names are rejected instead of inventing a note author label (40.661041ms)
✔ only service role can execute the two notification projections (1381.882083ms)
✔ a company cannot resolve through another tenant, even for the service role (6.347125ms)
✔ module-specific disabling is isolated between tenants and blocks the corresponding names (21.196083ms)
✔ turning customers off with dependent modules off prevents either company projection (17.464791ms)
✔ incomplete settings and broken dependencies raise errors rather than enabled or disabled defaults (12.225792ms)
✔ invalid modules, excessive and null tenant arrays are rejected (12.654959ms)
✔ company arrays must be bounded, unique and pairwise complete (21.617084ms)
✔ unknown tenant configuration and missing company fail closed (6.286834ms)
Synthetic finance DB: 17.10
✔ finance AND policies retain role and tenant filtering while enabled (1710.780291ms)
✔ closed finance hides all three tables without deleting records (15.075083ms)
✔ atomic import still writes and replays the same receipt once when enabled (50.13725ms)
✔ closed finance rejects both new import and old replay before any write (24.965083ms)
✔ wrong role, foreign company and stale claimed tenant remain rejected (89.345792ms)
✔ malformed module configuration and stronger isolation fail closed (128.499291ms)
✔ anon, authenticated and bypassrls service cannot mutate directly or call retired RPCs (95.914375ms)
✔ config change wins: import waits before profile lock then observes disabled state (196.724917ms)
✔ import wins: config update waits for full import transaction (215.785917ms)
✔ migration revokes direct column privileges as well as table privileges (45.190333ms)
✔ migration aborts on inherited write privileges (18.732083ms)
✔ migration aborts on command body drift (17.462667ms)
✔ migration aborts on a callable same-name overload (32.766958ms)
Task gateway synthetic PostgreSQL: 17.10
✔ company-free task creation derives creator and assignee label, then revision advances on edit (2509.674375ms)
✔ authenticated cannot bypass gateway with direct DML or call private lock helper (61.527ms)
✔ missing or disabled module configuration blocks mutation, disabled tasks hide table and history reads (226.076333ms)
✔ all six live roles: only manager, operations and HR can create (176.57175ms)
✔ HR cannot reassign and non-owner quick completion cannot masquerade as manager (140.613792ms)
✔ forged fields, invalid dates/types, foreign relations and stale revisions are rejected (368.521208ms)
✔ foreign task, mismatched expected actor/tenant and nonmember assignee fail (220.813875ms)
✔ linked creation requires the source module while independent tasks remain available (12.049208ms)
✔ two simultaneous claims have exactly one winner and one assignment event (258.926625ms)
✔ config change winning the lock makes a waiting write see disabled state after commit (238.926792ms)
✔ a writing transaction holds its configuration barrier until commit; independent writers share it (228.865ms)
✔ role revoked while waiting for the profile lock is rechecked after the lock (81.118417ms)
✔ passive company rejects new work; HR cannot use an unreadable contract or appointment (157.030375ms)
✔ repeatable-read writes are refused rather than using a stale post-lock snapshot (5.766541ms)
✔ contract removes an explicit column-level write grant as well as table grants (5.42625ms)
✔ inherited write privilege drift aborts contract migration instead of leaving a bypass (7.060708ms)
✔ task transfer supports independent tasks, live membership roles and idempotent replay (179.719375ms)
✔ disabled task module rejects all three workflow mutations including receipt replays (250.805708ms)
✔ calendar completion without a follow-up works with tasks off, but calendar off rejects it (174.185ms)
✔ failed appointment task request does not complete the appointment or leave a receipt (97.768083ms)
✔ definer reads obey module gates and hide company projection when only tasks remain enabled (192.548125ms)
✔ dashboard activity excludes each disabled source without suppressing enabled task activity (320.558834ms)
✔ config barrier is first for every workflow and waiting commands see the newly disabled module (815.235ms)
✔ workflow role and cross-tenant restrictions remain intact (239.204875ms)
✔ service-only task notification RPC filters disabled tenants and refuses incomplete config (102.4ms)
✔ shared configuration validator preserves scope, completeness and dependency failures (12.553417ms)
✔ workflow patch aborts on unexpected function definition rather than silently skipping a guard (21.827917ms)
✔ task company projection returns only display columns and retains tenant, module, role and company RLS (364.478792ms)
✔ parent hard deletion cannot delete task history or detach task context, even with tasks disabled (335.3215ms)
✔ unreferenced parent deletion and deactivation remain possible; schema drift aborts the preservation migration (19.939459ms)
✔ parent deletion waiting behind a new task cannot erase that task after its commit (102.48375ms)
Synthetic module DB: 17.10
✔ existing tenants get exactly ten enabled settings and one truthful bootstrap receipt each (1522.803375ms)
✔ new tenant provisioning initializes all ten rows in the same transaction; rollback leaves nothing (47.176958ms)
✔ authenticated response is scoped to live membership, preserves role and bigint precision (24.482666ms)
✔ all configuration tables deny direct reads and writes to anon/authenticated/service_role (31.892541ms)
✔ only authenticated can execute the public reader; internal bootstrap and catalog have no client grants (10.695084ms)
✔ no session, foreign tenant claim and removed membership fail closed (26.468125ms)
✔ stale workspace selection and stale membership generations are rejected by the real scope functions (68.800042ms)
✔ missing config, missing key and broken hard dependencies do not return an all-enabled fallback (12.858416ms)
✔ disabled independent module is represented as disabled without changing another tenant (8.635916ms)
✔ unknown/duplicate module keys, invalid revision and bootstrap reset are rejected (6.457167ms)
✔ tenant insert and migration serialize in both orders; timeout rolls back all new tables (1855.405791ms)
ℹ tests 113
ℹ suites 0
ℹ pass 113
ℹ fail 0
ℹ cancelled 0
ℹ skipped 0
ℹ todo 0
ℹ duration_ms 32581.719458
