
> bps@0.1.0 qa:release
> npm run qa:test-inventory && npm run qa:unit && npm run qa:operations && npm run qa:static && tsc --noEmit && npm run build


> bps@0.1.0 qa:test-inventory
> node scripts/qa-test-suite.mjs inventory

application: 111 files
database: 13 files
pending: 7 files

> bps@0.1.0 qa:unit
> node scripts/qa-unit.mjs

BPS QA Unit — saf fonksiyon regresyonları

isIsoDate  (kaynak: src/lib/calendar-date.ts)
  PASS "2026-08-27"   → true
  PASS "2024-02-29"   → true
  PASS "2026-02-30"   → false
  PASS "2025-02-29"   → false
  PASS "2026-13-01"   → false
  PASS "2026-00-10"   → false
  PASS "27.08.2026"   → false
  PASS "2026-8-27"    → false
  PASS ""             → false
  PASS null           → false
  PASS undefined      → false
  PASS "bugün"        → false

safeThrown  (kaynak: src/lib/email/safe-error.ts)
  PASS Error          → thrown=Error
  PASS leak@example.c → thrown=Error
  PASS TypeError      → thrown=TypeError
  PASS RangeError     → thrown=RangeError
  PASS "düz metin"    → thrown=unknown
  PASS {"name":"leak@ → thrown=unknown
  PASS null           → thrown=unknown

safe-error.ts serbest metin okumuyor mu
  PASS /err\.name/            okunmuyor
  PASS /constructor\.name/    okunmuyor
  PASS /error\.message/       okunmuyor
  PASS /result\.error\b/      okunmuyor

19 vaka + 4 statik kontrol · 0 FAIL
qa:unit PASS

> bps@0.1.0 qa:operations
> node scripts/qa-test-suite.mjs application

application: 111 files
database: 13 files
pending: 7 files
Pending feature tests are NOT part of the passed application coverage.
✔ calendar follows Istanbul day across UTC midnight and year rollover (220.18825ms)
✔ agenda groups civil dates, sorts unknown time last, retains cancelled entries, never mutates source (17.94225ms)
✔ truncated or uncounted appointment response cannot render a falsely empty calendar (28.870542ms)
✔ bounded completion input is normalized; nonboolean cannot request a task (10.321208ms)
✔ completion result must identify exact appointment and valid task/skip combination (2.38975ms)
✔ service uses one scoped RPC with no sequential table fallback (1.968458ms)
✔ transport failure is unverifiable, not already completed or unauthorized (1.73525ms)
✔ scope and invalid input fail before calling RPC (0.623ms)
✔ status-only service cannot recreate split completion path (0.443333ms)
✔ links contain only the appointment UUID and round trip (3.377625ms)
✔ unrelated query parameters do not become an appointment link (0.525667ms)
✔ malformed, empty and duplicate IDs are rejected (2.694125ms)
✔ attendance actions retain exact record and revision, undo appears only after a report (24.523333ms)
✔ future dates and read-only/busy state disable every action including undo (1.811458ms)
✔ contract days follow Istanbul midnight and preserve today/expired semantics (3.136917ms)
✔ missing, malformed and impossible contract dates never turn into a plausible remaining-day count (0.356ms)
✔ actual company service enables candidate and active only, preserves input CRM statuses (7.5055ms)
✔ company directory failures are not presented as empty success (19.677667ms)
✔ existing insert helper uses one scoped RPC with explicit actor, tenant and allowed business fields (7.074375ms)
✔ missing identity and protected input fields stop before a write (3.257458ms)
✔ transport uncertainty, empty and wrong-scope responses never become success or automatic retries (1.832541ms)
✔ module and input rejections use actionable messages (0.437166ms)
✔ company import retains confirmed rows then stops on uncertain or disabled writes (1.006333ms)
✔ status helper verifies returned target and requested status (3.307459ms)
✔ both status server actions use verified tenant and shared command with no direct writes (495.72825ms)
✔ status actions reject invalid identity and missing targets instead of reporting success (365.090292ms)
✔ company tabs intersect valid module states and current repository roles (207.443791ms)
✔ company finance reader uses exact tenant/company and distinguishes absent, failed and malformed responses (9.492292ms)
✔ company document reader filters contract files on every page before download and rejects an escaped row (1.674875ms)
✔ actual company page skips closed module readers and falls back from a stale saved tab (2361.973542ms)
✔ actual company role gates match financial and workforce readers without healthy empty cards (3979.777083ms)
✔ actual finance error is not rendered as no data or no payment follow-up (1198.914583ms)
✔ company document screen passes closed-contract predicate and offers standalone upload (1253.830917ms)
✔ extracted upload form hides disabled contract selector and preserves standalone file payload (225.308375ms)
✔ late financial response after company unmount cannot populate the old view (1325.40175ms)
✔ upload keeps its file but requires explicit clearing of a contract that becomes disabled (112.669541ms)
✔ status source contract accepts both actual command routes (475.828584ms)
✔ status source contract rejects extra payload fields and wrong status literal (103.04375ms)
✔ status source contract rejects direct DML beside the helper and rerouted import (165.87225ms)
✔ status source contract rejects missing source, malformed syntax and a changed execute target (151.390584ms)
✔ 1001 rows require three bounded requests; no clipping or redundant empty request (297.449417ms)
✔ empty and exact page boundary terminate without an extra read (55.336458ms)
✔ second-page failures never return the first page as a complete list (297.603625ms)
✔ invalid identities, malformed totals and over-budget lists fail on first request (85.959875ms)
✔ selectAllCriticalDates retains scope, exact count and unique ordering on all pages (20.244209ms)
✔ selectAllWorkforceSummaries retains scope, exact count and unique ordering on all pages (18.635ms)
✔ selectWorkforceSummariesByCompanyIds retains scope, exact count and unique ordering on all pages (12.995542ms)
✔ selectAllTasks retains scope, exact count and unique ordering on all pages (9.20925ms)
✔ selectTasksByCompanyId retains scope, exact count and unique ordering on all pages (1.306041ms)
✔ selectTasksByContractId retains scope, exact count and unique ordering on all pages (4.306542ms)
✔ selectTasksByAppointmentId retains scope, exact count and unique ordering on all pages (2.61775ms)
✔ selectAllAppointments retains scope, exact count and unique ordering on all pages (28.01075ms)
✔ selectAppointmentsByCompanyId retains scope, exact count and unique ordering on all pages (3.995916ms)
✔ selectAppointmentsByContractId retains scope, exact count and unique ordering on all pages (1.216125ms)
✔ selectAppointmentsByCompanyIds retains scope, exact count and unique ordering on all pages (4.323ms)
✔ selectAllContracts retains scope, exact count and unique ordering on all pages (9.392916ms)
✔ selectContractsByCompanyId retains scope, exact count and unique ordering on all pages (4.94875ms)
✔ selectNotesByCompanyId retains scope, exact count and unique ordering on all pages (0.991458ms)
✔ getActiveContractCountsByCompanyIds retains scope, exact count and unique ordering on all pages (7.204792ms)
✔ real Supabase query builder sends bounded offsets, stable order and exact count (656.810167ms)
✔ deadline expiry stops before the next page (4.540541ms)
✔ selectNotesByCompanyId rejects clipped, null-count and failed results (18.686875ms)
✔ selectAllContracts rejects clipped, null-count and failed results (4.068833ms)
✔ selectContractsByCompanyId rejects clipped, null-count and failed results (15.78125ms)
✔ getActiveContractCountsByCompanyIds rejects clipped, null-count and failed results (12.5815ms)
✔ selectAllCriticalDates rejects clipped, null-count and failed results (0.865542ms)
✔ selectAllAppointments rejects clipped, null-count and failed results (0.444084ms)
✔ selectAppointmentsByCompanyId rejects clipped, null-count and failed results (3.607959ms)
✔ selectAppointmentsByContractId rejects clipped, null-count and failed results (13.446958ms)
✔ selectAppointmentsByCompanyIds rejects clipped, null-count and failed results (0.748334ms)
✔ selectAllWorkforceSummaries rejects clipped, null-count and failed results (5.40025ms)
✔ selectWorkforceSummariesByCompanyIds rejects clipped, null-count and failed results (5.295834ms)
✔ selectTasksByCompanyId rejects clipped, null-count and failed results (3.319542ms)
✔ selectAllTasks rejects clipped, null-count and failed results (0.48275ms)
✔ selectTasksByContractId rejects clipped, null-count and failed results (1.970084ms)
✔ selectTasksByAppointmentId rejects clipped, null-count and failed results (0.396667ms)
✔ active counts retain repeated company IDs in a complete result (2.034417ms)
✔ empty company selection never fetches a broader workforce or appointment list (0.225792ms)
✔ dashboard exact totals survive clipped lists while card rows remain unavailable (0.421292ms)
✔ unavailable or malformed totals cannot become measured zero (0.293625ms)
✔ report joins reject missing source or a missing company anywhere in the list (0.153ms)
✔ report joins preserve measured empty lists and legitimate display names without text sentinels (0.14175ms)
✔ communication submits only supplied fields with resolved actor, tenant and company (499.023958ms)
✔ empty changes and failed identity stop before RPC (375.627334ms)
✔ delete binds target to expected company and returns the confirmed removed row (86.000084ms)
✔ malformed, empty and foreign responses never acknowledge contact writes (0.838959ms)
✔ import verifies creator and primary flag; errors do not trigger retries (1.681041ms)
✔ CSV keeps confirmed rows and stops at first uncertain write (8.8915ms)
✔ company map reads all pages and rejects ambiguous names across page boundaries (31.852666ms)
✔ delete server action passes the page company and does not acknowledge service errors (206.122917ms)
✔ appendix list distinguishes empty, malformed and wrong scope (6.864209ms)
✔ keyset pagination has bounded continuation and rejects duplicates or borrowed preceding rows (1.245125ms)
✔ document history rejects another document even within same contract (0.735958ms)
✔ legacy main commands keep their storage key; appendix targets remain isolated (0.369375ms)
✔ appendix title is command identity; main receipt cannot acknowledge appendix command (1.830958ms)
✔ version download checks contract/document before signing any path (1.356917ms)
✔ missing, unavailable and malformed versions never mean empty history (16.33325ms)
✔ bounded history explicitly reports more and rejects unordered or duplicate evidence (7.787542ms)
✔ signed download resolves version through scoped RPC, never arbitrary caller path (1.197583ms)
✔ actual PDF replace service gates revision and uses CAS, zero rows is failure (1.946125ms)
✔ creation validates real calendar dates, bounded revision and required basis (104.075875ms)
✔ unavailable or malformed snapshot never means no task (0.787ms)
✔ current task owner can be unassigned or unavailable without inventing a person (0.754041ms)
✔ service uses one scoped RPC; malformed success and transport failure do not fall back (9.022209ms)
✔ only exact known failure is definite; unknown responses keep retry command (1.928ms)
✔ strict command rejects forged identity/display/routing fields and missing fields (72.715042ms)
✔ unicode PostgreSQL character boundary, Turkish text, line endings, NUL and broken UTF-16 (5.568791ms)
✔ mentions are selected identifiers, canonical order, detached from caller array (10.646834ms)
✔ retry comparison is stable but every scope/content change differs (1.222958ms)
✔ null/string/mismatched receipt cannot acknowledge pending command (1.773792ms)
✔ resolution requires matching scope and a recognized terminal result (6.433417ms)
✔ failed RPC shapes are not empty successful reads (4.145875ms)
✔ message shape requires safe identity, timestamp and explicit parent (1.202583ms)
✔ inbox counts and source fields cannot be silently coerced (4.917709ms)
✔ explicit empty optional critical-date fields clear stored content (49.893125ms)
✔ omitted optional critical-date fields remain untouched (0.784209ms)
✔ nonempty optional critical-date fields are trimmed (9.725708ms)
✔ critical-date CAS preserves full database timestamp and rejects a losing edit (8.411459ms)
✔ missing or malformed snapshot cannot update a critical date (3.27675ms)
✔ malformed headers, widths and quotes never produce writable rows (15.819875ms)
✔ valid BOM CRLF multiline escaped quotes and semicolon fields survive (7.799541ms)
✔ invalid encodings and resource limits fail before preview (102.655875ms)
✔ closed contracts are neither queried nor shown as zero on desktop or mobile (893.460666ms)
✔ HR, accounting and viewer never query or display restricted contact/contract summaries (947.066125ms)
✔ allowed empty contract result is zero while failed summary is explicitly unreadable (555.561416ms)
✔ failed company directory stops dependent readers and displays retry state (205.017167ms)
✔ note create sends the resolved company/tenant/actor but no client author or pin fields (383.724917ms)
✔ note edits, pin and delete all preserve the expected company in the actual request (305.283042ms)
✔ changed tenant, invalid identity or blank content stops before command submission (159.462042ms)
✔ unknown result, malformed rows and wrong company cannot acknowledge a note command (59.865ms)
✔ module errors and transport failures are distinct, and neither retries the command (2.649708ms)
✔ pin acknowledgment must match the requested flag and target (1.454542ms)
✔ missing author and ownership rejection explain the actual corrective action (0.914917ms)
✔ coverage, presence and missing reports remain distinct; historical removed attendance does not count (7.685959ms)
✔ cancelled requests remain visible in all but never enter active action filters (0.488584ms)
✔ fully assigned does not mean present and absent people remain assigned until replacement (0.284917ms)
✔ search combines Turkish-normalized location, occupation and assigned staff terms (1.267958ms)
✔ measured empty day accepted, unavailable or malformed RPC never becomes zero (27.54775ms)
✔ real dates, leap years and strict format (7.400042ms)
✔ required fields, counts and extra untrusted fields (0.6435ms)
✔ daily coverage from zero to full (3.474083ms)
✔ paused and cancelled are not active demand (0.838917ms)
✔ corrupt aggregates fail rather than clamp (4.179958ms)
✔ assignment eligibility failures stay distinct (2.251083ms)
✔ missing or nonboolean verification never means available (0.42825ms)
✔ activity empty differs from unavailable or malformed response (7.836292ms)
✔ activity labels distinguish ownership events without claiming task completion (0.915958ms)
✔ general document activity accepts only an internal document destination (2.174334ms)
✔ contracts filter in SQL before five-row cap; no full-record transfer (209.356334ms)
✔ documents include missing files and undated manual states before limiting; derive expiry now (17.285458ms)
✔ critical dates include overdue and exactly thirty days; bounded stable order (13.247166ms)
✔ smaller server cap, missing counts, duplicate rows and transport errors do not masquerade as complete cards (31.931125ms)
✔ company names resolve only referenced IDs in batches; no task count tied to directory cap (16.437708ms)
✔ money preserves zero, negative values, and missing versus malformed input (66.915042ms)
✔ Istanbul variants share a display/filter key without changing other city names (0.74275ms)
✔ role rejection touches neither document nor storage (12.073542ms)
✔ read failure leaves both records untouched (10.950875ms)
✔ missing read and zero-row delete explicitly report no confirmed deletion (0.985834ms)
✔ blocked database deletion never removes the file (2.21475ms)
✔ confirmed row deletion uses RETURNING path, after deleting the row (1.345792ms)
✔ record without a file is a confirmed deletion with no storage operation (4.726459ms)
✔ storage failure preserves confirmed deletion and warning, never suggests row retry (0.907375ms)
✔ each existing category belongs to one folder; linked contracts stay together (5.333708ms)
✔ moving changes category only, scoped by company, revision and unlinked contract (3.099916ms)
✔ invalid category, denied/stale result, transport error and wrong identity never succeed (1.679583ms)
✔ listAllDocuments derives expiry without mutating stored status (565.234958ms)
✔ listDocumentsByLegacyCompanyId derives expiry without mutating stored status (200.423ms)
✔ single document derives expiry and preserves missing record (344.656666ms)
✔ company compliance counts expired stored-complete files as non-compliant (216.949792ms)
✔ Istanbul expiry includes day zero and thirty, expires on following day (3.481959ms)
✔ expiry changes at Istanbul midnight instead of UTC midnight (0.39825ms)
✔ stored complete does not keep an expired document green and mapping does not mutate raw data (0.350083ms)
✔ missing file and explicit missing status take priority; undated manual state stays intact (0.445416ms)
✔ initial snapshot and refresh are silent; only newly observed unread IDs sound (25.064167ms)
✔ scope keys separate companies and users; response mismatch fails closed (6.794625ms)
✔ links contain only a verified internal request target, company and date (17.842375ms)
✔ two tabs observing the same event play once; rapid batches are consumed silently (4.627292ms)
✔ storage or locking failure never falls back to uncoordinated sound (7.026916ms)
✔ shared ledger stores only bounded event IDs and time, never message content (1.478708ms)
✔ duplicate inbox rows are rejected instead of doubling counters or cards (8.681167ms)
✔ impossible calendar day cannot reach the date formatter or deep link (0.629125ms)
✔ independent task inserts null company without company lookup and keeps assignment empty (1.879375ms)
✔ independent tasks cannot borrow company-linked context (1.22275ms)
✔ business day is independent of device timezone at Istanbul midnight (7.784916ms)
✔ actual day hook observes timer, wake and visibility changes, then removes listeners (353.421084ms)
✔ valid search and known filter values survive serialization (8.432959ms)
✔ malformed, oversized and wrongly typed preferences recover to defaults (0.769667ms)
✔ unknown keys and overlong fields cannot enter the filter state (0.340667ms)
✔ keys separate list, account, tenant and role without separator ambiguity (0.400542ms)
✔ distinguishes new, unchanged, changed and inactive without rewriting input (13.225041ms)
✔ reads beyond first page and includes inactive rows (6.67975ms)
✔ null codes do not match by name; leading zeros and case remain distinct (0.479458ms)
✔ read failures and malformed pages never become new records (8.102542ms)
✔ changing totals and duplicated records across pages fail closed (5.421959ms)
✔ oversized directory stops after first page; no partial preview (0.844542ms)
✔ empty measured directory is allowed; duplicate input is rejected before reads (1.473ms)
✔ UTF8 BOM CRLF and leading zeros retained (11.582541ms)
✔ quoted delimiter and escaped quotes (0.961625ms)
✔ bad quoting columns and headers rejected (0.934709ms)
✔ duplicate codes rejected, different leading zeros retained (1.143833ms)
✔ empty oversize and more than 500 rows rejected (6.520167ms)
✔ invalid cell types controls and empty text rejected (0.408833ms)
✔ only editable fields survive; leading/trailing whitespace is trimmed (20.243834ms)
✔ invalid identity, stale-token shapes and invalid text cannot become update commands (2.3065ms)
✔ response requires identity, exact new values and one revision advance (1.339958ms)
✔ max accepted revision advances safely and missing old values are unverifiable (0.622833ms)
✔ real service forwards scope and normalized payload; RPC error or malformed success is never accepted (8.398125ms)
✔ login preserves internal destination, query and hash after normalization (311.049125ms)
✔ login rejects external, backslash, controls and normalized host prefixes (0.762083ms)
✔ anonymous access request reaches handler while adjacent and protected paths redirect (118.228584ms)
✔ redirect retains refreshed session cookie options (13.689917ms)
✔ management date follows Istanbul midnight and owner/date filters stay server-side (175.872667ms)
✔ saved search stores normalized filter not a page and rejects corrupt/duplicate data (11.613958ms)
✔ availability rejects impossible dates, inverted and excessive intervals (3.098ms)
✔ past and superseded availability never becomes current via fallback (0.344167ms)
✔ active work rejection has a useful admin message without raw database text (8.269083ms)
✔ task guard membership and role failures remain distinct in create and update (1.302375ms)
✔ transport failures are not translated into lost membership or role (0.443791ms)
✔ operation day rolls over at Istanbul midnight regardless of device timezone (117.357625ms)
✔ quick views distinguish current owner, truly unassigned, and closed work (0.56075ms)
✔ active tasks sort by due day with stable ties without mutating input (4.160083ms)
✔ completion sends scope and revision to the gateway; server resolves actual privileges (1.488583ms)
✔ lost race, inaccessible task, transport error and invalid revision never succeed (2.872417ms)
✔ overdue view derives lateness from date and excludes completed, future and undated tasks (0.350792ms)
✔ desktop and mobile action availability preserves ownership and legacy assignee boundaries (0.503625ms)
✔ route remount uses current workspace; stale cleanup cannot remove its protection (5.7065ms)
✔ navigation decision keeps the original event and synchronous cancellation (0.505458ms)
✔ company IDs are chunked and each assignment batch is paged to the measured total (30.364417ms)
✔ late assignment failure or unrelated company discards all previously read assignments (26.186167ms)
✔ failed manager read yields no company recipients and never starts partner lookup (5.8875ms)
✔ tasks candidate pages keep filters and never expose a partial source list (18.025416ms)
✔ documents candidate pages keep filters and never expose a partial source list (3.843417ms)
✔ appointments candidate pages keep filters and never expose a partial source list (4.140625ms)
✔ task module snapshots require a complete distinct boolean response and propagate transport failure (3.808584ms)
✔ task module snapshot chunks 501 distinct tenants without truncation (0.95725ms)
✔ document batch reaches last source/membership rows and keeps tenant contents out of the other email (128.540166ms)
✔ late documents error produces no sends or reservation writes (6.61425ms)
✔ late tenant_memberships error produces no sends or reservation writes (7.674ms)
✔ unacknowledged notification stamps are errors, never sent or counted as already sent (94.439084ms)
✔ unverifiable task owner is not treated as unassigned or sent to the manager fallback (33.399375ms)
✔ verified task owner receives the task while a truly unassigned task goes to its tenant manager (16.281334ms)
✔ overdue tasks change day at Istanbul midnight, not three hours later at UTC midnight (38.066583ms)
✔ appointment reminders use tomorrow in Istanbul when UTC is still on the previous day (11.482083ms)
✔ tenant roles override global roles for document recipients (108.527708ms)
✔ missing membership role fails closed before any transport or stamp (5.556666ms)
✔ disabled task tenant never produces an email or a reservation (31.850167ms)
✔ unverifiable task module before stamping stops the email without consuming a reservation (20.818875ms)
✔ task module disabled after reservation is rechecked and reservation is rolled back before send (28.014875ms)
✔ unverifiable post-stamp module state releases the reservation and sends nothing (9.98575ms)
✔ calendar off before collection prevents sends (2.772667ms)
✔ calendar off after stamp prevents sends (4.155958ms)
✔ notification names resolve all referenced companies in bounded deduplicated chunks (28.560125ms)
✔ missing, truncated, duplicated or malformed company names fail instead of generating fallback mail (4.148084ms)
✔ a company cannot be associated with two tenants or acknowledge a different tenant (6.383333ms)
✔ contract batch reads past limits and sends each contract only to its tenant and assigned partner (278.731416ms)
✔ contract batch stops before stamps on a late read failure or missing company name (123.883333ms)
✔ contract 30-day window opens at Istanbul midnight (25.718208ms)
✔ a shared email in another tenant does not hide an eligible profile; same-tenant duplicates still get one copy (296.675583ms)
✔ multi-workspace contracts use tenant roles for managers and assigned partners (202.946584ms)
✔ contract module off filters candidates before names and reservations (10.088291ms)
✔ missing contract config sends nothing and never consumes a stamp (4.298666ms)
✔ contract closure after stamp releases reservation; rollback failure=false (14.510541ms)
✔ contract closure after stamp releases reservation; rollback failure=true (13.383875ms)
✔ contract recipients page managers, preserve email-only eligibility and restrict partner assignments/roles (13.0405ms)
✔ contract recipient later page failure rejects instead of returning earlier managers (5.718ms)
✔ expiry contract reader reaches the last candidate past the server cap without selecting unused columns (14.188334ms)
✔ contract read failure or incomplete later page rejects the entire candidate set (2.901167ms)
✔ membership paging reaches the last row even when server cap is lower than requested (17.697334ms)
✔ later page error, changing count, empty gap and duplicate rows discard the entire map (4.968333ms)
✔ empty membership table is valid only with measured zero; thrown reads remain unavailable (5.496875ms)
✔ profile IDs are deduplicated and chunked without losing the last owner (8.667792ms)
✔ late error, count mismatch and unexpected or repeated profiles discard previous chunks (6.349917ms)
✔ missing profiles and contactless profiles are measured omissions, empty input does not query (4.112625ms)
✔ company recipients still exclude a former partner after shared profile lookup (28.249167ms)
✔ role profile pagination includes the last eligible recipient and excludes missing contact (17.783834ms)
✔ role profile errors and unexpected roles never expose a partial recipient list (1.662542ms)
✔ notification reservation requires the expected acknowledgement; empty data is not already sent (7.339416ms)
✔ unique conflict remains an idempotent skip and DB failures expose only their code (1.144917ms)
✔ bounded matcher catches identity-like and Turkish mobile forms (4.504ms)
✔ ordinary dates, times, amounts and long identifiers remain usable; limits explicit (0.852667ms)
✔ all four submission validators reject before calling a service (5.853792ms)
✔ historical conversation and pending command resolution remain readable (9.370041ms)
✔ validation errors are actionable without echoing private text (0.536292ms)
✔ one request may have three signs but request count is unique (98.84725ms)
✔ removed absence and cancelled demands do not create actions (1.243ms)
✔ future unknown does not count as outstanding but unfilled demand does (3.131166ms)
✔ due date uses snapshot Istanbul day across UTC midnight boundary (1.121167ms)
✔ wrong week or malformed snapshot never becomes clean checklist (1.57375ms)
✔ empty verified week and fully present request have no signs (1.002292ms)
✔ priority and search preserve overlap without summing people (3.958792ms)
✔ selected day only, including year boundary week (1.315792ms)
✔ query separates company locations and tenant workers (24.580667ms)
✔ page preserves leading zero code and manual null code (0.905375ms)
✔ partial page, duplicate identity or wrong filter fails instead of showing clean data (2.066042ms)
✔ page beyond shrinking total is valid empty with true total (0.335333ms)
✔ worker shape cannot be mistaken for a company location (0.592833ms)
✔ activation keeps strict boolean and bounded expected revision (3.811834ms)
✔ activation response must identify exact change and revision (0.807541ms)
✔ command boundaries reject missing or invalid CAS, hash, bytes and filename (6.698958ms)
✔ receipt identity and terminal states cannot be borrowed or interpreted loosely (7.4625ms)
✔ invalid file is rejected before any RPC, including same-size different content (32.726459ms)
✔ lost upload response reconciles bytes before finish; same command retry returns receipt without Storage (13.853042ms)
✔ missing or mismatched Storage bytes cannot finish (4.724458ms)
✔ cancelled command never uploads; cancel-before-prepare uses full immutable command (4.980791ms)
✔ status distinguishes unknown transport, confirmed missing, malformed and published (3.64875ms)
✔ bounded multipart accepts a file above Server Action default and exactly 10 MiB (283.559084ms)
✔ body limit enforced on actual chunks despite missing or lying Content-Length (10.311917ms)
✔ malformed successful RPC data remains an unverifiable result, not invalid caller input (5.035459ms)
✔ fresh adapter after reload reuses persisted identity without storing form text (48.217125ms)
✔ canonical object key order is stable; changed payload and kind are distinct (21.164458ms)
✔ different account and tenant never borrow identity (13.13825ms)
✔ concurrent tabs reserve a single identity through shared lock (20.537084ms)
✔ acknowledgment removes only confirmed command; next identical intent has new identity (17.59675ms)
✔ blocked read/write and missing locks reject without volatile fallback (8.022708ms)
✔ malformed stored records fail closed (6.794333ms)
✔ 50 pending limit preserves old identities and blocks new writes (25.605834ms)
✔ failed acknowledgment retains original identity for safe retry (5.884584ms)
✔ reconciliation clears only terminal requested IDs; unknown and concurrent additions survive (13.28175ms)
✔ malformed, omitted, duplicate, foreign, and non-terminal-looking statuses preserve all pending identities (6.167834ms)
✔ reconciliation storage failure keeps recoverable identity (4.310917ms)
✔ read-only digest snapshot matches normalized intent without reserving or exposing payload (9.050417ms)
✔ reload and concurrent tabs reuse identity without retaining financial text (37.48025ms)
✔ changed file or mapping cannot silently allocate a second command (24.883209ms)
✔ scope isolation; settlement clears only the proven command (20.088875ms)
✔ storage failure and corrupt records fail closed (19.166542ms)
✔ failed settlement retains original identity (22.779042ms)
✔ only explicit input rejection permits clearing recovery; network/replay uncertainty preserves it (1.304625ms)
✔ command payload allowlists fields and trims text (22.205834ms)
✔ unknown commands including prototype properties are rejected (0.967667ms)
✔ request boundary, date and identity validation (5.555083ms)
✔ directory and assignment commands require their own fields (5.716959ms)
✔ null and nonboolean board data cannot become an empty or available board (0.827125ms)
✔ capacity and cancellation contradictions fail board validation (1.92425ms)
✔ capacity edit requires valid old and new counts and strips unrelated fields (0.682ms)
✔ attendance requires exact status and nonnegative bounded revision (0.461083ms)
✔ board cannot drop attendance or turn unknown into absence (4.174167ms)
✔ request context round trips without dropping day, scope, or encoded job (28.52725ms)
✔ malformed or duplicate context cannot initialize a placement journey (3.562833ms)
✔ new, repeated and corrected files remain distinct (21.821167ms)
✔ rejects other tenant/project/source/month and partial snapshots (8.742667ms)
✔ both copies are blocked; changed source identity cannot duplicate work (4.405958ms)
✔ missing is not zero; malformed dates and durations are blocked (5.179334ms)
✔ omitted rows remain visible without deletion; corrupt snapshots fail (1.013875ms)
✔ multiple slots are separate; leading zero codes are preserved (0.400541ms)
✔ preview rejects incomplete, duplicate, invalid duration or status rows (9.14425ms)
✔ people response rejects duplicate codes and malformed candidates (1.190958ms)
✔ monthly report rejects incomplete, inconsistent or wrong-scope totals (4.070875ms)
✔ empty report is explicit and duration retains minutes (113.016792ms)
✔ UTF-8 CSV preserves codes and explicitly converts hours (6.33025ms)
✔ invalid encoding, duplicate columns, partial row fail (3.287333ms)
✔ blank/formula/day-text/fractional-minute/out-of-range never become zero (4.5515ms)
✔ wrong month, formula metadata and duplicate mapping block (0.718209ms)
✔ incomplete lists, duplicates and wrong tenant fail (5.521375ms)
✔ details reject impossible dates and incomplete child pages (17.991208ms)
✔ page offsets are bounded and aligned (0.744916ms)
✔ work details fail on missing pages, duplicates, wrong scope and invalid durations (5.582666ms)
✔ Excel dates and zero-padded codes survive extraction (41.616625ms)
✔ formulas remain flagged; merged, hidden-only and oversized sheets reject (8.987458ms)
✔ task rejects wrong company, tenant, invisible relation and read failure before insert (6.232167ms)
✔ task accepts same company/tenant relation and queries explicit scope (3.3115ms)
✔ task rejects company belonging to another tenant (0.467084ms)
✔ appointment rejects wrong company, tenant, invisible relation and read failure before insert (7.828708ms)
✔ appointment accepts same company/tenant relation and queries explicit scope (3.20275ms)
✔ appointment rejects company belonging to another tenant (0.491125ms)
✔ task appointment relation is independently validated before insert (1.111ms)
✔ no relation requires no extra relation reads and preserves nullable IDs (0.549958ms)
✔ replacement search is Turkish-normalized and excludes booked, inactive and current worker (7.066792ms)
✔ selected available worker survives no matching search without inflating match count (0.651458ms)
✔ selection cannot bypass availability and does not duplicate a matched worker (0.803042ms)
✔ only an explicit scoped null latest is interpreted as no conversation (11.9605ms)
✔ transport error cannot become a zero revision snapshot (6.447333ms)
✔ latest revision and actor are validated before exposing the record (5.002708ms)
✔ write retains scope, command ID and revision; validates response against submitted command (10.846125ms)
✔ invalid input stops before RPC and write errors are preserved for reconciliation (9.1235ms)
✔ eleven-digit numeric codes are blocked without collecting or validating identity (1.769833ms)
✔ ordinary business codes, dates and UUIDs are not reclassified as identities (0.223167ms)
✔ spreadsheet row is held with field message and no accepted value (0.47925ms)
✔ database rejection is translated without echoing the input (0.12325ms)
✔ weekdays selected across year boundary and leap day (3.448167ms)
✔ range limit is inclusive 31 days; reverse, empty weekday and invalid calendar rejected (0.367ms)
✔ payload normalization gives same dates and trimmed content for retry identity (0.475333ms)
✔ malformed or excessive payload never reaches writes (0.183083ms)
✔ removed preview days remain excluded from canonical payload (0.098708ms)
✔ batch result must contain exact count and distinct identities for the same command (0.130959ms)
✔ IDP period keeps original leave interval while excluding non-working preview days (0.344208ms)
✔ all routes prohibit framing and set browser safety headers without breaking scripts (42.402208ms)
✔ all valid module combinations intersect dashboard roles, without enabling dependent sections (21.46375ms)
✔ shared loader rejects malformed/foreign snapshots and transport errors (11.865792ms)
✔ page boundary never mounts business readers before validation; off, error and role denial remain distinct (188.300542ms)
✔ page boundary retries failed settings and ignores a response after unmount (12.86425ms)
✔ actual completion form explicitly sends task true, unchecked false, and unavailable false (37.652084ms)
✔ failed completion preserves both result fields and shows a retryable error (18.202708ms)
✔ actual dashboard skips disabled queries/cards; independent tasks work without company lookup (139.288125ms)
✔ actual dashboard fetches enabled sections but never offers partner task access (337.06975ms)
✔ late assignment skips prior checks and requires immediate call (2.288625ms)
✔ last recorded event wins, not scheduled offset (0.994334ms)
✔ past plan events cannot colour new plan (0.593334ms)
✔ claimed arrival remains unverified at start even if all calls recorded (1.86375ms)
✔ confirmation closes remaining calls without fabricating events; removal closes writes (0.412542ms)
✔ unknown or malformed call outcome fails closed instead of hiding required action (3.450167ms)
✔ all supported call results and extra call offset remain accepted (1.642292ms)
✔ daily attendance conflict directs the operator to reopen independent confirmation (2.570291ms)
✔ mobile next call suggests earliest due unrecorded step regardless of offset order (0.593458ms)
✔ mobile next call never reopens closed/confirmed work or fabricates scheduled checks (0.575791ms)
✔ known rejected command is removed only after terminal server closure (7.745084ms)
✔ previous commit wins over a later rejection; never claims not saved (0.82975ms)
✔ scope denial, unknown or malformed reconciliation preserve pending identity (8.304625ms)
✔ network, lock and unknown errors never automatically close a command (2.125667ms)
✔ storage failure after response keeps uncertainty rather than fake cleanup (0.922875ms)
✔ input, witness, replay and plan errors have useful distinct explanations (0.37525ms)
✔ zero assignments differs from zero outstanding tracking (10.246708ms)
✔ full count survives first-page/top-three rendering (2.67575ms)
✔ partial or wrong-scope response is not a healthy summary (0.832042ms)
✔ confirmed or closed record cannot become an outstanding item (0.313541ms)
✔ employee claim remains pending and lost responsibility is explicit (0.664959ms)
✔ tracking link preserves exact day and enables only explicit action filter (0.136833ms)
✔ tracking link preserves day and safely encodes worker search without enabling urgent filter (2.437292ms)
✔ missing name and invalid day cannot produce an unrelated tracking destination (0.40525ms)
✔ tracking preserves return company separately from the all-company query and chosen return day (0.273875ms)
✔ return navigation rejects malformed company and impossible dates without accepting arbitrary URLs (0.28725ms)
✔ future, due and overdue controls have distinct boundaries (0.941209ms)
✔ claimed arrival never confirms; start deadline escalates even after all calls (0.289375ms)
✔ cannot attend needs replacement; unreachable differs from absence (0.109833ms)
✔ verified arrival skips remaining controls, retains recorded outcomes (0.595708ms)
✔ removed assignment closes pending controls; invalid confirmation cannot green a row (0.27425ms)
✔ midnight arithmetic and malformed schedules (1.429958ms)
✔ onboarding access excludes operations while ordinary attachments remain available (1.306709ms)
✔ metadata rejects path names, oversized files, PDF photos and forged properties (15.808541ms)
✔ file signature is checked rather than trusting filename or browser MIME (0.801375ms)
✔ lost upload response survives reload and reuses its command without storing file contents (2.903833ms)
✔ upload references are isolated by actor, tenant, person, category and file fingerprint (0.300125ms)
✔ blocked, silently discarded or corrupted browser storage prevents starting a new command (0.17625ms)
✔ confirmation cannot clear a different command written by another tab (0.081667ms)
✔ upload recovery accepts duplicate status 400 or 409 and lost responses only after database confirmation (0.557167ms)
✔ a successful Storage response never substitutes for failed or non-boolean database confirmation (1.661833ms)
✔ confirmed reserve replay avoids uploading twice; malformed reserve never uploads (0.991834ms)
✔ two tabs reserve one upload command through the same exclusive lock (0.470583ms)
✔ missing or rejected cross-tab lock never allocates an upload reference (0.231875ms)
✔ attachment list distinguishes measured empty from missing or corrupt response (1.4435ms)
✔ attachment list rejects wrong person, duplicate IDs and malformed file metadata (1.038708ms)
✔ attachment list keeps the 51st pagination sentinel but rejects an unexpected oversized response (0.648708ms)
✔ confirmation and reservation use the same lock; a queued new command survives cleanup (1.997458ms)
✔ confirmation preserves recovery reference if cross-tab lock cannot be acquired (0.861625ms)
✔ cancel cleanup only clears matching command inside the same actor tenant and person (0.727625ms)
✔ explicit empty differs from missing, and every requested identity is accounted for (2.850708ms)
✔ reject wrong tenant, actor, timestamps and job-specific decline in general summary (0.443125ms)
✔ bound requests to one server page and accept empty page (3.65175ms)
✔ conversation captures an outcome without manufacturing availability or a placement (1.696791ms)
✔ declining a job requires that specific request; malformed values fail (0.275583ms)
✔ response belongs to requested tenant/person and contains a real server actor/time (0.26975ms)
✔ history rejects mixed people, duplicate ids and oversized responses (0.54625ms)
✔ combined filters normalize without dropping constraints (2.977416ms)
✔ invalid ranges, malformed filters and null values fail validation (0.410792ms)
✔ demographics remain optional and omission is distinct from explicit clear (28.677833ms)
✔ server response must echo every applied filter (0.496125ms)
✔ availability requires date and state together; saved legacy filters remain valid (0.346333ms)
✔ person responses retain demographics through list, detail and edit validation (3.781041ms)
✔ callback view survives validation and saved searches; response cannot silently use all (16.76875ms)
✔ batch request preserves sparse physical row numbers and rejects malformed or duplicate decisions (409.119958ms)
✔ status must be complete and belong to the expected actor, company, batch and source (0.565959ms)
✔ terminal receipt and blocked codes cannot be coerced or accepted for another row (4.29425ms)
✔ services use scoped RPCs, validate inputs before calls, and never translate transport failures into success (30.899125ms)
✔ unknown recovery stays distinct from closed and rejects another scope or reference (1.219417ms)
✔ selected plan maps only approved fields and strips all held source information (21.941417ms)
✔ history requires a complete scoped page and valid pending counts (0.572625ms)
✔ result report includes each physical source row and distinguishes unsettled from saved (0.451959ms)
✔ comparison snapshot distinguishes measured empty from incomplete, malformed and foreign results (2.501125ms)
✔ read service sends only verified scope, not spreadsheet content, and validates response (1.919875ms)
✔ Turkish phone formats match but do not imply identity (2.633917ms)
✔ blank fields preserve existing data; new contacts are additive and old city conflicts visible (1.911791ms)
✔ name and contact matching different people requires review; never prefer one silently (0.3515ms)
✔ source issues remain blocking review even when no current match exists (0.508708ms)
✔ many ambiguous matches are bounded and explicitly labelled; file rows are never merged (0.81275ms)
✔ every source row is accounted for; no decision is guessed (2.384458ms)
✔ existing identity selection never accepts field changes by default (1.578834ms)
✔ source issues, unknown targets, illegal changes and matches cannot become new writes (0.726083ms)
✔ two source rows targeting one person require resolution even for unchanged rows (0.77325ms)
✔ new rows with normalized shared identity do not silently create duplicates (1.229166ms)
✔ new row conflicting with another row resulting contact is also blocked (0.749667ms)
✔ contact capacity and revision overflow cannot be hidden by review (1.413375ms)
✔ existing city-only import excludes rejected source name and contact values from the actual request (13.824625ms)
✔ selected email is retained, unchanged rows send only stored name, hold rows send no personal data (2.843458ms)
✔ suggestions are conservative, duplicates and branch city are not guessed (33.225459ms)
✔ calendar dates reject impossible days and ambiguous serials (0.40825ms)
✔ repeated names and shared phones retain all physical source rows without merging (2.548208ms)
✔ coverage statuses remain source history; invalid ranges and unmapped fields remain visible (1.084042ms)
✔ missing, overlapping and wrong-scope mappings are rejected (0.588625ms)
✔ real XLSX reader preserves hidden sheet, physical row numbers, dates and formula diagnostics (300.619375ms)
✔ CSV supports BOM CRLF quoted delimiters; bad encoding and renamed text fail (4.704ms)
✔ worksheet extents cannot silently truncate oversized sources (18.12525ms)
✔ name-only source and unmapped formula can be explicitly prepared as new without merging (160.2915ms)
✔ mapped formula, error, invalid contact and missing name still block a new-person decision (4.24925ms)
✔ ten long emails fit the workbook cell budget without truncation; over-limit cells fail (5.412458ms)
✔ a large source is partitioned without losing or renumbering any source row (16.089ms)
✔ duplicate targets across partition boundary are rejected before any part can be sent (1.72025ms)
✔ queue references reject corruption and duplicates instead of skipping parts (1.035542ms)
✔ local import receipt distinguishes absent, valid, malformed JSON and old shape (8.798084ms)
✔ blocked storage stays unavailable, is never treated as an empty receipt, and leaks no raw contents (0.268917ms)
✔ person receipt retry preserves command identity and distinguishes malformed and blocked storage (0.243208ms)
✔ resolved receipt removal failure preserves receipt and allows retry without leaking storage error (0.089ms)
✔ reference preserves exact command and stores no person fields (3.412875ms)
✔ reference cannot recover into a different actor or tenant (1.055667ms)
✔ corrupt, old or unconfirmed references fail closed (0.822125ms)
✔ name-only records preserve unknown contacts, region and work type (1.188458ms)
✔ invalid contacts, hidden extra fields and unsupported work types are rejected (0.430709ms)
✔ page completeness, duplicate IDs, foreign scope and null RPC results fail closed (0.434042ms)
✔ recovery only confirms the expected person, command and revision (0.141292ms)
✔ UUID assignment displays the directory name even without legacy text (1.665708ms)
✔ current directory name supersedes stale legacy text (0.098709ms)
✔ loading, failure and missing directory entry never claim unassigned (0.06575ms)
✔ blank profile name is still an assignment (0.053667ms)
✔ name-only rows are clearly marked as legacy (0.086875ms)
✔ only a row without UUID or legacy name says unassigned (0.068833ms)
✔ claim sends expected scope and revision to the atomic gateway; display names are not trusted (1.050625ms)
✔ losing claim, inaccessible record and transport failure cannot report success (0.535917ms)
✔ claim and quick completion use one command rather than separate mutable role and tenant snapshots (0.370708ms)
✔ bad scope is rejected before a claim/completion command is sent (0.124125ms)
✔ module disabled, missing configuration and transport failure remain distinct from a lost claim (0.179333ms)
✔ links contain only the task UUID and round trip (3.256667ms)
✔ unrelated task-prefill parameters do not become a task link (0.12925ms)
✔ malformed, empty and duplicate IDs are rejected (0.195083ms)
✔ URL round trip carries only identifiers and date (11.15625ms)
✔ ordinary tasks page has no prefill; partial and duplicate context rejected (0.498625ms)
✔ reject malformed ids, impossible dates and unsupported date bounds (0.180333ms)
✔ prefill derives fresh name and title from server data, no assignee/source FK or deadline inferred (0.226834ms)
✔ missing company/request/location and mismatched day fail without fallback (0.24575ms)
✔ passive company and cancelled request cannot prepare a new followup (0.103125ms)
✔ inactive location may still need a followup on an existing active request (0.074917ms)
✔ invalid or missing revision fails before any raw request (1.269167ms)
✔ update filters exact loaded revision and returns new row (0.524958ms)
✔ zero rows is a conflict, transport/database error stays different (0.3125ms)
✔ history has an honest twenty-row limit and extra-row indicator (0.191167ms)
✔ command validates bounded unique integer revisions and canonical identities (16.566042ms)
✔ snapshot normalization removes ordering and presentation from command identity (0.1435ms)
✔ preview rejects silent omissions, duplicate rows, unsafe counts and wrong source (0.234083ms)
✔ directory allows unnamed departed source, never absent arrays or duplicate targets (0.1855ms)
✔ result must match exact command scope and moved count (0.120083ms)
✔ service writes one RPC and has no iterative task fallback (0.159208ms)
✔ invalid command fails before write and malformed successful response is uncertain (0.215708ms)
✔ transport error cannot be mislabeled as nonmember or conflict (0.293208ms)
✔ module rejection is definite but a transport error remains uncertain (0.19175ms)
✔ task screen requires verified actor, tenant, live role and complete module snapshot (1.4515ms)
✔ task company directory keeps narrow fields, ordered complete pagination and rejects wrong tenant (1.680833ms)
✔ context navigation needs an enabled source module; missing state never defaults to all links (0.668583ms)
✔ actual task form hides disabled company controls instead of calling the company list empty (11.494959ms)
✔ reverse formula rejects the historical negative-price case and below-baseline amounts (0.5685ms)
✔ every numeric input rejects negative and non-finite values (0.132625ms)
✔ zero markup is valid and markup is applied to cost, not sales margin (0.081792ms)
✔ form parser distinguishes missing required input from optional zero and rejects partial numeric strings (0.078084ms)
✔ hard dependencies are a DAG; unknown, duplicate and self edges are rejected (0.73325ms)
✔ talent, tasks and announcements stand alone; reporting and staffing do not require each other (0.557625ms)
✔ every one of the 1024 configurations is accepted iff all required dependencies are enabled (11.361958ms)
✔ partial, unknown, inherited and non-boolean module values never imply enabled (0.239083ms)
✔ context keeps bigint revisions exact and discards unrelated response fields (0.376209ms)
✔ actor/company/generation/role/protocol mismatches cannot supply a context (0.292416ms)
✔ all existing member roles retain their role without receiving new privileges (0.147ms)
✔ an older response from another workspace is rejected and no RPC fallback runs (0.351625ms)
✔ one bounded RPC returns the whole snapshot, without a client-selected tenant argument (0.201333ms)
✔ migration catalog is generated from the same manifest, not a second hand-maintained graph (0.567167ms)
✔ cancelled presence remains actual; removed unknown is not outstanding (3.19475ms)
✔ no declarations cannot silently become zero attendance (0.25425ms)
✔ duplicate or unmatched declarations fail verification (0.262167ms)
✔ same worker on different days counts separate person days (0.172334ms)
✔ absence total counts declarations, not unique people (0.109916ms)
✔ Monday week boundaries include Sunday, leap day, year and minimum date (4.495667ms)
✔ totals count person-days, exclude cancellations and retain unfilled requests (0.935167ms)
✔ empty verified plan is accepted; null and wrong company/week are not (0.361042ms)
✔ range, duplicate requests, capacity, missing staff and cancelled assignment contradictions fail closed (0.227208ms)
✔ same worker on separate days allowed, double booking or repeated assignment ID rejected (0.235583ms)
✔ CSV records scope/time and quotes delimiters, double quotes and embedded newlines (0.2495ms)
✔ CSV neutralizes formula prefixes including whitespace before formula (0.228042ms)
✔ CSV cancellations are opt-in and contribute zero active open (0.112042ms)
✔ overnight is explicit; break reduces actual work; invalid time never becomes an estimate (2.20075ms)
✔ 24 hour limit and zero-length work are distinct; no automatic overnight guessing (0.290917ms)
✔ correction reason required and only valid scoped record can establish revision zero (1.139791ms)
✔ net totals and contiguous latest audit history must agree with the record (0.213083ms)
✔ receipt is matched to command, assignment, action and next revision (0.155375ms)
✔ invalid write fails before RPC; exact payload and errors are preserved (0.279791ms)
✔ company/day list rejects wrong scope, partial shape, duplicates and malformed totals (3.187541ms)
✔ latest 20 audit entries are accepted only in contiguous descending revision order (0.25775ms)
✔ declared per-entry and aggregate expansion are bounded (0.664083ms)
✔ malformed directories, encryption, volume split and entry-count overflow fail (0.305791ms)
✔ preparation preserves identity and explicit work kind; normalizes code (0.935458ms)
✔ rejects malformed identities, revisions and unsupported work types (0.231958ms)
✔ receipt must match command, person, next revision and real worker id (0.1315ms)
✔ five surplus staff in one location cannot cancel five missing in another (0.829875ms)
✔ zero target, fully staffed and empty sets remain distinct and nonnegative (0.1045ms)
✔ workspace identity follows server data and never a user-editable company name (1.048333ms)
✔ missing, malformed and mismatched company or actor responses fail closed (0.375791ms)
✔ write target requires both the same actor and company (0.128ms)
✔ RPC errors and null success never invent a company or return a stale identity (0.32075ms)
✔ company context request carries no caller-selected company and has a deadline (0.157417ms)
✔ UI company comes from verified workspace when getUser metadata lacks token-hook claims (0.1255ms)
✔ role and company are accepted together and user metadata cannot supply authority (0.175334ms)
✔ invitation parsing fails closed and excludes server extras (1.359291ms)
✔ token has 256 random bits and transport failure is not labelled invalid invitation (0.946417ms)
✔ setup accepts measured zeros but rejects unavailable/wrong-scope response (1.886917ms)
✔ setup rejects coerced, missing, negative or unsafe counts and invalid calendar dates (0.154333ms)
ℹ tests 598
ℹ suites 0
ℹ pass 598
ℹ fail 0
ℹ cancelled 0
ℹ skipped 0
ℹ todo 0
ℹ duration_ms 82444.660375

> bps@0.1.0 qa:static
> node scripts/qa-static.mjs

BPS QA Mini Harness V1 — qa:static

PASS service_role-confined              (FAIL-rule)  service_role only in cron/healthz/demo-request/access-request
PASS browser-createContact-removed      (FAIL-rule)  no browser-context createContact( in src/app
PASS contact-create-yonetici-only-action (FAIL-rule)  guard: roleData !== "yonetici", no partner in code
PASS contact-create-yonetici-only-ui    (FAIL-rule)  Yetkili Ekle gate: role === "yonetici"
PASS passivate-status-only              (FAIL-rule)  scoped command; status-only payload
WARN package-migration-drift            (WARN-rule)  drift (human decides): supabase/migrations/20260928002400_customer_notification_modules.sql
PASS upload-guard-before-storage        (WARN-rule)  guard precedes storage upload
PASS contact-guard-before-insert        (WARN-rule)  guard precedes createContact insert
PASS reactivate-status-only             (WARN-rule)  scoped command; status-only payload
PASS stale-partner-comment              (WARN-rule)  no stale partner-scope create comment on create path
PASS import-graph-browser-create        (WARN-rule)  page does not import browser createContact
PASS pre-deploy-gates-recorded          (FAIL-rule)  G1/G2/G3 cleared with accepted values
PASS table-rls-enabled                  (FAIL-rule)  77/77 created tables enable RLS explicitly
WARN unreachable-component              (WARN-rule)  nothing renders: CapacityRiskCard, TimelineList
PASS profiles-read-scoped               (FAIL-rule)  461 files parsed; no unscoped profiles reader; every raw chain keyed; pages read via scoped RPC
PASS scan-integrity                     (FAIL-rule)  every walk() listed completely and every read() succeeded

16 checks · 0 FAIL · 2 WARN
scripts/qa-static.mjs — static only; run tsc + build separately (no lint configured).

> bps@0.1.0 build
> next build

   ▲ Next.js 15.5.26
   - Experiments (use with caution):
     · middlewareClientMaxBodySize: "11mb"

   Creating an optimized production build ...
 ✓ Compiled successfully in 6.9s
   Linting and checking validity of types ...
   Collecting page data ...
   Generating static pages (0/29) ...
   Generating static pages (7/29)
   Generating static pages (14/29)
   Generating static pages (21/29)
 ✓ Generating static pages (29/29)
   Finalizing page optimization ...
   Collecting build traces ...

Route (app)                                 Size  First Load JS
┌ ○ /                                    48.7 kB         151 kB
├ ○ /_not-found                             1 kB         104 kB
├ ƒ /admin                               6.08 kB         109 kB
├ ○ /aktif-isgucu                        6.93 kB         194 kB
├ ƒ /api/access-request                    151 B         103 kB
├ ƒ /api/contracts/pdf-upload              151 B         103 kB
├ ƒ /api/cron/notifications                151 B         103 kB
├ ƒ /api/demo-request                      151 B         103 kB
├ ƒ /api/healthz                           151 B         103 kB
├ ƒ /api/operations/weekly-export          151 B         103 kB
├ ƒ /auth/callback                         151 B         103 kB
├ ○ /ayarlar                             6.75 kB         188 kB
├ ○ /dashboard                           13.7 kB         200 kB
├ ○ /davet                                4.2 kB         182 kB
├ ○ /evraklar                            9.24 kB         210 kB
├ ○ /finansal-ozet                       7.85 kB         186 kB
├ ○ /firmalar                             9.3 kB         194 kB
├ ƒ /firmalar/[id]                        128 kB         333 kB
├ ○ /gorevler                              18 kB         219 kB
├ ○ /import                              8.37 kB         186 kB
├ ○ /kayit                               1.75 kB         169 kB
├ ○ /kurulum                             6.84 kB         188 kB
├ ○ /kurumsal-tarihler                   7.47 kB         185 kB
├ ○ /login                               3.75 kB         168 kB
├ ○ /luca-import                          170 kB         348 kB
├ ƒ /personel-havuzu                     33.2 kB         237 kB
├ ƒ /personel-havuzu/aktarim             23.2 kB         199 kB
├ ƒ /personel-havuzu/listeler            5.47 kB         191 kB
├ ƒ /projeler                            2.17 kB         108 kB
├ ƒ /projeler/[id]                       2.93 kB         109 kB
├ ƒ /projeler/[id]/aktarim               9.01 kB         120 kB
├ ƒ /projeler/[id]/rapor                   169 B         106 kB
├ ƒ /projeler/[id]/rapor/kayitlar          169 B         106 kB
├ ○ /randevular                          11.7 kB         213 kB
├ ○ /raporlar                            7.07 kB         196 kB
├ ○ /sirket-sec                          3.84 kB         168 kB
├ ○ /sozlesmeler                         7.22 kB         205 kB
├ ƒ /sozlesmeler/[id]                    15.9 kB         222 kB
├ ○ /talepler                            8.33 kB         207 kB
├ ƒ /talepler/dizin                      7.33 kB         192 kB
├ ƒ /talepler/gunluk                     35.8 kB         230 kB
├ ƒ /talepler/haftalik                   7.76 kB         189 kB
├ ƒ /talepler/ise-baslama                10.7 kB         195 kB
├ ○ /talepler/ise-baslama/onizleme       2.84 kB         171 kB
├ ƒ /talepler/kadro                      8.37 kB         179 kB
├ ƒ /talepler/kontrol                    5.42 kB         187 kB
├ ƒ /talepler/planlar                     8.2 kB         179 kB
└ ƒ /yonetim                             7.15 kB         197 kB
+ First Load JS shared by all             103 kB
  ├ chunks/8337-670d98be687c4cde.js      46.3 kB
  ├ chunks/945200c1-3bdd3afc4617970b.js  54.2 kB
  └ other shared chunks (total)          2.15 kB


ƒ Middleware                             86.8 kB

○  (Static)   prerendered as static content
ƒ  (Dynamic)  server-rendered on demand
