Synthetic module DB: 17.10
✔ existing tenants get exactly ten enabled settings and one truthful bootstrap receipt each (1306.478292ms)
✔ new tenant provisioning initializes all ten rows in the same transaction; rollback leaves nothing (34.898542ms)
✔ authenticated response is scoped to live membership, preserves role and bigint precision (88.952333ms)
✔ all configuration tables deny direct reads and writes to anon/authenticated/service_role (248.255042ms)
✔ only authenticated can execute the public reader; internal bootstrap and catalog have no client grants (101.56475ms)
✔ no session, foreign tenant claim and removed membership fail closed (38.010334ms)
✔ stale workspace selection and stale membership generations are rejected by the real scope functions (45.59ms)
✔ missing config, missing key and broken hard dependencies do not return an all-enabled fallback (32.497708ms)
✔ disabled independent module is represented as disabled without changing another tenant (18.948083ms)
✔ unknown/duplicate module keys, invalid revision and bootstrap reset are rejected (29.4985ms)
✔ tenant insert and migration serialize in both orders; timeout rolls back all new tables (2559.900542ms)
ℹ tests 11
ℹ suites 0
ℹ pass 11
ℹ fail 0
ℹ cancelled 0
ℹ skipped 0
ℹ todo 0
ℹ duration_ms 5259.853833
