
> bps@0.1.0 qa:release
> npm run qa:test-inventory && npm run qa:unit && npm run qa:operations && npm run qa:static && tsc --noEmit && npm run build


> bps@0.1.0 qa:test-inventory
> node scripts/qa-test-suite.mjs inventory

application: 103 files
database: 6 files
pending: 7 files

> bps@0.1.0 qa:unit
> node scripts/qa-unit.mjs

BPS QA Unit — saf fonksiyon regresyonları

isIsoDate  (kaynak: src/lib/calendar-date.ts)
  PASS "2026-08-27"   → true
  PASS "2024-02-29"   → true
  PASS "2026-02-30"   → false
  PASS "2025-02-29"   → false
  PASS "2026-13-01"   → false
  PASS "2026-00-10"   → false
  PASS "27.08.2026"   → false
  PASS "2026-8-27"    → false
  PASS ""             → false
  PASS null           → false
  PASS undefined      → false
  PASS "bugün"        → false

safeThrown  (kaynak: src/lib/email/safe-error.ts)
  PASS Error          → thrown=Error
  PASS leak@example.c → thrown=Error
  PASS TypeError      → thrown=TypeError
  PASS RangeError     → thrown=RangeError
  PASS "düz metin"    → thrown=unknown
  PASS {"name":"leak@ → thrown=unknown
  PASS null           → thrown=unknown

safe-error.ts serbest metin okumuyor mu
  PASS /err\.name/            okunmuyor
  PASS /constructor\.name/    okunmuyor
  PASS /error\.message/       okunmuyor
  PASS /result\.error\b/      okunmuyor

19 vaka + 4 statik kontrol · 0 FAIL
qa:unit PASS

> bps@0.1.0 qa:operations
> node scripts/qa-test-suite.mjs application

application: 103 files
database: 6 files
pending: 7 files
Pending feature tests are NOT part of the passed application coverage.
✔ calendar follows Istanbul day across UTC midnight and year rollover (210.025541ms)
✔ agenda groups civil dates, sorts unknown time last, retains cancelled entries, never mutates source (34.745708ms)
✔ truncated or uncounted appointment response cannot render a falsely empty calendar (10.265166ms)
✔ bounded completion input is normalized; nonboolean cannot request a task (12.177709ms)
✔ completion result must identify exact appointment and valid task/skip combination (2.745417ms)
✔ service uses one scoped RPC with no sequential table fallback (6.089875ms)
✔ transport failure is unverifiable, not already completed or unauthorized (2.227417ms)
✔ scope and invalid input fail before calling RPC (0.441875ms)
✔ status-only service cannot recreate split completion path (0.335709ms)
✔ links contain only the appointment UUID and round trip (3.554458ms)
✔ unrelated query parameters do not become an appointment link (3.219166ms)
✔ malformed, empty and duplicate IDs are rejected (1.168792ms)
✔ attendance actions retain exact record and revision, undo appears only after a report (16.083ms)
✔ future dates and read-only/busy state disable every action including undo (5.808ms)
✔ contract days follow Istanbul midnight and preserve today/expired semantics (4.466834ms)
✔ missing, malformed and impossible contract dates never turn into a plausible remaining-day count (0.543209ms)
✔ actual company service enables candidate and active only, preserves input CRM statuses (13.738292ms)
✔ company directory failures are not presented as empty success (3.982625ms)
✔ 1001 rows require three bounded requests; no clipping or redundant empty request (86.92675ms)
✔ empty and exact page boundary terminate without an extra read (80.083ms)
✔ second-page failures never return the first page as a complete list (56.560708ms)
✔ invalid identities, malformed totals and over-budget lists fail on first request (40.535292ms)
✔ selectAllCriticalDates retains scope, exact count and unique ordering on all pages (9.300417ms)
✔ selectAllWorkforceSummaries retains scope, exact count and unique ordering on all pages (4.82425ms)
✔ selectWorkforceSummariesByCompanyIds retains scope, exact count and unique ordering on all pages (5.651042ms)
✔ selectAllTasks retains scope, exact count and unique ordering on all pages (5.399833ms)
✔ selectTasksByCompanyId retains scope, exact count and unique ordering on all pages (5.184667ms)
✔ selectTasksByContractId retains scope, exact count and unique ordering on all pages (3.579584ms)
✔ selectTasksByAppointmentId retains scope, exact count and unique ordering on all pages (3.194292ms)
✔ selectAllAppointments retains scope, exact count and unique ordering on all pages (4.42775ms)
✔ selectAppointmentsByCompanyId retains scope, exact count and unique ordering on all pages (14.549125ms)
✔ selectAppointmentsByContractId retains scope, exact count and unique ordering on all pages (5.394458ms)
✔ selectAppointmentsByCompanyIds retains scope, exact count and unique ordering on all pages (1.842916ms)
✔ selectAllContracts retains scope, exact count and unique ordering on all pages (3.73825ms)
✔ selectContractsByCompanyId retains scope, exact count and unique ordering on all pages (0.571375ms)
✔ selectNotesByCompanyId retains scope, exact count and unique ordering on all pages (0.395209ms)
✔ getActiveContractCountsByCompanyIds retains scope, exact count and unique ordering on all pages (47.655333ms)
✔ real Supabase query builder sends bounded offsets, stable order and exact count (578.628959ms)
✔ deadline expiry stops before the next page (1.819708ms)
✔ selectNotesByCompanyId rejects clipped, null-count and failed results (31.929417ms)
✔ selectAllContracts rejects clipped, null-count and failed results (8.219208ms)
✔ selectContractsByCompanyId rejects clipped, null-count and failed results (9.362875ms)
✔ getActiveContractCountsByCompanyIds rejects clipped, null-count and failed results (1.218542ms)
✔ selectAllCriticalDates rejects clipped, null-count and failed results (4.724208ms)
✔ selectAllAppointments rejects clipped, null-count and failed results (8.432333ms)
✔ selectAppointmentsByCompanyId rejects clipped, null-count and failed results (1.04025ms)
✔ selectAppointmentsByContractId rejects clipped, null-count and failed results (2.64625ms)
✔ selectAppointmentsByCompanyIds rejects clipped, null-count and failed results (4.848542ms)
✔ selectAllWorkforceSummaries rejects clipped, null-count and failed results (6.29775ms)
✔ selectWorkforceSummariesByCompanyIds rejects clipped, null-count and failed results (0.90325ms)
✔ selectTasksByCompanyId rejects clipped, null-count and failed results (2.573916ms)
✔ selectAllTasks rejects clipped, null-count and failed results (1.17575ms)
✔ selectTasksByContractId rejects clipped, null-count and failed results (1.479208ms)
✔ selectTasksByAppointmentId rejects clipped, null-count and failed results (9.782125ms)
✔ active counts retain repeated company IDs in a complete result (1.754542ms)
✔ empty company selection never fetches a broader workforce or appointment list (0.270667ms)
✔ dashboard exact totals survive clipped lists while card rows remain unavailable (0.698833ms)
✔ unavailable or malformed totals cannot become measured zero (0.293625ms)
✔ report joins reject missing source or a missing company anywhere in the list (0.191125ms)
✔ report joins preserve measured empty lists and legitimate display names without text sentinels (0.178667ms)
✔ appendix list distinguishes empty, malformed and wrong scope (3.650666ms)
✔ keyset pagination has bounded continuation and rejects duplicates or borrowed preceding rows (0.583459ms)
✔ document history rejects another document even within same contract (6.657375ms)
✔ legacy main commands keep their storage key; appendix targets remain isolated (0.363334ms)
✔ appendix title is command identity; main receipt cannot acknowledge appendix command (5.022167ms)
✔ version download checks contract/document before signing any path (0.697167ms)
✔ missing, unavailable and malformed versions never mean empty history (9.871625ms)
✔ bounded history explicitly reports more and rejects unordered or duplicate evidence (2.989166ms)
✔ signed download resolves version through scoped RPC, never arbitrary caller path (0.774334ms)
✔ actual PDF replace service gates revision and uses CAS, zero rows is failure (1.617416ms)
✔ creation validates real calendar dates, bounded revision and required basis (21.036375ms)
✔ unavailable or malformed snapshot never means no task (0.52875ms)
✔ current task owner can be unassigned or unavailable without inventing a person (0.5225ms)
✔ service uses one scoped RPC; malformed success and transport failure do not fall back (6.127917ms)
✔ only exact known failure is definite; unknown responses keep retry command (1.082917ms)
✔ strict command rejects forged identity/display/routing fields and missing fields (8.123834ms)
✔ unicode PostgreSQL character boundary, Turkish text, line endings, NUL and broken UTF-16 (12.05475ms)
✔ mentions are selected identifiers, canonical order, detached from caller array (6.459084ms)
✔ retry comparison is stable but every scope/content change differs (2.363042ms)
✔ null/string/mismatched receipt cannot acknowledge pending command (5.477666ms)
✔ resolution requires matching scope and a recognized terminal result (2.155417ms)
✔ failed RPC shapes are not empty successful reads (6.787125ms)
✔ message shape requires safe identity, timestamp and explicit parent (4.51475ms)
✔ inbox counts and source fields cannot be silently coerced (8.220917ms)
✔ explicit empty optional critical-date fields clear stored content (17.887833ms)
✔ omitted optional critical-date fields remain untouched (1.291375ms)
✔ nonempty optional critical-date fields are trimmed (0.392791ms)
✔ critical-date CAS preserves full database timestamp and rejects a losing edit (5.877625ms)
✔ missing or malformed snapshot cannot update a critical date (3.191542ms)
✔ malformed headers, widths and quotes never produce writable rows (5.972042ms)
✔ valid BOM CRLF multiline escaped quotes and semicolon fields survive (4.12725ms)
✔ invalid encodings and resource limits fail before preview (41.388167ms)
✔ coverage, presence and missing reports remain distinct; historical removed attendance does not count (4.075333ms)
✔ cancelled requests remain visible in all but never enter active action filters (0.639041ms)
✔ fully assigned does not mean present and absent people remain assigned until replacement (0.367875ms)
✔ search combines Turkish-normalized location, occupation and assigned staff terms (13.625208ms)
✔ measured empty day accepted, unavailable or malformed RPC never becomes zero (44.441084ms)
✔ real dates, leap years and strict format (18.7705ms)
✔ required fields, counts and extra untrusted fields (2.568208ms)
✔ daily coverage from zero to full (5.359625ms)
✔ paused and cancelled are not active demand (0.637959ms)
✔ corrupt aggregates fail rather than clamp (0.312667ms)
✔ assignment eligibility failures stay distinct (0.4525ms)
✔ missing or nonboolean verification never means available (3.648625ms)
✔ activity empty differs from unavailable or malformed response (17.814625ms)
✔ activity labels distinguish ownership events without claiming task completion (0.44925ms)
✔ general document activity accepts only an internal document destination (0.711083ms)
✔ contracts filter in SQL before five-row cap; no full-record transfer (202.524125ms)
✔ documents include missing files and undated manual states before limiting; derive expiry now (6.112ms)
✔ critical dates include overdue and exactly thirty days; bounded stable order (13.3805ms)
✔ smaller server cap, missing counts, duplicate rows and transport errors do not masquerade as complete cards (20.714292ms)
✔ company names resolve only referenced IDs in batches; no task count tied to directory cap (24.638916ms)
✔ money preserves zero, negative values, and missing versus malformed input (97.293208ms)
✔ Istanbul variants share a display/filter key without changing other city names (1.035208ms)
✔ role rejection touches neither document nor storage (5.5515ms)
✔ read failure leaves both records untouched (3.974916ms)
✔ missing read and zero-row delete explicitly report no confirmed deletion (2.56ms)
✔ blocked database deletion never removes the file (1.724917ms)
✔ confirmed row deletion uses RETURNING path, after deleting the row (0.4915ms)
✔ record without a file is a confirmed deletion with no storage operation (0.286958ms)
✔ storage failure preserves confirmed deletion and warning, never suggests row retry (5.307417ms)
✔ each existing category belongs to one folder; linked contracts stay together (1.937375ms)
✔ moving changes category only, scoped by company, revision and unlinked contract (3.05425ms)
✔ invalid category, denied/stale result, transport error and wrong identity never succeed (0.941375ms)
✔ listAllDocuments derives expiry without mutating stored status (345.99425ms)
✔ listDocumentsByLegacyCompanyId derives expiry without mutating stored status (181.544208ms)
✔ single document derives expiry and preserves missing record (218.439334ms)
✔ company compliance counts expired stored-complete files as non-compliant (114.639292ms)
✔ Istanbul expiry includes day zero and thirty, expires on following day (12.534583ms)
✔ expiry changes at Istanbul midnight instead of UTC midnight (0.569833ms)
✔ stored complete does not keep an expired document green and mapping does not mutate raw data (0.451625ms)
✔ missing file and explicit missing status take priority; undated manual state stays intact (0.759167ms)
✔ initial snapshot and refresh are silent; only newly observed unread IDs sound (12.893625ms)
✔ scope keys separate companies and users; response mismatch fails closed (6.499833ms)
✔ links contain only a verified internal request target, company and date (3.377292ms)
✔ two tabs observing the same event play once; rapid batches are consumed silently (11.4415ms)
✔ storage or locking failure never falls back to uncoordinated sound (0.739375ms)
✔ shared ledger stores only bounded event IDs and time, never message content (0.864083ms)
✔ duplicate inbox rows are rejected instead of doubling counters or cards (1.394541ms)
✔ impossible calendar day cannot reach the date formatter or deep link (1.591958ms)
✔ independent task inserts null company without company lookup and keeps assignment empty (3.498625ms)
✔ independent tasks cannot borrow company-linked context (2.578333ms)
✔ business day is independent of device timezone at Istanbul midnight (3.0935ms)
✔ actual day hook observes timer, wake and visibility changes, then removes listeners (134.9545ms)
✔ valid search and known filter values survive serialization (15.617041ms)
✔ malformed, oversized and wrongly typed preferences recover to defaults (4.218833ms)
✔ unknown keys and overlong fields cannot enter the filter state (0.975584ms)
✔ keys separate list, account, tenant and role without separator ambiguity (2.925292ms)
✔ distinguishes new, unchanged, changed and inactive without rewriting input (12.370167ms)
✔ reads beyond first page and includes inactive rows (0.787417ms)
✔ null codes do not match by name; leading zeros and case remain distinct (0.28575ms)
✔ read failures and malformed pages never become new records (3.476791ms)
✔ changing totals and duplicated records across pages fail closed (3.247166ms)
✔ oversized directory stops after first page; no partial preview (2.298083ms)
✔ empty measured directory is allowed; duplicate input is rejected before reads (0.385833ms)
✔ UTF8 BOM CRLF and leading zeros retained (5.454875ms)
✔ quoted delimiter and escaped quotes (4.157375ms)
✔ bad quoting columns and headers rejected (2.68475ms)
✔ duplicate codes rejected, different leading zeros retained (1.192625ms)
✔ empty oversize and more than 500 rows rejected (4.403708ms)
✔ invalid cell types controls and empty text rejected (1.018333ms)
✔ only editable fields survive; leading/trailing whitespace is trimmed (20.335333ms)
✔ invalid identity, stale-token shapes and invalid text cannot become update commands (10.246917ms)
✔ response requires identity, exact new values and one revision advance (1.212542ms)
✔ max accepted revision advances safely and missing old values are unverifiable (0.369875ms)
✔ real service forwards scope and normalized payload; RPC error or malformed success is never accepted (9.620625ms)
✔ login preserves internal destination, query and hash after normalization (161.643083ms)
✔ login rejects external, backslash, controls and normalized host prefixes (2.823375ms)
✔ anonymous access request reaches handler while adjacent and protected paths redirect (92.680375ms)
✔ redirect retains refreshed session cookie options (3.797791ms)
✔ management date follows Istanbul midnight and owner/date filters stay server-side (156.06525ms)
✔ saved search stores normalized filter not a page and rejects corrupt/duplicate data (6.164917ms)
✔ availability rejects impossible dates, inverted and excessive intervals (4.309625ms)
✔ past and superseded availability never becomes current via fallback (0.493875ms)
✔ active work rejection has a useful admin message without raw database text (3.726917ms)
✔ task guard membership and role failures remain distinct in create and update (3.721833ms)
✔ transport failures are not translated into lost membership or role (6.070666ms)
✔ operation day rolls over at Istanbul midnight regardless of device timezone (149.141166ms)
✔ quick views distinguish current owner, truly unassigned, and closed work (0.611625ms)
✔ active tasks sort by due day with stable ties without mutating input (23.951417ms)
✔ completion keeps tenant, revision, active status and ownership in the same update (65.750333ms)
✔ lost race, inaccessible task, transport error and invalid revision never succeed (2.266458ms)
✔ overdue view derives lateness from date and excludes completed, future and undated tasks (0.28075ms)
✔ desktop and mobile action availability preserves ownership and legacy assignee boundaries (18.437375ms)
✔ route remount uses current workspace; stale cleanup cannot remove its protection (3.783709ms)
✔ navigation decision keeps the original event and synchronous cancellation (0.785334ms)
✔ company IDs are chunked and each assignment batch is paged to the measured total (46.022583ms)
✔ late assignment failure or unrelated company discards all previously read assignments (44.908583ms)
✔ failed manager read yields no company recipients and never starts partner lookup (16.731834ms)
✔ tasks candidate pages keep filters and never expose a partial source list (8.807292ms)
✔ documents candidate pages keep filters and never expose a partial source list (5.181708ms)
✔ appointments candidate pages keep filters and never expose a partial source list (2.87675ms)
✔ document batch reaches last source/membership rows and keeps tenant contents out of the other email (171.474041ms)
✔ late documents error produces no sends or reservation writes (8.280917ms)
✔ late tenant_memberships error produces no sends or reservation writes (14.8675ms)
✔ unacknowledged notification stamps are errors, never sent or counted as already sent (41.203791ms)
✔ unverifiable task owner is not treated as unassigned or sent to the manager fallback (8.352375ms)
✔ verified task owner receives the task while a truly unassigned task goes to its tenant manager (13.370875ms)
✔ overdue tasks change day at Istanbul midnight, not three hours later at UTC midnight (13.723041ms)
✔ appointment reminders use tomorrow in Istanbul when UTC is still on the previous day (51.749667ms)
✔ tenant roles override global roles for document recipients (92.812792ms)
✔ missing membership role fails closed before any transport or stamp (8.155708ms)
✔ notification names resolve all referenced companies in bounded deduplicated chunks (11.155916ms)
✔ missing, truncated, duplicated or malformed company names fail instead of generating fallback mail (4.014208ms)
✔ contract batch reads past limits and sends each contract only to its tenant and assigned partner (120.460333ms)
✔ contract batch stops before stamps on a late read failure or missing company name (98.345625ms)
✔ contract 30-day window opens at Istanbul midnight (14.228625ms)
✔ a shared email in another tenant does not hide an eligible profile; same-tenant duplicates still get one copy (220.664833ms)
✔ multi-workspace contracts use tenant roles for managers and assigned partners (134.155833ms)
✔ contract recipients page managers, preserve email-only eligibility and restrict partner assignments/roles (41.712667ms)
✔ contract recipient later page failure rejects instead of returning earlier managers (2.7945ms)
✔ expiry contract reader reaches the last candidate past the server cap without selecting unused columns (10.827583ms)
✔ contract read failure or incomplete later page rejects the entire candidate set (3.782667ms)
✔ membership paging reaches the last row even when server cap is lower than requested (33.928917ms)
✔ later page error, changing count, empty gap and duplicate rows discard the entire map (9.485042ms)
✔ empty membership table is valid only with measured zero; thrown reads remain unavailable (1.485375ms)
✔ profile IDs are deduplicated and chunked without losing the last owner (8.603833ms)
✔ late error, count mismatch and unexpected or repeated profiles discard previous chunks (6.671791ms)
✔ missing profiles and contactless profiles are measured omissions, empty input does not query (3.23375ms)
✔ company recipients still exclude a former partner after shared profile lookup (10.334792ms)
✔ role profile pagination includes the last eligible recipient and excludes missing contact (2.6645ms)
✔ role profile errors and unexpected roles never expose a partial recipient list (2.629667ms)
✔ notification reservation requires the expected acknowledgement; empty data is not already sent (5.372084ms)
✔ unique conflict remains an idempotent skip and DB failures expose only their code (4.388042ms)
✔ bounded matcher catches identity-like and Turkish mobile forms (5.890958ms)
✔ ordinary dates, times, amounts and long identifiers remain usable; limits explicit (3.954625ms)
✔ all four submission validators reject before calling a service (12.594208ms)
✔ historical conversation and pending command resolution remain readable (5.283167ms)
✔ validation errors are actionable without echoing private text (6.099208ms)
✔ one request may have three signs but request count is unique (207.876667ms)
✔ removed absence and cancelled demands do not create actions (1.367ms)
✔ future unknown does not count as outstanding but unfilled demand does (4.342042ms)
✔ due date uses snapshot Istanbul day across UTC midnight boundary (1.115208ms)
✔ wrong week or malformed snapshot never becomes clean checklist (5.295375ms)
✔ empty verified week and fully present request have no signs (3.599792ms)
✔ priority and search preserve overlap without summing people (1.848042ms)
✔ selected day only, including year boundary week (0.761958ms)
✔ query separates company locations and tenant workers (3.241375ms)
✔ page preserves leading zero code and manual null code (0.772583ms)
✔ partial page, duplicate identity or wrong filter fails instead of showing clean data (3.787959ms)
✔ page beyond shrinking total is valid empty with true total (0.700709ms)
✔ worker shape cannot be mistaken for a company location (3.546208ms)
✔ activation keeps strict boolean and bounded expected revision (3.56525ms)
✔ activation response must identify exact change and revision (0.588875ms)
✔ command boundaries reject missing or invalid CAS, hash, bytes and filename (4.717583ms)
✔ receipt identity and terminal states cannot be borrowed or interpreted loosely (4.287458ms)
✔ invalid file is rejected before any RPC, including same-size different content (50.963084ms)
✔ lost upload response reconciles bytes before finish; same command retry returns receipt without Storage (20.04675ms)
✔ missing or mismatched Storage bytes cannot finish (6.726583ms)
✔ cancelled command never uploads; cancel-before-prepare uses full immutable command (2.857084ms)
✔ status distinguishes unknown transport, confirmed missing, malformed and published (3.339625ms)
✔ bounded multipart accepts a file above Server Action default and exactly 10 MiB (449.696333ms)
✔ body limit enforced on actual chunks despite missing or lying Content-Length (177.203708ms)
✔ malformed successful RPC data remains an unverifiable result, not invalid caller input (0.745834ms)
✔ fresh adapter after reload reuses persisted identity without storing form text (118.237833ms)
✔ canonical object key order is stable; changed payload and kind are distinct (28.914334ms)
✔ different account and tenant never borrow identity (7.999916ms)
✔ concurrent tabs reserve a single identity through shared lock (17.046917ms)
✔ acknowledgment removes only confirmed command; next identical intent has new identity (9.38425ms)
✔ blocked read/write and missing locks reject without volatile fallback (4.841583ms)
✔ malformed stored records fail closed (9.126292ms)
✔ 50 pending limit preserves old identities and blocks new writes (81.557916ms)
✔ failed acknowledgment retains original identity for safe retry (4.14875ms)
✔ reconciliation clears only terminal requested IDs; unknown and concurrent additions survive (25.008833ms)
✔ malformed, omitted, duplicate, foreign, and non-terminal-looking statuses preserve all pending identities (12.065125ms)
✔ reconciliation storage failure keeps recoverable identity (3.069208ms)
✔ read-only digest snapshot matches normalized intent without reserving or exposing payload (13.924417ms)
✔ reload and concurrent tabs reuse identity without retaining financial text (36.221ms)
✔ changed file or mapping cannot silently allocate a second command (2.322375ms)
✔ scope isolation; settlement clears only the proven command (5.339417ms)
✔ storage failure and corrupt records fail closed (2.979875ms)
✔ failed settlement retains original identity (42.431333ms)
✔ only explicit input rejection permits clearing recovery; network/replay uncertainty preserves it (0.903875ms)
✔ command payload allowlists fields and trims text (52.042667ms)
✔ unknown commands including prototype properties are rejected (14.889583ms)
✔ request boundary, date and identity validation (1.342708ms)
✔ directory and assignment commands require their own fields (14.437792ms)
✔ null and nonboolean board data cannot become an empty or available board (4.054584ms)
✔ capacity and cancellation contradictions fail board validation (20.743583ms)
✔ capacity edit requires valid old and new counts and strips unrelated fields (0.551375ms)
✔ attendance requires exact status and nonnegative bounded revision (0.379792ms)
✔ board cannot drop attendance or turn unknown into absence (2.858833ms)
✔ request context round trips without dropping day, scope, or encoded job (38.506375ms)
✔ malformed or duplicate context cannot initialize a placement journey (3.756083ms)
✔ new, repeated and corrected files remain distinct (12.910459ms)
✔ rejects other tenant/project/source/month and partial snapshots (1.0495ms)
✔ both copies are blocked; changed source identity cannot duplicate work (3.316917ms)
✔ missing is not zero; malformed dates and durations are blocked (0.591042ms)
✔ omitted rows remain visible without deletion; corrupt snapshots fail (0.420166ms)
✔ multiple slots are separate; leading zero codes are preserved (0.33375ms)
✔ preview rejects incomplete, duplicate, invalid duration or status rows (5.265334ms)
✔ people response rejects duplicate codes and malformed candidates (0.4855ms)
✔ monthly report rejects incomplete, inconsistent or wrong-scope totals (11.031042ms)
✔ empty report is explicit and duration retains minutes (228.676042ms)
✔ UTF-8 CSV preserves codes and explicitly converts hours (174.511625ms)
✔ invalid encoding, duplicate columns, partial row fail (23.09575ms)
✔ blank/formula/day-text/fractional-minute/out-of-range never become zero (16.704375ms)
✔ wrong month, formula metadata and duplicate mapping block (1.332666ms)
✔ incomplete lists, duplicates and wrong tenant fail (29.917458ms)
✔ details reject impossible dates and incomplete child pages (7.372791ms)
✔ page offsets are bounded and aligned (0.721708ms)
✔ work details fail on missing pages, duplicates, wrong scope and invalid durations (5.332625ms)
✔ Excel dates and zero-padded codes survive extraction (29.397542ms)
✔ formulas remain flagged; merged, hidden-only and oversized sheets reject (8.351417ms)
✔ task rejects wrong company, tenant, invisible relation and read failure before insert (7.619458ms)
✔ task accepts same company/tenant relation and queries explicit scope (4.38525ms)
✔ task rejects company belonging to another tenant (0.366708ms)
✔ appointment rejects wrong company, tenant, invisible relation and read failure before insert (2.065375ms)
✔ appointment accepts same company/tenant relation and queries explicit scope (2.882125ms)
✔ appointment rejects company belonging to another tenant (0.413667ms)
✔ task appointment relation is independently validated before insert (0.437166ms)
✔ no relation requires no extra relation reads and preserves nullable IDs (2.233667ms)
✔ replacement search is Turkish-normalized and excludes booked, inactive and current worker (29.911125ms)
✔ selected available worker survives no matching search without inflating match count (1.959417ms)
✔ selection cannot bypass availability and does not duplicate a matched worker (0.532666ms)
✔ only an explicit scoped null latest is interpreted as no conversation (3.668917ms)
✔ transport error cannot become a zero revision snapshot (0.588ms)
✔ latest revision and actor are validated before exposing the record (2.446708ms)
✔ write retains scope, command ID and revision; validates response against submitted command (2.99275ms)
✔ invalid input stops before RPC and write errors are preserved for reconciliation (1.196459ms)
✔ eleven-digit numeric codes are blocked without collecting or validating identity (3.455958ms)
✔ ordinary business codes, dates and UUIDs are not reclassified as identities (0.960667ms)
✔ spreadsheet row is held with field message and no accepted value (10.056292ms)
✔ database rejection is translated without echoing the input (0.532792ms)
✔ weekdays selected across year boundary and leap day (60.87275ms)
✔ range limit is inclusive 31 days; reverse, empty weekday and invalid calendar rejected (10.061459ms)
✔ payload normalization gives same dates and trimmed content for retry identity (7.177917ms)
✔ malformed or excessive payload never reaches writes (7.594458ms)
✔ removed preview days remain excluded from canonical payload (0.604083ms)
✔ batch result must contain exact count and distinct identities for the same command (0.669125ms)
✔ IDP period keeps original leave interval while excluding non-working preview days (5.219666ms)
✔ all routes prohibit framing and set browser safety headers without breaking scripts (249.536625ms)
✔ late assignment skips prior checks and requires immediate call (17.347083ms)
✔ last recorded event wins, not scheduled offset (1.049875ms)
✔ past plan events cannot colour new plan (2.110959ms)
✔ claimed arrival remains unverified at start even if all calls recorded (1.857334ms)
✔ confirmation closes remaining calls without fabricating events; removal closes writes (3.288875ms)
✔ unknown or malformed call outcome fails closed instead of hiding required action (5.789792ms)
✔ all supported call results and extra call offset remain accepted (4.996083ms)
✔ daily attendance conflict directs the operator to reopen independent confirmation (1.077ms)
✔ mobile next call suggests earliest due unrecorded step regardless of offset order (4.082084ms)
✔ mobile next call never reopens closed/confirmed work or fabricates scheduled checks (2.514417ms)
✔ known rejected command is removed only after terminal server closure (32.9075ms)
✔ previous commit wins over a later rejection; never claims not saved (3.127542ms)
✔ scope denial, unknown or malformed reconciliation preserve pending identity (5.804875ms)
✔ network, lock and unknown errors never automatically close a command (7.99175ms)
✔ storage failure after response keeps uncertainty rather than fake cleanup (7.622167ms)
✔ input, witness, replay and plan errors have useful distinct explanations (1.173375ms)
✔ zero assignments differs from zero outstanding tracking (32.511292ms)
✔ full count survives first-page/top-three rendering (10.128916ms)
✔ partial or wrong-scope response is not a healthy summary (1.426375ms)
✔ confirmed or closed record cannot become an outstanding item (1.036875ms)
✔ employee claim remains pending and lost responsibility is explicit (1.010333ms)
✔ tracking link preserves exact day and enables only explicit action filter (0.934ms)
✔ tracking link preserves day and safely encodes worker search without enabling urgent filter (4.226416ms)
✔ missing name and invalid day cannot produce an unrelated tracking destination (1.089916ms)
✔ tracking preserves return company separately from the all-company query and chosen return day (1.701667ms)
✔ return navigation rejects malformed company and impossible dates without accepting arbitrary URLs (0.93575ms)
✔ future, due and overdue controls have distinct boundaries (15.64575ms)
✔ claimed arrival never confirms; start deadline escalates even after all calls (0.639125ms)
✔ cannot attend needs replacement; unreachable differs from absence (0.502958ms)
✔ verified arrival skips remaining controls, retains recorded outcomes (1.174ms)
✔ removed assignment closes pending controls; invalid confirmation cannot green a row (3.982458ms)
✔ midnight arithmetic and malformed schedules (3.022292ms)
✔ onboarding access excludes operations while ordinary attachments remain available (3.551834ms)
✔ metadata rejects path names, oversized files, PDF photos and forged properties (49.153708ms)
✔ file signature is checked rather than trusting filename or browser MIME (0.564416ms)
✔ lost upload response survives reload and reuses its command without storing file contents (8.386583ms)
✔ upload references are isolated by actor, tenant, person, category and file fingerprint (0.621542ms)
✔ blocked, silently discarded or corrupted browser storage prevents starting a new command (1.216708ms)
✔ confirmation cannot clear a different command written by another tab (0.333834ms)
✔ upload recovery accepts duplicate status 400 or 409 and lost responses only after database confirmation (1.119333ms)
✔ a successful Storage response never substitutes for failed or non-boolean database confirmation (2.12925ms)
✔ confirmed reserve replay avoids uploading twice; malformed reserve never uploads (2.163042ms)
✔ two tabs reserve one upload command through the same exclusive lock (1.085042ms)
✔ missing or rejected cross-tab lock never allocates an upload reference (0.441084ms)
✔ attachment list distinguishes measured empty from missing or corrupt response (1.13225ms)
✔ attachment list rejects wrong person, duplicate IDs and malformed file metadata (2.499834ms)
✔ attachment list keeps the 51st pagination sentinel but rejects an unexpected oversized response (0.464542ms)
✔ confirmation and reservation use the same lock; a queued new command survives cleanup (0.670417ms)
✔ confirmation preserves recovery reference if cross-tab lock cannot be acquired (0.471333ms)
✔ cancel cleanup only clears matching command inside the same actor tenant and person (0.75475ms)
✔ explicit empty differs from missing, and every requested identity is accounted for (6.381708ms)
✔ reject wrong tenant, actor, timestamps and job-specific decline in general summary (1.006417ms)
✔ bound requests to one server page and accept empty page (4.810916ms)
✔ conversation captures an outcome without manufacturing availability or a placement (13.332125ms)
✔ declining a job requires that specific request; malformed values fail (8.055625ms)
✔ response belongs to requested tenant/person and contains a real server actor/time (7.1555ms)
✔ history rejects mixed people, duplicate ids and oversized responses (6.4555ms)
✔ combined filters normalize without dropping constraints (3.028333ms)
✔ invalid ranges, malformed filters and null values fail validation (2.364166ms)
✔ demographics remain optional and omission is distinct from explicit clear (155.799542ms)
✔ server response must echo every applied filter (0.691417ms)
✔ availability requires date and state together; saved legacy filters remain valid (0.5725ms)
✔ person responses retain demographics through list, detail and edit validation (3.13575ms)
✔ callback view survives validation and saved searches; response cannot silently use all (51.999709ms)
✔ batch request preserves sparse physical row numbers and rejects malformed or duplicate decisions (1585.945333ms)
✔ status must be complete and belong to the expected actor, company, batch and source (4.725875ms)
✔ terminal receipt and blocked codes cannot be coerced or accepted for another row (7.585958ms)
✔ services use scoped RPCs, validate inputs before calls, and never translate transport failures into success (88.353333ms)
✔ unknown recovery stays distinct from closed and rejects another scope or reference (2.624709ms)
✔ selected plan maps only approved fields and strips all held source information (98.171542ms)
✔ history requires a complete scoped page and valid pending counts (1.646958ms)
✔ result report includes each physical source row and distinguishes unsettled from saved (2.065959ms)
✔ comparison snapshot distinguishes measured empty from incomplete, malformed and foreign results (15.354ms)
✔ read service sends only verified scope, not spreadsheet content, and validates response (11.943208ms)
✔ Turkish phone formats match but do not imply identity (93.255958ms)
✔ blank fields preserve existing data; new contacts are additive and old city conflicts visible (5.942791ms)
✔ name and contact matching different people requires review; never prefer one silently (5.458083ms)
✔ source issues remain blocking review even when no current match exists (1.151875ms)
✔ many ambiguous matches are bounded and explicitly labelled; file rows are never merged (13.256ms)
✔ every source row is accounted for; no decision is guessed (21.0635ms)
✔ existing identity selection never accepts field changes by default (4.148833ms)
✔ source issues, unknown targets, illegal changes and matches cannot become new writes (4.118042ms)
✔ two source rows targeting one person require resolution even for unchanged rows (3.794959ms)
✔ new rows with normalized shared identity do not silently create duplicates (2.015667ms)
✔ new row conflicting with another row resulting contact is also blocked (2.205542ms)
✔ contact capacity and revision overflow cannot be hidden by review (2.17975ms)
✔ existing city-only import excludes rejected source name and contact values from the actual request (157.878958ms)
✔ selected email is retained, unchanged rows send only stored name, hold rows send no personal data (34.214583ms)
✔ suggestions are conservative, duplicates and branch city are not guessed (115.979ms)
✔ calendar dates reject impossible days and ambiguous serials (2.012083ms)
✔ repeated names and shared phones retain all physical source rows without merging (9.965333ms)
✔ coverage statuses remain source history; invalid ranges and unmapped fields remain visible (1.027958ms)
✔ missing, overlapping and wrong-scope mappings are rejected (10.48275ms)
✔ real XLSX reader preserves hidden sheet, physical row numbers, dates and formula diagnostics (680.16525ms)
✔ CSV supports BOM CRLF quoted delimiters; bad encoding and renamed text fail (11.361791ms)
✔ worksheet extents cannot silently truncate oversized sources (10.752ms)
✔ name-only source and unmapped formula can be explicitly prepared as new without merging (459.698625ms)
✔ mapped formula, error, invalid contact and missing name still block a new-person decision (9.872042ms)
✔ ten long emails fit the workbook cell budget without truncation; over-limit cells fail (15.523625ms)
✔ a large source is partitioned without losing or renumbering any source row (75.276583ms)
✔ duplicate targets across partition boundary are rejected before any part can be sent (3.837166ms)
✔ queue references reject corruption and duplicates instead of skipping parts (1.157ms)
✔ local import receipt distinguishes absent, valid, malformed JSON and old shape (23.952583ms)
✔ blocked storage stays unavailable, is never treated as an empty receipt, and leaks no raw contents (4.944667ms)
✔ person receipt retry preserves command identity and distinguishes malformed and blocked storage (2.169708ms)
✔ resolved receipt removal failure preserves receipt and allows retry without leaking storage error (0.300875ms)
✔ reference preserves exact command and stores no person fields (7.702334ms)
✔ reference cannot recover into a different actor or tenant (4.309208ms)
✔ corrupt, old or unconfirmed references fail closed (0.462667ms)
✔ name-only records preserve unknown contacts, region and work type (5.591875ms)
✔ invalid contacts, hidden extra fields and unsupported work types are rejected (3.649833ms)
✔ page completeness, duplicate IDs, foreign scope and null RPC results fail closed (3.765583ms)
✔ recovery only confirms the expected person, command and revision (0.835584ms)
✔ UUID assignment displays the directory name even without legacy text (1.498167ms)
✔ current directory name supersedes stale legacy text (0.244ms)
✔ loading, failure and missing directory entry never claim unassigned (0.204625ms)
✔ blank profile name is still an assignment (0.186292ms)
✔ name-only rows are clearly marked as legacy (0.198708ms)
✔ only a row without UUID or legacy name says unassigned (0.693833ms)
✔ claim predicates atomically require same tenant/revision, no identity or legacy name, and open status (4.901416ms)
✔ losing claim, inaccessible record and transport failure cannot report success (2.365708ms)
✔ links contain only the task UUID and round trip (3.223ms)
✔ unrelated task-prefill parameters do not become a task link (0.580625ms)
✔ malformed, empty and duplicate IDs are rejected (7.122708ms)
✔ URL round trip carries only identifiers and date (24.65575ms)
✔ ordinary tasks page has no prefill; partial and duplicate context rejected (2.56375ms)
✔ reject malformed ids, impossible dates and unsupported date bounds (3.33975ms)
✔ prefill derives fresh name and title from server data, no assignee/source FK or deadline inferred (0.750417ms)
✔ missing company/request/location and mismatched day fail without fallback (4.087583ms)
✔ passive company and cancelled request cannot prepare a new followup (1.187958ms)
✔ inactive location may still need a followup on an existing active request (0.470459ms)
✔ invalid or missing revision fails before any raw request (9.050166ms)
✔ update filters exact loaded revision and returns new row (2.762125ms)
✔ zero rows is a conflict, transport/database error stays different (2.587041ms)
✔ history has an honest twenty-row limit and extra-row indicator (0.895875ms)
✔ command validates bounded unique integer revisions and canonical identities (108.555166ms)
✔ snapshot normalization removes ordering and presentation from command identity (0.643792ms)
✔ preview rejects silent omissions, duplicate rows, unsafe counts and wrong source (1.106125ms)
✔ directory allows unnamed departed source, never absent arrays or duplicate targets (1.000833ms)
✔ result must match exact command scope and moved count (0.504417ms)
✔ service writes one RPC and has no iterative task fallback (0.409541ms)
✔ invalid command fails before write and malformed successful response is uncertain (1.849834ms)
✔ transport error cannot be mislabeled as nonmember or conflict (0.8425ms)
✔ reverse formula rejects the historical negative-price case and below-baseline amounts (5.903291ms)
✔ every numeric input rejects negative and non-finite values (7.187083ms)
✔ zero markup is valid and markup is applied to cost, not sales margin (4.495458ms)
✔ form parser distinguishes missing required input from optional zero and rejects partial numeric strings (11.725542ms)
✔ hard dependencies are a DAG; unknown, duplicate and self edges are rejected (6.289042ms)
✔ talent, tasks and announcements stand alone; reporting and staffing do not require each other (5.7975ms)
✔ every one of the 1024 configurations is accepted iff all required dependencies are enabled (118.815625ms)
✔ partial, unknown, inherited and non-boolean module values never imply enabled (5.8965ms)
✔ context keeps bigint revisions exact and discards unrelated response fields (2.784917ms)
✔ actor/company/generation/role/protocol mismatches cannot supply a context (2.652375ms)
✔ all existing member roles retain their role without receiving new privileges (1.131334ms)
✔ an older response from another workspace is rejected and no RPC fallback runs (9.808125ms)
✔ one bounded RPC returns the whole snapshot, without a client-selected tenant argument (5.2965ms)
✔ migration catalog is generated from the same manifest, not a second hand-maintained graph (1.137291ms)
✔ cancelled presence remains actual; removed unknown is not outstanding (20.211667ms)
✔ no declarations cannot silently become zero attendance (3.117708ms)
✔ duplicate or unmatched declarations fail verification (0.991708ms)
✔ same worker on different days counts separate person days (0.432208ms)
✔ absence total counts declarations, not unique people (0.68ms)
✔ Monday week boundaries include Sunday, leap day, year and minimum date (10.249334ms)
✔ totals count person-days, exclude cancellations and retain unfilled requests (2.5335ms)
✔ empty verified plan is accepted; null and wrong company/week are not (0.970833ms)
✔ range, duplicate requests, capacity, missing staff and cancelled assignment contradictions fail closed (1.006625ms)
✔ same worker on separate days allowed, double booking or repeated assignment ID rejected (1.001625ms)
✔ CSV records scope/time and quotes delimiters, double quotes and embedded newlines (2.3605ms)
✔ CSV neutralizes formula prefixes including whitespace before formula (0.641792ms)
✔ CSV cancellations are opt-in and contribute zero active open (2.687625ms)
✔ overnight is explicit; break reduces actual work; invalid time never becomes an estimate (5.092709ms)
✔ 24 hour limit and zero-length work are distinct; no automatic overnight guessing (0.484666ms)
✔ correction reason required and only valid scoped record can establish revision zero (16.023167ms)
✔ net totals and contiguous latest audit history must agree with the record (0.635375ms)
✔ receipt is matched to command, assignment, action and next revision (4.862667ms)
✔ invalid write fails before RPC; exact payload and errors are preserved (4.267291ms)
✔ company/day list rejects wrong scope, partial shape, duplicates and malformed totals (45.467792ms)
✔ latest 20 audit entries are accepted only in contiguous descending revision order (1.778875ms)
✔ declared per-entry and aggregate expansion are bounded (5.785916ms)
✔ malformed directories, encryption, volume split and entry-count overflow fail (4.451875ms)
✔ preparation preserves identity and explicit work kind; normalizes code (5.389917ms)
✔ rejects malformed identities, revisions and unsupported work types (4.205083ms)
✔ receipt must match command, person, next revision and real worker id (1.472416ms)
✔ five surplus staff in one location cannot cancel five missing in another (5.500666ms)
✔ zero target, fully staffed and empty sets remain distinct and nonnegative (0.731916ms)
✔ workspace identity follows server data and never a user-editable company name (2.864ms)
✔ missing, malformed and mismatched company or actor responses fail closed (1.834875ms)
✔ write target requires both the same actor and company (0.427833ms)
✔ RPC errors and null success never invent a company or return a stale identity (1.249916ms)
✔ company context request carries no caller-selected company and has a deadline (0.577167ms)
✔ UI company comes from verified workspace when getUser metadata lacks token-hook claims (0.424958ms)
✔ role and company are accepted together and user metadata cannot supply authority (0.533958ms)
✔ invitation parsing fails closed and excludes server extras (5.421875ms)
✔ token has 256 random bits and transport failure is not labelled invalid invitation (5.420916ms)
✔ setup accepts measured zeros but rejects unavailable/wrong-scope response (5.398084ms)
✔ setup rejects coerced, missing, negative or unsafe counts and invalid calendar dates (0.798834ms)
ℹ tests 528
ℹ suites 0
ℹ pass 528
ℹ fail 0
ℹ cancelled 0
ℹ skipped 0
ℹ todo 0
ℹ duration_ms 89624.573667

> bps@0.1.0 qa:static
> node scripts/qa-static.mjs

BPS QA Mini Harness V1 — qa:static

PASS service_role-confined              (FAIL-rule)  service_role only in cron/healthz/demo-request/access-request
PASS browser-createContact-removed      (FAIL-rule)  no browser-context createContact( in src/app
PASS contact-create-yonetici-only-action (FAIL-rule)  guard: roleData !== "yonetici", no partner in code
PASS contact-create-yonetici-only-ui    (FAIL-rule)  Yetkili Ekle gate: role === "yonetici"
PASS passivate-status-only              (FAIL-rule)  payload = { status: "pasif" }
WARN package-migration-drift            (WARN-rule)  drift (human decides): package-lock.json, package.json, supabase/migrations/20260928000900_tenant_module_foundation.sql
PASS upload-guard-before-storage        (WARN-rule)  guard precedes storage upload
PASS contact-guard-before-insert        (WARN-rule)  guard precedes createContact insert
PASS reactivate-status-only             (WARN-rule)  payload = { status: "aktif" }
PASS stale-partner-comment              (WARN-rule)  no stale partner-scope create comment on create path
PASS import-graph-browser-create        (WARN-rule)  page does not import browser createContact
PASS pre-deploy-gates-recorded          (FAIL-rule)  G1/G2/G3 cleared with accepted values
PASS table-rls-enabled                  (FAIL-rule)  77/77 created tables enable RLS explicitly
WARN unreachable-component              (WARN-rule)  nothing renders: CapacityRiskCard, TimelineList
PASS profiles-read-scoped               (FAIL-rule)  452 files parsed; no unscoped profiles reader; every raw chain keyed; pages read via scoped RPC
PASS scan-integrity                     (FAIL-rule)  every walk() listed completely and every read() succeeded

16 checks · 0 FAIL · 2 WARN
scripts/qa-static.mjs — static only; run tsc + build separately (no lint configured).

> bps@0.1.0 build
> next build

   ▲ Next.js 15.5.26
   - Experiments (use with caution):
     · middlewareClientMaxBodySize: "11mb"

   Creating an optimized production build ...
<w> [webpack.cache.PackFileCacheStrategy] Serializing big strings (215kiB) impacts deserialization performance (consider using Buffer instead and decode when needed)
 ✓ Compiled successfully in 37.1s
   Linting and checking validity of types ...
   Collecting page data ...
   Generating static pages (0/29) ...
Error occurred prerendering page "/aktif-isgucu". Read more: https://nextjs.org/docs/messages/prerender-error
Error: @supabase/ssr: Your project's URL and API key are required to create a Supabase client!

Check your Supabase project's API settings to find these values

https://supabase.com/dashboard/project/_/settings/api
    at <unknown> (https://supabase.com/dashboard/project/_/settings/api)
    at cM (.next/server/chunks/9904.js:37:54970)
    at e (.next/server/chunks/7128.js:1:8091)
    at h (.next/server/chunks/7128.js:1:10244) {
  digest: '1612150723'
}
Export encountered an error on /(main)/aktif-isgucu/page: /aktif-isgucu, exiting the build.
 ⨯ Next.js build worker exited with code: 1 and signal: null
