
> bps@0.1.0 qa:operations
> node scripts/qa-test-suite.mjs application

application: 102 files
database: 10 files
pending: 7 files
Pending feature tests are NOT part of the passed application coverage.
✔ calendar follows Istanbul day across UTC midnight and year rollover (36.137167ms)
✔ agenda groups civil dates, sorts unknown time last, retains cancelled entries, never mutates source (0.9875ms)
✔ truncated or uncounted appointment response cannot render a falsely empty calendar (0.568125ms)
✔ bounded completion input is normalized; nonboolean cannot request a task (1.187875ms)
✔ completion result must identify exact appointment and valid task/skip combination (0.338375ms)
✔ service uses one scoped RPC with no sequential table fallback (0.182542ms)
✔ transport failure is unverifiable, not already completed or unauthorized (0.295459ms)
✔ scope and invalid input fail before calling RPC (0.13475ms)
✔ status-only service cannot recreate split completion path (0.125083ms)
✔ links contain only the appointment UUID and round trip (0.740917ms)
✔ unrelated query parameters do not become an appointment link (0.096125ms)
✔ malformed, empty and duplicate IDs are rejected (0.232959ms)
✔ attendance actions retain exact record and revision, undo appears only after a report (1.318208ms)
✔ future dates and read-only/busy state disable every action including undo (0.357792ms)
✔ removed assignment disables every attendance action, including undo (0.190709ms)
✔ contract days follow Istanbul midnight and preserve today/expired semantics (0.630625ms)
✔ missing, malformed and impossible contract dates never turn into a plausible remaining-day count (0.107208ms)
✔ actual company service enables candidate and active only, preserves input CRM statuses (1.146958ms)
✔ company directory failures are not presented as empty success (0.340834ms)
✔ 1001 rows require three bounded requests; no clipping or redundant empty request (7.156542ms)
✔ empty and exact page boundary terminate without an extra read (11.237167ms)
✔ second-page failures never return the first page as a complete list (10.302ms)
✔ invalid identities, malformed totals and over-budget lists fail on first request (4.759417ms)
✔ selectAllCriticalDates retains scope, exact count and unique ordering on all pages (1.635417ms)
✔ selectAllWorkforceSummaries retains scope, exact count and unique ordering on all pages (0.3095ms)
✔ selectWorkforceSummariesByCompanyIds retains scope, exact count and unique ordering on all pages (0.329625ms)
✔ selectAllTasks retains scope, exact count and unique ordering on all pages (0.236875ms)
✔ selectTasksByCompanyId retains scope, exact count and unique ordering on all pages (0.275167ms)
✔ selectTasksByContractId retains scope, exact count and unique ordering on all pages (0.277792ms)
✔ selectTasksByAppointmentId retains scope, exact count and unique ordering on all pages (1.072292ms)
✔ selectAllAppointments retains scope, exact count and unique ordering on all pages (0.169ms)
✔ selectAppointmentsByCompanyId retains scope, exact count and unique ordering on all pages (0.134375ms)
✔ selectAppointmentsByContractId retains scope, exact count and unique ordering on all pages (0.134125ms)
✔ selectAppointmentsByCompanyIds retains scope, exact count and unique ordering on all pages (0.124875ms)
✔ selectAllContracts retains scope, exact count and unique ordering on all pages (0.13275ms)
✔ selectContractsByCompanyId retains scope, exact count and unique ordering on all pages (0.551792ms)
✔ selectNotesByCompanyId retains scope, exact count and unique ordering on all pages (4.379541ms)
✔ getActiveContractCountsByCompanyIds retains scope, exact count and unique ordering on all pages (0.434584ms)
✔ real Supabase query builder sends bounded offsets, stable order and exact count (67.516166ms)
✔ deadline expiry stops before the next page (0.70775ms)
✔ selectNotesByCompanyId rejects clipped, null-count and failed results (4.623709ms)
✔ selectAllContracts rejects clipped, null-count and failed results (0.278792ms)
✔ selectContractsByCompanyId rejects clipped, null-count and failed results (0.218583ms)
✔ getActiveContractCountsByCompanyIds rejects clipped, null-count and failed results (0.253875ms)
✔ selectAllCriticalDates rejects clipped, null-count and failed results (0.181666ms)
✔ selectAllAppointments rejects clipped, null-count and failed results (0.169833ms)
✔ selectAppointmentsByCompanyId rejects clipped, null-count and failed results (0.157708ms)
✔ selectAppointmentsByContractId rejects clipped, null-count and failed results (0.161209ms)
✔ selectAppointmentsByCompanyIds rejects clipped, null-count and failed results (0.147209ms)
✔ selectAllWorkforceSummaries rejects clipped, null-count and failed results (0.186667ms)
✔ selectWorkforceSummariesByCompanyIds rejects clipped, null-count and failed results (0.1485ms)
✔ selectTasksByCompanyId rejects clipped, null-count and failed results (0.1355ms)
✔ selectAllTasks rejects clipped, null-count and failed results (0.114459ms)
✔ selectTasksByContractId rejects clipped, null-count and failed results (0.097333ms)
✔ selectTasksByAppointmentId rejects clipped, null-count and failed results (0.109417ms)
✔ active counts retain repeated company IDs in a complete result (0.434959ms)
✔ empty company selection never fetches a broader workforce or appointment list (0.053209ms)
✔ dashboard exact totals survive clipped lists while card rows remain unavailable (0.083958ms)
✔ unavailable or malformed totals cannot become measured zero (0.075125ms)
✔ report joins reject missing source or a missing company anywhere in the list (0.049041ms)
✔ report joins preserve measured empty lists and legitimate display names without text sentinels (0.0415ms)
✔ appendix list distinguishes empty, malformed and wrong scope (2.560458ms)
✔ keyset pagination has bounded continuation and rejects duplicates or borrowed preceding rows (0.226833ms)
✔ document history rejects another document even within same contract (0.227417ms)
✔ legacy main commands keep their storage key; appendix targets remain isolated (0.0985ms)
✔ appendix title is command identity; main receipt cannot acknowledge appendix command (0.351833ms)
✔ version download checks contract/document before signing any path (0.179ms)
✔ missing, unavailable and malformed versions never mean empty history (1.012667ms)
✔ bounded history explicitly reports more and rejects unordered or duplicate evidence (0.262958ms)
✔ signed download resolves version through scoped RPC, never arbitrary caller path (0.224875ms)
✔ actual PDF replace service gates revision and uses CAS, zero rows is failure (0.480292ms)
✔ creation validates real calendar dates, bounded revision and required basis (2.2885ms)
✔ unavailable or malformed snapshot never means no task (0.179042ms)
✔ current task owner can be unassigned or unavailable without inventing a person (0.084333ms)
✔ service uses one scoped RPC; malformed success and transport failure do not fall back (0.330208ms)
✔ only exact known failure is definite; unknown responses keep retry command (0.119375ms)
✔ strict command rejects forged identity/display/routing fields and missing fields (0.746417ms)
✔ unicode PostgreSQL character boundary, Turkish text, line endings, NUL and broken UTF-16 (0.845083ms)
✔ mentions are selected identifiers, canonical order, detached from caller array (0.476917ms)
✔ retry comparison is stable but every scope/content change differs (0.20925ms)
✔ null/string/mismatched receipt cannot acknowledge pending command (0.29475ms)
✔ resolution requires matching scope and a recognized terminal result (0.262833ms)
✔ failed RPC shapes are not empty successful reads (1.481708ms)
✔ message shape requires safe identity, timestamp and explicit parent (0.725125ms)
✔ inbox counts and source fields cannot be silently coerced (1.76275ms)
✔ explicit empty optional critical-date fields clear stored content (1.540167ms)
✔ omitted optional critical-date fields remain untouched (0.170375ms)
✔ nonempty optional critical-date fields are trimmed (0.091375ms)
✔ critical-date CAS preserves full database timestamp and rejects a losing edit (0.634709ms)
✔ missing or malformed snapshot cannot update a critical date (0.184792ms)
✔ malformed headers, widths and quotes never produce writable rows (0.673875ms)
✔ valid BOM CRLF multiline escaped quotes and semicolon fields survive (0.442292ms)
✔ invalid encodings and resource limits fail before preview (5.57125ms)
✔ coverage, presence and missing reports remain distinct; historical removed attendance does not count (0.762ms)
✔ cancelled requests remain visible in all but never enter active action filters (0.096916ms)
✔ fully assigned does not mean present and absent people remain assigned until replacement (0.079167ms)
✔ search combines Turkish-normalized location, occupation and assigned staff terms (0.304625ms)
✔ measured empty day accepted, unavailable or malformed RPC never becomes zero (2.077208ms)
✔ real dates, leap years and strict format (1.97975ms)
✔ required fields, counts and extra untrusted fields (0.215084ms)
✔ daily coverage from zero to full (0.449833ms)
✔ paused and cancelled are not active demand (0.140666ms)
✔ corrupt aggregates fail rather than clamp (0.086042ms)
✔ assignment eligibility failures stay distinct (0.1505ms)
✔ missing or nonboolean verification never means available (0.085333ms)
✔ activity empty differs from unavailable or malformed response (1.061ms)
✔ activity labels distinguish ownership events without claiming task completion (0.094375ms)
✔ general document activity accepts only an internal document destination (0.105917ms)
✔ contracts filter in SQL before five-row cap; no full-record transfer (14.40175ms)
✔ documents include missing files and undated manual states before limiting; derive expiry now (0.934416ms)
✔ critical dates include overdue and exactly thirty days; bounded stable order (0.677208ms)
✔ smaller server cap, missing counts, duplicate rows and transport errors do not masquerade as complete cards (1.72325ms)
✔ company names resolve only referenced IDs in batches; no task count tied to directory cap (0.947917ms)
✔ money preserves zero, negative values, and missing versus malformed input (14.213625ms)
✔ Istanbul variants share a display/filter key without changing other city names (0.189875ms)
✔ role rejection touches neither document nor storage (0.981417ms)
✔ read failure leaves both records untouched (0.188917ms)
✔ missing read and zero-row delete explicitly report no confirmed deletion (0.140458ms)
✔ blocked database deletion never removes the file (0.152334ms)
✔ confirmed row deletion uses RETURNING path, after deleting the row (0.136459ms)
✔ record without a file is a confirmed deletion with no storage operation (0.092209ms)
✔ storage failure preserves confirmed deletion and warning, never suggests row retry (0.111708ms)
✔ each existing category belongs to one folder; linked contracts stay together (0.442709ms)
✔ moving changes category only, scoped by company, revision and unlinked contract (0.498167ms)
✔ invalid category, denied/stale result, transport error and wrong identity never succeed (0.310125ms)
✔ listAllDocuments derives expiry without mutating stored status (44.328084ms)
✔ listDocumentsByLegacyCompanyId derives expiry without mutating stored status (16.183917ms)
✔ single document derives expiry and preserves missing record (24.443792ms)
✔ company compliance counts expired stored-complete files as non-compliant (13.942458ms)
✔ Istanbul expiry includes day zero and thirty, expires on following day (2.106708ms)
✔ expiry changes at Istanbul midnight instead of UTC midnight (0.244583ms)
✔ stored complete does not keep an expired document green and mapping does not mutate raw data (0.279708ms)
✔ missing file and explicit missing status take priority; undated manual state stays intact (0.399667ms)
✔ initial snapshot and refresh are silent; only newly observed unread IDs sound (0.837375ms)
✔ scope keys separate companies and users; response mismatch fails closed (0.326791ms)
✔ links contain only a verified internal request target, company and date (2.032625ms)
✔ two tabs observing the same event play once; rapid batches are consumed silently (0.924208ms)
✔ storage or locking failure never falls back to uncoordinated sound (0.678541ms)
✔ shared ledger stores only bounded event IDs and time, never message content (1.0595ms)
✔ duplicate inbox rows are rejected instead of doubling counters or cards (0.634541ms)
✔ impossible calendar day cannot reach the date formatter or deep link (0.174625ms)
✔ independent task inserts null company without company lookup and keeps assignment empty (0.613959ms)
✔ independent tasks cannot borrow company-linked context (0.345667ms)
✔ business day is independent of device timezone at Istanbul midnight (0.43975ms)
✔ actual day hook observes timer, wake and visibility changes, then removes listeners (17.016833ms)
✔ valid search and known filter values survive serialization (1.238458ms)
✔ malformed, oversized and wrongly typed preferences recover to defaults (0.154458ms)
✔ unknown keys and overlong fields cannot enter the filter state (0.08875ms)
✔ keys separate list, account, tenant and role without separator ambiguity (0.13025ms)
✔ distinguishes new, unchanged, changed and inactive without rewriting input (1.360042ms)
✔ reads beyond first page and includes inactive rows (0.257166ms)
✔ null codes do not match by name; leading zeros and case remain distinct (0.1135ms)
✔ read failures and malformed pages never become new records (0.5945ms)
✔ changing totals and duplicated records across pages fail closed (0.355292ms)
✔ oversized directory stops after first page; no partial preview (0.272167ms)
✔ empty measured directory is allowed; duplicate input is rejected before reads (0.115042ms)
✔ UTF8 BOM CRLF and leading zeros retained (1.342584ms)
✔ quoted delimiter and escaped quotes (0.196291ms)
✔ bad quoting columns and headers rejected (0.198167ms)
✔ duplicate codes rejected, different leading zeros retained (0.261209ms)
✔ empty oversize and more than 500 rows rejected (0.456625ms)
✔ invalid cell types controls and empty text rejected (0.11825ms)
✔ only editable fields survive; leading/trailing whitespace is trimmed (2.239292ms)
✔ invalid identity, stale-token shapes and invalid text cannot become update commands (0.436209ms)
✔ response requires identity, exact new values and one revision advance (0.253583ms)
✔ max accepted revision advances safely and missing old values are unverifiable (0.082625ms)
✔ real service forwards scope and normalized payload; RPC error or malformed success is never accepted (0.305833ms)
✔ login preserves internal destination, query and hash after normalization (15.700541ms)
✔ login rejects external, backslash, controls and normalized host prefixes (0.152416ms)
✔ anonymous access request reaches handler while adjacent and protected paths redirect (3.47575ms)
✔ redirect retains refreshed session cookie options (0.768167ms)
✔ management date follows Istanbul midnight and owner/date filters stay server-side (17.72175ms)
✔ saved search stores normalized filter not a page and rejects corrupt/duplicate data (0.84125ms)
✔ availability rejects impossible dates, inverted and excessive intervals (0.339875ms)
✔ past and superseded availability never becomes current via fallback (0.08875ms)
✔ active work rejection has a useful admin message without raw database text (0.839208ms)
✔ task guard membership and role failures remain distinct in create and update (0.28475ms)
✔ transport failures are not translated into lost membership or role (0.098958ms)
✔ operation day rolls over at Istanbul midnight regardless of device timezone (13.669083ms)
✔ quick views distinguish current owner, truly unassigned, and closed work (0.191542ms)
✔ active tasks sort by due day with stable ties without mutating input (0.993041ms)
✔ completion keeps tenant, revision, active status and ownership in the same update (0.242875ms)
✔ lost race, inaccessible task, transport error and invalid revision never succeed (0.348ms)
✔ overdue view derives lateness from date and excludes completed, future and undated tasks (0.084291ms)
✔ desktop and mobile action availability preserves ownership and legacy assignee boundaries (0.126709ms)
✔ route remount uses current workspace; stale cleanup cannot remove its protection (0.730792ms)
✔ navigation decision keeps the original event and synchronous cancellation (0.103458ms)
✔ company IDs are chunked and each assignment batch is paged to the measured total (1.609209ms)
✔ late assignment failure or unrelated company discards all previously read assignments (2.381459ms)
✔ failed manager read yields no company recipients and never starts partner lookup (0.237917ms)
✔ tasks candidate pages keep filters and never expose a partial source list (1.5325ms)
✔ documents candidate pages keep filters and never expose a partial source list (0.457958ms)
✔ appointments candidate pages keep filters and never expose a partial source list (0.398875ms)
✔ document batch reaches last source/membership rows and keeps tenant contents out of the other email (11.951166ms)
✔ late documents error produces no sends or reservation writes (0.796292ms)
✔ late tenant_memberships error produces no sends or reservation writes (1.4075ms)
✔ unacknowledged notification stamps are errors, never sent or counted as already sent (4.578958ms)
✔ unverifiable task owner is not treated as unassigned or sent to the manager fallback (1.090958ms)
✔ verified task owner receives the task while a truly unassigned task goes to its tenant manager (1.266083ms)
✔ overdue tasks change day at Istanbul midnight, not three hours later at UTC midnight (6.562417ms)
✔ appointment reminders use tomorrow in Istanbul when UTC is still on the previous day (2.140625ms)
✔ tenant roles override global roles for document recipients (4.844666ms)
✔ missing membership role fails closed before any transport or stamp (0.762291ms)
✔ document batch reservations follow each documents expiry date (11.593083ms)
✔ notification names resolve all referenced companies in bounded deduplicated chunks (1.025458ms)
✔ missing, truncated, duplicated or malformed company names fail instead of generating fallback mail (0.316958ms)
✔ contract batch reads past limits and sends each contract only to its tenant and assigned partner (18.014833ms)
✔ contract batch stops before stamps on a late read failure or missing company name (5.631291ms)
✔ contract 30-day window opens at Istanbul midnight (1.590542ms)
✔ a shared email in another tenant does not hide an eligible profile; same-tenant duplicates still get one copy (11.001375ms)
✔ multi-workspace contracts use tenant roles for managers and assigned partners (10.423125ms)
✔ contract batch reserves the actual expiry date and renewal changes its key (8.217375ms)
✔ contract recipients page managers, preserve email-only eligibility and restrict partner assignments/roles (1.873917ms)
✔ contract recipient later page failure rejects instead of returning earlier managers (0.62475ms)
✔ expiry contract reader reaches the last candidate past the server cap without selecting unused columns (1.487833ms)
✔ contract read failure or incomplete later page rejects the entire candidate set (0.380667ms)
✔ membership paging reaches the last row even when server cap is lower than requested (4.171625ms)
✔ later page error, changing count, empty gap and duplicate rows discard the entire map (1.575209ms)
✔ empty membership table is valid only with measured zero; thrown reads remain unavailable (0.197416ms)
✔ profile IDs are deduplicated and chunked without losing the last owner (2.016667ms)
✔ late error, count mismatch and unexpected or repeated profiles discard previous chunks (0.532166ms)
✔ missing profiles and contactless profiles are measured omissions, empty input does not query (0.375542ms)
✔ company recipients still exclude a former partner after shared profile lookup (1.364209ms)
✔ role profile pagination includes the last eligible recipient and excludes missing contact (2.250208ms)
✔ role profile errors and unexpected roles never expose a partial recipient list (0.354791ms)
✔ notification reservation requires the expected acknowledgement; empty data is not already sent (1.037209ms)
✔ unique conflict remains an idempotent skip and DB failures expose only their code (0.129375ms)
✔ renewal keys vary by expiry, reject invalid dates, and preserve other notification kinds (34.26675ms)
✔ failed delivery rollback filters the exact dated reservation (0.207667ms)
✔ bounded matcher catches identity-like and Turkish mobile forms (0.650625ms)
✔ ordinary dates, times, amounts and long identifiers remain usable; limits explicit (0.146875ms)
✔ all four submission validators reject before calling a service (0.687625ms)
✔ historical conversation and pending command resolution remain readable (0.614792ms)
✔ validation errors are actionable without echoing private text (0.133166ms)
✔ one request may have three signs but request count is unique (14.496959ms)
✔ removed absence and cancelled demands do not create actions (0.302708ms)
✔ future unknown does not count as outstanding but unfilled demand does (0.188958ms)
✔ due date uses snapshot Istanbul day across UTC midnight boundary (0.267333ms)
✔ wrong week or malformed snapshot never becomes clean checklist (0.2235ms)
✔ empty verified week and fully present request have no signs (0.217875ms)
✔ priority and search preserve overlap without summing people (0.313459ms)
✔ selected day only, including year boundary week (0.167875ms)
✔ query separates company locations and tenant workers (0.758334ms)
✔ page preserves leading zero code and manual null code (0.213125ms)
✔ partial page, duplicate identity or wrong filter fails instead of showing clean data (0.203ms)
✔ page beyond shrinking total is valid empty with true total (0.076917ms)
✔ worker shape cannot be mistaken for a company location (1.102875ms)
✔ activation keeps strict boolean and bounded expected revision (0.514625ms)
✔ activation response must identify exact change and revision (0.156917ms)
✔ command boundaries reject missing or invalid CAS, hash, bytes and filename (1.086042ms)
✔ receipt identity and terminal states cannot be borrowed or interpreted loosely (0.282958ms)
✔ invalid file is rejected before any RPC, including same-size different content (1.972666ms)
✔ lost upload response reconciles bytes before finish; same command retry returns receipt without Storage (1.272667ms)
✔ missing or mismatched Storage bytes cannot finish (1.671125ms)
✔ cancelled command never uploads; cancel-before-prepare uses full immutable command (0.564292ms)
✔ status distinguishes unknown transport, confirmed missing, malformed and published (0.245875ms)
✔ bounded multipart accepts a file above Server Action default and exactly 10 MiB (28.502209ms)
✔ body limit enforced on actual chunks despite missing or lying Content-Length (4.645416ms)
✔ malformed successful RPC data remains an unverifiable result, not invalid caller input (0.170459ms)
✔ fresh adapter after reload reuses persisted identity without storing form text (3.877584ms)
✔ canonical object key order is stable; changed payload and kind are distinct (1.092417ms)
✔ different account and tenant never borrow identity (0.712291ms)
✔ concurrent tabs reserve a single identity through shared lock (2.093167ms)
✔ acknowledgment removes only confirmed command; next identical intent has new identity (1.093625ms)
✔ blocked read/write and missing locks reject without volatile fallback (1.371584ms)
✔ malformed stored records fail closed (1.881042ms)
✔ 50 pending limit preserves old identities and blocks new writes (11.020833ms)
✔ failed acknowledgment retains original identity for safe retry (0.511458ms)
✔ reconciliation clears only terminal requested IDs; unknown and concurrent additions survive (2.795583ms)
✔ malformed, omitted, duplicate, foreign, and non-terminal-looking statuses preserve all pending identities (1.302667ms)
✔ reconciliation storage failure keeps recoverable identity (0.53425ms)
✔ read-only digest snapshot matches normalized intent without reserving or exposing payload (1.199917ms)
✔ reload and concurrent tabs reuse identity without retaining financial text (3.536083ms)
✔ changed file or mapping cannot silently allocate a second command (1.029208ms)
✔ scope isolation; settlement clears only the proven command (0.594334ms)
✔ storage failure and corrupt records fail closed (0.653125ms)
✔ failed settlement retains original identity (0.526208ms)
✔ only explicit input rejection permits clearing recovery; network/replay uncertainty preserves it (0.411334ms)
✔ command payload allowlists fields and trims text (1.76125ms)
✔ unknown commands including prototype properties are rejected (0.162834ms)
✔ request boundary, date and identity validation (0.17ms)
✔ directory and assignment commands require their own fields (0.453042ms)
✔ null and nonboolean board data cannot become an empty or available board (0.223416ms)
✔ capacity and cancellation contradictions fail board validation (0.148541ms)
✔ capacity edit requires valid old and new counts and strips unrelated fields (0.249ms)
✔ attendance requires exact status and nonnegative bounded revision (0.12575ms)
✔ board cannot drop attendance or turn unknown into absence (0.205458ms)
✔ request context round trips without dropping day, scope, or encoded job (2.219625ms)
✔ malformed or duplicate context cannot initialize a placement journey (0.495125ms)
✔ new, repeated and corrected files remain distinct (4.333ms)
✔ rejects other tenant/project/source/month and partial snapshots (0.28425ms)
✔ both copies are blocked; changed source identity cannot duplicate work (0.57175ms)
✔ missing is not zero; malformed dates and durations are blocked (0.170292ms)
✔ omitted rows remain visible without deletion; corrupt snapshots fail (0.120125ms)
✔ multiple slots are separate; leading zero codes are preserved (0.087833ms)
✔ preview rejects incomplete, duplicate, invalid duration or status rows (1.388542ms)
✔ people response rejects duplicate codes and malformed candidates (0.185583ms)
✔ monthly report rejects incomplete, inconsistent or wrong-scope totals (0.714625ms)
✔ empty report is explicit and duration retains minutes (13.458791ms)
✔ UTF-8 CSV preserves codes and explicitly converts hours (1.07925ms)
✔ invalid encoding, duplicate columns, partial row fail (0.197458ms)
✔ blank/formula/day-text/fractional-minute/out-of-range never become zero (0.468917ms)
✔ wrong month, formula metadata and duplicate mapping block (0.191792ms)
✔ incomplete lists, duplicates and wrong tenant fail (0.652958ms)
✔ details reject impossible dates and incomplete child pages (1.009375ms)
✔ page offsets are bounded and aligned (0.130625ms)
✔ work details fail on missing pages, duplicates, wrong scope and invalid durations (0.670625ms)
✔ Excel dates and zero-padded codes survive extraction (3.41525ms)
✔ formulas remain flagged; merged, hidden-only and oversized sheets reject (0.876209ms)
✔ task rejects wrong company, tenant, invisible relation and read failure before insert (1.238083ms)
✔ task accepts same company/tenant relation and queries explicit scope (0.709083ms)
✔ task rejects company belonging to another tenant (0.123125ms)
✔ appointment rejects wrong company, tenant, invisible relation and read failure before insert (0.234083ms)
✔ appointment accepts same company/tenant relation and queries explicit scope (0.127291ms)
✔ appointment rejects company belonging to another tenant (0.084042ms)
✔ task appointment relation is independently validated before insert (0.092125ms)
✔ no relation requires no extra relation reads and preserves nullable IDs (0.617375ms)
✔ replacement search is Turkish-normalized and excludes booked, inactive and current worker (0.989458ms)
✔ selected available worker survives no matching search without inflating match count (0.120583ms)
✔ selection cannot bypass availability and does not duplicate a matched worker (0.113084ms)
✔ only an explicit scoped null latest is interpreted as no conversation (0.799125ms)
✔ transport error cannot become a zero revision snapshot (0.173666ms)
✔ latest revision and actor are validated before exposing the record (0.353083ms)
✔ write retains scope, command ID and revision; validates response against submitted command (0.319791ms)
✔ invalid input stops before RPC and write errors are preserved for reconciliation (0.156875ms)
✔ eleven-digit numeric codes are blocked without collecting or validating identity (0.73625ms)
✔ ordinary business codes, dates and UUIDs are not reclassified as identities (0.080916ms)
✔ spreadsheet row is held with field message and no accepted value (0.420125ms)
✔ database rejection is translated without echoing the input (0.112667ms)
✔ weekdays selected across year boundary and leap day (2.689167ms)
✔ range limit is inclusive 31 days; reverse, empty weekday and invalid calendar rejected (0.286542ms)
✔ payload normalization gives same dates and trimmed content for retry identity (0.389833ms)
✔ malformed or excessive payload never reaches writes (0.170625ms)
✔ removed preview days remain excluded from canonical payload (0.092875ms)
✔ batch result must contain exact count and distinct identities for the same command (0.124625ms)
✔ IDP period keeps original leave interval while excluding non-working preview days (0.303167ms)
✔ all routes prohibit framing and set browser safety headers without breaking scripts (29.534042ms)
✔ late assignment skips prior checks and requires immediate call (2.534875ms)
✔ last recorded event wins, not scheduled offset (0.308ms)
✔ past plan events cannot colour new plan (0.143959ms)
✔ claimed arrival remains unverified at start even if all calls recorded (0.300125ms)
✔ confirmation closes remaining calls without fabricating events; removal closes writes (0.103875ms)
✔ unknown or malformed call outcome fails closed instead of hiding required action (1.6015ms)
✔ all supported call results and extra call offset remain accepted (0.370458ms)
✔ daily attendance conflict directs the operator to reopen independent confirmation (0.478666ms)
✔ mobile next call suggests earliest due unrecorded step regardless of offset order (0.14625ms)
✔ mobile next call never reopens closed/confirmed work or fabricates scheduled checks (0.165042ms)
✔ known rejected command is removed only after terminal server closure (3.865625ms)
✔ previous commit wins over a later rejection; never claims not saved (0.509417ms)
✔ scope denial, unknown or malformed reconciliation preserve pending identity (2.355959ms)
✔ network, lock and unknown errors never automatically close a command (0.7895ms)
✔ storage failure after response keeps uncertainty rather than fake cleanup (0.417041ms)
✔ input, witness, replay and plan errors have useful distinct explanations (0.131334ms)
✔ zero assignments differs from zero outstanding tracking (1.755708ms)
✔ full count survives first-page/top-three rendering (0.683958ms)
✔ partial or wrong-scope response is not a healthy summary (0.197125ms)
✔ confirmed or closed record cannot become an outstanding item (0.114542ms)
✔ employee claim remains pending and lost responsibility is explicit (0.188458ms)
✔ tracking link preserves exact day and enables only explicit action filter (0.095125ms)
✔ tracking link preserves day and safely encodes worker search without enabling urgent filter (1.978958ms)
✔ missing name and invalid day cannot produce an unrelated tracking destination (0.191792ms)
✔ tracking preserves return company separately from the all-company query and chosen return day (0.245833ms)
✔ return navigation rejects malformed company and impossible dates without accepting arbitrary URLs (0.152625ms)
✔ future, due and overdue controls have distinct boundaries (0.557ms)
✔ claimed arrival never confirms; start deadline escalates even after all calls (0.101375ms)
✔ cannot attend needs replacement; unreachable differs from absence (0.0765ms)
✔ verified arrival skips remaining controls, retains recorded outcomes (0.08475ms)
✔ removed assignment closes pending controls; invalid confirmation cannot green a row (0.170125ms)
✔ midnight arithmetic and malformed schedules (0.87475ms)
✔ onboarding access excludes operations while ordinary attachments remain available (0.528917ms)
✔ metadata rejects path names, oversized files, PDF photos and forged properties (3.406208ms)
✔ file signature is checked rather than trusting filename or browser MIME (0.175708ms)
✔ lost upload response survives reload and reuses its command without storing file contents (0.842292ms)
✔ upload references are isolated by actor, tenant, person, category and file fingerprint (0.164792ms)
✔ blocked, silently discarded or corrupted browser storage prevents starting a new command (0.168709ms)
✔ confirmation cannot clear a different command written by another tab (0.07475ms)
✔ upload recovery accepts duplicate status 400 or 409 and lost responses only after database confirmation (0.202167ms)
✔ a successful Storage response never substitutes for failed or non-boolean database confirmation (0.216292ms)
✔ confirmed reserve replay avoids uploading twice; malformed reserve never uploads (0.18175ms)
✔ two tabs reserve one upload command through the same exclusive lock (0.169208ms)
✔ missing or rejected cross-tab lock never allocates an upload reference (0.115875ms)
✔ attachment list distinguishes measured empty from missing or corrupt response (0.215959ms)
✔ attachment list rejects wrong person, duplicate IDs and malformed file metadata (0.175583ms)
✔ attachment list keeps the 51st pagination sentinel but rejects an unexpected oversized response (0.169042ms)
✔ confirmation and reservation use the same lock; a queued new command survives cleanup (0.176375ms)
✔ confirmation preserves recovery reference if cross-tab lock cannot be acquired (0.077625ms)
✔ cancel cleanup only clears matching command inside the same actor tenant and person (0.180458ms)
✔ explicit empty differs from missing, and every requested identity is accounted for (0.771083ms)
✔ reject wrong tenant, actor, timestamps and job-specific decline in general summary (0.166958ms)
✔ bound requests to one server page and accept empty page (0.415708ms)
✔ conversation captures an outcome without manufacturing availability or a placement (0.715708ms)
✔ declining a job requires that specific request; malformed values fail (0.201917ms)
✔ response belongs to requested tenant/person and contains a real server actor/time (0.226625ms)
✔ history rejects mixed people, duplicate ids and oversized responses (0.427167ms)
✔ combined filters normalize without dropping constraints (0.61725ms)
✔ invalid ranges, malformed filters and null values fail validation (0.245084ms)
✔ demographics remain optional and omission is distinct from explicit clear (13.793625ms)
✔ server response must echo every applied filter (0.264917ms)
✔ availability requires date and state together; saved legacy filters remain valid (0.21225ms)
✔ person responses retain demographics through list, detail and edit validation (0.864083ms)
✔ callback view survives validation and saved searches; response cannot silently use all (7.843625ms)
✔ batch request preserves sparse physical row numbers and rejects malformed or duplicate decisions (208.380334ms)
✔ status must be complete and belong to the expected actor, company, batch and source (0.333208ms)
✔ terminal receipt and blocked codes cannot be coerced or accepted for another row (1.567917ms)
✔ services use scoped RPCs, validate inputs before calls, and never translate transport failures into success (24.240291ms)
✔ unknown recovery stays distinct from closed and rejects another scope or reference (1.063375ms)
✔ selected plan maps only approved fields and strips all held source information (26.400667ms)
✔ history requires a complete scoped page and valid pending counts (0.828292ms)
✔ result report includes each physical source row and distinguishes unsettled from saved (1.807917ms)
✔ comparison snapshot distinguishes measured empty from incomplete, malformed and foreign results (1.13625ms)
✔ read service sends only verified scope, not spreadsheet content, and validates response (0.588667ms)
✔ Turkish phone formats match but do not imply identity (0.690583ms)
✔ blank fields preserve existing data; new contacts are additive and old city conflicts visible (0.228333ms)
✔ name and contact matching different people requires review; never prefer one silently (0.153042ms)
✔ source issues remain blocking review even when no current match exists (0.120375ms)
✔ many ambiguous matches are bounded and explicitly labelled; file rows are never merged (0.476542ms)
✔ every source row is accounted for; no decision is guessed (2.22025ms)
✔ existing identity selection never accepts field changes by default (0.523042ms)
✔ source issues, unknown targets, illegal changes and matches cannot become new writes (0.326334ms)
✔ two source rows targeting one person require resolution even for unchanged rows (0.234958ms)
✔ new rows with normalized shared identity do not silently create duplicates (0.329875ms)
✔ new row conflicting with another row resulting contact is also blocked (0.194208ms)
✔ contact capacity and revision overflow cannot be hidden by review (0.192625ms)
✔ existing city-only import excludes rejected source name and contact values from the actual request (3.779ms)
✔ selected email is retained, unchanged rows send only stored name, hold rows send no personal data (1.424375ms)
✔ suggestions are conservative, duplicates and branch city are not guessed (21.353958ms)
✔ calendar dates reject impossible days and ambiguous serials (1.103583ms)
✔ repeated names and shared phones retain all physical source rows without merging (1.416041ms)
✔ coverage statuses remain source history; invalid ranges and unmapped fields remain visible (0.336792ms)
✔ missing, overlapping and wrong-scope mappings are rejected (0.22525ms)
✔ real XLSX reader preserves hidden sheet, physical row numbers, dates and formula diagnostics (128.015583ms)
✔ CSV supports BOM CRLF quoted delimiters; bad encoding and renamed text fail (5.401334ms)
✔ worksheet extents cannot silently truncate oversized sources (4.163083ms)
✔ name-only source and unmapped formula can be explicitly prepared as new without merging (102.001167ms)
✔ mapped formula, error, invalid contact and missing name still block a new-person decision (1.796833ms)
✔ ten long emails fit the workbook cell budget without truncation; over-limit cells fail (9.621041ms)
✔ a large source is partitioned without losing or renumbering any source row (7.249417ms)
✔ duplicate targets across partition boundary are rejected before any part can be sent (1.514ms)
✔ queue references reject corruption and duplicates instead of skipping parts (0.209083ms)
✔ local import receipt distinguishes absent, valid, malformed JSON and old shape (1.1295ms)
✔ blocked storage stays unavailable, is never treated as an empty receipt, and leaks no raw contents (0.168208ms)
✔ person receipt retry preserves command identity and distinguishes malformed and blocked storage (0.191584ms)
✔ resolved receipt removal failure preserves receipt and allows retry without leaking storage error (0.081791ms)
✔ reference preserves exact command and stores no person fields (1.014375ms)
✔ reference cannot recover into a different actor or tenant (0.206167ms)
✔ corrupt, old or unconfirmed references fail closed (0.10175ms)
✔ name-only records preserve unknown contacts, region and work type (0.843167ms)
✔ invalid contacts, hidden extra fields and unsupported work types are rejected (0.314542ms)
✔ page completeness, duplicate IDs, foreign scope and null RPC results fail closed (0.405333ms)
✔ recovery only confirms the expected person, command and revision (0.133ms)
✔ UUID assignment displays the directory name even without legacy text (0.45525ms)
✔ current directory name supersedes stale legacy text (0.065083ms)
✔ loading, failure and missing directory entry never claim unassigned (0.056292ms)
✔ blank profile name is still an assignment (0.046541ms)
✔ name-only rows are clearly marked as legacy (0.052791ms)
✔ only a row without UUID or legacy name says unassigned (0.054125ms)
✔ claim predicates atomically require same tenant/revision, no identity or legacy name, and open status (0.861583ms)
✔ losing claim, inaccessible record and transport failure cannot report success (0.353375ms)
✔ links contain only the task UUID and round trip (0.558375ms)
✔ unrelated task-prefill parameters do not become a task link (0.0735ms)
✔ malformed, empty and duplicate IDs are rejected (0.168125ms)
✔ URL round trip carries only identifiers and date (2.2825ms)
✔ ordinary tasks page has no prefill; partial and duplicate context rejected (0.246083ms)
✔ reject malformed ids, impossible dates and unsupported date bounds (0.131959ms)
✔ prefill derives fresh name and title from server data, no assignee/source FK or deadline inferred (0.174458ms)
✔ missing company/request/location and mismatched day fail without fallback (0.208708ms)
✔ passive company and cancelled request cannot prepare a new followup (0.092916ms)
✔ inactive location may still need a followup on an existing active request (0.071833ms)
✔ invalid or missing revision fails before any raw request (1.156417ms)
✔ update filters exact loaded revision and returns new row (0.525459ms)
✔ zero rows is a conflict, transport/database error stays different (0.32075ms)
✔ history has an honest twenty-row limit and extra-row indicator (0.202292ms)
✔ command validates bounded unique integer revisions and canonical identities (10.069583ms)
✔ snapshot normalization removes ordering and presentation from command identity (0.124ms)
✔ preview rejects silent omissions, duplicate rows, unsafe counts and wrong source (0.228542ms)
✔ directory allows unnamed departed source, never absent arrays or duplicate targets (0.176917ms)
✔ result must match exact command scope and moved count (0.116417ms)
✔ service writes one RPC and has no iterative task fallback (0.178791ms)
✔ invalid command fails before write and malformed successful response is uncertain (0.192375ms)
✔ transport error cannot be mislabeled as nonmember or conflict (0.277041ms)
✔ reverse formula rejects the historical negative-price case and below-baseline amounts (0.520625ms)
✔ every numeric input rejects negative and non-finite values (0.129625ms)
✔ zero markup is valid and markup is applied to cost, not sales margin (0.0785ms)
✔ form parser distinguishes missing required input from optional zero and rejects partial numeric strings (0.075041ms)
✔ cancelled presence remains actual; removed unknown is not outstanding (2.749542ms)
✔ no declarations cannot silently become zero attendance (0.258666ms)
✔ duplicate or unmatched declarations fail verification (0.256958ms)
✔ same worker on different days counts separate person days (0.152417ms)
✔ absence total counts declarations, not unique people (0.096917ms)
✔ Monday week boundaries include Sunday, leap day, year and minimum date (1.973834ms)
✔ totals count person-days, exclude cancellations and retain unfilled requests (1.141541ms)
✔ empty verified plan is accepted; null and wrong company/week are not (0.33025ms)
✔ range, duplicate requests, capacity, missing staff and cancelled assignment contradictions fail closed (0.223875ms)
✔ same worker on separate days allowed, double booking or repeated assignment ID rejected (0.234709ms)
✔ CSV records scope/time and quotes delimiters, double quotes and embedded newlines (0.247166ms)
✔ CSV neutralizes formula prefixes including whitespace before formula (0.193209ms)
✔ CSV cancellations are opt-in and contribute zero active open (0.08475ms)
✔ overnight is explicit; break reduces actual work; invalid time never becomes an estimate (0.782667ms)
✔ 24 hour limit and zero-length work are distinct; no automatic overnight guessing (0.10125ms)
✔ correction reason required and only valid scoped record can establish revision zero (0.929042ms)
✔ net totals and contiguous latest audit history must agree with the record (0.185958ms)
✔ receipt is matched to command, assignment, action and next revision (0.144417ms)
✔ invalid write fails before RPC; exact payload and errors are preserved (0.239542ms)
✔ company/day list rejects wrong scope, partial shape, duplicates and malformed totals (1.028792ms)
✔ latest 20 audit entries are accepted only in contiguous descending revision order (0.137584ms)
✔ declared per-entry and aggregate expansion are bounded (0.560333ms)
✔ malformed directories, encryption, volume split and entry-count overflow fail (0.290792ms)
✔ preparation preserves identity and explicit work kind; normalizes code (0.879ms)
✔ rejects malformed identities, revisions and unsupported work types (0.246333ms)
✔ receipt must match command, person, next revision and real worker id (0.274041ms)
✔ five surplus staff in one location cannot cancel five missing in another (0.752666ms)
✔ zero target, fully staffed and empty sets remain distinct and nonnegative (0.08875ms)
✔ workspace identity follows server data and never a user-editable company name (0.887166ms)
✔ missing, malformed and mismatched company or actor responses fail closed (0.293875ms)
✔ write target requires both the same actor and company (0.115042ms)
✔ RPC errors and null success never invent a company or return a stale identity (0.268ms)
✔ company context request carries no caller-selected company and has a deadline (0.13425ms)
✔ UI company comes from verified workspace when getUser metadata lacks token-hook claims (0.111917ms)
✔ role and company are accepted together and user metadata cannot supply authority (0.153958ms)
✔ invitation parsing fails closed and excludes server extras (0.929834ms)
✔ token has 256 random bits and transport failure is not labelled invalid invitation (0.72725ms)
✔ setup accepts measured zeros but rejects unavailable/wrong-scope response (1.38825ms)
✔ setup rejects coerced, missing, negative or unsafe counts and invalid calendar dates (0.148083ms)
ℹ tests 523
ℹ suites 0
ℹ pass 523
ℹ fail 0
ℹ cancelled 0
ℹ skipped 0
ℹ todo 0
ℹ duration_ms 11786.910375
