
> bps@0.1.0 qa:operations
> node scripts/qa-test-suite.mjs application

application: 102 files
database: 8 files
pending: 7 files
Pending feature tests are NOT part of the passed application coverage.
✔ calendar follows Istanbul day across UTC midnight and year rollover (45.285083ms)
✔ agenda groups civil dates, sorts unknown time last, retains cancelled entries, never mutates source (1.067042ms)
✔ truncated or uncounted appointment response cannot render a falsely empty calendar (0.560542ms)
✔ bounded completion input is normalized; nonboolean cannot request a task (1.00975ms)
✔ completion result must identify exact appointment and valid task/skip combination (0.285625ms)
✔ service uses one scoped RPC with no sequential table fallback (0.174291ms)
✔ transport failure is unverifiable, not already completed or unauthorized (0.282584ms)
✔ scope and invalid input fail before calling RPC (0.132834ms)
✔ status-only service cannot recreate split completion path (0.121459ms)
✔ links contain only the appointment UUID and round trip (0.723417ms)
✔ unrelated query parameters do not become an appointment link (0.094ms)
✔ malformed, empty and duplicate IDs are rejected (0.195708ms)
✔ attendance actions retain exact record and revision, undo appears only after a report (1.979208ms)
✔ future dates and read-only/busy state disable every action including undo (1.145875ms)
✔ removed assignment disables every attendance action, including undo (1.511917ms)
✔ contract days follow Istanbul midnight and preserve today/expired semantics (1.411625ms)
✔ missing, malformed and impossible contract dates never turn into a plausible remaining-day count (0.417291ms)
✔ actual company service enables candidate and active only, preserves input CRM statuses (1.133542ms)
✔ company directory failures are not presented as empty success (0.337167ms)
✔ 1001 rows require three bounded requests; no clipping or redundant empty request (8.319334ms)
✔ empty and exact page boundary terminate without an extra read (18.382458ms)
✔ second-page failures never return the first page as a complete list (10.815875ms)
✔ invalid identities, malformed totals and over-budget lists fail on first request (9.448542ms)
✔ selectAllCriticalDates retains scope, exact count and unique ordering on all pages (0.710542ms)
✔ selectAllWorkforceSummaries retains scope, exact count and unique ordering on all pages (0.365709ms)
✔ selectWorkforceSummariesByCompanyIds retains scope, exact count and unique ordering on all pages (0.350583ms)
✔ selectAllTasks retains scope, exact count and unique ordering on all pages (0.637292ms)
✔ selectTasksByCompanyId retains scope, exact count and unique ordering on all pages (0.828292ms)
✔ selectTasksByContractId retains scope, exact count and unique ordering on all pages (0.457958ms)
✔ selectTasksByAppointmentId retains scope, exact count and unique ordering on all pages (0.22975ms)
✔ selectAllAppointments retains scope, exact count and unique ordering on all pages (0.205292ms)
✔ selectAppointmentsByCompanyId retains scope, exact count and unique ordering on all pages (0.20175ms)
✔ selectAppointmentsByContractId retains scope, exact count and unique ordering on all pages (0.211375ms)
✔ selectAppointmentsByCompanyIds retains scope, exact count and unique ordering on all pages (0.214ms)
✔ selectAllContracts retains scope, exact count and unique ordering on all pages (0.139375ms)
✔ selectContractsByCompanyId retains scope, exact count and unique ordering on all pages (0.133542ms)
✔ selectNotesByCompanyId retains scope, exact count and unique ordering on all pages (2.131625ms)
✔ getActiveContractCountsByCompanyIds retains scope, exact count and unique ordering on all pages (0.373125ms)
✔ real Supabase query builder sends bounded offsets, stable order and exact count (98.503709ms)
✔ deadline expiry stops before the next page (0.913333ms)
✔ selectNotesByCompanyId rejects clipped, null-count and failed results (4.046542ms)
✔ selectAllContracts rejects clipped, null-count and failed results (0.370041ms)
✔ selectContractsByCompanyId rejects clipped, null-count and failed results (0.70875ms)
✔ getActiveContractCountsByCompanyIds rejects clipped, null-count and failed results (0.282166ms)
✔ selectAllCriticalDates rejects clipped, null-count and failed results (0.196417ms)
✔ selectAllAppointments rejects clipped, null-count and failed results (0.161416ms)
✔ selectAppointmentsByCompanyId rejects clipped, null-count and failed results (0.154417ms)
✔ selectAppointmentsByContractId rejects clipped, null-count and failed results (0.169584ms)
✔ selectAppointmentsByCompanyIds rejects clipped, null-count and failed results (0.177083ms)
✔ selectAllWorkforceSummaries rejects clipped, null-count and failed results (0.954125ms)
✔ selectWorkforceSummariesByCompanyIds rejects clipped, null-count and failed results (0.213583ms)
✔ selectTasksByCompanyId rejects clipped, null-count and failed results (0.178667ms)
✔ selectAllTasks rejects clipped, null-count and failed results (0.1165ms)
✔ selectTasksByContractId rejects clipped, null-count and failed results (0.111083ms)
✔ selectTasksByAppointmentId rejects clipped, null-count and failed results (0.107625ms)
✔ active counts retain repeated company IDs in a complete result (0.461042ms)
✔ empty company selection never fetches a broader workforce or appointment list (0.054917ms)
✔ dashboard exact totals survive clipped lists while card rows remain unavailable (0.089417ms)
✔ unavailable or malformed totals cannot become measured zero (0.078917ms)
✔ report joins reject missing source or a missing company anywhere in the list (0.050375ms)
✔ report joins preserve measured empty lists and legitimate display names without text sentinels (0.046833ms)
✔ appendix list distinguishes empty, malformed and wrong scope (1.0125ms)
✔ keyset pagination has bounded continuation and rejects duplicates or borrowed preceding rows (0.1995ms)
✔ document history rejects another document even within same contract (0.225959ms)
✔ legacy main commands keep their storage key; appendix targets remain isolated (0.099458ms)
✔ appendix title is command identity; main receipt cannot acknowledge appendix command (0.390166ms)
✔ version download checks contract/document before signing any path (0.185167ms)
✔ missing, unavailable and malformed versions never mean empty history (1.233334ms)
✔ bounded history explicitly reports more and rejects unordered or duplicate evidence (0.281ms)
✔ signed download resolves version through scoped RPC, never arbitrary caller path (0.237209ms)
✔ actual PDF replace service gates revision and uses CAS, zero rows is failure (0.500125ms)
✔ creation validates real calendar dates, bounded revision and required basis (7.313042ms)
✔ unavailable or malformed snapshot never means no task (0.189417ms)
✔ current task owner can be unassigned or unavailable without inventing a person (0.091084ms)
✔ service uses one scoped RPC; malformed success and transport failure do not fall back (0.362041ms)
✔ only exact known failure is definite; unknown responses keep retry command (0.143333ms)
✔ strict command rejects forged identity/display/routing fields and missing fields (0.872292ms)
✔ unicode PostgreSQL character boundary, Turkish text, line endings, NUL and broken UTF-16 (1.158625ms)
✔ mentions are selected identifiers, canonical order, detached from caller array (0.573417ms)
✔ retry comparison is stable but every scope/content change differs (0.218ms)
✔ null/string/mismatched receipt cannot acknowledge pending command (0.845041ms)
✔ resolution requires matching scope and a recognized terminal result (0.528458ms)
✔ failed RPC shapes are not empty successful reads (0.636792ms)
✔ message shape requires safe identity, timestamp and explicit parent (0.379958ms)
✔ inbox counts and source fields cannot be silently coerced (0.528541ms)
✔ explicit empty optional critical-date fields clear stored content (2.474ms)
✔ omitted optional critical-date fields remain untouched (0.177708ms)
✔ nonempty optional critical-date fields are trimmed (0.089042ms)
✔ critical-date CAS preserves full database timestamp and rejects a losing edit (0.62375ms)
✔ missing or malformed snapshot cannot update a critical date (0.189542ms)
✔ malformed headers, widths and quotes never produce writable rows (0.8425ms)
✔ valid BOM CRLF multiline escaped quotes and semicolon fields survive (0.524167ms)
✔ invalid encodings and resource limits fail before preview (9.335ms)
✔ coverage, presence and missing reports remain distinct; historical removed attendance does not count (0.806792ms)
✔ cancelled requests remain visible in all but never enter active action filters (0.110125ms)
✔ fully assigned does not mean present and absent people remain assigned until replacement (0.08925ms)
✔ search combines Turkish-normalized location, occupation and assigned staff terms (0.642333ms)
✔ measured empty day accepted, unavailable or malformed RPC never becomes zero (1.998541ms)
✔ real dates, leap years and strict format (2.350167ms)
✔ required fields, counts and extra untrusted fields (0.27075ms)
✔ daily coverage from zero to full (0.463542ms)
✔ paused and cancelled are not active demand (0.144834ms)
✔ corrupt aggregates fail rather than clamp (0.090792ms)
✔ assignment eligibility failures stay distinct (0.151375ms)
✔ missing or nonboolean verification never means available (0.30475ms)
✔ activity empty differs from unavailable or malformed response (1.730958ms)
✔ activity labels distinguish ownership events without claiming task completion (0.144958ms)
✔ general document activity accepts only an internal document destination (0.124458ms)
✔ contracts filter in SQL before five-row cap; no full-record transfer (18.534292ms)
✔ documents include missing files and undated manual states before limiting; derive expiry now (0.981333ms)
✔ critical dates include overdue and exactly thirty days; bounded stable order (0.673708ms)
✔ smaller server cap, missing counts, duplicate rows and transport errors do not masquerade as complete cards (1.7575ms)
✔ company names resolve only referenced IDs in batches; no task count tied to directory cap (1.7205ms)
✔ money preserves zero, negative values, and missing versus malformed input (18.896375ms)
✔ Istanbul variants share a display/filter key without changing other city names (0.186084ms)
✔ role rejection touches neither document nor storage (0.868167ms)
✔ read failure leaves both records untouched (0.15725ms)
✔ missing read and zero-row delete explicitly report no confirmed deletion (0.137583ms)
✔ blocked database deletion never removes the file (0.152458ms)
✔ confirmed row deletion uses RETURNING path, after deleting the row (0.125208ms)
✔ record without a file is a confirmed deletion with no storage operation (0.102375ms)
✔ storage failure preserves confirmed deletion and warning, never suggests row retry (0.110167ms)
✔ each existing category belongs to one folder; linked contracts stay together (0.456125ms)
✔ moving changes category only, scoped by company, revision and unlinked contract (0.511167ms)
✔ invalid category, denied/stale result, transport error and wrong identity never succeed (0.284334ms)
✔ listAllDocuments derives expiry without mutating stored status (46.462292ms)
✔ listDocumentsByLegacyCompanyId derives expiry without mutating stored status (21.380375ms)
✔ single document derives expiry and preserves missing record (44.653959ms)
✔ company compliance counts expired stored-complete files as non-compliant (14.94475ms)
✔ Istanbul expiry includes day zero and thirty, expires on following day (0.688083ms)
✔ expiry changes at Istanbul midnight instead of UTC midnight (0.080541ms)
✔ stored complete does not keep an expired document green and mapping does not mutate raw data (0.101208ms)
✔ missing file and explicit missing status take priority; undated manual state stays intact (0.147166ms)
✔ initial snapshot and refresh are silent; only newly observed unread IDs sound (0.862541ms)
✔ scope keys separate companies and users; response mismatch fails closed (0.637125ms)
✔ links contain only a verified internal request target, company and date (1.097917ms)
✔ two tabs observing the same event play once; rapid batches are consumed silently (0.404958ms)
✔ storage or locking failure never falls back to uncoordinated sound (0.264208ms)
✔ shared ledger stores only bounded event IDs and time, never message content (0.506417ms)
✔ duplicate inbox rows are rejected instead of doubling counters or cards (0.240208ms)
✔ impossible calendar day cannot reach the date formatter or deep link (0.095292ms)
✔ independent task inserts null company without company lookup and keeps assignment empty (0.585542ms)
✔ independent tasks cannot borrow company-linked context (0.329334ms)
✔ business day is independent of device timezone at Istanbul midnight (1.062333ms)
✔ actual day hook observes timer, wake and visibility changes, then removes listeners (15.672125ms)
✔ valid search and known filter values survive serialization (1.290625ms)
✔ malformed, oversized and wrongly typed preferences recover to defaults (0.154792ms)
✔ unknown keys and overlong fields cannot enter the filter state (0.087833ms)
✔ keys separate list, account, tenant and role without separator ambiguity (0.136833ms)
✔ distinguishes new, unchanged, changed and inactive without rewriting input (1.30375ms)
✔ reads beyond first page and includes inactive rows (0.257167ms)
✔ null codes do not match by name; leading zeros and case remain distinct (0.119042ms)
✔ read failures and malformed pages never become new records (0.241458ms)
✔ changing totals and duplicated records across pages fail closed (0.292459ms)
✔ oversized directory stops after first page; no partial preview (0.248083ms)
✔ empty measured directory is allowed; duplicate input is rejected before reads (0.113542ms)
✔ UTF8 BOM CRLF and leading zeros retained (0.939333ms)
✔ quoted delimiter and escaped quotes (0.166291ms)
✔ bad quoting columns and headers rejected (0.186792ms)
✔ duplicate codes rejected, different leading zeros retained (0.123167ms)
✔ empty oversize and more than 500 rows rejected (0.445375ms)
✔ invalid cell types controls and empty text rejected (0.111666ms)
✔ only editable fields survive; leading/trailing whitespace is trimmed (2.843959ms)
✔ invalid identity, stale-token shapes and invalid text cannot become update commands (0.376042ms)
✔ response requires identity, exact new values and one revision advance (0.247333ms)
✔ max accepted revision advances safely and missing old values are unverifiable (0.088625ms)
✔ real service forwards scope and normalized payload; RPC error or malformed success is never accepted (0.30375ms)
✔ login preserves internal destination, query and hash after normalization (17.198167ms)
✔ login rejects external, backslash, controls and normalized host prefixes (0.177959ms)
✔ anonymous access request reaches handler while adjacent and protected paths redirect (3.703834ms)
✔ redirect retains refreshed session cookie options (0.778459ms)
✔ management date follows Istanbul midnight and owner/date filters stay server-side (16.176209ms)
✔ saved search stores normalized filter not a page and rejects corrupt/duplicate data (1.659292ms)
✔ availability rejects impossible dates, inverted and excessive intervals (1.406ms)
✔ past and superseded availability never becomes current via fallback (0.296833ms)
✔ active work rejection has a useful admin message without raw database text (0.772291ms)
✔ task guard membership and role failures remain distinct in create and update (0.276792ms)
✔ transport failures are not translated into lost membership or role (0.093458ms)
✔ operation day rolls over at Istanbul midnight regardless of device timezone (16.468125ms)
✔ quick views distinguish current owner, truly unassigned, and closed work (0.228917ms)
✔ active tasks sort by due day with stable ties without mutating input (1.024ms)
✔ completion keeps tenant, revision, active status and ownership in the same update (0.241166ms)
✔ lost race, inaccessible task, transport error and invalid revision never succeed (0.342334ms)
✔ overdue view derives lateness from date and excludes completed, future and undated tasks (0.082ms)
✔ desktop and mobile action availability preserves ownership and legacy assignee boundaries (0.117959ms)
✔ route remount uses current workspace; stale cleanup cannot remove its protection (0.736625ms)
✔ navigation decision keeps the original event and synchronous cancellation (0.106ms)
✔ company IDs are chunked and each assignment batch is paged to the measured total (6.261666ms)
✔ late assignment failure or unrelated company discards all previously read assignments (4.24725ms)
✔ failed manager read yields no company recipients and never starts partner lookup (0.684959ms)
✔ tasks candidate pages keep filters and never expose a partial source list (1.55575ms)
✔ documents candidate pages keep filters and never expose a partial source list (0.4865ms)
✔ appointments candidate pages keep filters and never expose a partial source list (1.197375ms)
✔ document batch reaches last source/membership rows and keeps tenant contents out of the other email (11.73775ms)
✔ late documents error produces no sends or reservation writes (0.983833ms)
✔ late tenant_memberships error produces no sends or reservation writes (2.009417ms)
✔ unacknowledged notification stamps are errors, never sent or counted as already sent (5.896125ms)
✔ unverifiable task owner is not treated as unassigned or sent to the manager fallback (0.94225ms)
✔ verified task owner receives the task while a truly unassigned task goes to its tenant manager (1.184708ms)
✔ overdue tasks change day at Istanbul midnight, not three hours later at UTC midnight (15.726417ms)
✔ appointment reminders use tomorrow in Istanbul when UTC is still on the previous day (3.549ms)
✔ tenant roles override global roles for document recipients (8.910833ms)
✔ missing membership role fails closed before any transport or stamp (0.717833ms)
✔ document batch reservations follow each documents expiry date (26.554042ms)
✔ notification names resolve all referenced companies in bounded deduplicated chunks (1.48ms)
✔ missing, truncated, duplicated or malformed company names fail instead of generating fallback mail (0.321292ms)
✔ contract batch reads past limits and sends each contract only to its tenant and assigned partner (19.21975ms)
✔ contract batch stops before stamps on a late read failure or missing company name (5.833917ms)
✔ contract 30-day window opens at Istanbul midnight (1.877583ms)
✔ a shared email in another tenant does not hide an eligible profile; same-tenant duplicates still get one copy (19.287791ms)
✔ multi-workspace contracts use tenant roles for managers and assigned partners (11.45125ms)
✔ contract batch reserves the actual expiry date and renewal changes its key (2.297916ms)
✔ contract recipients page managers, preserve email-only eligibility and restrict partner assignments/roles (1.596708ms)
✔ contract recipient later page failure rejects instead of returning earlier managers (0.590333ms)
✔ expiry contract reader reaches the last candidate past the server cap without selecting unused columns (1.303959ms)
✔ contract read failure or incomplete later page rejects the entire candidate set (0.844833ms)
✔ membership paging reaches the last row even when server cap is lower than requested (8.90125ms)
✔ later page error, changing count, empty gap and duplicate rows discard the entire map (0.997416ms)
✔ empty membership table is valid only with measured zero; thrown reads remain unavailable (0.185666ms)
✔ profile IDs are deduplicated and chunked without losing the last owner (2.082917ms)
✔ late error, count mismatch and unexpected or repeated profiles discard previous chunks (0.546333ms)
✔ missing profiles and contactless profiles are measured omissions, empty input does not query (0.1105ms)
✔ company recipients still exclude a former partner after shared profile lookup (0.549583ms)
✔ role profile pagination includes the last eligible recipient and excludes missing contact (3.640834ms)
✔ role profile errors and unexpected roles never expose a partial recipient list (0.369708ms)
✔ notification reservation requires the expected acknowledgement; empty data is not already sent (0.8905ms)
✔ unique conflict remains an idempotent skip and DB failures expose only their code (0.118792ms)
✔ renewal keys vary by expiry, reject invalid dates, and preserve other notification kinds (58.590084ms)
✔ bounded matcher catches identity-like and Turkish mobile forms (0.984125ms)
✔ ordinary dates, times, amounts and long identifiers remain usable; limits explicit (0.187125ms)
✔ all four submission validators reject before calling a service (0.710625ms)
✔ historical conversation and pending command resolution remain readable (0.5885ms)
✔ validation errors are actionable without echoing private text (0.131916ms)
✔ one request may have three signs but request count is unique (16.39525ms)
✔ removed absence and cancelled demands do not create actions (0.27875ms)
✔ future unknown does not count as outstanding but unfilled demand does (0.178667ms)
✔ due date uses snapshot Istanbul day across UTC midnight boundary (0.271583ms)
✔ wrong week or malformed snapshot never becomes clean checklist (0.223416ms)
✔ empty verified week and fully present request have no signs (0.22975ms)
✔ priority and search preserve overlap without summing people (0.320208ms)
✔ selected day only, including year boundary week (0.176208ms)
✔ query separates company locations and tenant workers (0.966084ms)
✔ page preserves leading zero code and manual null code (0.255792ms)
✔ partial page, duplicate identity or wrong filter fails instead of showing clean data (0.232375ms)
✔ page beyond shrinking total is valid empty with true total (0.073333ms)
✔ worker shape cannot be mistaken for a company location (0.126708ms)
✔ activation keeps strict boolean and bounded expected revision (0.570375ms)
✔ activation response must identify exact change and revision (0.159916ms)
✔ command boundaries reject missing or invalid CAS, hash, bytes and filename (1.21ms)
✔ receipt identity and terminal states cannot be borrowed or interpreted loosely (0.301292ms)
✔ invalid file is rejected before any RPC, including same-size different content (2.0675ms)
✔ lost upload response reconciles bytes before finish; same command retry returns receipt without Storage (2.982917ms)
✔ missing or mismatched Storage bytes cannot finish (1.655666ms)
✔ cancelled command never uploads; cancel-before-prepare uses full immutable command (1.108125ms)
✔ status distinguishes unknown transport, confirmed missing, malformed and published (0.27725ms)
✔ bounded multipart accepts a file above Server Action default and exactly 10 MiB (57.230667ms)
✔ body limit enforced on actual chunks despite missing or lying Content-Length (4.151417ms)
✔ malformed successful RPC data remains an unverifiable result, not invalid caller input (0.206542ms)
✔ fresh adapter after reload reuses persisted identity without storing form text (10.461292ms)
✔ canonical object key order is stable; changed payload and kind are distinct (1.688ms)
✔ different account and tenant never borrow identity (1.227916ms)
✔ concurrent tabs reserve a single identity through shared lock (2.972459ms)
✔ acknowledgment removes only confirmed command; next identical intent has new identity (2.365166ms)
✔ blocked read/write and missing locks reject without volatile fallback (1.804833ms)
✔ malformed stored records fail closed (2.853459ms)
✔ 50 pending limit preserves old identities and blocks new writes (12.364667ms)
✔ failed acknowledgment retains original identity for safe retry (1.114875ms)
✔ reconciliation clears only terminal requested IDs; unknown and concurrent additions survive (2.863916ms)
✔ malformed, omitted, duplicate, foreign, and non-terminal-looking statuses preserve all pending identities (1.430458ms)
✔ reconciliation storage failure keeps recoverable identity (0.784459ms)
✔ read-only digest snapshot matches normalized intent without reserving or exposing payload (1.280166ms)
✔ reload and concurrent tabs reuse identity without retaining financial text (9.273084ms)
✔ changed file or mapping cannot silently allocate a second command (1.1145ms)
✔ scope isolation; settlement clears only the proven command (1.232292ms)
✔ storage failure and corrupt records fail closed (1.32275ms)
✔ failed settlement retains original identity (0.749875ms)
✔ only explicit input rejection permits clearing recovery; network/replay uncertainty preserves it (0.239833ms)
✔ command payload allowlists fields and trims text (2.237417ms)
✔ unknown commands including prototype properties are rejected (0.171917ms)
✔ request boundary, date and identity validation (0.174542ms)
✔ directory and assignment commands require their own fields (0.456959ms)
✔ null and nonboolean board data cannot become an empty or available board (0.238959ms)
✔ capacity and cancellation contradictions fail board validation (0.154208ms)
✔ capacity edit requires valid old and new counts and strips unrelated fields (0.142041ms)
✔ attendance requires exact status and nonnegative bounded revision (0.113875ms)
✔ board cannot drop attendance or turn unknown into absence (0.218292ms)
✔ request context round trips without dropping day, scope, or encoded job (2.968792ms)
✔ malformed or duplicate context cannot initialize a placement journey (0.179417ms)
✔ new, repeated and corrected files remain distinct (3.455916ms)
✔ rejects other tenant/project/source/month and partial snapshots (0.245875ms)
✔ both copies are blocked; changed source identity cannot duplicate work (0.560209ms)
✔ missing is not zero; malformed dates and durations are blocked (0.158791ms)
✔ omitted rows remain visible without deletion; corrupt snapshots fail (0.111417ms)
✔ multiple slots are separate; leading zero codes are preserved (0.09175ms)
✔ preview rejects incomplete, duplicate, invalid duration or status rows (0.678084ms)
✔ people response rejects duplicate codes and malformed candidates (0.156584ms)
✔ monthly report rejects incomplete, inconsistent or wrong-scope totals (1.539125ms)
✔ empty report is explicit and duration retains minutes (14.50925ms)
✔ UTF-8 CSV preserves codes and explicitly converts hours (1.6655ms)
✔ invalid encoding, duplicate columns, partial row fail (0.209125ms)
✔ blank/formula/day-text/fractional-minute/out-of-range never become zero (0.454875ms)
✔ wrong month, formula metadata and duplicate mapping block (0.186166ms)
✔ incomplete lists, duplicates and wrong tenant fail (0.776375ms)
✔ details reject impossible dates and incomplete child pages (2.021209ms)
✔ page offsets are bounded and aligned (0.159583ms)
✔ work details fail on missing pages, duplicates, wrong scope and invalid durations (0.708458ms)
✔ Excel dates and zero-padded codes survive extraction (13.603458ms)
✔ formulas remain flagged; merged, hidden-only and oversized sheets reject (2.235334ms)
✔ task rejects wrong company, tenant, invisible relation and read failure before insert (0.935375ms)
✔ task accepts same company/tenant relation and queries explicit scope (0.555292ms)
✔ task rejects company belonging to another tenant (0.12125ms)
✔ appointment rejects wrong company, tenant, invisible relation and read failure before insert (0.247459ms)
✔ appointment accepts same company/tenant relation and queries explicit scope (0.13775ms)
✔ appointment rejects company belonging to another tenant (0.114209ms)
✔ task appointment relation is independently validated before insert (0.131333ms)
✔ no relation requires no extra relation reads and preserves nullable IDs (0.277875ms)
✔ replacement search is Turkish-normalized and excludes booked, inactive and current worker (1.012ms)
✔ selected available worker survives no matching search without inflating match count (0.116541ms)
✔ selection cannot bypass availability and does not duplicate a matched worker (0.108083ms)
✔ only an explicit scoped null latest is interpreted as no conversation (0.854125ms)
✔ transport error cannot become a zero revision snapshot (0.196166ms)
✔ latest revision and actor are validated before exposing the record (0.377042ms)
✔ write retains scope, command ID and revision; validates response against submitted command (0.395417ms)
✔ invalid input stops before RPC and write errors are preserved for reconciliation (0.449959ms)
✔ eleven-digit numeric codes are blocked without collecting or validating identity (0.700292ms)
✔ ordinary business codes, dates and UUIDs are not reclassified as identities (0.0755ms)
✔ spreadsheet row is held with field message and no accepted value (0.401417ms)
✔ database rejection is translated without echoing the input (0.106667ms)
✔ weekdays selected across year boundary and leap day (1.956917ms)
✔ range limit is inclusive 31 days; reverse, empty weekday and invalid calendar rejected (0.383125ms)
✔ payload normalization gives same dates and trimmed content for retry identity (0.496583ms)
✔ malformed or excessive payload never reaches writes (0.198875ms)
✔ removed preview days remain excluded from canonical payload (0.100208ms)
✔ batch result must contain exact count and distinct identities for the same command (0.134708ms)
✔ IDP period keeps original leave interval while excluding non-working preview days (0.326459ms)
✔ all routes prohibit framing and set browser safety headers without breaking scripts (32.955167ms)
✔ late assignment skips prior checks and requires immediate call (1.417208ms)
✔ last recorded event wins, not scheduled offset (0.300667ms)
✔ past plan events cannot colour new plan (0.083083ms)
✔ claimed arrival remains unverified at start even if all calls recorded (0.869542ms)
✔ confirmation closes remaining calls without fabricating events; removal closes writes (0.127584ms)
✔ unknown or malformed call outcome fails closed instead of hiding required action (0.712917ms)
✔ all supported call results and extra call offset remain accepted (0.173375ms)
✔ daily attendance conflict directs the operator to reopen independent confirmation (0.197041ms)
✔ mobile next call suggests earliest due unrecorded step regardless of offset order (0.123167ms)
✔ mobile next call never reopens closed/confirmed work or fabricates scheduled checks (0.162ms)
✔ known rejected command is removed only after terminal server closure (3.514458ms)
✔ previous commit wins over a later rejection; never claims not saved (0.525125ms)
✔ scope denial, unknown or malformed reconciliation preserve pending identity (3.50825ms)
✔ network, lock and unknown errors never automatically close a command (1.470333ms)
✔ storage failure after response keeps uncertainty rather than fake cleanup (0.498625ms)
✔ input, witness, replay and plan errors have useful distinct explanations (0.131083ms)
✔ zero assignments differs from zero outstanding tracking (1.77925ms)
✔ full count survives first-page/top-three rendering (0.641791ms)
✔ partial or wrong-scope response is not a healthy summary (0.206125ms)
✔ confirmed or closed record cannot become an outstanding item (0.118875ms)
✔ employee claim remains pending and lost responsibility is explicit (0.210917ms)
✔ tracking link preserves exact day and enables only explicit action filter (0.086ms)
✔ tracking link preserves day and safely encodes worker search without enabling urgent filter (1.582292ms)
✔ missing name and invalid day cannot produce an unrelated tracking destination (0.265458ms)
✔ tracking preserves return company separately from the all-company query and chosen return day (0.279708ms)
✔ return navigation rejects malformed company and impossible dates without accepting arbitrary URLs (0.172875ms)
✔ future, due and overdue controls have distinct boundaries (0.595833ms)
✔ claimed arrival never confirms; start deadline escalates even after all calls (0.100875ms)
✔ cannot attend needs replacement; unreachable differs from absence (0.076542ms)
✔ verified arrival skips remaining controls, retains recorded outcomes (0.085959ms)
✔ removed assignment closes pending controls; invalid confirmation cannot green a row (0.182375ms)
✔ midnight arithmetic and malformed schedules (1.013209ms)
✔ onboarding access excludes operations while ordinary attachments remain available (0.569792ms)
✔ metadata rejects path names, oversized files, PDF photos and forged properties (4.169417ms)
✔ file signature is checked rather than trusting filename or browser MIME (0.323209ms)
✔ lost upload response survives reload and reuses its command without storing file contents (1.603333ms)
✔ upload references are isolated by actor, tenant, person, category and file fingerprint (0.226084ms)
✔ blocked, silently discarded or corrupted browser storage prevents starting a new command (0.18ms)
✔ confirmation cannot clear a different command written by another tab (0.083166ms)
✔ upload recovery accepts duplicate status 400 or 409 and lost responses only after database confirmation (0.221833ms)
✔ a successful Storage response never substitutes for failed or non-boolean database confirmation (0.249542ms)
✔ confirmed reserve replay avoids uploading twice; malformed reserve never uploads (0.206834ms)
✔ two tabs reserve one upload command through the same exclusive lock (0.201041ms)
✔ missing or rejected cross-tab lock never allocates an upload reference (0.127583ms)
✔ attachment list distinguishes measured empty from missing or corrupt response (0.298916ms)
✔ attachment list rejects wrong person, duplicate IDs and malformed file metadata (0.21125ms)
✔ attachment list keeps the 51st pagination sentinel but rejects an unexpected oversized response (0.158834ms)
✔ confirmation and reservation use the same lock; a queued new command survives cleanup (0.16025ms)
✔ confirmation preserves recovery reference if cross-tab lock cannot be acquired (0.077041ms)
✔ cancel cleanup only clears matching command inside the same actor tenant and person (0.161917ms)
✔ explicit empty differs from missing, and every requested identity is accounted for (0.8295ms)
✔ reject wrong tenant, actor, timestamps and job-specific decline in general summary (0.18075ms)
✔ bound requests to one server page and accept empty page (0.432875ms)
✔ conversation captures an outcome without manufacturing availability or a placement (0.77875ms)
✔ declining a job requires that specific request; malformed values fail (0.235584ms)
✔ response belongs to requested tenant/person and contains a real server actor/time (0.241292ms)
✔ history rejects mixed people, duplicate ids and oversized responses (0.465625ms)
✔ combined filters normalize without dropping constraints (0.992875ms)
✔ invalid ranges, malformed filters and null values fail validation (0.3455ms)
✔ demographics remain optional and omission is distinct from explicit clear (22.842ms)
✔ server response must echo every applied filter (0.832583ms)
✔ availability requires date and state together; saved legacy filters remain valid (0.208958ms)
✔ person responses retain demographics through list, detail and edit validation (11.228792ms)
✔ callback view survives validation and saved searches; response cannot silently use all (14.270917ms)
✔ batch request preserves sparse physical row numbers and rejects malformed or duplicate decisions (244.811667ms)
✔ status must be complete and belong to the expected actor, company, batch and source (0.422417ms)
✔ terminal receipt and blocked codes cannot be coerced or accepted for another row (3.057541ms)
✔ services use scoped RPCs, validate inputs before calls, and never translate transport failures into success (18.32525ms)
✔ unknown recovery stays distinct from closed and rejects another scope or reference (0.810958ms)
✔ selected plan maps only approved fields and strips all held source information (14.354583ms)
✔ history requires a complete scoped page and valid pending counts (0.3555ms)
✔ result report includes each physical source row and distinguishes unsettled from saved (0.364042ms)
✔ comparison snapshot distinguishes measured empty from incomplete, malformed and foreign results (9.088334ms)
✔ read service sends only verified scope, not spreadsheet content, and validates response (2.933541ms)
✔ Turkish phone formats match but do not imply identity (1.9555ms)
✔ blank fields preserve existing data; new contacts are additive and old city conflicts visible (1.122667ms)
✔ name and contact matching different people requires review; never prefer one silently (0.894333ms)
✔ source issues remain blocking review even when no current match exists (1.894041ms)
✔ many ambiguous matches are bounded and explicitly labelled; file rows are never merged (0.69375ms)
✔ every source row is accounted for; no decision is guessed (4.095458ms)
✔ existing identity selection never accepts field changes by default (0.635125ms)
✔ source issues, unknown targets, illegal changes and matches cannot become new writes (0.61125ms)
✔ two source rows targeting one person require resolution even for unchanged rows (0.235041ms)
✔ new rows with normalized shared identity do not silently create duplicates (0.336125ms)
✔ new row conflicting with another row resulting contact is also blocked (0.17675ms)
✔ contact capacity and revision overflow cannot be hidden by review (0.34825ms)
✔ existing city-only import excludes rejected source name and contact values from the actual request (4.770208ms)
✔ selected email is retained, unchanged rows send only stored name, hold rows send no personal data (3.853375ms)
✔ suggestions are conservative, duplicates and branch city are not guessed (12.051167ms)
✔ calendar dates reject impossible days and ambiguous serials (0.354208ms)
✔ repeated names and shared phones retain all physical source rows without merging (1.338291ms)
✔ coverage statuses remain source history; invalid ranges and unmapped fields remain visible (0.348417ms)
✔ missing, overlapping and wrong-scope mappings are rejected (0.230792ms)
✔ real XLSX reader preserves hidden sheet, physical row numbers, dates and formula diagnostics (113.253458ms)
✔ CSV supports BOM CRLF quoted delimiters; bad encoding and renamed text fail (2.21325ms)
✔ worksheet extents cannot silently truncate oversized sources (3.302ms)
✔ name-only source and unmapped formula can be explicitly prepared as new without merging (83.501375ms)
✔ mapped formula, error, invalid contact and missing name still block a new-person decision (0.936708ms)
✔ ten long emails fit the workbook cell budget without truncation; over-limit cells fail (1.686042ms)
✔ a large source is partitioned without losing or renumbering any source row (5.843917ms)
✔ duplicate targets across partition boundary are rejected before any part can be sent (0.388875ms)
✔ queue references reject corruption and duplicates instead of skipping parts (0.1625ms)
✔ local import receipt distinguishes absent, valid, malformed JSON and old shape (2.110375ms)
✔ blocked storage stays unavailable, is never treated as an empty receipt, and leaks no raw contents (2.04175ms)
✔ person receipt retry preserves command identity and distinguishes malformed and blocked storage (5.173125ms)
✔ resolved receipt removal failure preserves receipt and allows retry without leaking storage error (0.161083ms)
✔ reference preserves exact command and stores no person fields (1.031583ms)
✔ reference cannot recover into a different actor or tenant (0.19625ms)
✔ corrupt, old or unconfirmed references fail closed (0.103333ms)
✔ name-only records preserve unknown contacts, region and work type (0.848958ms)
✔ invalid contacts, hidden extra fields and unsupported work types are rejected (0.33225ms)
✔ page completeness, duplicate IDs, foreign scope and null RPC results fail closed (0.4165ms)
✔ recovery only confirms the expected person, command and revision (0.137083ms)
✔ UUID assignment displays the directory name even without legacy text (0.447084ms)
✔ current directory name supersedes stale legacy text (0.070375ms)
✔ loading, failure and missing directory entry never claim unassigned (0.060166ms)
✔ blank profile name is still an assignment (0.049209ms)
✔ name-only rows are clearly marked as legacy (0.059166ms)
✔ only a row without UUID or legacy name says unassigned (0.0555ms)
✔ claim predicates atomically require same tenant/revision, no identity or legacy name, and open status (0.862917ms)
✔ losing claim, inaccessible record and transport failure cannot report success (0.35675ms)
✔ links contain only the task UUID and round trip (0.610333ms)
✔ unrelated task-prefill parameters do not become a task link (0.071584ms)
✔ malformed, empty and duplicate IDs are rejected (0.166292ms)
✔ URL round trip carries only identifiers and date (3.449083ms)
✔ ordinary tasks page has no prefill; partial and duplicate context rejected (0.260333ms)
✔ reject malformed ids, impossible dates and unsupported date bounds (0.133459ms)
✔ prefill derives fresh name and title from server data, no assignee/source FK or deadline inferred (0.1775ms)
✔ missing company/request/location and mismatched day fail without fallback (0.222583ms)
✔ passive company and cancelled request cannot prepare a new followup (0.099875ms)
✔ inactive location may still need a followup on an existing active request (0.072208ms)
✔ invalid or missing revision fails before any raw request (0.82125ms)
✔ update filters exact loaded revision and returns new row (0.46775ms)
✔ zero rows is a conflict, transport/database error stays different (0.271416ms)
✔ history has an honest twenty-row limit and extra-row indicator (0.164625ms)
✔ command validates bounded unique integer revisions and canonical identities (8.828041ms)
✔ snapshot normalization removes ordering and presentation from command identity (0.12625ms)
✔ preview rejects silent omissions, duplicate rows, unsafe counts and wrong source (0.232125ms)
✔ directory allows unnamed departed source, never absent arrays or duplicate targets (0.247667ms)
✔ result must match exact command scope and moved count (0.132959ms)
✔ service writes one RPC and has no iterative task fallback (0.461667ms)
✔ invalid command fails before write and malformed successful response is uncertain (0.259291ms)
✔ transport error cannot be mislabeled as nonmember or conflict (0.424833ms)
✔ reverse formula rejects the historical negative-price case and below-baseline amounts (1.310208ms)
✔ every numeric input rejects negative and non-finite values (0.296708ms)
✔ zero markup is valid and markup is applied to cost, not sales margin (0.289625ms)
✔ form parser distinguishes missing required input from optional zero and rejects partial numeric strings (0.196084ms)
✔ cancelled presence remains actual; removed unknown is not outstanding (2.981709ms)
✔ no declarations cannot silently become zero attendance (0.300833ms)
✔ duplicate or unmatched declarations fail verification (0.278667ms)
✔ same worker on different days counts separate person days (0.164334ms)
✔ absence total counts declarations, not unique people (0.098625ms)
✔ Monday week boundaries include Sunday, leap day, year and minimum date (2.490625ms)
✔ totals count person-days, exclude cancellations and retain unfilled requests (0.489375ms)
✔ empty verified plan is accepted; null and wrong company/week are not (0.316ms)
✔ range, duplicate requests, capacity, missing staff and cancelled assignment contradictions fail closed (0.220666ms)
✔ same worker on separate days allowed, double booking or repeated assignment ID rejected (0.223458ms)
✔ CSV records scope/time and quotes delimiters, double quotes and embedded newlines (0.23825ms)
✔ CSV neutralizes formula prefixes including whitespace before formula (0.188708ms)
✔ CSV cancellations are opt-in and contribute zero active open (0.089208ms)
✔ overnight is explicit; break reduces actual work; invalid time never becomes an estimate (0.743375ms)
✔ 24 hour limit and zero-length work are distinct; no automatic overnight guessing (0.097875ms)
✔ correction reason required and only valid scoped record can establish revision zero (0.895667ms)
✔ net totals and contiguous latest audit history must agree with the record (0.175208ms)
✔ receipt is matched to command, assignment, action and next revision (0.147125ms)
✔ invalid write fails before RPC; exact payload and errors are preserved (0.235584ms)
✔ company/day list rejects wrong scope, partial shape, duplicates and malformed totals (1.205666ms)
✔ latest 20 audit entries are accepted only in contiguous descending revision order (0.147709ms)
✔ declared per-entry and aggregate expansion are bounded (0.568083ms)
✔ malformed directories, encryption, volume split and entry-count overflow fail (0.296709ms)
✔ preparation preserves identity and explicit work kind; normalizes code (0.883667ms)
✔ rejects malformed identities, revisions and unsupported work types (0.288166ms)
✔ receipt must match command, person, next revision and real worker id (0.125542ms)
✔ five surplus staff in one location cannot cancel five missing in another (1.682584ms)
✔ zero target, fully staffed and empty sets remain distinct and nonnegative (0.11375ms)
✔ workspace identity follows server data and never a user-editable company name (0.958458ms)
✔ missing, malformed and mismatched company or actor responses fail closed (0.321208ms)
✔ write target requires both the same actor and company (0.122125ms)
✔ RPC errors and null success never invent a company or return a stale identity (0.287875ms)
✔ company context request carries no caller-selected company and has a deadline (0.146875ms)
✔ UI company comes from verified workspace when getUser metadata lacks token-hook claims (0.110958ms)
✔ role and company are accepted together and user metadata cannot supply authority (0.152292ms)
✔ invitation parsing fails closed and excludes server extras (1.242292ms)
✔ token has 256 random bits and transport failure is not labelled invalid invitation (0.809792ms)
✔ setup accepts measured zeros but rejects unavailable/wrong-scope response (1.594416ms)
✔ setup rejects coerced, missing, negative or unsafe counts and invalid calendar dates (0.158167ms)
ℹ tests 522
ℹ suites 0
ℹ pass 522
ℹ fail 0
ℹ cancelled 0
ℹ skipped 0
ℹ todo 0
ℹ duration_ms 13420.605083
