
> bps@0.1.0 qa:static
> node scripts/qa-static.mjs

BPS QA Mini Harness V1 — qa:static

[32mPASS[0m service_role-confined              (FAIL-rule)  service_role only in cron/healthz/demo-request/access-request
[32mPASS[0m browser-createContact-removed      (FAIL-rule)  no browser-context createContact( in src/app
[32mPASS[0m contact-create-yonetici-only-action (FAIL-rule)  guard: roleData !== "yonetici", no partner in code
[32mPASS[0m contact-create-yonetici-only-ui    (FAIL-rule)  Yetkili Ekle gate: role === "yonetici"
[32mPASS[0m passivate-status-only              (FAIL-rule)  payload = { status: "pasif" }
[33mWARN[0m package-migration-drift            (WARN-rule)  drift (human decides): supabase/migrations/20261004001200_expiry_notification_date_keys.sql
[32mPASS[0m upload-guard-before-storage        (WARN-rule)  guard precedes storage upload
[32mPASS[0m contact-guard-before-insert        (WARN-rule)  guard precedes createContact insert
[32mPASS[0m reactivate-status-only             (WARN-rule)  payload = { status: "aktif" }
[32mPASS[0m stale-partner-comment              (WARN-rule)  no stale partner-scope create comment on create path
[32mPASS[0m import-graph-browser-create        (WARN-rule)  page does not import browser createContact
[32mPASS[0m pre-deploy-gates-recorded          (FAIL-rule)  G1/G2/G3 cleared with accepted values
[32mPASS[0m table-rls-enabled                  (FAIL-rule)  74/74 created tables enable RLS explicitly
[33mWARN[0m unreachable-component              (WARN-rule)  nothing renders: CapacityRiskCard, TimelineList
[32mPASS[0m profiles-read-scoped               (FAIL-rule)  448 files parsed; no unscoped profiles reader; every raw chain keyed; pages read via scoped RPC
[32mPASS[0m scan-integrity                     (FAIL-rule)  every walk() listed completely and every read() succeeded

16 checks · 0 FAIL · 2 WARN
scripts/qa-static.mjs — static only; run tsc + build separately (no lint configured).
