
> bps@0.1.0 qa:operations
> node scripts/qa-test-suite.mjs application

application: 117 files
database: 20 files
pending: 7 files
Pending feature tests are NOT part of the passed application coverage.
✔ calendar follows Istanbul day across UTC midnight and year rollover (37.670417ms)
✔ agenda groups civil dates, sorts unknown time last, retains cancelled entries, never mutates source (2.251209ms)
✔ truncated or uncounted appointment response cannot render a falsely empty calendar (0.604667ms)
✔ bounded completion input is normalized; nonboolean cannot request a task (0.846334ms)
✔ completion result must identify exact appointment and valid task/skip combination (0.256833ms)
✔ service uses one scoped RPC with no sequential table fallback (0.161375ms)
✔ transport failure is unverifiable, not already completed or unauthorized (0.288417ms)
✔ scope and invalid input fail before calling RPC (0.412584ms)
✔ status-only service cannot recreate split completion path (0.342792ms)
✔ links contain only the appointment UUID and round trip (0.601334ms)
✔ unrelated query parameters do not become an appointment link (0.077041ms)
✔ malformed, empty and duplicate IDs are rejected (0.171875ms)
✔ attendance actions retain exact record and revision, undo appears only after a report (1.761ms)
✔ future dates and read-only/busy state disable every action including undo (0.401125ms)
✔ contract days follow Istanbul midnight and preserve today/expired semantics (1.001666ms)
✔ missing, malformed and impossible contract dates never turn into a plausible remaining-day count (0.139917ms)
✔ actual company service enables candidate and active only, preserves input CRM statuses (2.269334ms)
✔ company directory failures are not presented as empty success (0.350333ms)
✔ existing insert helper uses one scoped RPC with explicit actor, tenant and allowed business fields (1.11575ms)
✔ missing identity and protected input fields stop before a write (0.30675ms)
✔ transport uncertainty, empty and wrong-scope responses never become success or automatic retries (0.44175ms)
✔ module and input rejections use actionable messages (0.148542ms)
✔ company import retains confirmed rows then stops on uncertain or disabled writes (0.3585ms)
✔ status helper verifies returned target and requested status (0.145458ms)
✔ both status server actions use verified tenant and shared command with no direct writes (92.624916ms)
✔ status actions reject invalid identity and missing targets instead of reporting success (31.575542ms)
✔ company tabs intersect valid module states and current repository roles (15.829833ms)
✔ company finance reader uses exact tenant/company and distinguishes absent, failed and malformed responses (0.778708ms)
✔ company document reader filters contract files on every page before download and rejects an escaped row (0.324917ms)
✔ actual company page skips closed module readers and falls back from a stale saved tab (205.544833ms)
✔ actual company role gates match financial and workforce readers without healthy empty cards (390.491583ms)
✔ actual finance error is not rendered as no data or no payment follow-up (104.545042ms)
✔ company document screen passes closed-contract predicate and offers standalone upload (95.37575ms)
✔ extracted upload form hides disabled contract selector and preserves standalone file payload (14.89125ms)
✔ late financial response after company unmount cannot populate the old view (127.107ms)
✔ upload keeps its file but requires explicit clearing of a contract that becomes disabled (17.204125ms)
✔ status source contract accepts both actual command routes (37.085458ms)
✔ status source contract rejects extra payload fields and wrong status literal (14.182625ms)
✔ status source contract rejects direct DML beside the helper and rerouted import (22.264375ms)
✔ status source contract rejects missing source, malformed syntax and a changed execute target (23.4835ms)
✔ 1001 rows require three bounded requests; no clipping or redundant empty request (9.21575ms)
✔ empty and exact page boundary terminate without an extra read (5.338625ms)
✔ second-page failures never return the first page as a complete list (29.973959ms)
✔ invalid identities, malformed totals and over-budget lists fail on first request (4.156ms)
✔ selectAllCriticalDates retains scope, exact count and unique ordering on all pages (0.449542ms)
✔ selectAllWorkforceSummaries retains scope, exact count and unique ordering on all pages (3.667916ms)
✔ selectWorkforceSummariesByCompanyIds retains scope, exact count and unique ordering on all pages (1.75475ms)
✔ selectAllTasks retains scope, exact count and unique ordering on all pages (0.554959ms)
✔ selectTasksByCompanyId retains scope, exact count and unique ordering on all pages (0.286292ms)
✔ selectTasksByContractId retains scope, exact count and unique ordering on all pages (0.279667ms)
✔ selectTasksByAppointmentId retains scope, exact count and unique ordering on all pages (0.204167ms)
✔ selectAllAppointments retains scope, exact count and unique ordering on all pages (0.181833ms)
✔ selectAppointmentsByCompanyId retains scope, exact count and unique ordering on all pages (0.181292ms)
✔ selectAppointmentsByContractId retains scope, exact count and unique ordering on all pages (0.173042ms)
✔ selectAppointmentsByCompanyIds retains scope, exact count and unique ordering on all pages (0.185125ms)
✔ selectAllContracts retains scope, exact count and unique ordering on all pages (0.179542ms)
✔ selectContractsByCompanyId retains scope, exact count and unique ordering on all pages (0.2795ms)
✔ selectNotesByCompanyId retains scope, exact count and unique ordering on all pages (0.134958ms)
✔ getActiveContractCountsByCompanyIds retains scope, exact count and unique ordering on all pages (0.253209ms)
✔ real Supabase query builder sends bounded offsets, stable order and exact count (54.460708ms)
✔ deadline expiry stops before the next page (0.897041ms)
✔ selectNotesByCompanyId rejects clipped, null-count and failed results (3.417625ms)
✔ selectAllContracts rejects clipped, null-count and failed results (0.2555ms)
✔ selectContractsByCompanyId rejects clipped, null-count and failed results (0.21025ms)
✔ getActiveContractCountsByCompanyIds rejects clipped, null-count and failed results (0.2015ms)
✔ selectAllCriticalDates rejects clipped, null-count and failed results (0.173ms)
✔ selectAllAppointments rejects clipped, null-count and failed results (0.188ms)
✔ selectAppointmentsByCompanyId rejects clipped, null-count and failed results (3.73025ms)
✔ selectAppointmentsByContractId rejects clipped, null-count and failed results (0.183375ms)
✔ selectAppointmentsByCompanyIds rejects clipped, null-count and failed results (0.153166ms)
✔ selectAllWorkforceSummaries rejects clipped, null-count and failed results (0.202417ms)
✔ selectWorkforceSummariesByCompanyIds rejects clipped, null-count and failed results (0.138791ms)
✔ selectTasksByCompanyId rejects clipped, null-count and failed results (0.13425ms)
✔ selectAllTasks rejects clipped, null-count and failed results (0.115625ms)
✔ selectTasksByContractId rejects clipped, null-count and failed results (0.10075ms)
✔ selectTasksByAppointmentId rejects clipped, null-count and failed results (0.103708ms)
✔ active counts retain repeated company IDs in a complete result (0.4505ms)
✔ empty company selection never fetches a broader workforce or appointment list (0.084459ms)
✔ dashboard exact totals survive clipped lists while card rows remain unavailable (0.100667ms)
✔ unavailable or malformed totals cannot become measured zero (0.081583ms)
✔ report joins reject missing source or a missing company anywhere in the list (0.060583ms)
✔ report joins preserve measured empty lists and legitimate display names without text sentinels (0.043875ms)
✔ communication submits only supplied fields with resolved actor, tenant and company (45.226958ms)
✔ empty changes and failed identity stop before RPC (24.315166ms)
✔ delete binds target to expected company and returns the confirmed removed row (8.051792ms)
✔ malformed, empty and foreign responses never acknowledge contact writes (0.277583ms)
✔ import verifies creator and primary flag; errors do not trigger retries (0.288125ms)
✔ CSV keeps confirmed rows and stops at first uncertain write (0.294459ms)
✔ company map reads all pages and rejects ambiguous names across page boundaries (0.873458ms)
✔ delete server action passes the page company and does not acknowledge service errors (17.599041ms)
✔ appendix list distinguishes empty, malformed and wrong scope (3.614584ms)
✔ keyset pagination has bounded continuation and rejects duplicates or borrowed preceding rows (0.655209ms)
✔ document history rejects another document even within same contract (0.634833ms)
✔ legacy main commands keep their storage key; appendix targets remain isolated (0.281583ms)
✔ appendix title is command identity; main receipt cannot acknowledge appendix command (6.911083ms)
✔ version download checks contract/document before signing any path (0.238542ms)
✔ missing, unavailable and malformed versions never mean empty history (1.062083ms)
✔ bounded history explicitly reports more and rejects unordered or duplicate evidence (0.265458ms)
✔ signed download resolves version through scoped RPC, never arbitrary caller path (0.371542ms)
✔ actual PDF replace service gates revision and uses CAS, zero rows is failure (0.522791ms)
✔ creation validates real calendar dates, bounded revision and required basis (2.036875ms)
✔ unavailable or malformed snapshot never means no task (0.183542ms)
✔ current task owner can be unassigned or unavailable without inventing a person (0.088375ms)
✔ service uses one scoped RPC; malformed success and transport failure do not fall back (0.327625ms)
✔ only exact known failure is definite; unknown responses keep retry command (0.145083ms)
✔ strict command rejects forged identity/display/routing fields and missing fields (0.817125ms)
✔ unicode PostgreSQL character boundary, Turkish text, line endings, NUL and broken UTF-16 (0.931667ms)
✔ mentions are selected identifiers, canonical order, detached from caller array (0.497709ms)
✔ retry comparison is stable but every scope/content change differs (0.209708ms)
✔ null/string/mismatched receipt cannot acknowledge pending command (0.298625ms)
✔ resolution requires matching scope and a recognized terminal result (0.295083ms)
✔ failed RPC shapes are not empty successful reads (0.589333ms)
✔ message shape requires safe identity, timestamp and explicit parent (0.285666ms)
✔ inbox counts and source fields cannot be silently coerced (0.454041ms)
✔ explicit empty optional critical-date fields clear stored content (1.513416ms)
✔ omitted optional critical-date fields remain untouched (0.174334ms)
✔ nonempty optional critical-date fields are trimmed (0.087375ms)
✔ critical-date CAS preserves full database timestamp and rejects a losing edit (0.617834ms)
✔ missing or malformed snapshot cannot update a critical date (0.176541ms)
✔ malformed headers, widths and quotes never produce writable rows (0.68725ms)
✔ valid BOM CRLF multiline escaped quotes and semicolon fields survive (0.468375ms)
✔ invalid encodings and resource limits fail before preview (7.070666ms)
✔ closed contracts are neither queried nor shown as zero on desktop or mobile (70.815709ms)
✔ HR, accounting and viewer never query or display restricted contact/contract summaries (68.680208ms)
✔ allowed empty contract result is zero while failed summary is explicitly unreadable (69.552958ms)
✔ failed company directory stops dependent readers and displays retry state (42.181666ms)
✔ note create sends the resolved company/tenant/actor but no client author or pin fields (26.213917ms)
✔ note edits, pin and delete all preserve the expected company in the actual request (20.458458ms)
✔ changed tenant, invalid identity or blank content stops before command submission (14.008542ms)
✔ unknown result, malformed rows and wrong company cannot acknowledge a note command (0.347417ms)
✔ module errors and transport failures are distinct, and neither retries the command (0.193916ms)
✔ pin acknowledgment must match the requested flag and target (0.1405ms)
✔ missing author and ownership rejection explain the actual corrective action (0.978875ms)
✔ coverage, presence and missing reports remain distinct; historical removed attendance does not count (0.781292ms)
✔ cancelled requests remain visible in all but never enter active action filters (0.099958ms)
✔ fully assigned does not mean present and absent people remain assigned until replacement (0.082208ms)
✔ search combines Turkish-normalized location, occupation and assigned staff terms (0.553041ms)
✔ measured empty day accepted, unavailable or malformed RPC never becomes zero (1.716042ms)
✔ real dates, leap years and strict format (2.078708ms)
✔ required fields, counts and extra untrusted fields (0.244209ms)
✔ daily coverage from zero to full (0.454583ms)
✔ paused and cancelled are not active demand (0.13975ms)
✔ corrupt aggregates fail rather than clamp (0.087ms)
✔ assignment eligibility failures stay distinct (0.157917ms)
✔ missing or nonboolean verification never means available (0.086458ms)
✔ activity empty differs from unavailable or malformed response (1.028875ms)
✔ activity labels distinguish ownership events without claiming task completion (0.094875ms)
✔ general document activity accepts only an internal document destination (0.104375ms)
✔ contracts filter in SQL before five-row cap; no full-record transfer (16.169208ms)
✔ documents include missing files and undated manual states before limiting; derive expiry now (1.0075ms)
✔ critical dates include overdue and exactly thirty days; bounded stable order (2.42225ms)
✔ smaller server cap, missing counts, duplicate rows and transport errors do not masquerade as complete cards (3.707417ms)
✔ company names resolve only referenced IDs in batches; no task count tied to directory cap (4.283416ms)
✔ money preserves zero, negative values, and missing versus malformed input (20.95ms)
✔ Istanbul variants share a display/filter key without changing other city names (0.392792ms)
✔ role rejection touches neither document nor storage (0.907959ms)
✔ read failure leaves both records untouched (0.173292ms)
✔ missing read and zero-row delete explicitly report no confirmed deletion (0.146084ms)
✔ blocked database deletion never removes the file (0.158042ms)
✔ confirmed row deletion uses RETURNING path, after deleting the row (0.151125ms)
✔ record without a file is a confirmed deletion with no storage operation (0.092916ms)
✔ storage failure preserves confirmed deletion and warning, never suggests row retry (0.116875ms)
✔ each existing category belongs to one folder; linked contracts stay together (0.83775ms)
✔ moving changes category only, scoped by company, revision and unlinked contract (0.5755ms)
✔ invalid category, denied/stale result, transport error and wrong identity never succeed (0.283042ms)
✔ document eligibility requires exact ids, tenants and boolean values (1.097792ms)
✔ document checks deduplicate and chunk without accepting contradictory scope (0.797917ms)
✔ document state database and transport failures do not fall back to enabled (0.132ms)
✔ listAllDocuments derives expiry without mutating stored status (33.816416ms)
✔ listDocumentsByLegacyCompanyId derives expiry without mutating stored status (18.822292ms)
✔ single document derives expiry and preserves missing record (25.87325ms)
✔ company compliance counts expired stored-complete files as non-compliant (9.577541ms)
✔ Istanbul expiry includes day zero and thirty, expires on following day (0.707208ms)
✔ expiry changes at Istanbul midnight instead of UTC midnight (0.082542ms)
✔ stored complete does not keep an expired document green and mapping does not mutate raw data (0.097375ms)
✔ missing file and explicit missing status take priority; undated manual state stays intact (0.139708ms)
✔ initial snapshot and refresh are silent; only newly observed unread IDs sound (0.857625ms)
✔ scope keys separate companies and users; response mismatch fails closed (0.330958ms)
✔ links contain only a verified internal request target, company and date (0.8945ms)
✔ two tabs observing the same event play once; rapid batches are consumed silently (0.349625ms)
✔ storage or locking failure never falls back to uncoordinated sound (0.252625ms)
✔ shared ledger stores only bounded event IDs and time, never message content (0.317ms)
✔ duplicate inbox rows are rejected instead of doubling counters or cards (0.181125ms)
✔ impossible calendar day cannot reach the date formatter or deep link (0.086167ms)
✔ independent task inserts null company without company lookup and keeps assignment empty (1.427625ms)
✔ independent tasks cannot borrow company-linked context (0.837916ms)
✔ business day is independent of device timezone at Istanbul midnight (0.444583ms)
✔ actual day hook observes timer, wake and visibility changes, then removes listeners (15.322958ms)
✔ legacy migration is deterministic and covers seven entries and four tables (0.517833ms)
✔ historical workspace and shift patches change eight scoped and four legacy bodies (0.130541ms)
✔ reconstructed declarations contain exact bodies including SQL regex dollar literals (0.157625ms)
✔ valid search and known filter values survive serialization (0.790375ms)
✔ malformed, oversized and wrongly typed preferences recover to defaults (0.13825ms)
✔ unknown keys and overlong fields cannot enter the filter state (0.080583ms)
✔ keys separate list, account, tenant and role without separator ambiguity (0.121875ms)
✔ distinguishes new, unchanged, changed and inactive without rewriting input (1.406ms)
✔ reads beyond first page and includes inactive rows (0.259167ms)
✔ null codes do not match by name; leading zeros and case remain distinct (0.113167ms)
✔ read failures and malformed pages never become new records (0.245292ms)
✔ changing totals and duplicated records across pages fail closed (0.297ms)
✔ oversized directory stops after first page; no partial preview (0.248125ms)
✔ empty measured directory is allowed; duplicate input is rejected before reads (0.105709ms)
✔ UTF8 BOM CRLF and leading zeros retained (0.950459ms)
✔ quoted delimiter and escaped quotes (0.170709ms)
✔ bad quoting columns and headers rejected (0.191417ms)
✔ duplicate codes rejected, different leading zeros retained (0.117375ms)
✔ empty oversize and more than 500 rows rejected (0.44575ms)
✔ invalid cell types controls and empty text rejected (0.117583ms)
✔ only editable fields survive; leading/trailing whitespace is trimmed (1.218791ms)
✔ invalid identity, stale-token shapes and invalid text cannot become update commands (0.304917ms)
✔ response requires identity, exact new values and one revision advance (0.244833ms)
✔ max accepted revision advances safely and missing old values are unverifiable (0.081125ms)
✔ real service forwards scope and normalized payload; RPC error or malformed success is never accepted (0.296167ms)
✔ login preserves internal destination, query and hash after normalization (19.105083ms)
✔ login rejects external, backslash, controls and normalized host prefixes (0.147833ms)
✔ anonymous access request reaches handler while adjacent and protected paths redirect (3.307625ms)
✔ redirect retains refreshed session cookie options (0.729459ms)
✔ management date follows Istanbul midnight and owner/date filters stay server-side (13.948583ms)
✔ saved search stores normalized filter not a page and rejects corrupt/duplicate data (0.578292ms)
✔ availability rejects impossible dates, inverted and excessive intervals (0.312625ms)
✔ past and superseded availability never becomes current via fallback (0.083458ms)
✔ active work rejection has a useful admin message without raw database text (0.670625ms)
✔ task guard membership and role failures remain distinct in create and update (0.325291ms)
✔ transport failures are not translated into lost membership or role (0.099709ms)
✔ operation day rolls over at Istanbul midnight regardless of device timezone (13.585625ms)
✔ quick views distinguish current owner, truly unassigned, and closed work (0.1935ms)
✔ active tasks sort by due day with stable ties without mutating input (1.008417ms)
✔ completion sends scope and revision to the gateway; server resolves actual privileges (0.198917ms)
✔ lost race, inaccessible task, transport error and invalid revision never succeed (1.723583ms)
✔ overdue view derives lateness from date and excludes completed, future and undated tasks (0.134584ms)
✔ desktop and mobile action availability preserves ownership and legacy assignee boundaries (0.132375ms)
✔ complete advisory response preserves all checks but never permits mutation (1.010333ms)
✔ a dependency-invalid draft is accepted so the UI can explain it; incomplete or coerced states are not (0.181833ms)
✔ scope revision membership role and advisory flags fail closed (0.446791ms)
✔ missing duplicate foreign and non-boolean checks never become an empty successful report (0.266ms)
✔ dependency evidence must match the requested graph (0.165958ms)
✔ every resolution link targets an existing page (0.198042ms)
✔ one bounded RPC; transport errors and malformed responses never fall back (0.350833ms)
✔ route remount uses current workspace; stale cleanup cannot remove its protection (0.74425ms)
✔ navigation decision keeps the original event and synchronous cancellation (0.100875ms)
✔ company IDs are chunked and each assignment batch is paged to the measured total (1.542959ms)
✔ late assignment failure or unrelated company discards all previously read assignments (0.715542ms)
✔ failed manager read yields no company recipients and never starts partner lookup (1.368333ms)
✔ tasks candidate pages keep filters and never expose a partial source list (3.712833ms)
✔ documents candidate pages keep filters and never expose a partial source list (0.561041ms)
✔ appointments candidate pages keep filters and never expose a partial source list (0.446459ms)
✔ task module snapshots require a complete distinct boolean response and propagate transport failure (0.377833ms)
✔ task module snapshot chunks 501 distinct tenants without truncation (0.276333ms)
✔ document batch reaches last source/membership rows and keeps tenant contents out of the other email (14.802791ms)
✔ late documents error produces no sends or reservation writes (0.930042ms)
✔ late tenant_memberships error produces no sends or reservation writes (1.593375ms)
✔ unacknowledged notification stamps are errors, never sent or counted as already sent (9.333875ms)
✔ unverifiable task owner is not treated as unassigned or sent to the manager fallback (1.116167ms)
✔ verified task owner receives the task while a truly unassigned task goes to its tenant manager (1.281709ms)
✔ overdue tasks change day at Istanbul midnight, not three hours later at UTC midnight (1.393583ms)
✔ appointment reminders use tomorrow in Istanbul when UTC is still on the previous day (1.28475ms)
✔ tenant roles override global roles for document recipients (9.472625ms)
✔ missing membership role fails closed before any transport or stamp (0.674875ms)
✔ disabled task tenant never produces an email or a reservation (0.454083ms)
✔ unverifiable task module before stamping stops the email without consuming a reservation (1.068708ms)
✔ task module disabled after reservation is rechecked and reservation is rolled back before send (1.399375ms)
✔ unverifiable post-stamp module state releases the reservation and sends nothing (1.04075ms)
✔ calendar off before collection prevents sends (0.468625ms)
✔ calendar off after stamp prevents sends (1.0445ms)
✔ document pre-send gate removes contract-linked documents while retaining company documents (12.923375ms)
✔ document module closure after reservation prevents send and releases every reservation (11.5625ms)
✔ unverifiable document state before stamping sends nothing (2.100708ms)
✔ notification names resolve all referenced companies in bounded deduplicated chunks (1.047833ms)
✔ missing, truncated, duplicated or malformed company names fail instead of generating fallback mail (0.299ms)
✔ a company cannot be associated with two tenants or acknowledge a different tenant (0.219625ms)
✔ contract batch reads past limits and sends each contract only to its tenant and assigned partner (31.43175ms)
✔ contract batch stops before stamps on a late read failure or missing company name (5.732375ms)
✔ contract 30-day window opens at Istanbul midnight (1.524167ms)
✔ a shared email in another tenant does not hide an eligible profile; same-tenant duplicates still get one copy (19.057959ms)
✔ multi-workspace contracts use tenant roles for managers and assigned partners (13.479541ms)
✔ contract module off filters candidates before names and reservations (0.582208ms)
✔ missing contract config sends nothing and never consumes a stamp (0.479666ms)
✔ contract closure after stamp releases reservation; rollback failure=false (1.533792ms)
✔ contract closure after stamp releases reservation; rollback failure=true (1.029ms)
✔ contract recipients page managers, preserve email-only eligibility and restrict partner assignments/roles (1.507625ms)
✔ contract recipient later page failure rejects instead of returning earlier managers (0.551166ms)
✔ expiry contract reader reaches the last candidate past the server cap without selecting unused columns (1.170542ms)
✔ contract read failure or incomplete later page rejects the entire candidate set (0.322709ms)
✔ membership paging reaches the last row even when server cap is lower than requested (1.853833ms)
✔ later page error, changing count, empty gap and duplicate rows discard the entire map (0.876292ms)
✔ empty membership table is valid only with measured zero; thrown reads remain unavailable (0.17375ms)
✔ profile IDs are deduplicated and chunked without losing the last owner (1.102333ms)
✔ late error, count mismatch and unexpected or repeated profiles discard previous chunks (0.469667ms)
✔ missing profiles and contactless profiles are measured omissions, empty input does not query (0.116583ms)
✔ company recipients still exclude a former partner after shared profile lookup (0.506916ms)
✔ role profile pagination includes the last eligible recipient and excludes missing contact (3.200042ms)
✔ role profile errors and unexpected roles never expose a partial recipient list (0.53775ms)
✔ notification reservation requires the expected acknowledgement; empty data is not already sent (0.85075ms)
✔ unique conflict remains an idempotent skip and DB failures expose only their code (0.12075ms)
✔ bounded matcher catches identity-like and Turkish mobile forms (1.471209ms)
✔ ordinary dates, times, amounts and long identifiers remain usable; limits explicit (0.165833ms)
✔ all four submission validators reject before calling a service (0.699459ms)
✔ historical conversation and pending command resolution remain readable (0.601417ms)
✔ validation errors are actionable without echoing private text (0.150958ms)
✔ one request may have three signs but request count is unique (30.670875ms)
✔ removed absence and cancelled demands do not create actions (0.309458ms)
✔ future unknown does not count as outstanding but unfilled demand does (0.178041ms)
✔ due date uses snapshot Istanbul day across UTC midnight boundary (0.270709ms)
✔ wrong week or malformed snapshot never becomes clean checklist (0.216583ms)
✔ empty verified week and fully present request have no signs (0.231291ms)
✔ priority and search preserve overlap without summing people (0.312167ms)
✔ selected day only, including year boundary week (0.154458ms)
✔ query separates company locations and tenant workers (1.331084ms)
✔ page preserves leading zero code and manual null code (0.24525ms)
✔ partial page, duplicate identity or wrong filter fails instead of showing clean data (0.223333ms)
✔ page beyond shrinking total is valid empty with true total (0.07425ms)
✔ worker shape cannot be mistaken for a company location (0.410916ms)
✔ activation keeps strict boolean and bounded expected revision (1.279334ms)
✔ activation response must identify exact change and revision (0.549625ms)
✔ 40 unique operation signatures generate the committed migration exactly (0.688625ms)
✔ schedule readers taking profile locks use write barrier; operations never require talent (0.147333ms)
✔ pilotError distinguishes module rejection from transport uncertainty (218.655459ms)
✔ fixedRosterError distinguishes module rejection from transport uncertainty (0.26075ms)
✔ workError distinguishes module rejection from transport uncertainty (17.42525ms)
✔ scheduleError distinguishes module rejection from transport uncertainty (23.177625ms)
✔ startError distinguishes module rejection from transport uncertainty (7.273125ms)
✔ command boundaries reject missing or invalid CAS, hash, bytes and filename (1.146125ms)
✔ receipt identity and terminal states cannot be borrowed or interpreted loosely (0.382334ms)
✔ invalid file is rejected before any RPC, including same-size different content (2.048125ms)
✔ lost upload response reconciles bytes before finish; same command retry returns receipt without Storage (4.072667ms)
✔ missing or mismatched Storage bytes cannot finish (3.265959ms)
✔ cancelled command never uploads; cancel-before-prepare uses full immutable command (1.600667ms)
✔ status distinguishes unknown transport, confirmed missing, malformed and published (0.841292ms)
✔ bounded multipart accepts a file above Server Action default and exactly 10 MiB (34.402583ms)
✔ body limit enforced on actual chunks despite missing or lying Content-Length (8.068833ms)
✔ malformed successful RPC data remains an unverifiable result, not invalid caller input (0.153625ms)
✔ fresh adapter after reload reuses persisted identity without storing form text (6.736459ms)
✔ canonical object key order is stable; changed payload and kind are distinct (1.349416ms)
✔ different account and tenant never borrow identity (1.05575ms)
✔ concurrent tabs reserve a single identity through shared lock (1.7595ms)
✔ acknowledgment removes only confirmed command; next identical intent has new identity (0.846583ms)
✔ blocked read/write and missing locks reject without volatile fallback (0.759541ms)
✔ malformed stored records fail closed (1.20325ms)
✔ 50 pending limit preserves old identities and blocks new writes (11.399417ms)
✔ failed acknowledgment retains original identity for safe retry (0.627958ms)
✔ reconciliation clears only terminal requested IDs; unknown and concurrent additions survive (1.646375ms)
✔ malformed, omitted, duplicate, foreign, and non-terminal-looking statuses preserve all pending identities (0.679416ms)
✔ reconciliation storage failure keeps recoverable identity (0.341625ms)
✔ read-only digest snapshot matches normalized intent without reserving or exposing payload (0.970542ms)
✔ reload and concurrent tabs reuse identity without retaining financial text (4.138959ms)
✔ changed file or mapping cannot silently allocate a second command (0.65525ms)
✔ scope isolation; settlement clears only the proven command (0.690583ms)
✔ storage failure and corrupt records fail closed (0.443375ms)
✔ failed settlement retains original identity (0.408959ms)
✔ only explicit input rejection permits clearing recovery; network/replay uncertainty preserves it (0.221292ms)
✔ command payload allowlists fields and trims text (2.471833ms)
✔ unknown commands including prototype properties are rejected (0.402666ms)
✔ request boundary, date and identity validation (0.466333ms)
✔ directory and assignment commands require their own fields (1.068166ms)
✔ null and nonboolean board data cannot become an empty or available board (0.569166ms)
✔ capacity and cancellation contradictions fail board validation (0.468667ms)
✔ capacity edit requires valid old and new counts and strips unrelated fields (0.354792ms)
✔ attendance requires exact status and nonnegative bounded revision (0.309625ms)
✔ board cannot drop attendance or turn unknown into absence (0.594166ms)
✔ request context round trips without dropping day, scope, or encoded job (1.877125ms)
✔ malformed or duplicate context cannot initialize a placement journey (0.190958ms)
✔ new, repeated and corrected files remain distinct (1.721667ms)
✔ rejects other tenant/project/source/month and partial snapshots (0.198167ms)
✔ both copies are blocked; changed source identity cannot duplicate work (0.506459ms)
✔ missing is not zero; malformed dates and durations are blocked (0.155417ms)
✔ omitted rows remain visible without deletion; corrupt snapshots fail (0.108667ms)
✔ multiple slots are separate; leading zero codes are preserved (0.100375ms)
✔ preview rejects incomplete, duplicate, invalid duration or status rows (0.658458ms)
✔ people response rejects duplicate codes and malformed candidates (0.159625ms)
✔ monthly report rejects incomplete, inconsistent or wrong-scope totals (2.136916ms)
✔ empty report is explicit and duration retains minutes (11.996917ms)
✔ UTF-8 CSV preserves codes and explicitly converts hours (2.590292ms)
✔ invalid encoding, duplicate columns, partial row fail (0.24175ms)
✔ blank/formula/day-text/fractional-minute/out-of-range never become zero (0.50775ms)
✔ wrong month, formula metadata and duplicate mapping block (0.195333ms)
✔ incomplete lists, duplicates and wrong tenant fail (0.785208ms)
✔ details reject impossible dates and incomplete child pages (4.500083ms)
✔ page offsets are bounded and aligned (0.597958ms)
✔ work details fail on missing pages, duplicates, wrong scope and invalid durations (0.696958ms)
✔ Excel dates and zero-padded codes survive extraction (4.587375ms)
✔ formulas remain flagged; merged, hidden-only and oversized sheets reject (0.833209ms)
✔ task rejects wrong company, tenant, invisible relation and read failure before insert (0.944417ms)
✔ task accepts same company/tenant relation and queries explicit scope (0.591625ms)
✔ task rejects company belonging to another tenant (0.11325ms)
✔ appointment rejects wrong company, tenant, invisible relation and read failure before insert (0.238084ms)
✔ appointment accepts same company/tenant relation and queries explicit scope (0.175459ms)
✔ appointment rejects company belonging to another tenant (0.086542ms)
✔ task appointment relation is independently validated before insert (0.118833ms)
✔ no relation requires no extra relation reads and preserves nullable IDs (0.133166ms)
✔ replacement search is Turkish-normalized and excludes booked, inactive and current worker (0.987333ms)
✔ selected available worker survives no matching search without inflating match count (0.112375ms)
✔ selection cannot bypass availability and does not duplicate a matched worker (0.106042ms)
✔ only an explicit scoped null latest is interpreted as no conversation (0.952334ms)
✔ transport error cannot become a zero revision snapshot (0.190125ms)
✔ latest revision and actor are validated before exposing the record (0.369334ms)
✔ write retains scope, command ID and revision; validates response against submitted command (0.358458ms)
✔ invalid input stops before RPC and write errors are preserved for reconciliation (0.164875ms)
✔ eleven-digit numeric codes are blocked without collecting or validating identity (0.977625ms)
✔ ordinary business codes, dates and UUIDs are not reclassified as identities (0.118292ms)
✔ spreadsheet row is held with field message and no accepted value (0.478583ms)
✔ database rejection is translated without echoing the input (0.12975ms)
✔ 12 explicit reporting signatures generate the exact candidate migration (0.708708ms)
✔ reporting and import messages distinguish disabled module from transport uncertainty (120.826ms)
✔ weekdays selected across year boundary and leap day (1.883375ms)
✔ range limit is inclusive 31 days; reverse, empty weekday and invalid calendar rejected (0.285583ms)
✔ payload normalization gives same dates and trimmed content for retry identity (0.397208ms)
✔ malformed or excessive payload never reaches writes (0.180833ms)
✔ removed preview days remain excluded from canonical payload (0.366542ms)
✔ batch result must contain exact count and distinct identities for the same command (0.172625ms)
✔ IDP period keeps original leave interval while excluding non-working preview days (0.328083ms)
✔ all routes prohibit framing and set browser safety headers without breaking scripts (33.726667ms)
✔ all valid module combinations intersect dashboard roles, without enabling dependent sections (23.683459ms)
✔ shared loader rejects malformed/foreign snapshots and transport errors (8.30175ms)
✔ page boundary never mounts business readers before validation; off, error and role denial remain distinct (50.174375ms)
✔ page boundary retries failed settings and ignores a response after unmount (6.0685ms)
✔ actual completion form explicitly sends task true, unchecked false, and unavailable false (34.421292ms)
✔ failed completion preserves both result fields and shows a retryable error (14.540208ms)
✔ actual dashboard skips disabled queries/cards; independent tasks work without company lookup (103.628334ms)
✔ actual dashboard fetches enabled sections but never offers partner task access (54.606708ms)
✔ late assignment skips prior checks and requires immediate call (0.989459ms)
✔ last recorded event wins, not scheduled offset (0.24725ms)
✔ past plan events cannot colour new plan (0.081375ms)
✔ claimed arrival remains unverified at start even if all calls recorded (0.171875ms)
✔ confirmation closes remaining calls without fabricating events; removal closes writes (0.088291ms)
✔ unknown or malformed call outcome fails closed instead of hiding required action (0.665708ms)
✔ all supported call results and extra call offset remain accepted (0.167208ms)
✔ daily attendance conflict directs the operator to reopen independent confirmation (0.20675ms)
✔ mobile next call suggests earliest due unrecorded step regardless of offset order (0.119542ms)
✔ mobile next call never reopens closed/confirmed work or fabricates scheduled checks (0.165916ms)
✔ known rejected command is removed only after terminal server closure (5.120333ms)
✔ previous commit wins over a later rejection; never claims not saved (0.545458ms)
✔ scope denial, unknown or malformed reconciliation preserve pending identity (1.898125ms)
✔ network, lock and unknown errors never automatically close a command (0.953125ms)
✔ storage failure after response keeps uncertainty rather than fake cleanup (0.358833ms)
✔ input, witness, replay and plan errors have useful distinct explanations (0.126709ms)
✔ zero assignments differs from zero outstanding tracking (4.311875ms)
✔ full count survives first-page/top-three rendering (0.689083ms)
✔ partial or wrong-scope response is not a healthy summary (0.192875ms)
✔ confirmed or closed record cannot become an outstanding item (0.127ms)
✔ employee claim remains pending and lost responsibility is explicit (0.209292ms)
✔ tracking link preserves exact day and enables only explicit action filter (0.094792ms)
✔ tracking link preserves day and safely encodes worker search without enabling urgent filter (2.533666ms)
✔ missing name and invalid day cannot produce an unrelated tracking destination (0.441542ms)
✔ tracking preserves return company separately from the all-company query and chosen return day (0.549292ms)
✔ return navigation rejects malformed company and impossible dates without accepting arbitrary URLs (0.397458ms)
✔ future, due and overdue controls have distinct boundaries (0.60575ms)
✔ claimed arrival never confirms; start deadline escalates even after all calls (0.102958ms)
✔ cannot attend needs replacement; unreachable differs from absence (0.080208ms)
✔ verified arrival skips remaining controls, retains recorded outcomes (0.089ms)
✔ removed assignment closes pending controls; invalid confirmation cannot green a row (0.176042ms)
✔ midnight arithmetic and malformed schedules (0.981708ms)
✔ onboarding access excludes operations while ordinary attachments remain available (1.036625ms)
✔ metadata rejects path names, oversized files, PDF photos and forged properties (3.267667ms)
✔ file signature is checked rather than trusting filename or browser MIME (0.170291ms)
✔ lost upload response survives reload and reuses its command without storing file contents (0.851125ms)
✔ upload references are isolated by actor, tenant, person, category and file fingerprint (0.155375ms)
✔ blocked, silently discarded or corrupted browser storage prevents starting a new command (0.148833ms)
✔ confirmation cannot clear a different command written by another tab (0.075416ms)
✔ upload recovery accepts duplicate status 400 or 409 and lost responses only after database confirmation (0.21025ms)
✔ a successful Storage response never substitutes for failed or non-boolean database confirmation (0.217292ms)
✔ confirmed reserve replay avoids uploading twice; malformed reserve never uploads (0.190625ms)
✔ two tabs reserve one upload command through the same exclusive lock (0.173542ms)
✔ missing or rejected cross-tab lock never allocates an upload reference (0.117166ms)
✔ attachment list distinguishes measured empty from missing or corrupt response (0.225167ms)
✔ attachment list rejects wrong person, duplicate IDs and malformed file metadata (0.183042ms)
✔ attachment list keeps the 51st pagination sentinel but rejects an unexpected oversized response (0.153208ms)
✔ confirmation and reservation use the same lock; a queued new command survives cleanup (0.1755ms)
✔ confirmation preserves recovery reference if cross-tab lock cannot be acquired (0.066541ms)
✔ cancel cleanup only clears matching command inside the same actor tenant and person (0.158333ms)
✔ explicit empty differs from missing, and every requested identity is accounted for (0.755958ms)
✔ reject wrong tenant, actor, timestamps and job-specific decline in general summary (0.164792ms)
✔ bound requests to one server page and accept empty page (0.402458ms)
✔ conversation captures an outcome without manufacturing availability or a placement (1.46925ms)
✔ declining a job requires that specific request; malformed values fail (0.461084ms)
✔ response belongs to requested tenant/person and contains a real server actor/time (0.699917ms)
✔ history rejects mixed people, duplicate ids and oversized responses (0.551875ms)
✔ hidden operation context retains the conversation outcome but cannot contain a live projection (0.153959ms)
✔ combined filters normalize without dropping constraints (0.627666ms)
✔ invalid ranges, malformed filters and null values fail validation (0.233334ms)
✔ demographics remain optional and omission is distinct from explicit clear (15.55375ms)
✔ server response must echo every applied filter (0.253542ms)
✔ availability requires date and state together; saved legacy filters remain valid (0.246833ms)
✔ person responses retain demographics through list, detail and edit validation (0.811542ms)
✔ callback view survives validation and saved searches; response cannot silently use all (8.1485ms)
✔ detail distinguishes unavailable staffing from no assignments and rejects contradictory data (0.197167ms)
✔ batch request preserves sparse physical row numbers and rejects malformed or duplicate decisions (198.2485ms)
✔ status must be complete and belong to the expected actor, company, batch and source (0.376125ms)
✔ terminal receipt and blocked codes cannot be coerced or accepted for another row (1.713625ms)
✔ services use scoped RPCs, validate inputs before calls, and never translate transport failures into success (15.051083ms)
✔ unknown recovery stays distinct from closed and rejects another scope or reference (0.411125ms)
✔ selected plan maps only approved fields and strips all held source information (15.230292ms)
✔ history requires a complete scoped page and valid pending counts (0.590667ms)
✔ result report includes each physical source row and distinguishes unsettled from saved (0.420709ms)
✔ comparison snapshot distinguishes measured empty from incomplete, malformed and foreign results (1.12425ms)
✔ read service sends only verified scope, not spreadsheet content, and validates response (0.581916ms)
✔ Turkish phone formats match but do not imply identity (0.702292ms)
✔ blank fields preserve existing data; new contacts are additive and old city conflicts visible (0.22975ms)
✔ name and contact matching different people requires review; never prefer one silently (0.157459ms)
✔ source issues remain blocking review even when no current match exists (0.124834ms)
✔ many ambiguous matches are bounded and explicitly labelled; file rows are never merged (0.51625ms)
✔ every source row is accounted for; no decision is guessed (3.580125ms)
✔ existing identity selection never accepts field changes by default (0.54725ms)
✔ source issues, unknown targets, illegal changes and matches cannot become new writes (0.322083ms)
✔ two source rows targeting one person require resolution even for unchanged rows (0.2435ms)
✔ new rows with normalized shared identity do not silently create duplicates (0.297792ms)
✔ new row conflicting with another row resulting contact is also blocked (0.167959ms)
✔ contact capacity and revision overflow cannot be hidden by review (0.183708ms)
✔ existing city-only import excludes rejected source name and contact values from the actual request (7.610916ms)
✔ selected email is retained, unchanged rows send only stored name, hold rows send no personal data (2.807375ms)
✔ suggestions are conservative, duplicates and branch city are not guessed (10.39625ms)
✔ calendar dates reject impossible days and ambiguous serials (0.294ms)
✔ repeated names and shared phones retain all physical source rows without merging (1.28375ms)
✔ coverage statuses remain source history; invalid ranges and unmapped fields remain visible (0.352625ms)
✔ missing, overlapping and wrong-scope mappings are rejected (0.214584ms)
✔ real XLSX reader preserves hidden sheet, physical row numbers, dates and formula diagnostics (103.212417ms)
✔ CSV supports BOM CRLF quoted delimiters; bad encoding and renamed text fail (2.272709ms)
✔ worksheet extents cannot silently truncate oversized sources (2.956916ms)
✔ name-only source and unmapped formula can be explicitly prepared as new without merging (86.523084ms)
✔ mapped formula, error, invalid contact and missing name still block a new-person decision (1.408917ms)
✔ ten long emails fit the workbook cell budget without truncation; over-limit cells fail (1.983167ms)
✔ a large source is partitioned without losing or renumbering any source row (7.703208ms)
✔ duplicate targets across partition boundary are rejected before any part can be sent (1.558875ms)
✔ queue references reject corruption and duplicates instead of skipping parts (0.474625ms)
✔ local import receipt distinguishes absent, valid, malformed JSON and old shape (1.077375ms)
✔ blocked storage stays unavailable, is never treated as an empty receipt, and leaks no raw contents (0.166958ms)
✔ person receipt retry preserves command identity and distinguishes malformed and blocked storage (0.192625ms)
✔ resolved receipt removal failure preserves receipt and allows retry without leaking storage error (0.079334ms)
✔ reference preserves exact command and stores no person fields (1.071875ms)
✔ reference cannot recover into a different actor or tenant (0.206666ms)
✔ corrupt, old or unconfirmed references fail closed (0.104125ms)
✔ migration is exactly generated from 39 unique reviewed signatures and source bodies (1.110541ms)
✔ write guards come before original business statements; only worker preparation needs staffing (0.126ms)
✔ known module denials are clear, while transport uncertainty remains distinct (0.205458ms)
✔ assignment projection migration is generated against the already gated body (1.146458ms)
✔ conversation module patch is generated against prior guarded bodies (0.92525ms)
✔ linked name gate uses the current guarded writer and gives an actionable message (0.880084ms)
✔ name-only records preserve unknown contacts, region and work type (1.08975ms)
✔ invalid contacts, hidden extra fields and unsupported work types are rejected (0.328583ms)
✔ page completeness, duplicate IDs, foreign scope and null RPC results fail closed (0.403208ms)
✔ recovery only confirms the expected person, command and revision (0.169833ms)
✔ UUID assignment displays the directory name even without legacy text (0.4475ms)
✔ current directory name supersedes stale legacy text (0.069708ms)
✔ loading, failure and missing directory entry never claim unassigned (0.060042ms)
✔ blank profile name is still an assignment (0.050667ms)
✔ name-only rows are clearly marked as legacy (0.060208ms)
✔ only a row without UUID or legacy name says unassigned (0.058792ms)
✔ claim sends expected scope and revision to the atomic gateway; display names are not trusted (1.016917ms)
✔ losing claim, inaccessible record and transport failure cannot report success (0.519ms)
✔ claim and quick completion use one command rather than separate mutable role and tenant snapshots (1.290959ms)
✔ bad scope is rejected before a claim/completion command is sent (0.128209ms)
✔ module disabled, missing configuration and transport failure remain distinct from a lost claim (0.170208ms)
✔ links contain only the task UUID and round trip (0.5625ms)
✔ unrelated task-prefill parameters do not become a task link (0.074ms)
✔ malformed, empty and duplicate IDs are rejected (0.163167ms)
✔ URL round trip carries only identifiers and date (2.129542ms)
✔ ordinary tasks page has no prefill; partial and duplicate context rejected (0.221917ms)
✔ reject malformed ids, impossible dates and unsupported date bounds (0.13075ms)
✔ prefill derives fresh name and title from server data, no assignee/source FK or deadline inferred (0.164917ms)
✔ missing company/request/location and mismatched day fail without fallback (0.220708ms)
✔ passive company and cancelled request cannot prepare a new followup (0.097875ms)
✔ inactive location may still need a followup on an existing active request (0.075166ms)
✔ invalid or missing revision fails before any raw request (0.7275ms)
✔ update filters exact loaded revision and returns new row (0.452583ms)
✔ zero rows is a conflict, transport/database error stays different (0.284709ms)
✔ history has an honest twenty-row limit and extra-row indicator (0.16925ms)
✔ command validates bounded unique integer revisions and canonical identities (10.032333ms)
✔ snapshot normalization removes ordering and presentation from command identity (0.134583ms)
✔ preview rejects silent omissions, duplicate rows, unsafe counts and wrong source (0.230625ms)
✔ directory allows unnamed departed source, never absent arrays or duplicate targets (0.176583ms)
✔ result must match exact command scope and moved count (0.113833ms)
✔ service writes one RPC and has no iterative task fallback (0.158084ms)
✔ invalid command fails before write and malformed successful response is uncertain (0.202667ms)
✔ transport error cannot be mislabeled as nonmember or conflict (0.281708ms)
✔ module rejection is definite but a transport error remains uncertain (0.179375ms)
✔ task screen requires verified actor, tenant, live role and complete module snapshot (1.373625ms)
✔ task company directory keeps narrow fields, ordered complete pagination and rejects wrong tenant (1.362625ms)
✔ context navigation needs an enabled source module; missing state never defaults to all links (0.167792ms)
✔ actual task form hides disabled company controls instead of calling the company list empty (6.195833ms)
✔ reverse formula rejects the historical negative-price case and below-baseline amounts (0.56ms)
✔ every numeric input rejects negative and non-finite values (0.126958ms)
✔ zero markup is valid and markup is applied to cost, not sales margin (0.075833ms)
✔ form parser distinguishes missing required input from optional zero and rejects partial numeric strings (0.06975ms)
✔ hard dependencies are a DAG; unknown, duplicate and self edges are rejected (0.623875ms)
✔ talent, tasks and announcements stand alone; reporting and staffing do not require each other (0.496708ms)
✔ every one of the 1024 configurations is accepted iff all required dependencies are enabled (6.545834ms)
✔ partial, unknown, inherited and non-boolean module values never imply enabled (0.20975ms)
✔ context keeps bigint revisions exact and discards unrelated response fields (0.339709ms)
✔ actor/company/generation/role/protocol mismatches cannot supply a context (0.28725ms)
✔ all existing member roles retain their role without receiving new privileges (0.1225ms)
✔ an older response from another workspace is rejected and no RPC fallback runs (0.304791ms)
✔ one bounded RPC returns the whole snapshot, without a client-selected tenant argument (0.141333ms)
✔ migration catalog is generated from the same manifest, not a second hand-maintained graph (0.460459ms)
✔ cancelled presence remains actual; removed unknown is not outstanding (2.062542ms)
✔ no declarations cannot silently become zero attendance (0.224708ms)
✔ duplicate or unmatched declarations fail verification (0.241625ms)
✔ same worker on different days counts separate person days (0.149792ms)
✔ absence total counts declarations, not unique people (0.0945ms)
✔ Monday week boundaries include Sunday, leap day, year and minimum date (1.37775ms)
✔ totals count person-days, exclude cancellations and retain unfilled requests (0.480291ms)
✔ empty verified plan is accepted; null and wrong company/week are not (0.31825ms)
✔ range, duplicate requests, capacity, missing staff and cancelled assignment contradictions fail closed (0.21875ms)
✔ same worker on separate days allowed, double booking or repeated assignment ID rejected (0.21925ms)
✔ CSV records scope/time and quotes delimiters, double quotes and embedded newlines (0.238833ms)
✔ CSV neutralizes formula prefixes including whitespace before formula (0.19025ms)
✔ CSV cancellations are opt-in and contribute zero active open (0.084542ms)
✔ overnight is explicit; break reduces actual work; invalid time never becomes an estimate (0.776458ms)
✔ 24 hour limit and zero-length work are distinct; no automatic overnight guessing (0.106916ms)
✔ correction reason required and only valid scoped record can establish revision zero (0.900166ms)
✔ net totals and contiguous latest audit history must agree with the record (0.173667ms)
✔ receipt is matched to command, assignment, action and next revision (0.148ms)
✔ invalid write fails before RPC; exact payload and errors are preserved (0.229875ms)
✔ company/day list rejects wrong scope, partial shape, duplicates and malformed totals (0.926416ms)
✔ latest 20 audit entries are accepted only in contiguous descending revision order (0.134375ms)
✔ declared per-entry and aggregate expansion are bounded (0.556208ms)
✔ malformed directories, encryption, volume split and entry-count overflow fail (0.315542ms)
✔ preparation preserves identity and explicit work kind; normalizes code (0.898167ms)
✔ rejects malformed identities, revisions and unsupported work types (0.238666ms)
✔ receipt must match command, person, next revision and real worker id (0.121041ms)
✔ five surplus staff in one location cannot cancel five missing in another (0.727541ms)
✔ zero target, fully staffed and empty sets remain distinct and nonnegative (0.086209ms)
✔ workspace identity follows server data and never a user-editable company name (0.967834ms)
✔ missing, malformed and mismatched company or actor responses fail closed (0.335167ms)
✔ write target requires both the same actor and company (0.122083ms)
✔ RPC errors and null success never invent a company or return a stale identity (0.293625ms)
✔ company context request carries no caller-selected company and has a deadline (0.153292ms)
✔ UI company comes from verified workspace when getUser metadata lacks token-hook claims (0.110458ms)
✔ role and company are accepted together and user metadata cannot supply authority (0.160583ms)
✔ invitation parsing fails closed and excludes server extras (0.888833ms)
✔ token has 256 random bits and transport failure is not labelled invalid invitation (0.71525ms)
✔ setup accepts measured zeros but rejects unavailable/wrong-scope response (1.419541ms)
✔ setup rejects coerced, missing, negative or unsafe counts and invalid calendar dates (0.151416ms)
ℹ tests 631
ℹ suites 0
ℹ pass 631
ℹ fail 0
ℹ cancelled 0
ℹ skipped 0
ℹ todo 0
ℹ duration_ms 14447.467125
