
> bps@0.1.0 qa:operations
> node scripts/qa-test-suite.mjs application

application: 117 files
database: 20 files
pending: 7 files
Pending feature tests are NOT part of the passed application coverage.
✔ calendar follows Istanbul day across UTC midnight and year rollover (31.331708ms)
✔ agenda groups civil dates, sorts unknown time last, retains cancelled entries, never mutates source (0.956041ms)
✔ truncated or uncounted appointment response cannot render a falsely empty calendar (0.551417ms)
✔ bounded completion input is normalized; nonboolean cannot request a task (0.846042ms)
✔ completion result must identify exact appointment and valid task/skip combination (0.258833ms)
✔ service uses one scoped RPC with no sequential table fallback (0.159375ms)
✔ transport failure is unverifiable, not already completed or unauthorized (0.299209ms)
✔ scope and invalid input fail before calling RPC (0.13125ms)
✔ status-only service cannot recreate split completion path (0.118209ms)
✔ links contain only the appointment UUID and round trip (0.611ms)
✔ unrelated query parameters do not become an appointment link (0.086958ms)
✔ malformed, empty and duplicate IDs are rejected (0.182083ms)
✔ attendance actions retain exact record and revision, undo appears only after a report (1.301375ms)
✔ future dates and read-only/busy state disable every action including undo (0.3535ms)
✔ contract days follow Istanbul midnight and preserve today/expired semantics (0.614334ms)
✔ missing, malformed and impossible contract dates never turn into a plausible remaining-day count (0.109875ms)
✔ actual company service enables candidate and active only, preserves input CRM statuses (2.421625ms)
✔ company directory failures are not presented as empty success (0.381167ms)
✔ existing insert helper uses one scoped RPC with explicit actor, tenant and allowed business fields (2.634ms)
✔ missing identity and protected input fields stop before a write (0.365875ms)
✔ transport uncertainty, empty and wrong-scope responses never become success or automatic retries (0.797ms)
✔ module and input rejections use actionable messages (0.242583ms)
✔ company import retains confirmed rows then stops on uncertain or disabled writes (0.629417ms)
✔ status helper verifies returned target and requested status (0.312541ms)
✔ both status server actions use verified tenant and shared command with no direct writes (101.759084ms)
✔ status actions reject invalid identity and missing targets instead of reporting success (41.982208ms)
✔ company tabs intersect valid module states and current repository roles (16.832208ms)
✔ company finance reader uses exact tenant/company and distinguishes absent, failed and malformed responses (2.889375ms)
✔ company document reader filters contract files on every page before download and rejects an escaped row (0.380333ms)
✔ actual company page skips closed module readers and falls back from a stale saved tab (625.742833ms)
✔ actual company role gates match financial and workforce readers without healthy empty cards (476.763291ms)
✔ actual finance error is not rendered as no data or no payment follow-up (103.77275ms)
✔ company document screen passes closed-contract predicate and offers standalone upload (97.320625ms)
✔ extracted upload form hides disabled contract selector and preserves standalone file payload (17.08325ms)
✔ late financial response after company unmount cannot populate the old view (128.093459ms)
✔ upload keeps its file but requires explicit clearing of a contract that becomes disabled (13.138917ms)
✔ status source contract accepts both actual command routes (58.841708ms)
✔ status source contract rejects extra payload fields and wrong status literal (16.074583ms)
✔ status source contract rejects direct DML beside the helper and rerouted import (17.693542ms)
✔ status source contract rejects missing source, malformed syntax and a changed execute target (15.275833ms)
✔ 1001 rows require three bounded requests; no clipping or redundant empty request (21.948958ms)
✔ empty and exact page boundary terminate without an extra read (16.192916ms)
✔ second-page failures never return the first page as a complete list (22.896ms)
✔ invalid identities, malformed totals and over-budget lists fail on first request (15.314709ms)
✔ selectAllCriticalDates retains scope, exact count and unique ordering on all pages (0.576959ms)
✔ selectAllWorkforceSummaries retains scope, exact count and unique ordering on all pages (0.608708ms)
✔ selectWorkforceSummariesByCompanyIds retains scope, exact count and unique ordering on all pages (0.416917ms)
✔ selectAllTasks retains scope, exact count and unique ordering on all pages (0.364916ms)
✔ selectTasksByCompanyId retains scope, exact count and unique ordering on all pages (0.302916ms)
✔ selectTasksByContractId retains scope, exact count and unique ordering on all pages (0.352209ms)
✔ selectTasksByAppointmentId retains scope, exact count and unique ordering on all pages (1.101208ms)
✔ selectAllAppointments retains scope, exact count and unique ordering on all pages (0.28025ms)
✔ selectAppointmentsByCompanyId retains scope, exact count and unique ordering on all pages (0.59775ms)
✔ selectAppointmentsByContractId retains scope, exact count and unique ordering on all pages (0.34475ms)
✔ selectAppointmentsByCompanyIds retains scope, exact count and unique ordering on all pages (0.157083ms)
✔ selectAllContracts retains scope, exact count and unique ordering on all pages (0.14025ms)
✔ selectContractsByCompanyId retains scope, exact count and unique ordering on all pages (0.194917ms)
✔ selectNotesByCompanyId retains scope, exact count and unique ordering on all pages (0.133209ms)
✔ getActiveContractCountsByCompanyIds retains scope, exact count and unique ordering on all pages (0.266583ms)
✔ real Supabase query builder sends bounded offsets, stable order and exact count (89.868667ms)
✔ deadline expiry stops before the next page (2.358917ms)
✔ selectNotesByCompanyId rejects clipped, null-count and failed results (3.956167ms)
✔ selectAllContracts rejects clipped, null-count and failed results (0.322666ms)
✔ selectContractsByCompanyId rejects clipped, null-count and failed results (0.252375ms)
✔ getActiveContractCountsByCompanyIds rejects clipped, null-count and failed results (2.116667ms)
✔ selectAllCriticalDates rejects clipped, null-count and failed results (0.2825ms)
✔ selectAllAppointments rejects clipped, null-count and failed results (0.158959ms)
✔ selectAppointmentsByCompanyId rejects clipped, null-count and failed results (0.144416ms)
✔ selectAppointmentsByContractId rejects clipped, null-count and failed results (0.150333ms)
✔ selectAppointmentsByCompanyIds rejects clipped, null-count and failed results (0.688166ms)
✔ selectAllWorkforceSummaries rejects clipped, null-count and failed results (0.517417ms)
✔ selectWorkforceSummariesByCompanyIds rejects clipped, null-count and failed results (0.216917ms)
✔ selectTasksByCompanyId rejects clipped, null-count and failed results (0.20325ms)
✔ selectAllTasks rejects clipped, null-count and failed results (0.17725ms)
✔ selectTasksByContractId rejects clipped, null-count and failed results (0.117334ms)
✔ selectTasksByAppointmentId rejects clipped, null-count and failed results (0.114708ms)
✔ active counts retain repeated company IDs in a complete result (0.762917ms)
✔ empty company selection never fetches a broader workforce or appointment list (0.077708ms)
✔ dashboard exact totals survive clipped lists while card rows remain unavailable (0.141042ms)
✔ unavailable or malformed totals cannot become measured zero (0.085334ms)
✔ report joins reject missing source or a missing company anywhere in the list (0.196125ms)
✔ report joins preserve measured empty lists and legitimate display names without text sentinels (0.055125ms)
✔ communication submits only supplied fields with resolved actor, tenant and company (84.0735ms)
✔ empty changes and failed identity stop before RPC (22.881583ms)
✔ delete binds target to expected company and returns the confirmed removed row (19.381959ms)
✔ malformed, empty and foreign responses never acknowledge contact writes (0.287458ms)
✔ import verifies creator and primary flag; errors do not trigger retries (0.285667ms)
✔ CSV keeps confirmed rows and stops at first uncertain write (0.311041ms)
✔ company map reads all pages and rejects ambiguous names across page boundaries (2.100791ms)
✔ delete server action passes the page company and does not acknowledge service errors (13.081375ms)
✔ appendix list distinguishes empty, malformed and wrong scope (2.392ms)
✔ keyset pagination has bounded continuation and rejects duplicates or borrowed preceding rows (0.61675ms)
✔ document history rejects another document even within same contract (0.572875ms)
✔ legacy main commands keep their storage key; appendix targets remain isolated (0.130958ms)
✔ appendix title is command identity; main receipt cannot acknowledge appendix command (0.4425ms)
✔ version download checks contract/document before signing any path (0.207375ms)
✔ missing, unavailable and malformed versions never mean empty history (2.14575ms)
✔ bounded history explicitly reports more and rejects unordered or duplicate evidence (0.283167ms)
✔ signed download resolves version through scoped RPC, never arbitrary caller path (0.23125ms)
✔ actual PDF replace service gates revision and uses CAS, zero rows is failure (0.49225ms)
✔ creation validates real calendar dates, bounded revision and required basis (2.026041ms)
✔ unavailable or malformed snapshot never means no task (0.24675ms)
✔ current task owner can be unassigned or unavailable without inventing a person (0.089083ms)
✔ service uses one scoped RPC; malformed success and transport failure do not fall back (0.3535ms)
✔ only exact known failure is definite; unknown responses keep retry command (0.144459ms)
✔ strict command rejects forged identity/display/routing fields and missing fields (2.214625ms)
✔ unicode PostgreSQL character boundary, Turkish text, line endings, NUL and broken UTF-16 (1.11475ms)
✔ mentions are selected identifiers, canonical order, detached from caller array (0.617833ms)
✔ retry comparison is stable but every scope/content change differs (0.231208ms)
✔ null/string/mismatched receipt cannot acknowledge pending command (0.328625ms)
✔ resolution requires matching scope and a recognized terminal result (0.304291ms)
✔ failed RPC shapes are not empty successful reads (0.577875ms)
✔ message shape requires safe identity, timestamp and explicit parent (0.278583ms)
✔ inbox counts and source fields cannot be silently coerced (0.463583ms)
✔ explicit empty optional critical-date fields clear stored content (1.851625ms)
✔ omitted optional critical-date fields remain untouched (0.174375ms)
✔ nonempty optional critical-date fields are trimmed (0.09ms)
✔ critical-date CAS preserves full database timestamp and rejects a losing edit (0.642792ms)
✔ missing or malformed snapshot cannot update a critical date (0.196625ms)
✔ malformed headers, widths and quotes never produce writable rows (0.687917ms)
✔ valid BOM CRLF multiline escaped quotes and semicolon fields survive (0.45575ms)
✔ invalid encodings and resource limits fail before preview (10.314583ms)
✔ closed contracts are neither queried nor shown as zero on desktop or mobile (65.4455ms)
✔ HR, accounting and viewer never query or display restricted contact/contract summaries (160.19775ms)
✔ allowed empty contract result is zero while failed summary is explicitly unreadable (93.249959ms)
✔ failed company directory stops dependent readers and displays retry state (23.512042ms)
✔ note create sends the resolved company/tenant/actor but no client author or pin fields (47.130792ms)
✔ note edits, pin and delete all preserve the expected company in the actual request (51.024125ms)
✔ changed tenant, invalid identity or blank content stops before command submission (33.320083ms)
✔ unknown result, malformed rows and wrong company cannot acknowledge a note command (0.424583ms)
✔ module errors and transport failures are distinct, and neither retries the command (0.249833ms)
✔ pin acknowledgment must match the requested flag and target (1.856291ms)
✔ missing author and ownership rejection explain the actual corrective action (1.017584ms)
✔ coverage, presence and missing reports remain distinct; historical removed attendance does not count (1.975208ms)
✔ cancelled requests remain visible in all but never enter active action filters (0.2025ms)
✔ fully assigned does not mean present and absent people remain assigned until replacement (0.1465ms)
✔ search combines Turkish-normalized location, occupation and assigned staff terms (0.815ms)
✔ measured empty day accepted, unavailable or malformed RPC never becomes zero (4.002333ms)
✔ real dates, leap years and strict format (1.36525ms)
✔ required fields, counts and extra untrusted fields (0.745667ms)
✔ daily coverage from zero to full (2.437667ms)
✔ paused and cancelled are not active demand (0.44675ms)
✔ corrupt aggregates fail rather than clamp (0.2285ms)
✔ assignment eligibility failures stay distinct (0.397042ms)
✔ missing or nonboolean verification never means available (0.225708ms)
✔ activity empty differs from unavailable or malformed response (2.448708ms)
✔ activity labels distinguish ownership events without claiming task completion (0.121416ms)
✔ general document activity accepts only an internal document destination (0.117125ms)
✔ contracts filter in SQL before five-row cap; no full-record transfer (34.569167ms)
✔ documents include missing files and undated manual states before limiting; derive expiry now (4.064292ms)
✔ critical dates include overdue and exactly thirty days; bounded stable order (1.48825ms)
✔ smaller server cap, missing counts, duplicate rows and transport errors do not masquerade as complete cards (2.637208ms)
✔ company names resolve only referenced IDs in batches; no task count tied to directory cap (1.244667ms)
✔ money preserves zero, negative values, and missing versus malformed input (12.908625ms)
✔ Istanbul variants share a display/filter key without changing other city names (0.182167ms)
✔ role rejection touches neither document nor storage (1.838416ms)
✔ read failure leaves both records untouched (0.213625ms)
✔ missing read and zero-row delete explicitly report no confirmed deletion (0.15575ms)
✔ blocked database deletion never removes the file (0.294166ms)
✔ confirmed row deletion uses RETURNING path, after deleting the row (0.197916ms)
✔ record without a file is a confirmed deletion with no storage operation (0.142042ms)
✔ storage failure preserves confirmed deletion and warning, never suggests row retry (0.390416ms)
✔ each existing category belongs to one folder; linked contracts stay together (0.473375ms)
✔ moving changes category only, scoped by company, revision and unlinked contract (0.535083ms)
✔ invalid category, denied/stale result, transport error and wrong identity never succeed (0.362083ms)
✔ document eligibility requires exact ids, tenants and boolean values (1.194792ms)
✔ document checks deduplicate and chunk without accepting contradictory scope (0.843083ms)
✔ document state database and transport failures do not fall back to enabled (0.162291ms)
✔ listAllDocuments derives expiry without mutating stored status (52.758709ms)
✔ listDocumentsByLegacyCompanyId derives expiry without mutating stored status (27.68725ms)
✔ single document derives expiry and preserves missing record (55.208791ms)
✔ company compliance counts expired stored-complete files as non-compliant (30.157375ms)
✔ Istanbul expiry includes day zero and thirty, expires on following day (0.96025ms)
✔ expiry changes at Istanbul midnight instead of UTC midnight (0.098583ms)
✔ stored complete does not keep an expired document green and mapping does not mutate raw data (0.398917ms)
✔ missing file and explicit missing status take priority; undated manual state stays intact (0.485125ms)
✔ initial snapshot and refresh are silent; only newly observed unread IDs sound (1.633459ms)
✔ scope keys separate companies and users; response mismatch fails closed (0.409708ms)
✔ links contain only a verified internal request target, company and date (1.855875ms)
✔ two tabs observing the same event play once; rapid batches are consumed silently (1.008542ms)
✔ storage or locking failure never falls back to uncoordinated sound (0.270666ms)
✔ shared ledger stores only bounded event IDs and time, never message content (0.33225ms)
✔ duplicate inbox rows are rejected instead of doubling counters or cards (0.213459ms)
✔ impossible calendar day cannot reach the date formatter or deep link (0.199792ms)
✔ independent task inserts null company without company lookup and keeps assignment empty (0.68725ms)
✔ independent tasks cannot borrow company-linked context (0.747208ms)
✔ business day is independent of device timezone at Istanbul midnight (0.471125ms)
✔ actual day hook observes timer, wake and visibility changes, then removes listeners (31.88775ms)
✔ legacy migration is deterministic and covers seven entries and four tables (0.914ms)
✔ historical workspace and shift patches change eight scoped and four legacy bodies (0.160583ms)
✔ reconstructed declarations contain exact bodies including SQL regex dollar literals (0.543875ms)
✔ valid search and known filter values survive serialization (1.580416ms)
✔ malformed, oversized and wrongly typed preferences recover to defaults (0.168375ms)
✔ unknown keys and overlong fields cannot enter the filter state (0.087417ms)
✔ keys separate list, account, tenant and role without separator ambiguity (0.130667ms)
✔ distinguishes new, unchanged, changed and inactive without rewriting input (3.226625ms)
✔ reads beyond first page and includes inactive rows (0.919334ms)
✔ null codes do not match by name; leading zeros and case remain distinct (0.142541ms)
✔ read failures and malformed pages never become new records (0.670208ms)
✔ changing totals and duplicated records across pages fail closed (1.290625ms)
✔ oversized directory stops after first page; no partial preview (0.58425ms)
✔ empty measured directory is allowed; duplicate input is rejected before reads (0.138625ms)
✔ UTF8 BOM CRLF and leading zeros retained (2.649541ms)
✔ quoted delimiter and escaped quotes (0.546166ms)
✔ bad quoting columns and headers rejected (0.527334ms)
✔ duplicate codes rejected, different leading zeros retained (0.13625ms)
✔ empty oversize and more than 500 rows rejected (0.541083ms)
✔ invalid cell types controls and empty text rejected (0.139083ms)
✔ only editable fields survive; leading/trailing whitespace is trimmed (3.060084ms)
✔ invalid identity, stale-token shapes and invalid text cannot become update commands (0.943666ms)
✔ response requires identity, exact new values and one revision advance (0.903625ms)
✔ max accepted revision advances safely and missing old values are unverifiable (0.169ms)
✔ real service forwards scope and normalized payload; RPC error or malformed success is never accepted (0.817541ms)
✔ login preserves internal destination, query and hash after normalization (22.052916ms)
✔ login rejects external, backslash, controls and normalized host prefixes (0.500667ms)
✔ anonymous access request reaches handler while adjacent and protected paths redirect (4.34575ms)
✔ redirect retains refreshed session cookie options (0.754167ms)
✔ management date follows Istanbul midnight and owner/date filters stay server-side (14.076708ms)
✔ saved search stores normalized filter not a page and rejects corrupt/duplicate data (0.567292ms)
✔ availability rejects impossible dates, inverted and excessive intervals (0.304708ms)
✔ past and superseded availability never becomes current via fallback (0.081917ms)
✔ active work rejection has a useful admin message without raw database text (0.647084ms)
✔ task guard membership and role failures remain distinct in create and update (0.32475ms)
✔ transport failures are not translated into lost membership or role (0.103375ms)
✔ operation day rolls over at Istanbul midnight regardless of device timezone (15.212541ms)
✔ quick views distinguish current owner, truly unassigned, and closed work (0.251166ms)
✔ active tasks sort by due day with stable ties without mutating input (1.027167ms)
✔ completion sends scope and revision to the gateway; server resolves actual privileges (0.191ms)
✔ lost race, inaccessible task, transport error and invalid revision never succeed (0.367875ms)
✔ overdue view derives lateness from date and excludes completed, future and undated tasks (2.09175ms)
✔ desktop and mobile action availability preserves ownership and legacy assignee boundaries (0.372834ms)
✔ complete advisory response preserves all checks but never permits mutation (1.014959ms)
✔ a dependency-invalid draft is accepted so the UI can explain it; incomplete or coerced states are not (0.177209ms)
✔ scope revision membership role and advisory flags fail closed (0.481208ms)
✔ missing duplicate foreign and non-boolean checks never become an empty successful report (0.255333ms)
✔ dependency evidence must match the requested graph (0.153458ms)
✔ every resolution link targets an existing page (0.213875ms)
✔ one bounded RPC; transport errors and malformed responses never fall back (0.353083ms)
✔ route remount uses current workspace; stale cleanup cannot remove its protection (1.266ms)
✔ navigation decision keeps the original event and synchronous cancellation (0.117375ms)
✔ company IDs are chunked and each assignment batch is paged to the measured total (1.612917ms)
✔ late assignment failure or unrelated company discards all previously read assignments (0.299959ms)
✔ failed manager read yields no company recipients and never starts partner lookup (0.231834ms)
✔ tasks candidate pages keep filters and never expose a partial source list (2.121666ms)
✔ documents candidate pages keep filters and never expose a partial source list (0.554375ms)
✔ appointments candidate pages keep filters and never expose a partial source list (0.423834ms)
✔ task module snapshots require a complete distinct boolean response and propagate transport failure (0.449041ms)
✔ task module snapshot chunks 501 distinct tenants without truncation (0.302375ms)
✔ document batch reaches last source/membership rows and keeps tenant contents out of the other email (19.2525ms)
✔ late documents error produces no sends or reservation writes (0.880667ms)
✔ late tenant_memberships error produces no sends or reservation writes (1.504375ms)
✔ unacknowledged notification stamps are errors, never sent or counted as already sent (16.68175ms)
✔ unverifiable task owner is not treated as unassigned or sent to the manager fallback (2.784ms)
✔ verified task owner receives the task while a truly unassigned task goes to its tenant manager (2.910167ms)
✔ overdue tasks change day at Istanbul midnight, not three hours later at UTC midnight (1.533167ms)
✔ appointment reminders use tomorrow in Istanbul when UTC is still on the previous day (1.369125ms)
✔ tenant roles override global roles for document recipients (11.566417ms)
✔ missing membership role fails closed before any transport or stamp (0.773084ms)
✔ disabled task tenant never produces an email or a reservation (0.475625ms)
✔ unverifiable task module before stamping stops the email without consuming a reservation (1.047833ms)
✔ task module disabled after reservation is rechecked and reservation is rolled back before send (1.548291ms)
✔ unverifiable post-stamp module state releases the reservation and sends nothing (1.330416ms)
✔ calendar off before collection prevents sends (0.53325ms)
✔ calendar off after stamp prevents sends (1.011167ms)
✔ document pre-send gate removes contract-linked documents while retaining company documents (12.119666ms)
✔ document module closure after reservation prevents send and releases every reservation (11.520375ms)
✔ unverifiable document state before stamping sends nothing (6.793291ms)
✔ notification names resolve all referenced companies in bounded deduplicated chunks (2.852708ms)
✔ missing, truncated, duplicated or malformed company names fail instead of generating fallback mail (0.316291ms)
✔ a company cannot be associated with two tenants or acknowledge a different tenant (0.22725ms)
✔ contract batch reads past limits and sends each contract only to its tenant and assigned partner (29.550041ms)
✔ contract batch stops before stamps on a late read failure or missing company name (5.851125ms)
✔ contract 30-day window opens at Istanbul midnight (1.66ms)
✔ a shared email in another tenant does not hide an eligible profile; same-tenant duplicates still get one copy (22.345042ms)
✔ multi-workspace contracts use tenant roles for managers and assigned partners (13.570542ms)
✔ contract module off filters candidates before names and reservations (0.916833ms)
✔ missing contract config sends nothing and never consumes a stamp (0.550667ms)
✔ contract closure after stamp releases reservation; rollback failure=false (1.582584ms)
✔ contract closure after stamp releases reservation; rollback failure=true (1.116208ms)
✔ contract recipients page managers, preserve email-only eligibility and restrict partner assignments/roles (1.546875ms)
✔ contract recipient later page failure rejects instead of returning earlier managers (0.564ms)
✔ expiry contract reader reaches the last candidate past the server cap without selecting unused columns (1.253875ms)
✔ contract read failure or incomplete later page rejects the entire candidate set (0.327042ms)
✔ membership paging reaches the last row even when server cap is lower than requested (3.495709ms)
✔ later page error, changing count, empty gap and duplicate rows discard the entire map (1.346583ms)
✔ empty membership table is valid only with measured zero; thrown reads remain unavailable (0.189083ms)
✔ profile IDs are deduplicated and chunked without losing the last owner (1.212791ms)
✔ late error, count mismatch and unexpected or repeated profiles discard previous chunks (0.512125ms)
✔ missing profiles and contactless profiles are measured omissions, empty input does not query (0.102542ms)
✔ company recipients still exclude a former partner after shared profile lookup (0.53575ms)
✔ role profile pagination includes the last eligible recipient and excludes missing contact (2.342542ms)
✔ role profile errors and unexpected roles never expose a partial recipient list (0.42125ms)
✔ notification reservation requires the expected acknowledgement; empty data is not already sent (1.035375ms)
✔ unique conflict remains an idempotent skip and DB failures expose only their code (0.134041ms)
✔ bounded matcher catches identity-like and Turkish mobile forms (0.843208ms)
✔ ordinary dates, times, amounts and long identifiers remain usable; limits explicit (0.159167ms)
✔ all four submission validators reject before calling a service (0.713459ms)
✔ historical conversation and pending command resolution remain readable (0.618125ms)
✔ validation errors are actionable without echoing private text (0.153333ms)
✔ one request may have three signs but request count is unique (15.092541ms)
✔ removed absence and cancelled demands do not create actions (0.299125ms)
✔ future unknown does not count as outstanding but unfilled demand does (0.182834ms)
✔ due date uses snapshot Istanbul day across UTC midnight boundary (0.277583ms)
✔ wrong week or malformed snapshot never becomes clean checklist (0.214042ms)
✔ empty verified week and fully present request have no signs (0.224584ms)
✔ priority and search preserve overlap without summing people (0.31225ms)
✔ selected day only, including year boundary week (0.156125ms)
✔ query separates company locations and tenant workers (0.778792ms)
✔ page preserves leading zero code and manual null code (0.218125ms)
✔ partial page, duplicate identity or wrong filter fails instead of showing clean data (0.204792ms)
✔ page beyond shrinking total is valid empty with true total (0.074416ms)
✔ worker shape cannot be mistaken for a company location (0.120875ms)
✔ activation keeps strict boolean and bounded expected revision (2.866583ms)
✔ activation response must identify exact change and revision (0.733834ms)
✔ 40 unique operation signatures generate the committed migration exactly (1.016709ms)
✔ schedule readers taking profile locks use write barrier; operations never require talent (0.14625ms)
✔ pilotError distinguishes module rejection from transport uncertainty (226.211917ms)
✔ fixedRosterError distinguishes module rejection from transport uncertainty (0.247792ms)
✔ workError distinguishes module rejection from transport uncertainty (9.0175ms)
✔ scheduleError distinguishes module rejection from transport uncertainty (12.207291ms)
✔ startError distinguishes module rejection from transport uncertainty (7.45ms)
✔ command boundaries reject missing or invalid CAS, hash, bytes and filename (1.198834ms)
✔ receipt identity and terminal states cannot be borrowed or interpreted loosely (0.295166ms)
✔ invalid file is rejected before any RPC, including same-size different content (2.612166ms)
✔ lost upload response reconciles bytes before finish; same command retry returns receipt without Storage (1.030708ms)
✔ missing or mismatched Storage bytes cannot finish (1.120708ms)
✔ cancelled command never uploads; cancel-before-prepare uses full immutable command (0.580959ms)
✔ status distinguishes unknown transport, confirmed missing, malformed and published (0.242709ms)
✔ bounded multipart accepts a file above Server Action default and exactly 10 MiB (30.907041ms)
✔ body limit enforced on actual chunks despite missing or lying Content-Length (1.302542ms)
✔ malformed successful RPC data remains an unverifiable result, not invalid caller input (0.839416ms)
✔ fresh adapter after reload reuses persisted identity without storing form text (5.188166ms)
✔ canonical object key order is stable; changed payload and kind are distinct (1.905875ms)
✔ different account and tenant never borrow identity (1.530666ms)
✔ concurrent tabs reserve a single identity through shared lock (2.5745ms)
✔ acknowledgment removes only confirmed command; next identical intent has new identity (1.669542ms)
✔ blocked read/write and missing locks reject without volatile fallback (2.354625ms)
✔ malformed stored records fail closed (6.402958ms)
✔ 50 pending limit preserves old identities and blocks new writes (12.226959ms)
✔ failed acknowledgment retains original identity for safe retry (0.697209ms)
✔ reconciliation clears only terminal requested IDs; unknown and concurrent additions survive (4.644833ms)
✔ malformed, omitted, duplicate, foreign, and non-terminal-looking statuses preserve all pending identities (1.878542ms)
✔ reconciliation storage failure keeps recoverable identity (0.9525ms)
✔ read-only digest snapshot matches normalized intent without reserving or exposing payload (1.178709ms)
✔ reload and concurrent tabs reuse identity without retaining financial text (3.721125ms)
✔ changed file or mapping cannot silently allocate a second command (0.673292ms)
✔ scope isolation; settlement clears only the proven command (0.507917ms)
✔ storage failure and corrupt records fail closed (0.56ms)
✔ failed settlement retains original identity (0.430167ms)
✔ only explicit input rejection permits clearing recovery; network/replay uncertainty preserves it (0.235209ms)
✔ command payload allowlists fields and trims text (1.846958ms)
✔ unknown commands including prototype properties are rejected (0.161708ms)
✔ request boundary, date and identity validation (0.16675ms)
✔ directory and assignment commands require their own fields (0.457666ms)
✔ null and nonboolean board data cannot become an empty or available board (0.223583ms)
✔ capacity and cancellation contradictions fail board validation (0.149708ms)
✔ capacity edit requires valid old and new counts and strips unrelated fields (0.129291ms)
✔ attendance requires exact status and nonnegative bounded revision (0.121083ms)
✔ board cannot drop attendance or turn unknown into absence (0.199375ms)
✔ request context round trips without dropping day, scope, or encoded job (1.906292ms)
✔ malformed or duplicate context cannot initialize a placement journey (0.175375ms)
✔ new, repeated and corrected files remain distinct (1.692ms)
✔ rejects other tenant/project/source/month and partial snapshots (0.201042ms)
✔ both copies are blocked; changed source identity cannot duplicate work (0.518208ms)
✔ missing is not zero; malformed dates and durations are blocked (0.160667ms)
✔ omitted rows remain visible without deletion; corrupt snapshots fail (0.111209ms)
✔ multiple slots are separate; leading zero codes are preserved (0.084542ms)
✔ preview rejects incomplete, duplicate, invalid duration or status rows (0.662416ms)
✔ people response rejects duplicate codes and malformed candidates (0.166667ms)
✔ monthly report rejects incomplete, inconsistent or wrong-scope totals (0.754875ms)
✔ empty report is explicit and duration retains minutes (12.669917ms)
✔ UTF-8 CSV preserves codes and explicitly converts hours (1.055958ms)
✔ invalid encoding, duplicate columns, partial row fail (0.192167ms)
✔ blank/formula/day-text/fractional-minute/out-of-range never become zero (0.451084ms)
✔ wrong month, formula metadata and duplicate mapping block (0.186958ms)
✔ incomplete lists, duplicates and wrong tenant fail (0.688417ms)
✔ details reject impossible dates and incomplete child pages (1.890125ms)
✔ page offsets are bounded and aligned (0.179ms)
✔ work details fail on missing pages, duplicates, wrong scope and invalid durations (0.708083ms)
✔ Excel dates and zero-padded codes survive extraction (3.096583ms)
✔ formulas remain flagged; merged, hidden-only and oversized sheets reject (2.025666ms)
✔ task rejects wrong company, tenant, invisible relation and read failure before insert (0.926833ms)
✔ task accepts same company/tenant relation and queries explicit scope (0.558916ms)
✔ task rejects company belonging to another tenant (0.110292ms)
✔ appointment rejects wrong company, tenant, invisible relation and read failure before insert (0.230667ms)
✔ appointment accepts same company/tenant relation and queries explicit scope (0.145667ms)
✔ appointment rejects company belonging to another tenant (0.082958ms)
✔ task appointment relation is independently validated before insert (0.102875ms)
✔ no relation requires no extra relation reads and preserves nullable IDs (0.147375ms)
✔ replacement search is Turkish-normalized and excludes booked, inactive and current worker (0.989833ms)
✔ selected available worker survives no matching search without inflating match count (0.117417ms)
✔ selection cannot bypass availability and does not duplicate a matched worker (0.106667ms)
✔ only an explicit scoped null latest is interpreted as no conversation (0.851833ms)
✔ transport error cannot become a zero revision snapshot (0.175125ms)
✔ latest revision and actor are validated before exposing the record (0.361458ms)
✔ write retains scope, command ID and revision; validates response against submitted command (0.356167ms)
✔ invalid input stops before RPC and write errors are preserved for reconciliation (0.200584ms)
✔ eleven-digit numeric codes are blocked without collecting or validating identity (0.717166ms)
✔ ordinary business codes, dates and UUIDs are not reclassified as identities (0.085042ms)
✔ spreadsheet row is held with field message and no accepted value (0.463916ms)
✔ database rejection is translated without echoing the input (0.119292ms)
✔ 12 explicit reporting signatures generate the exact candidate migration (1.037334ms)
✔ reporting and import messages distinguish disabled module from transport uncertainty (149.419167ms)
✔ weekdays selected across year boundary and leap day (3.155625ms)
✔ range limit is inclusive 31 days; reverse, empty weekday and invalid calendar rejected (0.706167ms)
✔ payload normalization gives same dates and trimmed content for retry identity (0.90925ms)
✔ malformed or excessive payload never reaches writes (0.488083ms)
✔ removed preview days remain excluded from canonical payload (0.259708ms)
✔ batch result must contain exact count and distinct identities for the same command (0.368708ms)
✔ IDP period keeps original leave interval while excluding non-working preview days (3.167959ms)
✔ all routes prohibit framing and set browser safety headers without breaking scripts (34.809333ms)
✔ all valid module combinations intersect dashboard roles, without enabling dependent sections (25.325625ms)
✔ shared loader rejects malformed/foreign snapshots and transport errors (9.217166ms)
✔ page boundary never mounts business readers before validation; off, error and role denial remain distinct (53.344083ms)
✔ page boundary retries failed settings and ignores a response after unmount (6.326625ms)
✔ actual completion form explicitly sends task true, unchecked false, and unavailable false (27.752958ms)
✔ failed completion preserves both result fields and shows a retryable error (7.811417ms)
✔ actual dashboard skips disabled queries/cards; independent tasks work without company lookup (67.749959ms)
✔ actual dashboard fetches enabled sections but never offers partner task access (53.451041ms)
✔ late assignment skips prior checks and requires immediate call (1.02075ms)
✔ last recorded event wins, not scheduled offset (0.282375ms)
✔ past plan events cannot colour new plan (0.084333ms)
✔ claimed arrival remains unverified at start even if all calls recorded (0.169333ms)
✔ confirmation closes remaining calls without fabricating events; removal closes writes (0.095709ms)
✔ unknown or malformed call outcome fails closed instead of hiding required action (0.682083ms)
✔ all supported call results and extra call offset remain accepted (0.172291ms)
✔ daily attendance conflict directs the operator to reopen independent confirmation (0.218792ms)
✔ mobile next call suggests earliest due unrecorded step regardless of offset order (0.127875ms)
✔ mobile next call never reopens closed/confirmed work or fabricates scheduled checks (0.171375ms)
✔ known rejected command is removed only after terminal server closure (3.723958ms)
✔ previous commit wins over a later rejection; never claims not saved (0.569791ms)
✔ scope denial, unknown or malformed reconciliation preserve pending identity (2.707333ms)
✔ network, lock and unknown errors never automatically close a command (3.015084ms)
✔ storage failure after response keeps uncertainty rather than fake cleanup (2.068292ms)
✔ input, witness, replay and plan errors have useful distinct explanations (0.148875ms)
✔ zero assignments differs from zero outstanding tracking (2.005583ms)
✔ full count survives first-page/top-three rendering (0.727125ms)
✔ partial or wrong-scope response is not a healthy summary (0.23675ms)
✔ confirmed or closed record cannot become an outstanding item (0.130417ms)
✔ employee claim remains pending and lost responsibility is explicit (0.224958ms)
✔ tracking link preserves exact day and enables only explicit action filter (0.108917ms)
✔ tracking link preserves day and safely encodes worker search without enabling urgent filter (1.40175ms)
✔ missing name and invalid day cannot produce an unrelated tracking destination (0.16575ms)
✔ tracking preserves return company separately from the all-company query and chosen return day (0.247458ms)
✔ return navigation rejects malformed company and impossible dates without accepting arbitrary URLs (0.1495ms)
✔ future, due and overdue controls have distinct boundaries (0.6095ms)
✔ claimed arrival never confirms; start deadline escalates even after all calls (0.098958ms)
✔ cannot attend needs replacement; unreachable differs from absence (0.077334ms)
✔ verified arrival skips remaining controls, retains recorded outcomes (0.086625ms)
✔ removed assignment closes pending controls; invalid confirmation cannot green a row (0.171125ms)
✔ midnight arithmetic and malformed schedules (4.368792ms)
✔ onboarding access excludes operations while ordinary attachments remain available (0.819959ms)
✔ metadata rejects path names, oversized files, PDF photos and forged properties (3.614125ms)
✔ file signature is checked rather than trusting filename or browser MIME (0.204666ms)
✔ lost upload response survives reload and reuses its command without storing file contents (0.908584ms)
✔ upload references are isolated by actor, tenant, person, category and file fingerprint (0.148792ms)
✔ blocked, silently discarded or corrupted browser storage prevents starting a new command (0.149ms)
✔ confirmation cannot clear a different command written by another tab (0.074417ms)
✔ upload recovery accepts duplicate status 400 or 409 and lost responses only after database confirmation (0.201333ms)
✔ a successful Storage response never substitutes for failed or non-boolean database confirmation (0.211333ms)
✔ confirmed reserve replay avoids uploading twice; malformed reserve never uploads (0.182875ms)
✔ two tabs reserve one upload command through the same exclusive lock (0.1665ms)
✔ missing or rejected cross-tab lock never allocates an upload reference (0.116208ms)
✔ attachment list distinguishes measured empty from missing or corrupt response (0.219667ms)
✔ attachment list rejects wrong person, duplicate IDs and malformed file metadata (0.17925ms)
✔ attachment list keeps the 51st pagination sentinel but rejects an unexpected oversized response (0.148334ms)
✔ confirmation and reservation use the same lock; a queued new command survives cleanup (0.184959ms)
✔ confirmation preserves recovery reference if cross-tab lock cannot be acquired (0.088416ms)
✔ cancel cleanup only clears matching command inside the same actor tenant and person (0.162084ms)
✔ explicit empty differs from missing, and every requested identity is accounted for (2.195958ms)
✔ reject wrong tenant, actor, timestamps and job-specific decline in general summary (0.466292ms)
✔ bound requests to one server page and accept empty page (1.08225ms)
✔ conversation captures an outcome without manufacturing availability or a placement (0.718917ms)
✔ declining a job requires that specific request; malformed values fail (0.194958ms)
✔ response belongs to requested tenant/person and contains a real server actor/time (0.226209ms)
✔ history rejects mixed people, duplicate ids and oversized responses (0.459458ms)
✔ hidden operation context retains the conversation outcome but cannot contain a live projection (0.13675ms)
✔ combined filters normalize without dropping constraints (1.25725ms)
✔ invalid ranges, malformed filters and null values fail validation (0.285ms)
✔ demographics remain optional and omission is distinct from explicit clear (15.202167ms)
✔ server response must echo every applied filter (0.244042ms)
✔ availability requires date and state together; saved legacy filters remain valid (0.195208ms)
✔ person responses retain demographics through list, detail and edit validation (0.789667ms)
✔ callback view survives validation and saved searches; response cannot silently use all (10.952208ms)
✔ detail distinguishes unavailable staffing from no assignments and rejects contradictory data (0.1975ms)
✔ batch request preserves sparse physical row numbers and rejects malformed or duplicate decisions (211.81575ms)
✔ status must be complete and belong to the expected actor, company, batch and source (0.33625ms)
✔ terminal receipt and blocked codes cannot be coerced or accepted for another row (1.445084ms)
✔ services use scoped RPCs, validate inputs before calls, and never translate transport failures into success (15.42325ms)
✔ unknown recovery stays distinct from closed and rejects another scope or reference (0.396583ms)
✔ selected plan maps only approved fields and strips all held source information (16.453ms)
✔ history requires a complete scoped page and valid pending counts (0.332208ms)
✔ result report includes each physical source row and distinguishes unsettled from saved (0.348584ms)
✔ comparison snapshot distinguishes measured empty from incomplete, malformed and foreign results (1.144375ms)
✔ read service sends only verified scope, not spreadsheet content, and validates response (0.585458ms)
✔ Turkish phone formats match but do not imply identity (0.698209ms)
✔ blank fields preserve existing data; new contacts are additive and old city conflicts visible (0.229916ms)
✔ name and contact matching different people requires review; never prefer one silently (0.157ms)
✔ source issues remain blocking review even when no current match exists (0.123667ms)
✔ many ambiguous matches are bounded and explicitly labelled; file rows are never merged (0.497875ms)
✔ every source row is accounted for; no decision is guessed (4.306833ms)
✔ existing identity selection never accepts field changes by default (0.52075ms)
✔ source issues, unknown targets, illegal changes and matches cannot become new writes (0.328333ms)
✔ two source rows targeting one person require resolution even for unchanged rows (0.223667ms)
✔ new rows with normalized shared identity do not silently create duplicates (0.272375ms)
✔ new row conflicting with another row resulting contact is also blocked (0.161667ms)
✔ contact capacity and revision overflow cannot be hidden by review (0.174708ms)
✔ existing city-only import excludes rejected source name and contact values from the actual request (11.469875ms)
✔ selected email is retained, unchanged rows send only stored name, hold rows send no personal data (4.239833ms)
✔ suggestions are conservative, duplicates and branch city are not guessed (11.873208ms)
✔ calendar dates reject impossible days and ambiguous serials (0.311334ms)
✔ repeated names and shared phones retain all physical source rows without merging (1.283625ms)
✔ coverage statuses remain source history; invalid ranges and unmapped fields remain visible (0.287666ms)
✔ missing, overlapping and wrong-scope mappings are rejected (0.215875ms)
✔ real XLSX reader preserves hidden sheet, physical row numbers, dates and formula diagnostics (141.724583ms)
✔ CSV supports BOM CRLF quoted delimiters; bad encoding and renamed text fail (1.559875ms)
✔ worksheet extents cannot silently truncate oversized sources (2.8745ms)
✔ name-only source and unmapped formula can be explicitly prepared as new without merging (88.463125ms)
✔ mapped formula, error, invalid contact and missing name still block a new-person decision (1.460625ms)
✔ ten long emails fit the workbook cell budget without truncation; over-limit cells fail (1.508542ms)
✔ a large source is partitioned without losing or renumbering any source row (5.837583ms)
✔ duplicate targets across partition boundary are rejected before any part can be sent (0.422125ms)
✔ queue references reject corruption and duplicates instead of skipping parts (0.169833ms)
✔ local import receipt distinguishes absent, valid, malformed JSON and old shape (1.26275ms)
✔ blocked storage stays unavailable, is never treated as an empty receipt, and leaks no raw contents (0.201084ms)
✔ person receipt retry preserves command identity and distinguishes malformed and blocked storage (0.206792ms)
✔ resolved receipt removal failure preserves receipt and allows retry without leaking storage error (0.084542ms)
✔ reference preserves exact command and stores no person fields (1.041ms)
✔ reference cannot recover into a different actor or tenant (0.203125ms)
✔ corrupt, old or unconfirmed references fail closed (0.105084ms)
✔ migration is exactly generated from 39 unique reviewed signatures and source bodies (1.367292ms)
✔ write guards come before original business statements; only worker preparation needs staffing (0.427625ms)
✔ known module denials are clear, while transport uncertainty remains distinct (0.524166ms)
✔ assignment projection migration is generated against the already gated body (2.837375ms)
✔ conversation module patch is generated against prior guarded bodies (3.213084ms)
✔ linked name gate uses the current guarded writer and gives an actionable message (1.133083ms)
✔ name-only records preserve unknown contacts, region and work type (0.847125ms)
✔ invalid contacts, hidden extra fields and unsupported work types are rejected (0.318958ms)
✔ page completeness, duplicate IDs, foreign scope and null RPC results fail closed (0.405167ms)
✔ recovery only confirms the expected person, command and revision (0.134125ms)
✔ UUID assignment displays the directory name even without legacy text (0.50175ms)
✔ current directory name supersedes stale legacy text (0.333708ms)
✔ loading, failure and missing directory entry never claim unassigned (0.308375ms)
✔ blank profile name is still an assignment (0.344708ms)
✔ name-only rows are clearly marked as legacy (1.428959ms)
✔ only a row without UUID or legacy name says unassigned (0.295833ms)
✔ claim sends expected scope and revision to the atomic gateway; display names are not trusted (0.999125ms)
✔ losing claim, inaccessible record and transport failure cannot report success (0.603458ms)
✔ claim and quick completion use one command rather than separate mutable role and tenant snapshots (0.320542ms)
✔ bad scope is rejected before a claim/completion command is sent (0.130459ms)
✔ module disabled, missing configuration and transport failure remain distinct from a lost claim (0.18825ms)
✔ links contain only the task UUID and round trip (0.583708ms)
✔ unrelated task-prefill parameters do not become a task link (0.078458ms)
✔ malformed, empty and duplicate IDs are rejected (0.171584ms)
✔ URL round trip carries only identifiers and date (2.773542ms)
✔ ordinary tasks page has no prefill; partial and duplicate context rejected (0.218708ms)
✔ reject malformed ids, impossible dates and unsupported date bounds (0.128041ms)
✔ prefill derives fresh name and title from server data, no assignee/source FK or deadline inferred (0.168833ms)
✔ missing company/request/location and mismatched day fail without fallback (0.215666ms)
✔ passive company and cancelled request cannot prepare a new followup (0.097833ms)
✔ inactive location may still need a followup on an existing active request (0.070833ms)
✔ invalid or missing revision fails before any raw request (2.271875ms)
✔ update filters exact loaded revision and returns new row (0.546458ms)
✔ zero rows is a conflict, transport/database error stays different (0.566666ms)
✔ history has an honest twenty-row limit and extra-row indicator (0.203833ms)
✔ command validates bounded unique integer revisions and canonical identities (9.748584ms)
✔ snapshot normalization removes ordering and presentation from command identity (0.128375ms)
✔ preview rejects silent omissions, duplicate rows, unsafe counts and wrong source (0.230167ms)
✔ directory allows unnamed departed source, never absent arrays or duplicate targets (0.261833ms)
✔ result must match exact command scope and moved count (0.136084ms)
✔ service writes one RPC and has no iterative task fallback (0.164583ms)
✔ invalid command fails before write and malformed successful response is uncertain (0.196833ms)
✔ transport error cannot be mislabeled as nonmember or conflict (0.28775ms)
✔ module rejection is definite but a transport error remains uncertain (0.6485ms)
✔ task screen requires verified actor, tenant, live role and complete module snapshot (4.172083ms)
✔ task company directory keeps narrow fields, ordered complete pagination and rejects wrong tenant (2.17075ms)
✔ context navigation needs an enabled source module; missing state never defaults to all links (0.191958ms)
✔ actual task form hides disabled company controls instead of calling the company list empty (9.745125ms)
✔ reverse formula rejects the historical negative-price case and below-baseline amounts (0.54225ms)
✔ every numeric input rejects negative and non-finite values (0.124208ms)
✔ zero markup is valid and markup is applied to cost, not sales margin (0.076125ms)
✔ form parser distinguishes missing required input from optional zero and rejects partial numeric strings (0.074083ms)
✔ hard dependencies are a DAG; unknown, duplicate and self edges are rejected (0.642291ms)
✔ talent, tasks and announcements stand alone; reporting and staffing do not require each other (0.583375ms)
✔ every one of the 1024 configurations is accepted iff all required dependencies are enabled (7.571875ms)
✔ partial, unknown, inherited and non-boolean module values never imply enabled (0.249542ms)
✔ context keeps bigint revisions exact and discards unrelated response fields (0.349125ms)
✔ actor/company/generation/role/protocol mismatches cannot supply a context (0.30525ms)
✔ all existing member roles retain their role without receiving new privileges (0.127542ms)
✔ an older response from another workspace is rejected and no RPC fallback runs (0.295208ms)
✔ one bounded RPC returns the whole snapshot, without a client-selected tenant argument (0.14825ms)
✔ migration catalog is generated from the same manifest, not a second hand-maintained graph (1.053583ms)
✔ cancelled presence remains actual; removed unknown is not outstanding (2.096584ms)
✔ no declarations cannot silently become zero attendance (0.246ms)
✔ duplicate or unmatched declarations fail verification (0.249584ms)
✔ same worker on different days counts separate person days (0.155ms)
✔ absence total counts declarations, not unique people (0.097583ms)
✔ Monday week boundaries include Sunday, leap day, year and minimum date (4.260458ms)
✔ totals count person-days, exclude cancellations and retain unfilled requests (1.273583ms)
✔ empty verified plan is accepted; null and wrong company/week are not (0.872875ms)
✔ range, duplicate requests, capacity, missing staff and cancelled assignment contradictions fail closed (0.60975ms)
✔ same worker on separate days allowed, double booking or repeated assignment ID rejected (0.57975ms)
✔ CSV records scope/time and quotes delimiters, double quotes and embedded newlines (0.683084ms)
✔ CSV neutralizes formula prefixes including whitespace before formula (0.27725ms)
✔ CSV cancellations are opt-in and contribute zero active open (0.107542ms)
✔ overnight is explicit; break reduces actual work; invalid time never becomes an estimate (0.755125ms)
✔ 24 hour limit and zero-length work are distinct; no automatic overnight guessing (0.105959ms)
✔ correction reason required and only valid scoped record can establish revision zero (0.924709ms)
✔ net totals and contiguous latest audit history must agree with the record (0.175083ms)
✔ receipt is matched to command, assignment, action and next revision (0.129958ms)
✔ invalid write fails before RPC; exact payload and errors are preserved (0.2335ms)
✔ company/day list rejects wrong scope, partial shape, duplicates and malformed totals (2.975084ms)
✔ latest 20 audit entries are accepted only in contiguous descending revision order (0.152834ms)
✔ declared per-entry and aggregate expansion are bounded (0.621208ms)
✔ malformed directories, encryption, volume split and entry-count overflow fail (0.29475ms)
✔ preparation preserves identity and explicit work kind; normalizes code (0.870959ms)
✔ rejects malformed identities, revisions and unsupported work types (0.217584ms)
✔ receipt must match command, person, next revision and real worker id (0.126542ms)
✔ five surplus staff in one location cannot cancel five missing in another (2.558458ms)
✔ zero target, fully staffed and empty sets remain distinct and nonnegative (0.273959ms)
✔ workspace identity follows server data and never a user-editable company name (0.976833ms)
✔ missing, malformed and mismatched company or actor responses fail closed (0.340375ms)
✔ write target requires both the same actor and company (0.122291ms)
✔ RPC errors and null success never invent a company or return a stale identity (0.295125ms)
✔ company context request carries no caller-selected company and has a deadline (0.1595ms)
✔ UI company comes from verified workspace when getUser metadata lacks token-hook claims (0.115917ms)
✔ role and company are accepted together and user metadata cannot supply authority (0.168291ms)
✔ invitation parsing fails closed and excludes server extras (0.9015ms)
✔ token has 256 random bits and transport failure is not labelled invalid invitation (0.743167ms)
✔ setup accepts measured zeros but rejects unavailable/wrong-scope response (1.376833ms)
✔ setup rejects coerced, missing, negative or unsafe counts and invalid calendar dates (0.1455ms)
ℹ tests 631
ℹ suites 0
ℹ pass 631
ℹ fail 0
ℹ cancelled 0
ℹ skipped 0
ℹ todo 0
ℹ duration_ms 16550.64475
