✔ six validated immediate RESTRICT keys retain their original column order (77.31125ms)
✔ company cannot cascade its contract, appointment or document history (1.791791ms)
✔ contract deletion cannot detach an appointment or reclassify its PDF as a general document (1.834667ms)
✔ completed appointment cannot lose its idempotency receipt through parent deletion (0.723583ms)
✔ status changes and nullable contract-free appointments remain usable (0.814625ms)
✔ deleting a parent with no dependent history is still allowed (0.511083ms)
✔ SET NULL scope drift is rejected before changing that relation (6.498625ms)
✔ an extra cascading FK aborts and rolls back the whole migration (6.817792ms)
Synthetic company commands DB: 17.10
✔ create assigns verified tenant/actor and normalizes defaults without client DML privileges (76.63875ms)
✔ CSV status/risk values survive the same creation command (2.464083ms)
✔ status command changes only status and a repeat does not trigger another update (4.005208ms)
✔ wrong actor, tenant, role and foreign company cannot write (4.726958ms)
✔ input keys, types, empty names and unsupported status values are rejected (12.557042ms)
✔ closed customers rejects both creation and status changes; malformed config fails closed (4.912209ms)
✔ stale membership and repeatable read do not execute commands (2.17125ms)
✔ anon and service role cannot execute the company command (1.948875ms)
✔ config writer wins: command waits before profile lock then sees disabled customers (24.59775ms)
✔ company command wins: config updater waits until full business transaction ends (11.064125ms)
✔ role is rechecked after waiting for membership profile lock (19.694583ms)
Synthetic contact commands DB: 17.10
✔ operations patches only supplied fields; absent email remains current (91.495666ms)
✔ empty channels, empty patch, injected name and malformed payload are rejected (9.372292ms)
✔ manager deletes exactly the company-bound contact; repeated delete fails (3.503042ms)
✔ operations cannot delete/import; other roles cannot patch (16.507708ms)
✔ wrong company, tenant, actor and foreign-company import are rejected (7.700542ms)
✔ CSV preserves the existing primary and rejects duplicate primary instead of demoting (4.6315ms)
✔ CSV has the same five-contact limit and passive-company guard (10.390834ms)
✔ effective contact DML is gone for app roles; legacy manager create/full edit still works (3.405959ms)
✔ disabled customer module blocks every new action (7.889708ms)
✔ configuration lock comes before profile; waiting command sees committed module closure (23.592792ms)
✔ role is rechecked after a blocked profile lock (19.999458ms)
✔ cutover refuses inherited column UPDATE grants (2.974708ms)
✔ concurrent partial edits merge against the locked row, not a stale client snapshot (27.364666ms)
✔ all five exact foreign keys become validated immediate RESTRICT constraints (83.432792ms)
✔ company deletion cannot cascade contacts or notes, even with modules disabled (2.946917ms)
✔ profile deletion cannot erase contact or note authorship (1.656625ms)
✔ mizan upload deletion cannot silently remove confirmed row history (0.709917ms)
✔ deactivation and membership removal preserve historical records and continue working (0.897917ms)
✔ unreferenced parents can still be deleted; this is not a blanket delete trigger (0.542583ms)
✔ schema drift fails and rolls back earlier constraint replacements (5.487166ms)
✔ concurrent child insert prevents a waiting company delete after commit (9.442834ms)
Synthetic customers DB: 17.10
✔ customer read gates preserve repository role policy matrix (96.226583ms)
✔ customer reads retain tenant identity and never leak a foreign contact (6.921125ms)
✔ closed customer module hides all three sets and task company choices without deleting records (3.386083ms)
✔ closing tenant A leaves tenant B customer reads unchanged (3.391208ms)
✔ a stale claim after membership removal returns no customer data (1.365625ms)
✔ missing config and invalid dependency snapshots do not become enabled (7.444083ms)
✔ a permissive policy cannot OR around the module read fence (2.731584ms)
✔ migration aborts if any target RLS is disabled and rolls back prior policy work (2.027917ms)
Synthetic notes/contact DB: 17.10
✔ manager, operations and HR can create notes; author is resolved from the profile (93.71675ms)
✔ other roles cannot create, edit, pin or delete notes (5.162375ms)
✔ operations and HR can edit only their own notes and cannot pin/delete (20.136083ms)
✔ manager can pin and delete; missing targets never report a successful mutation (4.362916ms)
✔ even manager cannot edit a note through a different same-tenant company (5.017375ms)
✔ forged author, pin-at-create, invalid tags and blank/non-string content are rejected (5.171708ms)
✔ passive companies retain note creation but reject new contacts (3.352792ms)
✔ company/note direct writes are revoked, while both note and legacy contact commands still work (5.902541ms)
✔ legacy full contact command preserves atomic primary selection and max five limit after cutover (11.410667ms)
✔ legacy contact command rejects other roles and foreign targets (4.907666ms)
✔ disabled module blocks note and contact commands, including the unchanged legacy signature (2.886542ms)
✔ config change wins: note and contact wait before profile locks and see disabled state (47.0215ms)
✔ note transaction holds the configuration lock until transaction completion (24.464416ms)
✔ contact definer conversion rejects body drift instead of elevating altered code (2.009917ms)
✔ write cutover rejects inherited table privileges (1.306583ms)
✔ existing authenticated CSV contact insert remains compatible after company UPDATE is revoked (1.5225ms)
✔ role is rechecked after the profile lock for both contact and note writers (40.479625ms)
✔ blank profile names are rejected instead of inventing a note author label (2.909584ms)
✔ only service role can execute the two notification projections (80.575583ms)
✔ a company cannot resolve through another tenant, even for the service role (1.095791ms)
✔ module-specific disabling is isolated between tenants and blocks the corresponding names (3.438458ms)
✔ turning customers off with dependent modules off prevents either company projection (1.919917ms)
✔ incomplete settings and broken dependencies raise errors rather than enabled or disabled defaults (1.474209ms)
✔ invalid modules, excessive and null tenant arrays are rejected (3.411708ms)
✔ company arrays must be bounded, unique and pairwise complete (3.849125ms)
✔ unknown tenant configuration and missing company fail closed (1.546834ms)
✔ all candidate and document-state RPCs are service-only (3.75025ms)
✔ SQL candidates preserve source date/status filters and expose only notification columns (3.248916ms)
✔ contract off preserves company documents but removes linked documents and contract candidates (2.10325ms)
✔ documents/calendar off prevents SQL candidates for only that tenant (2.778292ms)
✔ foreign-company or foreign-tenant contract links are excluded, not projected (1.699833ms)
✔ document state uses current relationship and acknowledges removed records as ineligible (2.757958ms)
✔ candidate readers fail on incomplete configuration instead of silently treating it as disabled (3.169459ms)
✔ document-state inputs reject missing, excessive and duplicate pairs (3.189167ms)
✔ service raw SELECT is denied after cutover while all notification projections remain usable (5.756833ms)
✔ service read cutover rejects inherited column access instead of claiming closure (1.498958ms)
Synthetic finance DB: 17.10
✔ finance AND policies retain role and tenant filtering while enabled (88.04425ms)
✔ closed finance hides all three tables without deleting records (2.657167ms)
✔ atomic import still writes and replays the same receipt once when enabled (4.452125ms)
✔ closed finance rejects both new import and old replay before any write (3.407833ms)
✔ wrong role, foreign company and stale claimed tenant remain rejected (4.772ms)
✔ malformed module configuration and stronger isolation fail closed (2.893167ms)
✔ anon, authenticated and bypassrls service cannot mutate directly or call retired RPCs (10.192125ms)
✔ config change wins: import waits before profile lock then observes disabled state (24.788292ms)
✔ import wins: config update waits for full import transaction (12.733458ms)
✔ migration revokes direct column privileges as well as table privileges (4.501584ms)
✔ migration aborts on inherited write privileges (2.809708ms)
✔ migration aborts on command body drift (2.248042ms)
✔ migration aborts on a callable same-name overload (3.511125ms)
✔ ops_mutate rejects disabled staffing with original execution mode (78.046625ms)
✔ ops_import_locations rejects disabled staffing with original execution mode (1.610958ms)
✔ ops_board rejects disabled staffing with original execution mode (1.417625ms)
✔ ops_week rejects disabled staffing with original execution mode (1.250833ms)
✔ ops_attendance_week rejects disabled staffing with original execution mode (1.202583ms)
✔ ops_directory rejects disabled staffing with original execution mode (1.129042ms)
✔ ops_idp_list rejects disabled staffing with original execution mode (1.062917ms)
✔ ops_locations raw SELECT is tenant-scoped and empty when module disabled (3.202334ms)
✔ ops_workers raw SELECT is tenant-scoped and empty when module disabled (3.0615ms)
✔ ops_daily_requests raw SELECT is tenant-scoped and empty when module disabled (2.814416ms)
✔ ops_assignments raw SELECT is tenant-scoped and empty when module disabled (2.881458ms)
✔ restrictive policies do not grant a viewer previously denied access (3.47425ms)
✔ actual worker directory remains invoker and works when staffing on, talent off (3.007417ms)
✔ original statements and invoker/definer flags survive history plus gates (1.200709ms)
✔ missing tenant RLS precondition aborts without altering functions (3.313875ms)
✔ manager sees all sixteen checks with no settings mutation or save authorization (73.954ms)
✔ anon service and non-manager cannot use the preview (2.662667ms)
✔ cross tenant, actor mismatch, removed membership and stale revision reject (3.384791ms)
✔ invalid JSON shapes and coerced booleans reject before any business scan (3.821875ms)
✔ dependencies report requested state, do not silently enable or cascade disable (1.957583ms)
✔ no-change draft scans no business tables and bigint revision stays exact (1.234ms)
✔ unfinished_tasks: own tenant blocks, foreign tenant and completed history do not (3.730209ms)
✔ unfinished_appointments: own tenant blocks, foreign tenant and completed history do not (3.266875ms)
✔ unfinished_contracts: own tenant blocks, foreign tenant and completed history do not (2.965791ms)
✔ pending_talent_import: own tenant blocks, foreign tenant and completed history do not (2.697458ms)
✔ open_staffing_demands: own tenant blocks, foreign tenant and completed history do not (2.775416ms)
✔ upcoming_requests: own tenant blocks, foreign tenant and completed history do not (2.727166ms)
✔ upcoming_assignments: own tenant blocks, foreign tenant and completed history do not (3.322042ms)
✔ unapproved_work: own tenant blocks, foreign tenant and completed history do not (2.849333ms)
✔ active_roster: own tenant blocks, foreign tenant and completed history do not (2.823541ms)
✔ active_schedules: own tenant blocks, foreign tenant and completed history do not (2.820167ms)
✔ open_reporting_periods: own tenant blocks, foreign tenant and completed history do not (2.533417ms)
✔ pending_reporting_imports: own tenant blocks, foreign tenant and completed history do not (2.544791ms)
✔ unknown and null states stay blocking instead of passing as completed (2.492834ms)
✔ dates use Istanbul business day regardless of session timezone (3.89275ms)
✔ missing relation produces an error, never a green empty report (1.400334ms)
✔ real SQL response satisfies the application parser contract (330.214084ms)
✔ customer_linked_tasks: dependent open task is visible even when tasks stays enabled (4.438166ms)
✔ appointment_linked_tasks: dependent open task is visible even when tasks stays enabled (2.567042ms)
✔ contract_linked_tasks: dependent open task is visible even when tasks stays enabled (1.945916ms)
✔ unfinished file uploads or cancellation cleanup block talent closure until ready or cleaned (2.80025ms)
✔ ops_execute_scoped: staffing off denies before business body (107.286917ms)
✔ ops_reconcile_commands: staffing off denies before business body (1.695834ms)
✔ ops_create_request_batch: staffing off denies before business body (1.44475ms)
✔ ops_resize_request: staffing off denies before business body (1.401417ms)
✔ ops_record_attendance: staffing off denies before business body (1.458ms)
✔ ops_replace_assignment: staffing off denies before business body (1.460917ms)
✔ ops_set_directory_active: staffing off denies before business body (1.312625ms)
✔ ops_start_execute: staffing off denies before business body (1.700291ms)
✔ ops_start_board: staffing off denies before business body (1.766458ms)
✔ ops_start_board_filtered: staffing off denies before business body (1.4055ms)
✔ ops_replace_assignment_before_start: staffing off denies before business body (2.004167ms)
✔ ops_comment_send: staffing off denies before business body (1.080166ms)
✔ ops_comment_list: staffing off denies before business body (0.953959ms)
✔ ops_comment_inbox: staffing off denies before business body (0.924625ms)
✔ ops_comment_read: staffing off denies before business body (1.160834ms)
✔ ops_comment_people: staffing off denies before business body (1.08025ms)
✔ ops_comment_inbox_page: staffing off denies before business body (1.180375ms)
✔ ops_comment_resolve: staffing off denies before business body (1.354ms)
✔ ops_update_location: staffing off denies before business body (1.2345ms)
✔ ops_record_replacement_outreach: staffing off denies before business body (1.347417ms)
✔ ops_replacement_outreach_history: staffing off denies before business body (1.054833ms)
✔ ops_replacement_outreach_latest: staffing off denies before business body (1.020792ms)
✔ ops_work_record_execute: staffing off denies before business body (1.750333ms)
✔ ops_work_record_read: staffing off denies before business body (1.48725ms)
✔ ops_work_record_list: staffing off denies before business body (1.344ms)
✔ ops_idp_read: staffing off denies before business body (1.046125ms)
✔ ops_idp_save: staffing off denies before business body (1.332125ms)
✔ ops_idp_period_create: staffing off denies before business body (1.160625ms)
✔ ops_idp_period_read: staffing off denies before business body (1.174375ms)
✔ ops_idp_period_manage: staffing off denies before business body (1.260958ms)
✔ ops_idp_period_history: staffing off denies before business body (1.269125ms)
✔ ops_fixed_roster_save: staffing off denies before business body (1.286958ms)
✔ ops_fixed_roster_list: staffing off denies before business body (1.084459ms)
✔ ops_fixed_roster_history: staffing off denies before business body (0.975583ms)
✔ ops_fixed_roster_idp_create: staffing off denies before business body (1.2065ms)
✔ ops_create_timed_requests: staffing off denies before business body (1.204334ms)
✔ ops_schedule_save: staffing off denies before business body (1.444125ms)
✔ ops_schedule_list: staffing off denies before business body (1.587458ms)
✔ ops_schedule_preview: staffing off denies before business body (2.054334ms)
✔ ops_schedule_generate: staffing off denies before business body (1.273291ms)
✔ every original statement and exact signature is preserved (5.996458ms)
✔ enabled IDP read uses actual body; talent off does not break operations (2.006833ms)
✔ each endpoint rejects actor and workspace spoof before business work (21.653ms)
✔ original IDP role restriction survives for HR (1.327542ms)
✔ anon and service execute is denied for every scoped endpoint (7.959709ms)
✔ writer waits for settings lock then sees committed disabled state (19.88625ms)
✔ late catalog drift rolls back previous endpoint patches (18.851708ms)
✔ an unreviewed exposed actor endpoint stops migration (7.999625ms)
✔ enabled notification write keeps original recipient boundary and does not duplicate timestamp (3.460459ms)
✔ pre-history fixture is rejected rather than accepted as the deployed baseline (11.504ms)
✔ reporting_project_execute rejects disabled reporting before business queries (80.528833ms)
✔ reporting_project_list rejects disabled reporting before business queries (1.850125ms)
✔ reporting_project_detail rejects disabled reporting before business queries (1.76ms)
✔ reporting_person_code_set rejects disabled reporting before business queries (1.798792ms)
✔ reporting_import_prepare rejects disabled reporting before business queries (1.72475ms)
✔ reporting_import_finish rejects disabled reporting before business queries (1.750292ms)
✔ reporting_import_list rejects disabled reporting before business queries (1.367292ms)
✔ reporting_import_people rejects disabled reporting before business queries (1.423125ms)
✔ reporting_import_read rejects disabled reporting before business queries (1.651208ms)
✔ reporting_monthly_report rejects disabled reporting before business queries (1.640625ms)
✔ reporting_work_details rejects disabled reporting before business queries (1.420916ms)
✔ reporting_source_file rejects disabled reporting before business queries (1.565708ms)
✔ all endpoint bodies retain business statements and clients cannot bypass through anon/service (5.727709ms)
✔ enabled actual list is scoped; talent and staffing can both be off (3.309209ms)
✔ Storage helper keeps ownership/status rules and denies read/upload when reporting off (4.59675ms)
✔ read role cannot use reporting writes; spoofed actor fails scope (1.3735ms)
✔ late body drift rolls back earlier endpoint patches (5.776708ms)
✔ new accessible overload and exposed internal helper require explicit review (5.365333ms)
✔ waiting reporting writer sees committed module disable before entering business work (18.612041ms)
✔ source access rejects another operators batch, foreign tenant and malformed paths (4.677583ms)
✔ talent_people_page rejects disabled talent before its business body (99.088459ms)
✔ talent_person_detail rejects disabled talent before its business body (1.481167ms)
✔ talent_save_person rejects disabled talent before its business body (1.616958ms)
✔ talent_resolve_person_command rejects disabled talent before its business body (1.813208ms)
✔ talent_compare_snapshot rejects disabled talent before its business body (1.2965ms)
✔ talent_import_status rejects disabled talent before its business body (1.857125ms)
✔ talent_import_prepare rejects disabled talent before its business body (1.275958ms)
✔ talent_import_apply_row rejects disabled talent before its business body (1.680291ms)
✔ talent_import_cancel rejects disabled talent before its business body (1.612125ms)
✔ talent_import_recover rejects disabled talent before its business body (1.557125ms)
✔ talent_import_close rejects disabled talent before its business body (1.411167ms)
✔ talent_import_history rejects disabled talent before its business body (1.236583ms)
✔ talent_conversation_save rejects disabled talent before its business body (1.319292ms)
✔ talent_attachment_reserve rejects disabled talent before its business body (1.256542ms)
✔ talent_attachment_finish rejects disabled talent before its business body (1.323875ms)
✔ talent_attachment_list rejects disabled talent before its business body (1.211167ms)
✔ talent_attachment_pending rejects disabled talent before its business body (1.192416ms)
✔ talent_attachment_cancel rejects disabled talent before its business body (1.307084ms)
✔ talent_availability_read rejects disabled talent before its business body (1.165292ms)
✔ talent_availability_save rejects disabled talent before its business body (1.3015ms)
✔ talent_prepare_worker rejects disabled talent before its business body (1.24ms)
✔ talent_match_source rejects disabled talent before its business body (1.202542ms)
✔ talent_work_copy_page rejects disabled talent before its business body (1.18675ms)
✔ talent_import_change_review rejects disabled talent before its business body (1.183834ms)
✔ talent_import_undo_update rejects disabled talent before its business body (1.418167ms)
✔ talent_merge_review rejects disabled talent before its business body (1.316958ms)
✔ talent_merge_apply rejects disabled talent before its business body (1.498417ms)
✔ talent_merge_resolve rejects disabled talent before its business body (1.243917ms)
✔ talent_merged_availability rejects disabled talent before its business body (2.19275ms)
✔ talent_contact_summaries rejects disabled talent before its business body (1.097875ms)
✔ talent_shared_views_read rejects disabled talent before its business body (1.111416ms)
✔ talent_shared_view_create rejects disabled talent before its business body (1.27775ms)
✔ talent_shared_view_archive rejects disabled talent before its business body (1.151042ms)
✔ talent_call_lists_read rejects disabled talent before its business body (1.196291ms)
✔ talent_call_list_create rejects disabled talent before its business body (1.316333ms)
✔ talent_call_list_archive rejects disabled talent before its business body (1.191167ms)
✔ talent_call_list_edit rejects disabled talent before its business body (1.673ms)
✔ talent_conversation_list rejects disabled talent before its business body (1.30275ms)
✔ talent_call_list_people rejects disabled talent before its business body (1.252792ms)
✔ all patched bodies preserve their original statements and acquire config before original locks (5.931417ms)
✔ neutral identity scope still serves operations when talent is off (0.898958ms)
✔ enabled read executes the actual saved-view body and returns only the selected tenant (1.548916ms)
✔ actor spoof, foreign tenant and missing membership fail before business reads (1.82425ms)
✔ prepare-worker requires staffing as well as talent (1.271084ms)
✔ anonymous and service cannot execute any patched entry, including internal read helper (9.480542ms)
✔ write after waiting on settings lock observes committed disabled state (19.09525ms)
✔ last-body drift rolls back every earlier patch and helper creation (15.038042ms)
✔ exposed internal aliases stop migration instead of leaving a bypass (7.120125ms)
✔ a newly exposed actor-scoped overload requires review (8.958625ms)
✔ attachment policy helper denies downloads and new uploads when talent is off (3.204375ms)
✔ attachment access retains tenant owner ready and onboarding rules (2.58875ms)
✔ enabled write executes original archive operation without losing authorization (1.904291ms)
✔ actual person detail withholds assignments when staffing is off and restores them when on (10.851416ms)
✔ assignment projection rejects an unexpected source body without changing it (1.171667ms)
✔ conversation history retains order and job outcome without querying disabled operation context (7.42575ms)
✔ disabled staffing blocks new request conversations but permits general notes and their retry (4.920125ms)
✔ conversation patch preserves metadata and rolls back the first patch if the second source drifts (2.983666ms)
✔ closed staffing permits linked contact/location edits but rejects name sync atomically (10.188875ms)
✔ unlinked and new people can still change names with staffing disabled (6.717ms)
✔ actual operations worker create and retry stay usable with talent off; reopening reveals the same person (14.26475ms)
✔ maintenance trigger synchronizes once and stays tenant-scoped while talent is off (8.173708ms)
✔ closed staffing stops the actual worker writer before maintenance can create a talent row (8.12ms)
✔ preparing an existing person reuses their card through the real trigger and remains idempotent (10.102125ms)
✔ current cancellation body retains tombstone denial and row lock; old SQL body cannot pass migration (16.295042ms)
✔ actual cancellation Storage policies cannot reveal or delete files when talent is disabled (7.818458ms)
Task gateway synthetic PostgreSQL: 17.10
✔ company-free task creation derives creator and assignee label, then revision advances on edit (107.454334ms)
✔ authenticated cannot bypass gateway with direct DML or call private lock helper (3.480459ms)
✔ missing or disabled module configuration blocks mutation, disabled tasks hide table and history reads (6.356625ms)
✔ all six live roles: only manager, operations and HR can create (8.99675ms)
✔ HR cannot reassign and non-owner quick completion cannot masquerade as manager (8.07475ms)
✔ forged fields, invalid dates/types, foreign relations and stale revisions are rejected (12.884375ms)
✔ foreign task, mismatched expected actor/tenant and nonmember assignee fail (5.895292ms)
✔ linked creation requires the source module while independent tasks remain available (2.205458ms)
✔ two simultaneous claims have exactly one winner and one assignment event (15.873666ms)
✔ config change winning the lock makes a waiting write see disabled state after commit (22.135875ms)
✔ a writing transaction holds its configuration barrier until commit; independent writers share it (16.140709ms)
✔ role revoked while waiting for the profile lock is rechecked after the lock (19.125042ms)
✔ passive company rejects new work; HR cannot use an unreadable contract or appointment (4.60125ms)
✔ repeatable-read writes are refused rather than using a stale post-lock snapshot (0.914ms)
✔ contract removes an explicit column-level write grant as well as table grants (1.186417ms)
✔ inherited write privilege drift aborts contract migration instead of leaving a bypass (1.267625ms)
✔ task transfer supports independent tasks, live membership roles and idempotent replay (6.312334ms)
✔ disabled task module rejects all three workflow mutations including receipt replays (13.38325ms)
✔ calendar completion without a follow-up works with tasks off, but calendar off rejects it (3.48775ms)
✔ failed appointment task request does not complete the appointment or leave a receipt (1.718833ms)
✔ definer reads obey module gates and hide company projection when only tasks remain enabled (9.842459ms)
✔ dashboard activity excludes each disabled source without suppressing enabled task activity (10.701292ms)
✔ config barrier is first for every workflow and waiting commands see the newly disabled module (38.034458ms)
✔ workflow role and cross-tenant restrictions remain intact (4.173667ms)
✔ service-only task notification RPC filters disabled tenants and refuses incomplete config (6.033292ms)
✔ shared configuration validator preserves scope, completeness and dependency failures (1.586083ms)
✔ workflow patch aborts on unexpected function definition rather than silently skipping a guard (1.972875ms)
✔ task company projection returns only display columns and retains tenant, module, role and company RLS (13.281458ms)
✔ parent hard deletion cannot delete task history or detach task context, even with tasks disabled (16.153458ms)
✔ unreferenced parent deletion and deactivation remain possible; schema drift aborts the preservation migration (3.206209ms)
✔ parent deletion waiting behind a new task cannot erase that task after its commit (26.446542ms)
Synthetic module DB: 17.10
✔ existing tenants get exactly ten enabled settings and one truthful bootstrap receipt each (62.117ms)
✔ new tenant provisioning initializes all ten rows in the same transaction; rollback leaves nothing (1.683416ms)
✔ authenticated response is scoped to live membership, preserves role and bigint precision (3.89075ms)
✔ all configuration tables deny direct reads and writes to anon/authenticated/service_role (7.09775ms)
✔ only authenticated can execute the public reader; internal bootstrap and catalog have no client grants (2.842875ms)
✔ no session, foreign tenant claim and removed membership fail closed (4.3965ms)
✔ stale workspace selection and stale membership generations are rejected by the real scope functions (5.015333ms)
✔ missing config, missing key and broken hard dependencies do not return an all-enabled fallback (6.003916ms)
✔ disabled independent module is represented as disabled without changing another tenant (2.060375ms)
✔ unknown/duplicate module keys, invalid revision and bootstrap reset are rejected (2.866792ms)
✔ tenant insert and migration serialize in both orders; timeout rolls back all new tables (241.655541ms)
ℹ tests 315
ℹ suites 0
ℹ pass 315
ℹ fail 0
ℹ cancelled 0
ℹ skipped 0
ℹ todo 0
ℹ duration_ms 4395.408375
