
> bps@0.1.0 qa:operations
> node scripts/qa-test-suite.mjs application

application: 114 files
database: 17 files
pending: 7 files
Pending feature tests are NOT part of the passed application coverage.
✔ calendar follows Istanbul day across UTC midnight and year rollover (78.586458ms)
✔ agenda groups civil dates, sorts unknown time last, retains cancelled entries, never mutates source (1.946375ms)
✔ truncated or uncounted appointment response cannot render a falsely empty calendar (0.777167ms)
✔ bounded completion input is normalized; nonboolean cannot request a task (2.215666ms)
✔ completion result must identify exact appointment and valid task/skip combination (0.300084ms)
✔ service uses one scoped RPC with no sequential table fallback (0.184042ms)
✔ transport failure is unverifiable, not already completed or unauthorized (0.324ms)
✔ scope and invalid input fail before calling RPC (0.144167ms)
✔ status-only service cannot recreate split completion path (0.128209ms)
✔ links contain only the appointment UUID and round trip (0.618083ms)
✔ unrelated query parameters do not become an appointment link (0.237541ms)
✔ malformed, empty and duplicate IDs are rejected (0.465541ms)
✔ attendance actions retain exact record and revision, undo appears only after a report (1.266833ms)
✔ future dates and read-only/busy state disable every action including undo (0.364125ms)
✔ contract days follow Istanbul midnight and preserve today/expired semantics (1.76625ms)
✔ missing, malformed and impossible contract dates never turn into a plausible remaining-day count (0.128041ms)
✔ actual company service enables candidate and active only, preserves input CRM statuses (1.105542ms)
✔ company directory failures are not presented as empty success (0.997208ms)
✔ existing insert helper uses one scoped RPC with explicit actor, tenant and allowed business fields (1.058292ms)
✔ missing identity and protected input fields stop before a write (0.268208ms)
✔ transport uncertainty, empty and wrong-scope responses never become success or automatic retries (0.40925ms)
✔ module and input rejections use actionable messages (0.146ms)
✔ company import retains confirmed rows then stops on uncertain or disabled writes (0.346041ms)
✔ status helper verifies returned target and requested status (0.151708ms)
✔ both status server actions use verified tenant and shared command with no direct writes (131.807083ms)
✔ status actions reject invalid identity and missing targets instead of reporting success (88.379292ms)
✔ company tabs intersect valid module states and current repository roles (16.965666ms)
✔ company finance reader uses exact tenant/company and distinguishes absent, failed and malformed responses (2.477792ms)
✔ company document reader filters contract files on every page before download and rejects an escaped row (6.178625ms)
✔ actual company page skips closed module readers and falls back from a stale saved tab (394.481708ms)
✔ actual company role gates match financial and workforce readers without healthy empty cards (574.532041ms)
✔ actual finance error is not rendered as no data or no payment follow-up (146.58425ms)
✔ company document screen passes closed-contract predicate and offers standalone upload (179.322208ms)
✔ extracted upload form hides disabled contract selector and preserves standalone file payload (9.731125ms)
✔ late financial response after company unmount cannot populate the old view (89.953375ms)
✔ upload keeps its file but requires explicit clearing of a contract that becomes disabled (30.251791ms)
✔ status source contract accepts both actual command routes (146.423ms)
✔ status source contract rejects extra payload fields and wrong status literal (23.234834ms)
✔ status source contract rejects direct DML beside the helper and rerouted import (14.431ms)
✔ status source contract rejects missing source, malformed syntax and a changed execute target (9.60425ms)
✔ 1001 rows require three bounded requests; no clipping or redundant empty request (17.851917ms)
✔ empty and exact page boundary terminate without an extra read (8.03475ms)
✔ second-page failures never return the first page as a complete list (35.93975ms)
✔ invalid identities, malformed totals and over-budget lists fail on first request (12.948084ms)
✔ selectAllCriticalDates retains scope, exact count and unique ordering on all pages (1.368166ms)
✔ selectAllWorkforceSummaries retains scope, exact count and unique ordering on all pages (0.35225ms)
✔ selectWorkforceSummariesByCompanyIds retains scope, exact count and unique ordering on all pages (0.3365ms)
✔ selectAllTasks retains scope, exact count and unique ordering on all pages (0.291167ms)
✔ selectTasksByCompanyId retains scope, exact count and unique ordering on all pages (13.474875ms)
✔ selectTasksByContractId retains scope, exact count and unique ordering on all pages (0.930959ms)
✔ selectTasksByAppointmentId retains scope, exact count and unique ordering on all pages (1.943209ms)
✔ selectAllAppointments retains scope, exact count and unique ordering on all pages (0.254375ms)
✔ selectAppointmentsByCompanyId retains scope, exact count and unique ordering on all pages (0.209875ms)
✔ selectAppointmentsByContractId retains scope, exact count and unique ordering on all pages (0.193ms)
✔ selectAppointmentsByCompanyIds retains scope, exact count and unique ordering on all pages (0.204958ms)
✔ selectAllContracts retains scope, exact count and unique ordering on all pages (0.17975ms)
✔ selectContractsByCompanyId retains scope, exact count and unique ordering on all pages (0.1235ms)
✔ selectNotesByCompanyId retains scope, exact count and unique ordering on all pages (0.111667ms)
✔ getActiveContractCountsByCompanyIds retains scope, exact count and unique ordering on all pages (1.085667ms)
✔ real Supabase query builder sends bounded offsets, stable order and exact count (76.538292ms)
✔ deadline expiry stops before the next page (0.990875ms)
✔ selectNotesByCompanyId rejects clipped, null-count and failed results (7.587375ms)
✔ selectAllContracts rejects clipped, null-count and failed results (1.066458ms)
✔ selectContractsByCompanyId rejects clipped, null-count and failed results (2.777833ms)
✔ getActiveContractCountsByCompanyIds rejects clipped, null-count and failed results (2.55075ms)
✔ selectAllCriticalDates rejects clipped, null-count and failed results (0.421958ms)
✔ selectAllAppointments rejects clipped, null-count and failed results (0.194583ms)
✔ selectAppointmentsByCompanyId rejects clipped, null-count and failed results (0.238208ms)
✔ selectAppointmentsByContractId rejects clipped, null-count and failed results (0.198875ms)
✔ selectAppointmentsByCompanyIds rejects clipped, null-count and failed results (0.163917ms)
✔ selectAllWorkforceSummaries rejects clipped, null-count and failed results (6.24625ms)
✔ selectWorkforceSummariesByCompanyIds rejects clipped, null-count and failed results (2.8795ms)
✔ selectTasksByCompanyId rejects clipped, null-count and failed results (0.713083ms)
✔ selectAllTasks rejects clipped, null-count and failed results (0.755875ms)
✔ selectTasksByContractId rejects clipped, null-count and failed results (0.39925ms)
✔ selectTasksByAppointmentId rejects clipped, null-count and failed results (0.346708ms)
✔ active counts retain repeated company IDs in a complete result (1.484042ms)
✔ empty company selection never fetches a broader workforce or appointment list (0.160875ms)
✔ dashboard exact totals survive clipped lists while card rows remain unavailable (0.565416ms)
✔ unavailable or malformed totals cannot become measured zero (0.291459ms)
✔ report joins reject missing source or a missing company anywhere in the list (0.156667ms)
✔ report joins preserve measured empty lists and legitimate display names without text sentinels (0.150917ms)
✔ communication submits only supplied fields with resolved actor, tenant and company (33.638375ms)
✔ empty changes and failed identity stop before RPC (22.718125ms)
✔ delete binds target to expected company and returns the confirmed removed row (53.179167ms)
✔ malformed, empty and foreign responses never acknowledge contact writes (0.306375ms)
✔ import verifies creator and primary flag; errors do not trigger retries (5.095375ms)
✔ CSV keeps confirmed rows and stops at first uncertain write (0.53975ms)
✔ company map reads all pages and rejects ambiguous names across page boundaries (1.475666ms)
✔ delete server action passes the page company and does not acknowledge service errors (30.339834ms)
✔ appendix list distinguishes empty, malformed and wrong scope (1.331ms)
✔ keyset pagination has bounded continuation and rejects duplicates or borrowed preceding rows (2.791583ms)
✔ document history rejects another document even within same contract (0.737125ms)
✔ legacy main commands keep their storage key; appendix targets remain isolated (0.319709ms)
✔ appendix title is command identity; main receipt cannot acknowledge appendix command (1.901541ms)
✔ version download checks contract/document before signing any path (1.165541ms)
✔ missing, unavailable and malformed versions never mean empty history (3.079583ms)
✔ bounded history explicitly reports more and rejects unordered or duplicate evidence (0.291625ms)
✔ signed download resolves version through scoped RPC, never arbitrary caller path (0.235083ms)
✔ actual PDF replace service gates revision and uses CAS, zero rows is failure (0.50025ms)
✔ creation validates real calendar dates, bounded revision and required basis (5.980875ms)
✔ unavailable or malformed snapshot never means no task (0.181709ms)
✔ current task owner can be unassigned or unavailable without inventing a person (0.086708ms)
✔ service uses one scoped RPC; malformed success and transport failure do not fall back (0.333333ms)
✔ only exact known failure is definite; unknown responses keep retry command (0.148708ms)
✔ strict command rejects forged identity/display/routing fields and missing fields (2.122208ms)
✔ unicode PostgreSQL character boundary, Turkish text, line endings, NUL and broken UTF-16 (4.701833ms)
✔ mentions are selected identifiers, canonical order, detached from caller array (0.571ms)
✔ retry comparison is stable but every scope/content change differs (0.266917ms)
✔ null/string/mismatched receipt cannot acknowledge pending command (0.33525ms)
✔ resolution requires matching scope and a recognized terminal result (0.302041ms)
✔ failed RPC shapes are not empty successful reads (0.6865ms)
✔ message shape requires safe identity, timestamp and explicit parent (0.31525ms)
✔ inbox counts and source fields cannot be silently coerced (0.495458ms)
✔ explicit empty optional critical-date fields clear stored content (2.659666ms)
✔ omitted optional critical-date fields remain untouched (0.192959ms)
✔ nonempty optional critical-date fields are trimmed (0.090625ms)
✔ critical-date CAS preserves full database timestamp and rejects a losing edit (0.751917ms)
✔ missing or malformed snapshot cannot update a critical date (0.338ms)
✔ malformed headers, widths and quotes never produce writable rows (0.880167ms)
✔ valid BOM CRLF multiline escaped quotes and semicolon fields survive (0.644625ms)
✔ invalid encodings and resource limits fail before preview (6.998ms)
✔ closed contracts are neither queried nor shown as zero on desktop or mobile (121.430334ms)
✔ HR, accounting and viewer never query or display restricted contact/contract summaries (156.839709ms)
✔ allowed empty contract result is zero while failed summary is explicitly unreadable (72.304125ms)
✔ failed company directory stops dependent readers and displays retry state (26.397208ms)
✔ note create sends the resolved company/tenant/actor but no client author or pin fields (52.545792ms)
✔ note edits, pin and delete all preserve the expected company in the actual request (41.638666ms)
✔ changed tenant, invalid identity or blank content stops before command submission (16.973958ms)
✔ unknown result, malformed rows and wrong company cannot acknowledge a note command (0.748792ms)
✔ module errors and transport failures are distinct, and neither retries the command (0.495583ms)
✔ pin acknowledgment must match the requested flag and target (0.224ms)
✔ missing author and ownership rejection explain the actual corrective action (0.157167ms)
✔ coverage, presence and missing reports remain distinct; historical removed attendance does not count (0.819875ms)
✔ cancelled requests remain visible in all but never enter active action filters (0.102584ms)
✔ fully assigned does not mean present and absent people remain assigned until replacement (0.075208ms)
✔ search combines Turkish-normalized location, occupation and assigned staff terms (0.316083ms)
✔ measured empty day accepted, unavailable or malformed RPC never becomes zero (2.790541ms)
✔ real dates, leap years and strict format (2.397917ms)
✔ required fields, counts and extra untrusted fields (0.663458ms)
✔ daily coverage from zero to full (0.67075ms)
✔ paused and cancelled are not active demand (0.17125ms)
✔ corrupt aggregates fail rather than clamp (0.106875ms)
✔ assignment eligibility failures stay distinct (0.166958ms)
✔ missing or nonboolean verification never means available (0.095625ms)
✔ activity empty differs from unavailable or malformed response (5.018791ms)
✔ activity labels distinguish ownership events without claiming task completion (0.109834ms)
✔ general document activity accepts only an internal document destination (0.109083ms)
✔ contracts filter in SQL before five-row cap; no full-record transfer (32.080958ms)
✔ documents include missing files and undated manual states before limiting; derive expiry now (1.92875ms)
✔ critical dates include overdue and exactly thirty days; bounded stable order (2.715583ms)
✔ smaller server cap, missing counts, duplicate rows and transport errors do not masquerade as complete cards (4.91525ms)
✔ company names resolve only referenced IDs in batches; no task count tied to directory cap (2.150875ms)
✔ money preserves zero, negative values, and missing versus malformed input (29.0325ms)
✔ Istanbul variants share a display/filter key without changing other city names (0.181334ms)
✔ role rejection touches neither document nor storage (2.917583ms)
✔ read failure leaves both records untouched (0.521208ms)
✔ missing read and zero-row delete explicitly report no confirmed deletion (0.195042ms)
✔ blocked database deletion never removes the file (0.419416ms)
✔ confirmed row deletion uses RETURNING path, after deleting the row (0.411584ms)
✔ record without a file is a confirmed deletion with no storage operation (0.546792ms)
✔ storage failure preserves confirmed deletion and warning, never suggests row retry (0.330917ms)
✔ each existing category belongs to one folder; linked contracts stay together (0.441167ms)
✔ moving changes category only, scoped by company, revision and unlinked contract (0.512917ms)
✔ invalid category, denied/stale result, transport error and wrong identity never succeed (0.280875ms)
✔ document eligibility requires exact ids, tenants and boolean values (1.140958ms)
✔ document checks deduplicate and chunk without accepting contradictory scope (2.849667ms)
✔ document state database and transport failures do not fall back to enabled (0.837417ms)
✔ listAllDocuments derives expiry without mutating stored status (55.35925ms)
✔ listDocumentsByLegacyCompanyId derives expiry without mutating stored status (21.961375ms)
✔ single document derives expiry and preserves missing record (115.745291ms)
✔ company compliance counts expired stored-complete files as non-compliant (25.714542ms)
✔ Istanbul expiry includes day zero and thirty, expires on following day (0.691375ms)
✔ expiry changes at Istanbul midnight instead of UTC midnight (0.07925ms)
✔ stored complete does not keep an expired document green and mapping does not mutate raw data (0.095166ms)
✔ missing file and explicit missing status take priority; undated manual state stays intact (0.140125ms)
✔ initial snapshot and refresh are silent; only newly observed unread IDs sound (0.918958ms)
✔ scope keys separate companies and users; response mismatch fails closed (0.333708ms)
✔ links contain only a verified internal request target, company and date (11.657333ms)
✔ two tabs observing the same event play once; rapid batches are consumed silently (0.546625ms)
✔ storage or locking failure never falls back to uncoordinated sound (0.270042ms)
✔ shared ledger stores only bounded event IDs and time, never message content (0.333125ms)
✔ duplicate inbox rows are rejected instead of doubling counters or cards (0.205917ms)
✔ impossible calendar day cannot reach the date formatter or deep link (0.083333ms)
✔ independent task inserts null company without company lookup and keeps assignment empty (0.587958ms)
✔ independent tasks cannot borrow company-linked context (0.3375ms)
✔ business day is independent of device timezone at Istanbul midnight (0.447875ms)
✔ actual day hook observes timer, wake and visibility changes, then removes listeners (33.461ms)
✔ valid search and known filter values survive serialization (3.658292ms)
✔ malformed, oversized and wrongly typed preferences recover to defaults (0.221125ms)
✔ unknown keys and overlong fields cannot enter the filter state (0.088292ms)
✔ keys separate list, account, tenant and role without separator ambiguity (0.130458ms)
✔ distinguishes new, unchanged, changed and inactive without rewriting input (4.560417ms)
✔ reads beyond first page and includes inactive rows (0.301583ms)
✔ null codes do not match by name; leading zeros and case remain distinct (0.121292ms)
✔ read failures and malformed pages never become new records (0.239583ms)
✔ changing totals and duplicated records across pages fail closed (1.087166ms)
✔ oversized directory stops after first page; no partial preview (1.872125ms)
✔ empty measured directory is allowed; duplicate input is rejected before reads (0.18675ms)
✔ UTF8 BOM CRLF and leading zeros retained (2.058125ms)
✔ quoted delimiter and escaped quotes (0.299291ms)
✔ bad quoting columns and headers rejected (0.22375ms)
✔ duplicate codes rejected, different leading zeros retained (0.234333ms)
✔ empty oversize and more than 500 rows rejected (0.904542ms)
✔ invalid cell types controls and empty text rejected (0.149708ms)
✔ only editable fields survive; leading/trailing whitespace is trimmed (1.335417ms)
✔ invalid identity, stale-token shapes and invalid text cannot become update commands (0.433708ms)
✔ response requires identity, exact new values and one revision advance (0.266041ms)
✔ max accepted revision advances safely and missing old values are unverifiable (0.08725ms)
✔ real service forwards scope and normalized payload; RPC error or malformed success is never accepted (0.325833ms)
✔ login preserves internal destination, query and hash after normalization (28.352667ms)
✔ login rejects external, backslash, controls and normalized host prefixes (0.467167ms)
✔ anonymous access request reaches handler while adjacent and protected paths redirect (7.435292ms)
✔ redirect retains refreshed session cookie options (1.568292ms)
✔ management date follows Istanbul midnight and owner/date filters stay server-side (16.193875ms)
✔ saved search stores normalized filter not a page and rejects corrupt/duplicate data (0.585708ms)
✔ availability rejects impossible dates, inverted and excessive intervals (0.318833ms)
✔ past and superseded availability never becomes current via fallback (0.083166ms)
✔ active work rejection has a useful admin message without raw database text (1.801875ms)
✔ task guard membership and role failures remain distinct in create and update (0.525709ms)
✔ transport failures are not translated into lost membership or role (0.109292ms)
✔ operation day rolls over at Istanbul midnight regardless of device timezone (19.015625ms)
✔ quick views distinguish current owner, truly unassigned, and closed work (0.491875ms)
✔ active tasks sort by due day with stable ties without mutating input (1.846958ms)
✔ completion sends scope and revision to the gateway; server resolves actual privileges (0.2215ms)
✔ lost race, inaccessible task, transport error and invalid revision never succeed (0.425667ms)
✔ overdue view derives lateness from date and excludes completed, future and undated tasks (0.099375ms)
✔ desktop and mobile action availability preserves ownership and legacy assignee boundaries (0.23425ms)
✔ complete advisory response preserves all checks but never permits mutation (1.033667ms)
✔ a dependency-invalid draft is accepted so the UI can explain it; incomplete or coerced states are not (0.237041ms)
✔ scope revision membership role and advisory flags fail closed (0.795125ms)
✔ missing duplicate foreign and non-boolean checks never become an empty successful report (0.296ms)
✔ dependency evidence must match the requested graph (0.164875ms)
✔ every resolution link targets an existing page (0.208083ms)
✔ one bounded RPC; transport errors and malformed responses never fall back (0.429542ms)
✔ route remount uses current workspace; stale cleanup cannot remove its protection (0.798ms)
✔ navigation decision keeps the original event and synchronous cancellation (0.111ms)
✔ company IDs are chunked and each assignment batch is paged to the measured total (2.750125ms)
✔ late assignment failure or unrelated company discards all previously read assignments (1.448792ms)
✔ failed manager read yields no company recipients and never starts partner lookup (0.280791ms)
✔ tasks candidate pages keep filters and never expose a partial source list (1.755208ms)
✔ documents candidate pages keep filters and never expose a partial source list (0.442916ms)
✔ appointments candidate pages keep filters and never expose a partial source list (0.38475ms)
✔ task module snapshots require a complete distinct boolean response and propagate transport failure (0.372667ms)
✔ task module snapshot chunks 501 distinct tenants without truncation (0.2775ms)
✔ document batch reaches last source/membership rows and keeps tenant contents out of the other email (24.427667ms)
✔ late documents error produces no sends or reservation writes (0.918875ms)
✔ late tenant_memberships error produces no sends or reservation writes (4.7015ms)
✔ unacknowledged notification stamps are errors, never sent or counted as already sent (6.425ms)
✔ unverifiable task owner is not treated as unassigned or sent to the manager fallback (1.109791ms)
✔ verified task owner receives the task while a truly unassigned task goes to its tenant manager (1.349458ms)
✔ overdue tasks change day at Istanbul midnight, not three hours later at UTC midnight (2.575958ms)
✔ appointment reminders use tomorrow in Istanbul when UTC is still on the previous day (1.580833ms)
✔ tenant roles override global roles for document recipients (17.456708ms)
✔ missing membership role fails closed before any transport or stamp (0.701042ms)
✔ disabled task tenant never produces an email or a reservation (0.528083ms)
✔ unverifiable task module before stamping stops the email without consuming a reservation (1.358167ms)
✔ task module disabled after reservation is rechecked and reservation is rolled back before send (3.805084ms)
✔ unverifiable post-stamp module state releases the reservation and sends nothing (3.01375ms)
✔ calendar off before collection prevents sends (1.900375ms)
✔ calendar off after stamp prevents sends (2.336708ms)
✔ document pre-send gate removes contract-linked documents while retaining company documents (13.442709ms)
✔ document module closure after reservation prevents send and releases every reservation (24.581334ms)
✔ unverifiable document state before stamping sends nothing (2.049833ms)
✔ notification names resolve all referenced companies in bounded deduplicated chunks (1.185916ms)
✔ missing, truncated, duplicated or malformed company names fail instead of generating fallback mail (0.349833ms)
✔ a company cannot be associated with two tenants or acknowledge a different tenant (0.236917ms)
✔ contract batch reads past limits and sends each contract only to its tenant and assigned partner (36.736583ms)
✔ contract batch stops before stamps on a late read failure or missing company name (18.046042ms)
✔ contract 30-day window opens at Istanbul midnight (3.956583ms)
✔ a shared email in another tenant does not hide an eligible profile; same-tenant duplicates still get one copy (25.260666ms)
✔ multi-workspace contracts use tenant roles for managers and assigned partners (19.129292ms)
✔ contract module off filters candidates before names and reservations (5.968959ms)
✔ missing contract config sends nothing and never consumes a stamp (0.686958ms)
✔ contract closure after stamp releases reservation; rollback failure=false (2.512792ms)
✔ contract closure after stamp releases reservation; rollback failure=true (1.752583ms)
✔ contract recipients page managers, preserve email-only eligibility and restrict partner assignments/roles (1.607083ms)
✔ contract recipient later page failure rejects instead of returning earlier managers (0.566167ms)
✔ expiry contract reader reaches the last candidate past the server cap without selecting unused columns (1.517333ms)
✔ contract read failure or incomplete later page rejects the entire candidate set (0.540333ms)
✔ membership paging reaches the last row even when server cap is lower than requested (3.355958ms)
✔ later page error, changing count, empty gap and duplicate rows discard the entire map (1.614958ms)
✔ empty membership table is valid only with measured zero; thrown reads remain unavailable (0.242833ms)
✔ profile IDs are deduplicated and chunked without losing the last owner (1.524875ms)
✔ late error, count mismatch and unexpected or repeated profiles discard previous chunks (0.619458ms)
✔ missing profiles and contactless profiles are measured omissions, empty input does not query (0.133167ms)
✔ company recipients still exclude a former partner after shared profile lookup (0.638916ms)
✔ role profile pagination includes the last eligible recipient and excludes missing contact (2.153542ms)
✔ role profile errors and unexpected roles never expose a partial recipient list (0.33675ms)
✔ notification reservation requires the expected acknowledgement; empty data is not already sent (1.110583ms)
✔ unique conflict remains an idempotent skip and DB failures expose only their code (0.152416ms)
✔ bounded matcher catches identity-like and Turkish mobile forms (1.032416ms)
✔ ordinary dates, times, amounts and long identifiers remain usable; limits explicit (0.158625ms)
✔ all four submission validators reject before calling a service (1.052208ms)
✔ historical conversation and pending command resolution remain readable (0.785667ms)
✔ validation errors are actionable without echoing private text (0.253209ms)
✔ one request may have three signs but request count is unique (17.277708ms)
✔ removed absence and cancelled demands do not create actions (0.422125ms)
✔ future unknown does not count as outstanding but unfilled demand does (0.19875ms)
✔ due date uses snapshot Istanbul day across UTC midnight boundary (0.400625ms)
✔ wrong week or malformed snapshot never becomes clean checklist (0.251333ms)
✔ empty verified week and fully present request have no signs (0.253708ms)
✔ priority and search preserve overlap without summing people (0.339208ms)
✔ selected day only, including year boundary week (0.175333ms)
✔ query separates company locations and tenant workers (1.210416ms)
✔ page preserves leading zero code and manual null code (0.87425ms)
✔ partial page, duplicate identity or wrong filter fails instead of showing clean data (0.238958ms)
✔ page beyond shrinking total is valid empty with true total (0.075791ms)
✔ worker shape cannot be mistaken for a company location (0.12675ms)
✔ activation keeps strict boolean and bounded expected revision (0.470708ms)
✔ activation response must identify exact change and revision (0.133625ms)
✔ command boundaries reject missing or invalid CAS, hash, bytes and filename (1.115ms)
✔ receipt identity and terminal states cannot be borrowed or interpreted loosely (0.2905ms)
✔ invalid file is rejected before any RPC, including same-size different content (2.294833ms)
✔ lost upload response reconciles bytes before finish; same command retry returns receipt without Storage (2.713417ms)
✔ missing or mismatched Storage bytes cannot finish (1.603459ms)
✔ cancelled command never uploads; cancel-before-prepare uses full immutable command (0.6905ms)
✔ status distinguishes unknown transport, confirmed missing, malformed and published (0.255291ms)
✔ bounded multipart accepts a file above Server Action default and exactly 10 MiB (28.3745ms)
✔ body limit enforced on actual chunks despite missing or lying Content-Length (1.530459ms)
✔ malformed successful RPC data remains an unverifiable result, not invalid caller input (5.120042ms)
✔ fresh adapter after reload reuses persisted identity without storing form text (4.731583ms)
✔ canonical object key order is stable; changed payload and kind are distinct (0.902917ms)
✔ different account and tenant never borrow identity (0.658666ms)
✔ concurrent tabs reserve a single identity through shared lock (0.894417ms)
✔ acknowledgment removes only confirmed command; next identical intent has new identity (0.799417ms)
✔ blocked read/write and missing locks reject without volatile fallback (0.6635ms)
✔ malformed stored records fail closed (1.053208ms)
✔ 50 pending limit preserves old identities and blocks new writes (5.952875ms)
✔ failed acknowledgment retains original identity for safe retry (0.494083ms)
✔ reconciliation clears only terminal requested IDs; unknown and concurrent additions survive (2.109458ms)
✔ malformed, omitted, duplicate, foreign, and non-terminal-looking statuses preserve all pending identities (0.848208ms)
✔ reconciliation storage failure keeps recoverable identity (0.646375ms)
✔ read-only digest snapshot matches normalized intent without reserving or exposing payload (0.922917ms)
✔ reload and concurrent tabs reuse identity without retaining financial text (11.286459ms)
✔ changed file or mapping cannot silently allocate a second command (1.449125ms)
✔ scope isolation; settlement clears only the proven command (1.965ms)
✔ storage failure and corrupt records fail closed (3.207875ms)
✔ failed settlement retains original identity (1.363292ms)
✔ only explicit input rejection permits clearing recovery; network/replay uncertainty preserves it (0.256791ms)
✔ command payload allowlists fields and trims text (1.940334ms)
✔ unknown commands including prototype properties are rejected (0.217583ms)
✔ request boundary, date and identity validation (0.211334ms)
✔ directory and assignment commands require their own fields (0.5235ms)
✔ null and nonboolean board data cannot become an empty or available board (0.25625ms)
✔ capacity and cancellation contradictions fail board validation (0.241916ms)
✔ capacity edit requires valid old and new counts and strips unrelated fields (0.162625ms)
✔ attendance requires exact status and nonnegative bounded revision (0.139875ms)
✔ board cannot drop attendance or turn unknown into absence (0.221875ms)
✔ request context round trips without dropping day, scope, or encoded job (4.255667ms)
✔ malformed or duplicate context cannot initialize a placement journey (0.259625ms)
✔ new, repeated and corrected files remain distinct (2.135875ms)
✔ rejects other tenant/project/source/month and partial snapshots (0.198333ms)
✔ both copies are blocked; changed source identity cannot duplicate work (0.49725ms)
✔ missing is not zero; malformed dates and durations are blocked (0.162666ms)
✔ omitted rows remain visible without deletion; corrupt snapshots fail (0.139041ms)
✔ multiple slots are separate; leading zero codes are preserved (0.097125ms)
✔ preview rejects incomplete, duplicate, invalid duration or status rows (1.021875ms)
✔ people response rejects duplicate codes and malformed candidates (0.17775ms)
✔ monthly report rejects incomplete, inconsistent or wrong-scope totals (0.723917ms)
✔ empty report is explicit and duration retains minutes (12.769584ms)
✔ UTF-8 CSV preserves codes and explicitly converts hours (2.881792ms)
✔ invalid encoding, duplicate columns, partial row fail (1.001125ms)
✔ blank/formula/day-text/fractional-minute/out-of-range never become zero (0.548667ms)
✔ wrong month, formula metadata and duplicate mapping block (0.197709ms)
✔ incomplete lists, duplicates and wrong tenant fail (0.957083ms)
✔ details reject impossible dates and incomplete child pages (2.273917ms)
✔ page offsets are bounded and aligned (0.436958ms)
✔ work details fail on missing pages, duplicates, wrong scope and invalid durations (0.704333ms)
✔ Excel dates and zero-padded codes survive extraction (2.804625ms)
✔ formulas remain flagged; merged, hidden-only and oversized sheets reject (0.90175ms)
✔ task rejects wrong company, tenant, invisible relation and read failure before insert (0.981ms)
✔ task accepts same company/tenant relation and queries explicit scope (0.577625ms)
✔ task rejects company belonging to another tenant (0.11325ms)
✔ appointment rejects wrong company, tenant, invisible relation and read failure before insert (0.231416ms)
✔ appointment accepts same company/tenant relation and queries explicit scope (0.237917ms)
✔ appointment rejects company belonging to another tenant (0.271416ms)
✔ task appointment relation is independently validated before insert (0.136ms)
✔ no relation requires no extra relation reads and preserves nullable IDs (0.146125ms)
✔ replacement search is Turkish-normalized and excludes booked, inactive and current worker (1.50525ms)
✔ selected available worker survives no matching search without inflating match count (0.127667ms)
✔ selection cannot bypass availability and does not duplicate a matched worker (0.111791ms)
✔ only an explicit scoped null latest is interpreted as no conversation (0.970542ms)
✔ transport error cannot become a zero revision snapshot (0.32925ms)
✔ latest revision and actor are validated before exposing the record (0.362542ms)
✔ write retains scope, command ID and revision; validates response against submitted command (0.37725ms)
✔ invalid input stops before RPC and write errors are preserved for reconciliation (0.296875ms)
✔ eleven-digit numeric codes are blocked without collecting or validating identity (0.723209ms)
✔ ordinary business codes, dates and UUIDs are not reclassified as identities (0.079667ms)
✔ spreadsheet row is held with field message and no accepted value (0.473625ms)
✔ database rejection is translated without echoing the input (0.123292ms)
✔ weekdays selected across year boundary and leap day (3.109333ms)
✔ range limit is inclusive 31 days; reverse, empty weekday and invalid calendar rejected (0.285959ms)
✔ payload normalization gives same dates and trimmed content for retry identity (0.402125ms)
✔ malformed or excessive payload never reaches writes (0.174792ms)
✔ removed preview days remain excluded from canonical payload (0.093542ms)
✔ batch result must contain exact count and distinct identities for the same command (0.128708ms)
✔ IDP period keeps original leave interval while excluding non-working preview days (0.438709ms)
✔ all routes prohibit framing and set browser safety headers without breaking scripts (48.175167ms)
✔ all valid module combinations intersect dashboard roles, without enabling dependent sections (14.6785ms)
✔ shared loader rejects malformed/foreign snapshots and transport errors (6.4105ms)
✔ page boundary never mounts business readers before validation; off, error and role denial remain distinct (55.48275ms)
✔ page boundary retries failed settings and ignores a response after unmount (4.760083ms)
✔ actual completion form explicitly sends task true, unchecked false, and unavailable false (29.809041ms)
✔ failed completion preserves both result fields and shows a retryable error (9.176833ms)
✔ actual dashboard skips disabled queries/cards; independent tasks work without company lookup (147.117708ms)
✔ actual dashboard fetches enabled sections but never offers partner task access (60.943708ms)
✔ late assignment skips prior checks and requires immediate call (1.147542ms)
✔ last recorded event wins, not scheduled offset (0.281041ms)
✔ past plan events cannot colour new plan (0.082292ms)
✔ claimed arrival remains unverified at start even if all calls recorded (0.171875ms)
✔ confirmation closes remaining calls without fabricating events; removal closes writes (0.090583ms)
✔ unknown or malformed call outcome fails closed instead of hiding required action (0.725375ms)
✔ all supported call results and extra call offset remain accepted (0.172583ms)
✔ daily attendance conflict directs the operator to reopen independent confirmation (0.201209ms)
✔ mobile next call suggests earliest due unrecorded step regardless of offset order (0.120084ms)
✔ mobile next call never reopens closed/confirmed work or fabricates scheduled checks (0.156334ms)
✔ known rejected command is removed only after terminal server closure (5.20825ms)
✔ previous commit wins over a later rejection; never claims not saved (4.09925ms)
✔ scope denial, unknown or malformed reconciliation preserve pending identity (9.170125ms)
✔ network, lock and unknown errors never automatically close a command (2.075209ms)
✔ storage failure after response keeps uncertainty rather than fake cleanup (1.693458ms)
✔ input, witness, replay and plan errors have useful distinct explanations (0.166542ms)
✔ zero assignments differs from zero outstanding tracking (2.752167ms)
✔ full count survives first-page/top-three rendering (0.698084ms)
✔ partial or wrong-scope response is not a healthy summary (0.186459ms)
✔ confirmed or closed record cannot become an outstanding item (0.119583ms)
✔ employee claim remains pending and lost responsibility is explicit (0.223583ms)
✔ tracking link preserves exact day and enables only explicit action filter (0.09225ms)
✔ tracking link preserves day and safely encodes worker search without enabling urgent filter (1.796875ms)
✔ missing name and invalid day cannot produce an unrelated tracking destination (0.163333ms)
✔ tracking preserves return company separately from the all-company query and chosen return day (0.235542ms)
✔ return navigation rejects malformed company and impossible dates without accepting arbitrary URLs (0.145833ms)
✔ future, due and overdue controls have distinct boundaries (0.610167ms)
✔ claimed arrival never confirms; start deadline escalates even after all calls (0.103334ms)
✔ cannot attend needs replacement; unreachable differs from absence (0.076583ms)
✔ verified arrival skips remaining controls, retains recorded outcomes (0.089291ms)
✔ removed assignment closes pending controls; invalid confirmation cannot green a row (0.176208ms)
✔ midnight arithmetic and malformed schedules (1.118292ms)
✔ onboarding access excludes operations while ordinary attachments remain available (0.746125ms)
✔ metadata rejects path names, oversized files, PDF photos and forged properties (3.368292ms)
✔ file signature is checked rather than trusting filename or browser MIME (0.184959ms)
✔ lost upload response survives reload and reuses its command without storing file contents (0.857917ms)
✔ upload references are isolated by actor, tenant, person, category and file fingerprint (0.153833ms)
✔ blocked, silently discarded or corrupted browser storage prevents starting a new command (0.147042ms)
✔ confirmation cannot clear a different command written by another tab (0.073291ms)
✔ upload recovery accepts duplicate status 400 or 409 and lost responses only after database confirmation (0.207583ms)
✔ a successful Storage response never substitutes for failed or non-boolean database confirmation (0.219666ms)
✔ confirmed reserve replay avoids uploading twice; malformed reserve never uploads (0.190625ms)
✔ two tabs reserve one upload command through the same exclusive lock (0.175542ms)
✔ missing or rejected cross-tab lock never allocates an upload reference (0.125334ms)
✔ attachment list distinguishes measured empty from missing or corrupt response (0.227875ms)
✔ attachment list rejects wrong person, duplicate IDs and malformed file metadata (0.18025ms)
✔ attachment list keeps the 51st pagination sentinel but rejects an unexpected oversized response (0.164834ms)
✔ confirmation and reservation use the same lock; a queued new command survives cleanup (0.153ms)
✔ confirmation preserves recovery reference if cross-tab lock cannot be acquired (0.080959ms)
✔ cancel cleanup only clears matching command inside the same actor tenant and person (0.158791ms)
✔ explicit empty differs from missing, and every requested identity is accounted for (0.841125ms)
✔ reject wrong tenant, actor, timestamps and job-specific decline in general summary (0.16275ms)
✔ bound requests to one server page and accept empty page (0.411083ms)
✔ conversation captures an outcome without manufacturing availability or a placement (1.908917ms)
✔ declining a job requires that specific request; malformed values fail (0.557666ms)
✔ response belongs to requested tenant/person and contains a real server actor/time (0.286458ms)
✔ history rejects mixed people, duplicate ids and oversized responses (0.488708ms)
✔ combined filters normalize without dropping constraints (0.639167ms)
✔ invalid ranges, malformed filters and null values fail validation (0.316125ms)
✔ demographics remain optional and omission is distinct from explicit clear (16.410125ms)
✔ server response must echo every applied filter (0.2415ms)
✔ availability requires date and state together; saved legacy filters remain valid (0.190042ms)
✔ person responses retain demographics through list, detail and edit validation (0.883792ms)
✔ callback view survives validation and saved searches; response cannot silently use all (8.708ms)
✔ batch request preserves sparse physical row numbers and rejects malformed or duplicate decisions (193.033792ms)
✔ status must be complete and belong to the expected actor, company, batch and source (0.336584ms)
✔ terminal receipt and blocked codes cannot be coerced or accepted for another row (2.597917ms)
✔ services use scoped RPCs, validate inputs before calls, and never translate transport failures into success (18.734334ms)
✔ unknown recovery stays distinct from closed and rejects another scope or reference (1.831083ms)
✔ selected plan maps only approved fields and strips all held source information (18.504375ms)
✔ history requires a complete scoped page and valid pending counts (0.448125ms)
✔ result report includes each physical source row and distinguishes unsettled from saved (0.353584ms)
✔ comparison snapshot distinguishes measured empty from incomplete, malformed and foreign results (1.091584ms)
✔ read service sends only verified scope, not spreadsheet content, and validates response (0.562875ms)
✔ Turkish phone formats match but do not imply identity (0.661583ms)
✔ blank fields preserve existing data; new contacts are additive and old city conflicts visible (0.213208ms)
✔ name and contact matching different people requires review; never prefer one silently (0.152375ms)
✔ source issues remain blocking review even when no current match exists (0.122042ms)
✔ many ambiguous matches are bounded and explicitly labelled; file rows are never merged (0.483584ms)
✔ every source row is accounted for; no decision is guessed (2.405584ms)
✔ existing identity selection never accepts field changes by default (0.673542ms)
✔ source issues, unknown targets, illegal changes and matches cannot become new writes (0.44025ms)
✔ two source rows targeting one person require resolution even for unchanged rows (0.240833ms)
✔ new rows with normalized shared identity do not silently create duplicates (0.3405ms)
✔ new row conflicting with another row resulting contact is also blocked (0.166917ms)
✔ contact capacity and revision overflow cannot be hidden by review (0.181458ms)
✔ existing city-only import excludes rejected source name and contact values from the actual request (7.710583ms)
✔ selected email is retained, unchanged rows send only stored name, hold rows send no personal data (1.820792ms)
✔ suggestions are conservative, duplicates and branch city are not guessed (14.838333ms)
✔ calendar dates reject impossible days and ambiguous serials (0.263375ms)
✔ repeated names and shared phones retain all physical source rows without merging (1.269416ms)
✔ coverage statuses remain source history; invalid ranges and unmapped fields remain visible (0.286ms)
✔ missing, overlapping and wrong-scope mappings are rejected (0.229333ms)
✔ real XLSX reader preserves hidden sheet, physical row numbers, dates and formula diagnostics (98.953584ms)
✔ CSV supports BOM CRLF quoted delimiters; bad encoding and renamed text fail (1.46ms)
✔ worksheet extents cannot silently truncate oversized sources (2.77925ms)
✔ name-only source and unmapped formula can be explicitly prepared as new without merging (108.350125ms)
✔ mapped formula, error, invalid contact and missing name still block a new-person decision (2.10425ms)
✔ ten long emails fit the workbook cell budget without truncation; over-limit cells fail (1.659167ms)
✔ a large source is partitioned without losing or renumbering any source row (5.953ms)
✔ duplicate targets across partition boundary are rejected before any part can be sent (0.464ms)
✔ queue references reject corruption and duplicates instead of skipping parts (0.1785ms)
✔ local import receipt distinguishes absent, valid, malformed JSON and old shape (1.168583ms)
✔ blocked storage stays unavailable, is never treated as an empty receipt, and leaks no raw contents (0.224083ms)
✔ person receipt retry preserves command identity and distinguishes malformed and blocked storage (0.2225ms)
✔ resolved receipt removal failure preserves receipt and allows retry without leaking storage error (0.08625ms)
✔ reference preserves exact command and stores no person fields (0.989917ms)
✔ reference cannot recover into a different actor or tenant (0.195375ms)
✔ corrupt, old or unconfirmed references fail closed (0.098333ms)
✔ migration is exactly generated from 39 unique reviewed signatures and source bodies (0.990125ms)
✔ write guards come before original business statements; only worker preparation needs staffing (0.126125ms)
✔ known module denials are clear, while transport uncertainty remains distinct (0.197208ms)
✔ name-only records preserve unknown contacts, region and work type (0.853458ms)
✔ invalid contacts, hidden extra fields and unsupported work types are rejected (0.310167ms)
✔ page completeness, duplicate IDs, foreign scope and null RPC results fail closed (0.399833ms)
✔ recovery only confirms the expected person, command and revision (0.130416ms)
✔ UUID assignment displays the directory name even without legacy text (0.435917ms)
✔ current directory name supersedes stale legacy text (0.066ms)
✔ loading, failure and missing directory entry never claim unassigned (0.059125ms)
✔ blank profile name is still an assignment (0.05025ms)
✔ name-only rows are clearly marked as legacy (0.061042ms)
✔ only a row without UUID or legacy name says unassigned (0.05825ms)
✔ claim sends expected scope and revision to the atomic gateway; display names are not trusted (0.889416ms)
✔ losing claim, inaccessible record and transport failure cannot report success (0.525416ms)
✔ claim and quick completion use one command rather than separate mutable role and tenant snapshots (0.294333ms)
✔ bad scope is rejected before a claim/completion command is sent (0.129875ms)
✔ module disabled, missing configuration and transport failure remain distinct from a lost claim (0.168125ms)
✔ links contain only the task UUID and round trip (0.568167ms)
✔ unrelated task-prefill parameters do not become a task link (0.078042ms)
✔ malformed, empty and duplicate IDs are rejected (0.170208ms)
✔ URL round trip carries only identifiers and date (3.978584ms)
✔ ordinary tasks page has no prefill; partial and duplicate context rejected (0.223625ms)
✔ reject malformed ids, impossible dates and unsupported date bounds (0.129959ms)
✔ prefill derives fresh name and title from server data, no assignee/source FK or deadline inferred (0.167291ms)
✔ missing company/request/location and mismatched day fail without fallback (0.21625ms)
✔ passive company and cancelled request cannot prepare a new followup (0.096958ms)
✔ inactive location may still need a followup on an existing active request (0.070417ms)
✔ invalid or missing revision fails before any raw request (0.719708ms)
✔ update filters exact loaded revision and returns new row (0.482875ms)
✔ zero rows is a conflict, transport/database error stays different (0.414583ms)
✔ history has an honest twenty-row limit and extra-row indicator (0.170666ms)
✔ command validates bounded unique integer revisions and canonical identities (10.093083ms)
✔ snapshot normalization removes ordering and presentation from command identity (0.119042ms)
✔ preview rejects silent omissions, duplicate rows, unsafe counts and wrong source (0.221625ms)
✔ directory allows unnamed departed source, never absent arrays or duplicate targets (0.173917ms)
✔ result must match exact command scope and moved count (0.115417ms)
✔ service writes one RPC and has no iterative task fallback (0.14775ms)
✔ invalid command fails before write and malformed successful response is uncertain (0.198625ms)
✔ transport error cannot be mislabeled as nonmember or conflict (0.273417ms)
✔ module rejection is definite but a transport error remains uncertain (0.176667ms)
✔ task screen requires verified actor, tenant, live role and complete module snapshot (1.324875ms)
✔ task company directory keeps narrow fields, ordered complete pagination and rejects wrong tenant (1.613584ms)
✔ context navigation needs an enabled source module; missing state never defaults to all links (0.170167ms)
✔ actual task form hides disabled company controls instead of calling the company list empty (6.221541ms)
✔ reverse formula rejects the historical negative-price case and below-baseline amounts (0.514167ms)
✔ every numeric input rejects negative and non-finite values (0.121375ms)
✔ zero markup is valid and markup is applied to cost, not sales margin (0.078958ms)
✔ form parser distinguishes missing required input from optional zero and rejects partial numeric strings (0.075417ms)
✔ hard dependencies are a DAG; unknown, duplicate and self edges are rejected (0.686584ms)
✔ talent, tasks and announcements stand alone; reporting and staffing do not require each other (0.499875ms)
✔ every one of the 1024 configurations is accepted iff all required dependencies are enabled (8.831209ms)
✔ partial, unknown, inherited and non-boolean module values never imply enabled (0.2185ms)
✔ context keeps bigint revisions exact and discards unrelated response fields (0.348833ms)
✔ actor/company/generation/role/protocol mismatches cannot supply a context (0.312875ms)
✔ all existing member roles retain their role without receiving new privileges (0.126209ms)
✔ an older response from another workspace is rejected and no RPC fallback runs (0.316209ms)
✔ one bounded RPC returns the whole snapshot, without a client-selected tenant argument (0.148292ms)
✔ migration catalog is generated from the same manifest, not a second hand-maintained graph (0.241792ms)
✔ cancelled presence remains actual; removed unknown is not outstanding (2.730084ms)
✔ no declarations cannot silently become zero attendance (0.243417ms)
✔ duplicate or unmatched declarations fail verification (0.261ms)
✔ same worker on different days counts separate person days (0.150834ms)
✔ absence total counts declarations, not unique people (0.095167ms)
✔ Monday week boundaries include Sunday, leap day, year and minimum date (3.060375ms)
✔ totals count person-days, exclude cancellations and retain unfilled requests (1.338625ms)
✔ empty verified plan is accepted; null and wrong company/week are not (0.811459ms)
✔ range, duplicate requests, capacity, missing staff and cancelled assignment contradictions fail closed (0.599958ms)
✔ same worker on separate days allowed, double booking or repeated assignment ID rejected (0.626625ms)
✔ CSV records scope/time and quotes delimiters, double quotes and embedded newlines (0.780917ms)
✔ CSV neutralizes formula prefixes including whitespace before formula (0.39925ms)
✔ CSV cancellations are opt-in and contribute zero active open (0.130958ms)
✔ overnight is explicit; break reduces actual work; invalid time never becomes an estimate (0.814958ms)
✔ 24 hour limit and zero-length work are distinct; no automatic overnight guessing (0.147792ms)
✔ correction reason required and only valid scoped record can establish revision zero (1.187541ms)
✔ net totals and contiguous latest audit history must agree with the record (0.222834ms)
✔ receipt is matched to command, assignment, action and next revision (0.1425ms)
✔ invalid write fails before RPC; exact payload and errors are preserved (0.285333ms)
✔ company/day list rejects wrong scope, partial shape, duplicates and malformed totals (1.326584ms)
✔ latest 20 audit entries are accepted only in contiguous descending revision order (0.177667ms)
✔ declared per-entry and aggregate expansion are bounded (0.532333ms)
✔ malformed directories, encryption, volume split and entry-count overflow fail (0.28225ms)
✔ preparation preserves identity and explicit work kind; normalizes code (0.882375ms)
✔ rejects malformed identities, revisions and unsupported work types (0.21925ms)
✔ receipt must match command, person, next revision and real worker id (0.119ms)
✔ five surplus staff in one location cannot cancel five missing in another (0.738334ms)
✔ zero target, fully staffed and empty sets remain distinct and nonnegative (0.086417ms)
✔ workspace identity follows server data and never a user-editable company name (0.921ms)
✔ missing, malformed and mismatched company or actor responses fail closed (0.305834ms)
✔ write target requires both the same actor and company (0.118125ms)
✔ RPC errors and null success never invent a company or return a stale identity (0.285833ms)
✔ company context request carries no caller-selected company and has a deadline (0.151041ms)
✔ UI company comes from verified workspace when getUser metadata lacks token-hook claims (0.109959ms)
✔ role and company are accepted together and user metadata cannot supply authority (0.158375ms)
✔ invitation parsing fails closed and excludes server extras (0.923833ms)
✔ token has 256 random bits and transport failure is not labelled invalid invitation (0.703792ms)
✔ setup accepts measured zeros but rejects unavailable/wrong-scope response (1.771791ms)
✔ setup rejects coerced, missing, negative or unsafe counts and invalid calendar dates (0.149209ms)
ℹ tests 614
ℹ suites 0
ℹ pass 614
ℹ fail 0
ℹ cancelled 0
ℹ skipped 0
ℹ todo 0
ℹ duration_ms 16653.090584
