✔ six validated immediate RESTRICT keys retain their original column order (142.966417ms)
✔ company cannot cascade its contract, appointment or document history (4.737916ms)
✔ contract deletion cannot detach an appointment or reclassify its PDF as a general document (4.147583ms)
✔ completed appointment cannot lose its idempotency receipt through parent deletion (1.854833ms)
✔ status changes and nullable contract-free appointments remain usable (1.742834ms)
✔ deleting a parent with no dependent history is still allowed (1.588625ms)
✔ SET NULL scope drift is rejected before changing that relation (10.288709ms)
✔ an extra cascading FK aborts and rolls back the whole migration (14.88ms)
Synthetic company commands DB: 17.10
✔ create assigns verified tenant/actor and normalizes defaults without client DML privileges (112.702875ms)
✔ CSV status/risk values survive the same creation command (16.700583ms)
✔ status command changes only status and a repeat does not trigger another update (17.257667ms)
✔ wrong actor, tenant, role and foreign company cannot write (27.033375ms)
✔ input keys, types, empty names and unsupported status values are rejected (35.389875ms)
✔ closed customers rejects both creation and status changes; malformed config fails closed (9.821ms)
✔ stale membership and repeatable read do not execute commands (4.46875ms)
✔ anon and service role cannot execute the company command (5.338875ms)
✔ config writer wins: command waits before profile lock then sees disabled customers (30.638292ms)
✔ company command wins: config updater waits until full business transaction ends (24.666041ms)
✔ role is rechecked after waiting for membership profile lock (29.273375ms)
Synthetic contact commands DB: 17.10
✔ operations patches only supplied fields; absent email remains current (197.400375ms)
✔ empty channels, empty patch, injected name and malformed payload are rejected (74.821208ms)
✔ manager deletes exactly the company-bound contact; repeated delete fails (13.265792ms)
✔ operations cannot delete/import; other roles cannot patch (40.88025ms)
✔ wrong company, tenant, actor and foreign-company import are rejected (27.748334ms)
✔ CSV preserves the existing primary and rejects duplicate primary instead of demoting (16.746667ms)
✔ CSV has the same five-contact limit and passive-company guard (31.321917ms)
✔ effective contact DML is gone for app roles; legacy manager create/full edit still works (13.182042ms)
✔ disabled customer module blocks every new action (45.178375ms)
✔ configuration lock comes before profile; waiting command sees committed module closure (44.822875ms)
✔ role is rechecked after a blocked profile lock (28.5425ms)
✔ cutover refuses inherited column UPDATE grants (5.730584ms)
✔ concurrent partial edits merge against the locked row, not a stale client snapshot (64.666875ms)
✔ all five exact foreign keys become validated immediate RESTRICT constraints (116.304584ms)
✔ company deletion cannot cascade contacts or notes, even with modules disabled (4.754208ms)
✔ profile deletion cannot erase contact or note authorship (3.51175ms)
✔ mizan upload deletion cannot silently remove confirmed row history (1.057125ms)
✔ deactivation and membership removal preserve historical records and continue working (1.160292ms)
✔ unreferenced parents can still be deleted; this is not a blanket delete trigger (0.984416ms)
✔ schema drift fails and rolls back earlier constraint replacements (15.47575ms)
✔ concurrent child insert prevents a waiting company delete after commit (18.618125ms)
Synthetic customers DB: 17.10
✔ customer read gates preserve repository role policy matrix (166.52625ms)
✔ customer reads retain tenant identity and never leak a foreign contact (29.665875ms)
✔ closed customer module hides all three sets and task company choices without deleting records (13.536791ms)
✔ closing tenant A leaves tenant B customer reads unchanged (13.805083ms)
✔ a stale claim after membership removal returns no customer data (3.919916ms)
✔ missing config and invalid dependency snapshots do not become enabled (31.357584ms)
✔ a permissive policy cannot OR around the module read fence (8.514416ms)
✔ migration aborts if any target RLS is disabled and rolls back prior policy work (5.546667ms)
Synthetic notes/contact DB: 17.10
✔ manager, operations and HR can create notes; author is resolved from the profile (151.652917ms)
✔ other roles cannot create, edit, pin or delete notes (15.016292ms)
✔ operations and HR can edit only their own notes and cannot pin/delete (55.774625ms)
✔ manager can pin and delete; missing targets never report a successful mutation (10.474041ms)
✔ even manager cannot edit a note through a different same-tenant company (47.97075ms)
✔ forged author, pin-at-create, invalid tags and blank/non-string content are rejected (47.18625ms)
✔ passive companies retain note creation but reject new contacts (10.202375ms)
✔ company/note direct writes are revoked, while both note and legacy contact commands still work (29.157708ms)
✔ legacy full contact command preserves atomic primary selection and max five limit after cutover (55.677666ms)
✔ legacy contact command rejects other roles and foreign targets (32.67125ms)
✔ disabled module blocks note and contact commands, including the unchanged legacy signature (17.436416ms)
✔ config change wins: note and contact wait before profile locks and see disabled state (77.231208ms)
✔ note transaction holds the configuration lock until transaction completion (19.648125ms)
✔ contact definer conversion rejects body drift instead of elevating altered code (4.111083ms)
✔ write cutover rejects inherited table privileges (2.747625ms)
✔ existing authenticated CSV contact insert remains compatible after company UPDATE is revoked (1.834666ms)
✔ role is rechecked after the profile lock for both contact and note writers (64.860875ms)
✔ blank profile names are rejected instead of inventing a note author label (3.363958ms)
✔ only service role can execute the two notification projections (126.645334ms)
✔ a company cannot resolve through another tenant, even for the service role (5.538333ms)
✔ module-specific disabling is isolated between tenants and blocks the corresponding names (25.928167ms)
✔ turning customers off with dependent modules off prevents either company projection (11.199958ms)
✔ incomplete settings and broken dependencies raise errors rather than enabled or disabled defaults (7.046ms)
✔ invalid modules, excessive and null tenant arrays are rejected (9.373208ms)
✔ company arrays must be bounded, unique and pairwise complete (8.373083ms)
✔ unknown tenant configuration and missing company fail closed (5.753416ms)
✔ all candidate and document-state RPCs are service-only (10.559542ms)
✔ SQL candidates preserve source date/status filters and expose only notification columns (12.4495ms)
✔ contract off preserves company documents but removes linked documents and contract candidates (22.204125ms)
✔ documents/calendar off prevents SQL candidates for only that tenant (27.3475ms)
✔ foreign-company or foreign-tenant contract links are excluded, not projected (6.315166ms)
✔ document state uses current relationship and acknowledges removed records as ineligible (11.344792ms)
✔ candidate readers fail on incomplete configuration instead of silently treating it as disabled (13.106917ms)
✔ document-state inputs reject missing, excessive and duplicate pairs (20.218334ms)
✔ service raw SELECT is denied after cutover while all notification projections remain usable (18.648ms)
✔ service read cutover rejects inherited column access instead of claiming closure (4.721042ms)
Synthetic finance DB: 17.10
✔ finance AND policies retain role and tenant filtering while enabled (228.761375ms)
✔ closed finance hides all three tables without deleting records (8.565792ms)
✔ atomic import still writes and replays the same receipt once when enabled (13.963708ms)
✔ closed finance rejects both new import and old replay before any write (8.64275ms)
✔ wrong role, foreign company and stale claimed tenant remain rejected (10.759666ms)
✔ malformed module configuration and stronger isolation fail closed (7.557125ms)
✔ anon, authenticated and bypassrls service cannot mutate directly or call retired RPCs (42.661917ms)
✔ config change wins: import waits before profile lock then observes disabled state (51.794791ms)
✔ import wins: config update waits for full import transaction (48.119583ms)
✔ migration revokes direct column privileges as well as table privileges (18.390875ms)
✔ migration aborts on inherited write privileges (21.362792ms)
✔ migration aborts on command body drift (39.0445ms)
✔ migration aborts on a callable same-name overload (38.799583ms)
✔ manager sees all fifteen checks with no settings mutation or save authorization (166.924917ms)
✔ anon service and non-manager cannot use the preview (11.264833ms)
✔ cross tenant, actor mismatch, removed membership and stale revision reject (16.784125ms)
✔ invalid JSON shapes and coerced booleans reject before any business scan (18.740584ms)
✔ dependencies report requested state, do not silently enable or cascade disable (5.754791ms)
✔ no-change draft scans no business tables and bigint revision stays exact (4.372083ms)
✔ unfinished_tasks: own tenant blocks, foreign tenant and completed history do not (10.400291ms)
✔ unfinished_appointments: own tenant blocks, foreign tenant and completed history do not (10.955583ms)
✔ unfinished_contracts: own tenant blocks, foreign tenant and completed history do not (11.235833ms)
✔ pending_talent_import: own tenant blocks, foreign tenant and completed history do not (14.735458ms)
✔ open_staffing_demands: own tenant blocks, foreign tenant and completed history do not (13.9785ms)
✔ upcoming_requests: own tenant blocks, foreign tenant and completed history do not (8.977209ms)
✔ upcoming_assignments: own tenant blocks, foreign tenant and completed history do not (11.027292ms)
✔ unapproved_work: own tenant blocks, foreign tenant and completed history do not (19.107208ms)
✔ active_roster: own tenant blocks, foreign tenant and completed history do not (15.488916ms)
✔ active_schedules: own tenant blocks, foreign tenant and completed history do not (16.275667ms)
✔ open_reporting_periods: own tenant blocks, foreign tenant and completed history do not (14.280792ms)
✔ pending_reporting_imports: own tenant blocks, foreign tenant and completed history do not (13.485917ms)
✔ unknown and null states stay blocking instead of passing as completed (6.28475ms)
✔ dates use Istanbul business day regardless of session timezone (21.3715ms)
✔ missing relation produces an error, never a green empty report (9.196583ms)
✔ real SQL response satisfies the application parser contract (627.026208ms)
✔ customer_linked_tasks: dependent open task is visible even when tasks stays enabled (5.333375ms)
✔ appointment_linked_tasks: dependent open task is visible even when tasks stays enabled (8.904ms)
✔ contract_linked_tasks: dependent open task is visible even when tasks stays enabled (7.436459ms)
✔ talent_people_page rejects disabled talent before its business body (209.810916ms)
✔ talent_person_detail rejects disabled talent before its business body (6.433458ms)
✔ talent_save_person rejects disabled talent before its business body (4.716917ms)
✔ talent_resolve_person_command rejects disabled talent before its business body (5.062708ms)
✔ talent_compare_snapshot rejects disabled talent before its business body (4.203584ms)
✔ talent_import_status rejects disabled talent before its business body (5.021625ms)
✔ talent_import_prepare rejects disabled talent before its business body (4.949083ms)
✔ talent_import_apply_row rejects disabled talent before its business body (4.136667ms)
✔ talent_import_cancel rejects disabled talent before its business body (6.849667ms)
✔ talent_import_recover rejects disabled talent before its business body (4.847667ms)
✔ talent_import_close rejects disabled talent before its business body (5.557833ms)
✔ talent_import_history rejects disabled talent before its business body (4.328166ms)
✔ talent_conversation_save rejects disabled talent before its business body (3.511375ms)
✔ talent_attachment_reserve rejects disabled talent before its business body (3.070042ms)
✔ talent_attachment_finish rejects disabled talent before its business body (4.982041ms)
✔ talent_attachment_list rejects disabled talent before its business body (3.677875ms)
✔ talent_attachment_pending rejects disabled talent before its business body (4.002292ms)
✔ talent_attachment_cancel rejects disabled talent before its business body (4.381041ms)
✔ talent_availability_read rejects disabled talent before its business body (4.03075ms)
✔ talent_availability_save rejects disabled talent before its business body (4.221458ms)
✔ talent_prepare_worker rejects disabled talent before its business body (4.107042ms)
✔ talent_match_source rejects disabled talent before its business body (3.019375ms)
✔ talent_work_copy_page rejects disabled talent before its business body (3.500042ms)
✔ talent_import_change_review rejects disabled talent before its business body (2.664584ms)
✔ talent_import_undo_update rejects disabled talent before its business body (6.59675ms)
✔ talent_merge_review rejects disabled talent before its business body (5.377709ms)
✔ talent_merge_apply rejects disabled talent before its business body (5.492167ms)
✔ talent_merge_resolve rejects disabled talent before its business body (8.906375ms)
✔ talent_merged_availability rejects disabled talent before its business body (7.86275ms)
✔ talent_contact_summaries rejects disabled talent before its business body (9.47375ms)
✔ talent_shared_views_read rejects disabled talent before its business body (5.14125ms)
✔ talent_shared_view_create rejects disabled talent before its business body (5.943833ms)
✔ talent_shared_view_archive rejects disabled talent before its business body (5.694709ms)
✔ talent_call_lists_read rejects disabled talent before its business body (3.768459ms)
✔ talent_call_list_create rejects disabled talent before its business body (5.799041ms)
✔ talent_call_list_archive rejects disabled talent before its business body (3.390542ms)
✔ talent_call_list_edit rejects disabled talent before its business body (4.513833ms)
✔ talent_conversation_list rejects disabled talent before its business body (4.36525ms)
✔ talent_call_list_people rejects disabled talent before its business body (4.131583ms)
✔ all patched bodies preserve their original statements and acquire config before original locks (16.232792ms)
✔ neutral identity scope still serves operations when talent is off (2.983958ms)
✔ enabled read executes the actual saved-view body and returns only the selected tenant (6.538125ms)
✔ actor spoof, foreign tenant and missing membership fail before business reads (8.993ms)
✔ prepare-worker requires staffing as well as talent (4.322084ms)
✔ anonymous and service cannot execute any patched entry, including internal read helper (21.92425ms)
✔ write after waiting on settings lock observes committed disabled state (31.475166ms)
✔ last-body drift rolls back every earlier patch and helper creation (39.531584ms)
✔ exposed internal aliases stop migration instead of leaving a bypass (28.329125ms)
✔ a newly exposed actor-scoped overload requires review (29.807125ms)
✔ attachment policy helper denies downloads and new uploads when talent is off (12.725208ms)
✔ attachment access retains tenant owner ready and onboarding rules (12.536917ms)
✔ enabled write executes original archive operation without losing authorization (5.268ms)
Task gateway synthetic PostgreSQL: 17.10
✔ company-free task creation derives creator and assignee label, then revision advances on edit (187.390083ms)
✔ authenticated cannot bypass gateway with direct DML or call private lock helper (12.168334ms)
✔ missing or disabled module configuration blocks mutation, disabled tasks hide table and history reads (44.152625ms)
✔ all six live roles: only manager, operations and HR can create (44.517209ms)
✔ HR cannot reassign and non-owner quick completion cannot masquerade as manager (29.062875ms)
✔ forged fields, invalid dates/types, foreign relations and stale revisions are rejected (48.529625ms)
✔ foreign task, mismatched expected actor/tenant and nonmember assignee fail (27.589ms)
✔ linked creation requires the source module while independent tasks remain available (8.390125ms)
✔ two simultaneous claims have exactly one winner and one assignment event (43.489541ms)
✔ config change winning the lock makes a waiting write see disabled state after commit (58.645417ms)
✔ a writing transaction holds its configuration barrier until commit; independent writers share it (56.59275ms)
✔ role revoked while waiting for the profile lock is rechecked after the lock (67.811375ms)
✔ passive company rejects new work; HR cannot use an unreadable contract or appointment (22.099416ms)
✔ repeatable-read writes are refused rather than using a stale post-lock snapshot (3.407416ms)
✔ contract removes an explicit column-level write grant as well as table grants (2.954292ms)
✔ inherited write privilege drift aborts contract migration instead of leaving a bypass (4.675333ms)
✔ task transfer supports independent tasks, live membership roles and idempotent replay (15.527542ms)
✔ disabled task module rejects all three workflow mutations including receipt replays (36.897375ms)
✔ calendar completion without a follow-up works with tasks off, but calendar off rejects it (10.963666ms)
✔ failed appointment task request does not complete the appointment or leave a receipt (4.866958ms)
✔ definer reads obey module gates and hide company projection when only tasks remain enabled (33.323583ms)
✔ dashboard activity excludes each disabled source without suppressing enabled task activity (37.889583ms)
✔ config barrier is first for every workflow and waiting commands see the newly disabled module (91.169917ms)
✔ workflow role and cross-tenant restrictions remain intact (12.014792ms)
✔ service-only task notification RPC filters disabled tenants and refuses incomplete config (16.231708ms)
✔ shared configuration validator preserves scope, completeness and dependency failures (7.418792ms)
✔ workflow patch aborts on unexpected function definition rather than silently skipping a guard (4.517708ms)
✔ task company projection returns only display columns and retains tenant, module, role and company RLS (25.601542ms)
✔ parent hard deletion cannot delete task history or detach task context, even with tasks disabled (33.256708ms)
✔ unreferenced parent deletion and deactivation remain possible; schema drift aborts the preservation migration (9.157708ms)
✔ parent deletion waiting behind a new task cannot erase that task after its commit (29.251542ms)
Synthetic module DB: 17.10
✔ existing tenants get exactly ten enabled settings and one truthful bootstrap receipt each (102.153833ms)
✔ new tenant provisioning initializes all ten rows in the same transaction; rollback leaves nothing (5.530792ms)
✔ authenticated response is scoped to live membership, preserves role and bigint precision (9.194375ms)
✔ all configuration tables deny direct reads and writes to anon/authenticated/service_role (29.274125ms)
✔ only authenticated can execute the public reader; internal bootstrap and catalog have no client grants (9.146333ms)
✔ no session, foreign tenant claim and removed membership fail closed (9.044708ms)
✔ stale workspace selection and stale membership generations are rejected by the real scope functions (16.358375ms)
✔ missing config, missing key and broken hard dependencies do not return an all-enabled fallback (12.646667ms)
✔ disabled independent module is represented as disabled without changing another tenant (8.341125ms)
✔ unknown/duplicate module keys, invalid revision and bootstrap reset are rejected (6.068792ms)
✔ tenant insert and migration serialize in both orders; timeout rolls back all new tables (302.890583ms)
ℹ tests 216
ℹ suites 0
ℹ pass 216
ℹ fail 0
ℹ cancelled 0
ℹ skipped 0
ℹ todo 0
ℹ duration_ms 7871.821708
