Task gateway synthetic PostgreSQL: 17.10
✔ company-free task creation derives creator and assignee label, then revision advances on edit (1317.946209ms)
✔ authenticated cannot bypass gateway with direct DML or call private lock helper (87.263292ms)
✔ missing or disabled module configuration blocks mutation, disabled tasks hide table and history reads (37.150375ms)
✔ all six live roles: only manager, operations and HR can create (219.699166ms)
✔ HR cannot reassign and non-owner quick completion cannot masquerade as manager (138.884833ms)
✔ forged fields, invalid dates/types, foreign relations and stale revisions are rejected (216.602417ms)
✔ foreign task, mismatched expected actor/tenant and nonmember assignee fail (41.792292ms)
✔ linked creation requires the source module while independent tasks remain available (57.449042ms)
✔ two simultaneous claims have exactly one winner and one assignment event (179.722625ms)
✔ config change winning the lock makes a waiting write see disabled state after commit (52.096875ms)
✔ a writing transaction holds its configuration barrier until commit; independent writers share it (71.780042ms)
✔ role revoked while waiting for the profile lock is rechecked after the lock (91.51225ms)
✔ passive company rejects new work; HR cannot use an unreadable contract or appointment (23.08225ms)
✔ repeatable-read writes are refused rather than using a stale post-lock snapshot (3.999875ms)
✔ contract removes an explicit column-level write grant as well as table grants (3.328041ms)
✔ inherited write privilege drift aborts contract migration instead of leaving a bypass (9.341708ms)
Synthetic module DB: 17.10
✔ existing tenants get exactly ten enabled settings and one truthful bootstrap receipt each (334.1895ms)
✔ new tenant provisioning initializes all ten rows in the same transaction; rollback leaves nothing (6.995708ms)
✔ authenticated response is scoped to live membership, preserves role and bigint precision (16.642167ms)
✔ all configuration tables deny direct reads and writes to anon/authenticated/service_role (67.733ms)
✔ only authenticated can execute the public reader; internal bootstrap and catalog have no client grants (11.541416ms)
✔ no session, foreign tenant claim and removed membership fail closed (15.366833ms)
✔ stale workspace selection and stale membership generations are rejected by the real scope functions (21.265458ms)
✔ missing config, missing key and broken hard dependencies do not return an all-enabled fallback (13.138458ms)
✔ disabled independent module is represented as disabled without changing another tenant (10.221542ms)
✔ unknown/duplicate module keys, invalid revision and bootstrap reset are rejected (6.235416ms)
✔ tenant insert and migration serialize in both orders; timeout rolls back all new tables (817.389708ms)
ℹ tests 27
ℹ suites 0
ℹ pass 27
ℹ fail 0
ℹ cancelled 0
ℹ skipped 0
ℹ todo 0
ℹ duration_ms 4921.241
