
> bps@0.1.0 qa:operations
> node scripts/qa-test-suite.mjs application

application: 115 files
database: 18 files
pending: 7 files
Pending feature tests are NOT part of the passed application coverage.
✔ calendar follows Istanbul day across UTC midnight and year rollover (38.889ms)
✔ agenda groups civil dates, sorts unknown time last, retains cancelled entries, never mutates source (1.05675ms)
✔ truncated or uncounted appointment response cannot render a falsely empty calendar (0.590542ms)
✔ bounded completion input is normalized; nonboolean cannot request a task (0.851458ms)
✔ completion result must identify exact appointment and valid task/skip combination (0.271625ms)
✔ service uses one scoped RPC with no sequential table fallback (0.169459ms)
✔ transport failure is unverifiable, not already completed or unauthorized (0.302625ms)
✔ scope and invalid input fail before calling RPC (0.137375ms)
✔ status-only service cannot recreate split completion path (0.119459ms)
✔ links contain only the appointment UUID and round trip (2.649042ms)
✔ unrelated query parameters do not become an appointment link (0.096959ms)
✔ malformed, empty and duplicate IDs are rejected (0.635458ms)
✔ attendance actions retain exact record and revision, undo appears only after a report (2.580416ms)
✔ future dates and read-only/busy state disable every action including undo (1.21775ms)
✔ contract days follow Istanbul midnight and preserve today/expired semantics (0.797917ms)
✔ missing, malformed and impossible contract dates never turn into a plausible remaining-day count (0.393708ms)
✔ actual company service enables candidate and active only, preserves input CRM statuses (1.736542ms)
✔ company directory failures are not presented as empty success (0.369542ms)
✔ existing insert helper uses one scoped RPC with explicit actor, tenant and allowed business fields (1.22575ms)
✔ missing identity and protected input fields stop before a write (0.283125ms)
✔ transport uncertainty, empty and wrong-scope responses never become success or automatic retries (0.419333ms)
✔ module and input rejections use actionable messages (0.146542ms)
✔ company import retains confirmed rows then stops on uncertain or disabled writes (0.355ms)
✔ status helper verifies returned target and requested status (0.1465ms)
✔ both status server actions use verified tenant and shared command with no direct writes (97.011084ms)
✔ status actions reject invalid identity and missing targets instead of reporting success (142.259042ms)
✔ company tabs intersect valid module states and current repository roles (30.125ms)
✔ company finance reader uses exact tenant/company and distinguishes absent, failed and malformed responses (0.868708ms)
✔ company document reader filters contract files on every page before download and rejects an escaped row (0.358125ms)
✔ actual company page skips closed module readers and falls back from a stale saved tab (242.583083ms)
✔ actual company role gates match financial and workforce readers without healthy empty cards (645.94225ms)
✔ actual finance error is not rendered as no data or no payment follow-up (136.922916ms)
✔ company document screen passes closed-contract predicate and offers standalone upload (210.687708ms)
✔ extracted upload form hides disabled contract selector and preserves standalone file payload (19.795667ms)
✔ late financial response after company unmount cannot populate the old view (109.518583ms)
✔ upload keeps its file but requires explicit clearing of a contract that becomes disabled (14.495791ms)
✔ status source contract accepts both actual command routes (41.91125ms)
✔ status source contract rejects extra payload fields and wrong status literal (18.86ms)
✔ status source contract rejects direct DML beside the helper and rerouted import (13.836958ms)
✔ status source contract rejects missing source, malformed syntax and a changed execute target (8.538417ms)
✔ 1001 rows require three bounded requests; no clipping or redundant empty request (18.787584ms)
✔ empty and exact page boundary terminate without an extra read (11.749792ms)
✔ second-page failures never return the first page as a complete list (23.429042ms)
✔ invalid identities, malformed totals and over-budget lists fail on first request (4.195542ms)
✔ selectAllCriticalDates retains scope, exact count and unique ordering on all pages (2.15925ms)
✔ selectAllWorkforceSummaries retains scope, exact count and unique ordering on all pages (0.898583ms)
✔ selectWorkforceSummariesByCompanyIds retains scope, exact count and unique ordering on all pages (1.027708ms)
✔ selectAllTasks retains scope, exact count and unique ordering on all pages (2.120375ms)
✔ selectTasksByCompanyId retains scope, exact count and unique ordering on all pages (3.239875ms)
✔ selectTasksByContractId retains scope, exact count and unique ordering on all pages (0.714792ms)
✔ selectTasksByAppointmentId retains scope, exact count and unique ordering on all pages (0.306209ms)
✔ selectAllAppointments retains scope, exact count and unique ordering on all pages (0.21175ms)
✔ selectAppointmentsByCompanyId retains scope, exact count and unique ordering on all pages (0.22625ms)
✔ selectAppointmentsByContractId retains scope, exact count and unique ordering on all pages (0.250458ms)
✔ selectAppointmentsByCompanyIds retains scope, exact count and unique ordering on all pages (0.287291ms)
✔ selectAllContracts retains scope, exact count and unique ordering on all pages (0.234875ms)
✔ selectContractsByCompanyId retains scope, exact count and unique ordering on all pages (0.191459ms)
✔ selectNotesByCompanyId retains scope, exact count and unique ordering on all pages (0.219708ms)
✔ getActiveContractCountsByCompanyIds retains scope, exact count and unique ordering on all pages (0.51875ms)
✔ real Supabase query builder sends bounded offsets, stable order and exact count (95.141416ms)
✔ deadline expiry stops before the next page (0.864208ms)
✔ selectNotesByCompanyId rejects clipped, null-count and failed results (6.068667ms)
✔ selectAllContracts rejects clipped, null-count and failed results (0.268666ms)
✔ selectContractsByCompanyId rejects clipped, null-count and failed results (0.213084ms)
✔ getActiveContractCountsByCompanyIds rejects clipped, null-count and failed results (0.213542ms)
✔ selectAllCriticalDates rejects clipped, null-count and failed results (3.760542ms)
✔ selectAllAppointments rejects clipped, null-count and failed results (12.952583ms)
✔ selectAppointmentsByCompanyId rejects clipped, null-count and failed results (1.9555ms)
✔ selectAppointmentsByContractId rejects clipped, null-count and failed results (2.152333ms)
✔ selectAppointmentsByCompanyIds rejects clipped, null-count and failed results (0.408041ms)
✔ selectAllWorkforceSummaries rejects clipped, null-count and failed results (1.587584ms)
✔ selectWorkforceSummariesByCompanyIds rejects clipped, null-count and failed results (0.638708ms)
✔ selectTasksByCompanyId rejects clipped, null-count and failed results (1.924083ms)
✔ selectAllTasks rejects clipped, null-count and failed results (0.498209ms)
✔ selectTasksByContractId rejects clipped, null-count and failed results (0.114ms)
✔ selectTasksByAppointmentId rejects clipped, null-count and failed results (0.128833ms)
✔ active counts retain repeated company IDs in a complete result (1.378375ms)
✔ empty company selection never fetches a broader workforce or appointment list (0.117833ms)
✔ dashboard exact totals survive clipped lists while card rows remain unavailable (0.113166ms)
✔ unavailable or malformed totals cannot become measured zero (0.093916ms)
✔ report joins reject missing source or a missing company anywhere in the list (0.057166ms)
✔ report joins preserve measured empty lists and legitimate display names without text sentinels (0.043083ms)
✔ communication submits only supplied fields with resolved actor, tenant and company (62.617667ms)
✔ empty changes and failed identity stop before RPC (28.377459ms)
✔ delete binds target to expected company and returns the confirmed removed row (11.035875ms)
✔ malformed, empty and foreign responses never acknowledge contact writes (0.713916ms)
✔ import verifies creator and primary flag; errors do not trigger retries (0.7935ms)
✔ CSV keeps confirmed rows and stops at first uncertain write (0.371333ms)
✔ company map reads all pages and rejects ambiguous names across page boundaries (6.254458ms)
✔ delete server action passes the page company and does not acknowledge service errors (34.296792ms)
✔ appendix list distinguishes empty, malformed and wrong scope (1.066541ms)
✔ keyset pagination has bounded continuation and rejects duplicates or borrowed preceding rows (0.627042ms)
✔ document history rejects another document even within same contract (0.656417ms)
✔ legacy main commands keep their storage key; appendix targets remain isolated (0.291167ms)
✔ appendix title is command identity; main receipt cannot acknowledge appendix command (0.955041ms)
✔ version download checks contract/document before signing any path (0.259333ms)
✔ missing, unavailable and malformed versions never mean empty history (1.10525ms)
✔ bounded history explicitly reports more and rejects unordered or duplicate evidence (0.323ms)
✔ signed download resolves version through scoped RPC, never arbitrary caller path (0.261791ms)
✔ actual PDF replace service gates revision and uses CAS, zero rows is failure (0.555667ms)
✔ creation validates real calendar dates, bounded revision and required basis (9.51325ms)
✔ unavailable or malformed snapshot never means no task (1.84475ms)
✔ current task owner can be unassigned or unavailable without inventing a person (0.534291ms)
✔ service uses one scoped RPC; malformed success and transport failure do not fall back (0.489625ms)
✔ only exact known failure is definite; unknown responses keep retry command (0.388875ms)
✔ strict command rejects forged identity/display/routing fields and missing fields (2.310417ms)
✔ unicode PostgreSQL character boundary, Turkish text, line endings, NUL and broken UTF-16 (1.385125ms)
✔ mentions are selected identifiers, canonical order, detached from caller array (0.653875ms)
✔ retry comparison is stable but every scope/content change differs (0.229125ms)
✔ null/string/mismatched receipt cannot acknowledge pending command (0.314875ms)
✔ resolution requires matching scope and a recognized terminal result (0.2745ms)
✔ failed RPC shapes are not empty successful reads (1.682625ms)
✔ message shape requires safe identity, timestamp and explicit parent (0.8815ms)
✔ inbox counts and source fields cannot be silently coerced (0.905292ms)
✔ explicit empty optional critical-date fields clear stored content (10.323709ms)
✔ omitted optional critical-date fields remain untouched (0.218541ms)
✔ nonempty optional critical-date fields are trimmed (0.130083ms)
✔ critical-date CAS preserves full database timestamp and rejects a losing edit (0.721917ms)
✔ missing or malformed snapshot cannot update a critical date (0.204333ms)
✔ malformed headers, widths and quotes never produce writable rows (0.897417ms)
✔ valid BOM CRLF multiline escaped quotes and semicolon fields survive (0.522917ms)
✔ invalid encodings and resource limits fail before preview (14.947208ms)
✔ closed contracts are neither queried nor shown as zero on desktop or mobile (145.692ms)
✔ HR, accounting and viewer never query or display restricted contact/contract summaries (162.478625ms)
✔ allowed empty contract result is zero while failed summary is explicitly unreadable (127.134541ms)
✔ failed company directory stops dependent readers and displays retry state (35.503709ms)
✔ note create sends the resolved company/tenant/actor but no client author or pin fields (76.822083ms)
✔ note edits, pin and delete all preserve the expected company in the actual request (42.315542ms)
✔ changed tenant, invalid identity or blank content stops before command submission (47.886125ms)
✔ unknown result, malformed rows and wrong company cannot acknowledge a note command (0.433167ms)
✔ module errors and transport failures are distinct, and neither retries the command (0.626917ms)
✔ pin acknowledgment must match the requested flag and target (0.330791ms)
✔ missing author and ownership rejection explain the actual corrective action (0.484625ms)
✔ coverage, presence and missing reports remain distinct; historical removed attendance does not count (0.812208ms)
✔ cancelled requests remain visible in all but never enter active action filters (0.198416ms)
✔ fully assigned does not mean present and absent people remain assigned until replacement (0.090875ms)
✔ search combines Turkish-normalized location, occupation and assigned staff terms (0.331333ms)
✔ measured empty day accepted, unavailable or malformed RPC never becomes zero (3.952791ms)
✔ real dates, leap years and strict format (1.526042ms)
✔ required fields, counts and extra untrusted fields (0.260208ms)
✔ daily coverage from zero to full (0.598833ms)
✔ paused and cancelled are not active demand (0.152541ms)
✔ corrupt aggregates fail rather than clamp (0.093208ms)
✔ assignment eligibility failures stay distinct (0.475375ms)
✔ missing or nonboolean verification never means available (0.105ms)
✔ activity empty differs from unavailable or malformed response (3.199708ms)
✔ activity labels distinguish ownership events without claiming task completion (0.336708ms)
✔ general document activity accepts only an internal document destination (3.191875ms)
✔ contracts filter in SQL before five-row cap; no full-record transfer (26.488958ms)
✔ documents include missing files and undated manual states before limiting; derive expiry now (1.238209ms)
✔ critical dates include overdue and exactly thirty days; bounded stable order (1.533167ms)
✔ smaller server cap, missing counts, duplicate rows and transport errors do not masquerade as complete cards (3.40675ms)
✔ company names resolve only referenced IDs in batches; no task count tied to directory cap (1.677958ms)
✔ money preserves zero, negative values, and missing versus malformed input (16.930375ms)
✔ Istanbul variants share a display/filter key without changing other city names (0.445416ms)
✔ role rejection touches neither document nor storage (2.813333ms)
✔ read failure leaves both records untouched (2.033167ms)
✔ missing read and zero-row delete explicitly report no confirmed deletion (0.25525ms)
✔ blocked database deletion never removes the file (0.521042ms)
✔ confirmed row deletion uses RETURNING path, after deleting the row (0.184625ms)
✔ record without a file is a confirmed deletion with no storage operation (0.105875ms)
✔ storage failure preserves confirmed deletion and warning, never suggests row retry (0.133625ms)
✔ each existing category belongs to one folder; linked contracts stay together (1.582584ms)
✔ moving changes category only, scoped by company, revision and unlinked contract (0.629042ms)
✔ invalid category, denied/stale result, transport error and wrong identity never succeed (0.315708ms)
✔ document eligibility requires exact ids, tenants and boolean values (2.81225ms)
✔ document checks deduplicate and chunk without accepting contradictory scope (0.922875ms)
✔ document state database and transport failures do not fall back to enabled (0.154792ms)
✔ listAllDocuments derives expiry without mutating stored status (104.98825ms)
✔ listDocumentsByLegacyCompanyId derives expiry without mutating stored status (32.130167ms)
✔ single document derives expiry and preserves missing record (37.732375ms)
✔ company compliance counts expired stored-complete files as non-compliant (22.555542ms)
✔ Istanbul expiry includes day zero and thirty, expires on following day (0.758958ms)
✔ expiry changes at Istanbul midnight instead of UTC midnight (0.0865ms)
✔ stored complete does not keep an expired document green and mapping does not mutate raw data (0.100667ms)
✔ missing file and explicit missing status take priority; undated manual state stays intact (0.143875ms)
✔ initial snapshot and refresh are silent; only newly observed unread IDs sound (0.895625ms)
✔ scope keys separate companies and users; response mismatch fails closed (0.333417ms)
✔ links contain only a verified internal request target, company and date (1.65675ms)
✔ two tabs observing the same event play once; rapid batches are consumed silently (0.965375ms)
✔ storage or locking failure never falls back to uncoordinated sound (0.320042ms)
✔ shared ledger stores only bounded event IDs and time, never message content (0.50775ms)
✔ duplicate inbox rows are rejected instead of doubling counters or cards (0.225ms)
✔ impossible calendar day cannot reach the date formatter or deep link (0.0955ms)
✔ independent task inserts null company without company lookup and keeps assignment empty (0.822708ms)
✔ independent tasks cannot borrow company-linked context (0.81925ms)
✔ business day is independent of device timezone at Istanbul midnight (0.482667ms)
✔ actual day hook observes timer, wake and visibility changes, then removes listeners (34.389833ms)
✔ valid search and known filter values survive serialization (0.986916ms)
✔ malformed, oversized and wrongly typed preferences recover to defaults (0.485167ms)
✔ unknown keys and overlong fields cannot enter the filter state (0.102292ms)
✔ keys separate list, account, tenant and role without separator ambiguity (0.13625ms)
✔ distinguishes new, unchanged, changed and inactive without rewriting input (1.702ms)
✔ reads beyond first page and includes inactive rows (0.339083ms)
✔ null codes do not match by name; leading zeros and case remain distinct (0.120625ms)
✔ read failures and malformed pages never become new records (0.242292ms)
✔ changing totals and duplicated records across pages fail closed (0.299417ms)
✔ oversized directory stops after first page; no partial preview (0.246708ms)
✔ empty measured directory is allowed; duplicate input is rejected before reads (0.505625ms)
✔ UTF8 BOM CRLF and leading zeros retained (1.561208ms)
✔ quoted delimiter and escaped quotes (0.1945ms)
✔ bad quoting columns and headers rejected (0.200208ms)
✔ duplicate codes rejected, different leading zeros retained (0.118458ms)
✔ empty oversize and more than 500 rows rejected (0.473416ms)
✔ invalid cell types controls and empty text rejected (0.117333ms)
✔ only editable fields survive; leading/trailing whitespace is trimmed (1.323958ms)
✔ invalid identity, stale-token shapes and invalid text cannot become update commands (0.349834ms)
✔ response requires identity, exact new values and one revision advance (0.321334ms)
✔ max accepted revision advances safely and missing old values are unverifiable (0.106042ms)
✔ real service forwards scope and normalized payload; RPC error or malformed success is never accepted (0.354125ms)
✔ login preserves internal destination, query and hash after normalization (18.7685ms)
✔ login rejects external, backslash, controls and normalized host prefixes (1.600916ms)
✔ anonymous access request reaches handler while adjacent and protected paths redirect (3.702458ms)
✔ redirect retains refreshed session cookie options (0.778458ms)
✔ management date follows Istanbul midnight and owner/date filters stay server-side (28.869791ms)
✔ saved search stores normalized filter not a page and rejects corrupt/duplicate data (0.706625ms)
✔ availability rejects impossible dates, inverted and excessive intervals (0.351583ms)
✔ past and superseded availability never becomes current via fallback (0.087333ms)
✔ active work rejection has a useful admin message without raw database text (0.646292ms)
✔ task guard membership and role failures remain distinct in create and update (0.32575ms)
✔ transport failures are not translated into lost membership or role (0.098125ms)
✔ operation day rolls over at Istanbul midnight regardless of device timezone (43.977ms)
✔ quick views distinguish current owner, truly unassigned, and closed work (3.815167ms)
✔ active tasks sort by due day with stable ties without mutating input (14.178417ms)
✔ completion sends scope and revision to the gateway; server resolves actual privileges (0.919209ms)
✔ lost race, inaccessible task, transport error and invalid revision never succeed (4.179459ms)
✔ overdue view derives lateness from date and excludes completed, future and undated tasks (0.283167ms)
✔ desktop and mobile action availability preserves ownership and legacy assignee boundaries (1.281583ms)
✔ complete advisory response preserves all checks but never permits mutation (1.012208ms)
✔ a dependency-invalid draft is accepted so the UI can explain it; incomplete or coerced states are not (0.180458ms)
✔ scope revision membership role and advisory flags fail closed (0.445125ms)
✔ missing duplicate foreign and non-boolean checks never become an empty successful report (0.269708ms)
✔ dependency evidence must match the requested graph (0.166875ms)
✔ every resolution link targets an existing page (0.1885ms)
✔ one bounded RPC; transport errors and malformed responses never fall back (0.357458ms)
✔ route remount uses current workspace; stale cleanup cannot remove its protection (2.253458ms)
✔ navigation decision keeps the original event and synchronous cancellation (0.134292ms)
✔ company IDs are chunked and each assignment batch is paged to the measured total (15.675792ms)
✔ late assignment failure or unrelated company discards all previously read assignments (0.323583ms)
✔ failed manager read yields no company recipients and never starts partner lookup (1.908916ms)
✔ tasks candidate pages keep filters and never expose a partial source list (3.3085ms)
✔ documents candidate pages keep filters and never expose a partial source list (0.44625ms)
✔ appointments candidate pages keep filters and never expose a partial source list (0.625875ms)
✔ task module snapshots require a complete distinct boolean response and propagate transport failure (0.367541ms)
✔ task module snapshot chunks 501 distinct tenants without truncation (0.275416ms)
✔ document batch reaches last source/membership rows and keeps tenant contents out of the other email (20.220459ms)
✔ late documents error produces no sends or reservation writes (0.931583ms)
✔ late tenant_memberships error produces no sends or reservation writes (6.914584ms)
✔ unacknowledged notification stamps are errors, never sent or counted as already sent (20.62ms)
✔ unverifiable task owner is not treated as unassigned or sent to the manager fallback (2.974ms)
✔ verified task owner receives the task while a truly unassigned task goes to its tenant manager (1.93125ms)
✔ overdue tasks change day at Istanbul midnight, not three hours later at UTC midnight (6.322375ms)
✔ appointment reminders use tomorrow in Istanbul when UTC is still on the previous day (4.106042ms)
✔ tenant roles override global roles for document recipients (22.747458ms)
✔ missing membership role fails closed before any transport or stamp (3.411167ms)
✔ disabled task tenant never produces an email or a reservation (1.4015ms)
✔ unverifiable task module before stamping stops the email without consuming a reservation (1.10175ms)
✔ task module disabled after reservation is rechecked and reservation is rolled back before send (1.787625ms)
✔ unverifiable post-stamp module state releases the reservation and sends nothing (1.108292ms)
✔ calendar off before collection prevents sends (0.534583ms)
✔ calendar off after stamp prevents sends (0.983666ms)
✔ document pre-send gate removes contract-linked documents while retaining company documents (11.838042ms)
✔ document module closure after reservation prevents send and releases every reservation (25.16875ms)
✔ unverifiable document state before stamping sends nothing (2.370625ms)
✔ notification names resolve all referenced companies in bounded deduplicated chunks (1.667459ms)
✔ missing, truncated, duplicated or malformed company names fail instead of generating fallback mail (0.99175ms)
✔ a company cannot be associated with two tenants or acknowledge a different tenant (0.709167ms)
✔ contract batch reads past limits and sends each contract only to its tenant and assigned partner (27.488375ms)
✔ contract batch stops before stamps on a late read failure or missing company name (19.954334ms)
✔ contract 30-day window opens at Istanbul midnight (1.737666ms)
✔ a shared email in another tenant does not hide an eligible profile; same-tenant duplicates still get one copy (28.961833ms)
✔ multi-workspace contracts use tenant roles for managers and assigned partners (13.201541ms)
✔ contract module off filters candidates before names and reservations (0.566375ms)
✔ missing contract config sends nothing and never consumes a stamp (0.46925ms)
✔ contract closure after stamp releases reservation; rollback failure=false (2.467083ms)
✔ contract closure after stamp releases reservation; rollback failure=true (2.535375ms)
✔ contract recipients page managers, preserve email-only eligibility and restrict partner assignments/roles (1.60975ms)
✔ contract recipient later page failure rejects instead of returning earlier managers (0.590084ms)
✔ expiry contract reader reaches the last candidate past the server cap without selecting unused columns (1.3415ms)
✔ contract read failure or incomplete later page rejects the entire candidate set (0.461292ms)
✔ membership paging reaches the last row even when server cap is lower than requested (3.820167ms)
✔ later page error, changing count, empty gap and duplicate rows discard the entire map (2.020125ms)
✔ empty membership table is valid only with measured zero; thrown reads remain unavailable (0.45025ms)
✔ profile IDs are deduplicated and chunked without losing the last owner (1.3005ms)
✔ late error, count mismatch and unexpected or repeated profiles discard previous chunks (2.323291ms)
✔ missing profiles and contactless profiles are measured omissions, empty input does not query (0.158375ms)
✔ company recipients still exclude a former partner after shared profile lookup (0.5975ms)
✔ role profile pagination includes the last eligible recipient and excludes missing contact (0.556625ms)
✔ role profile errors and unexpected roles never expose a partial recipient list (0.275041ms)
✔ notification reservation requires the expected acknowledgement; empty data is not already sent (2.029042ms)
✔ unique conflict remains an idempotent skip and DB failures expose only their code (0.295917ms)
✔ bounded matcher catches identity-like and Turkish mobile forms (0.999542ms)
✔ ordinary dates, times, amounts and long identifiers remain usable; limits explicit (0.163417ms)
✔ all four submission validators reject before calling a service (0.699208ms)
✔ historical conversation and pending command resolution remain readable (0.58575ms)
✔ validation errors are actionable without echoing private text (0.150125ms)
✔ one request may have three signs but request count is unique (23.720375ms)
✔ removed absence and cancelled demands do not create actions (0.290917ms)
✔ future unknown does not count as outstanding but unfilled demand does (0.181333ms)
✔ due date uses snapshot Istanbul day across UTC midnight boundary (0.270917ms)
✔ wrong week or malformed snapshot never becomes clean checklist (0.234583ms)
✔ empty verified week and fully present request have no signs (0.215625ms)
✔ priority and search preserve overlap without summing people (0.314583ms)
✔ selected day only, including year boundary week (0.177833ms)
✔ query separates company locations and tenant workers (0.748667ms)
✔ page preserves leading zero code and manual null code (0.208ms)
✔ partial page, duplicate identity or wrong filter fails instead of showing clean data (0.198333ms)
✔ page beyond shrinking total is valid empty with true total (0.080292ms)
✔ worker shape cannot be mistaken for a company location (0.128208ms)
✔ activation keeps strict boolean and bounded expected revision (0.437375ms)
✔ activation response must identify exact change and revision (0.128166ms)
✔ 40 unique operation signatures generate the committed migration exactly (0.633209ms)
✔ schedule readers taking profile locks use write barrier; operations never require talent (0.149833ms)
✔ pilotError distinguishes module rejection from transport uncertainty (306.857958ms)
✔ fixedRosterError distinguishes module rejection from transport uncertainty (0.372917ms)
✔ workError distinguishes module rejection from transport uncertainty (15.396625ms)
✔ scheduleError distinguishes module rejection from transport uncertainty (22.358333ms)
✔ startError distinguishes module rejection from transport uncertainty (9.870541ms)
✔ command boundaries reject missing or invalid CAS, hash, bytes and filename (1.164709ms)
✔ receipt identity and terminal states cannot be borrowed or interpreted loosely (0.299125ms)
✔ invalid file is rejected before any RPC, including same-size different content (2.086958ms)
✔ lost upload response reconciles bytes before finish; same command retry returns receipt without Storage (3.320917ms)
✔ missing or mismatched Storage bytes cannot finish (2.543333ms)
✔ cancelled command never uploads; cancel-before-prepare uses full immutable command (1.893125ms)
✔ status distinguishes unknown transport, confirmed missing, malformed and published (0.261083ms)
✔ bounded multipart accepts a file above Server Action default and exactly 10 MiB (37.131917ms)
✔ body limit enforced on actual chunks despite missing or lying Content-Length (1.030958ms)
✔ malformed successful RPC data remains an unverifiable result, not invalid caller input (0.170542ms)
✔ fresh adapter after reload reuses persisted identity without storing form text (5.78475ms)
✔ canonical object key order is stable; changed payload and kind are distinct (2.124542ms)
✔ different account and tenant never borrow identity (1.402291ms)
✔ concurrent tabs reserve a single identity through shared lock (0.929834ms)
✔ acknowledgment removes only confirmed command; next identical intent has new identity (1.262375ms)
✔ blocked read/write and missing locks reject without volatile fallback (1.643917ms)
✔ malformed stored records fail closed (3.834708ms)
✔ 50 pending limit preserves old identities and blocks new writes (12.437416ms)
✔ failed acknowledgment retains original identity for safe retry (0.53575ms)
✔ reconciliation clears only terminal requested IDs; unknown and concurrent additions survive (1.550958ms)
✔ malformed, omitted, duplicate, foreign, and non-terminal-looking statuses preserve all pending identities (0.649208ms)
✔ reconciliation storage failure keeps recoverable identity (0.299708ms)
✔ read-only digest snapshot matches normalized intent without reserving or exposing payload (1.321125ms)
✔ reload and concurrent tabs reuse identity without retaining financial text (5.66325ms)
✔ changed file or mapping cannot silently allocate a second command (0.990875ms)
✔ scope isolation; settlement clears only the proven command (2.202042ms)
✔ storage failure and corrupt records fail closed (2.037083ms)
✔ failed settlement retains original identity (1.648375ms)
✔ only explicit input rejection permits clearing recovery; network/replay uncertainty preserves it (0.23275ms)
✔ command payload allowlists fields and trims text (1.743958ms)
✔ unknown commands including prototype properties are rejected (0.17325ms)
✔ request boundary, date and identity validation (0.173459ms)
✔ directory and assignment commands require their own fields (0.449291ms)
✔ null and nonboolean board data cannot become an empty or available board (0.232042ms)
✔ capacity and cancellation contradictions fail board validation (0.152833ms)
✔ capacity edit requires valid old and new counts and strips unrelated fields (0.118958ms)
✔ attendance requires exact status and nonnegative bounded revision (0.099958ms)
✔ board cannot drop attendance or turn unknown into absence (0.200834ms)
✔ request context round trips without dropping day, scope, or encoded job (5.010708ms)
✔ malformed or duplicate context cannot initialize a placement journey (0.190875ms)
✔ new, repeated and corrected files remain distinct (5.071416ms)
✔ rejects other tenant/project/source/month and partial snapshots (0.252125ms)
✔ both copies are blocked; changed source identity cannot duplicate work (0.541125ms)
✔ missing is not zero; malformed dates and durations are blocked (0.16425ms)
✔ omitted rows remain visible without deletion; corrupt snapshots fail (0.114583ms)
✔ multiple slots are separate; leading zero codes are preserved (0.087042ms)
✔ preview rejects incomplete, duplicate, invalid duration or status rows (0.702708ms)
✔ people response rejects duplicate codes and malformed candidates (0.155292ms)
✔ monthly report rejects incomplete, inconsistent or wrong-scope totals (0.697542ms)
✔ empty report is explicit and duration retains minutes (17.090209ms)
✔ UTF-8 CSV preserves codes and explicitly converts hours (1.92075ms)
✔ invalid encoding, duplicate columns, partial row fail (0.235ms)
✔ blank/formula/day-text/fractional-minute/out-of-range never become zero (0.4985ms)
✔ wrong month, formula metadata and duplicate mapping block (0.218584ms)
✔ incomplete lists, duplicates and wrong tenant fail (1.244417ms)
✔ details reject impossible dates and incomplete child pages (2.377958ms)
✔ page offsets are bounded and aligned (0.159625ms)
✔ work details fail on missing pages, duplicates, wrong scope and invalid durations (0.926583ms)
✔ Excel dates and zero-padded codes survive extraction (3.540916ms)
✔ formulas remain flagged; merged, hidden-only and oversized sheets reject (1.16975ms)
✔ task rejects wrong company, tenant, invisible relation and read failure before insert (0.973542ms)
✔ task accepts same company/tenant relation and queries explicit scope (0.574625ms)
✔ task rejects company belonging to another tenant (0.109333ms)
✔ appointment rejects wrong company, tenant, invisible relation and read failure before insert (0.226667ms)
✔ appointment accepts same company/tenant relation and queries explicit scope (0.373667ms)
✔ appointment rejects company belonging to another tenant (0.298709ms)
✔ task appointment relation is independently validated before insert (0.303584ms)
✔ no relation requires no extra relation reads and preserves nullable IDs (0.337125ms)
✔ replacement search is Turkish-normalized and excludes booked, inactive and current worker (6.545291ms)
✔ selected available worker survives no matching search without inflating match count (0.761125ms)
✔ selection cannot bypass availability and does not duplicate a matched worker (0.22575ms)
✔ only an explicit scoped null latest is interpreted as no conversation (0.821584ms)
✔ transport error cannot become a zero revision snapshot (0.17975ms)
✔ latest revision and actor are validated before exposing the record (0.379125ms)
✔ write retains scope, command ID and revision; validates response against submitted command (0.410542ms)
✔ invalid input stops before RPC and write errors are preserved for reconciliation (0.162917ms)
✔ eleven-digit numeric codes are blocked without collecting or validating identity (0.738333ms)
✔ ordinary business codes, dates and UUIDs are not reclassified as identities (0.086ms)
✔ spreadsheet row is held with field message and no accepted value (1.182375ms)
✔ database rejection is translated without echoing the input (0.310042ms)
✔ weekdays selected across year boundary and leap day (2.002834ms)
✔ range limit is inclusive 31 days; reverse, empty weekday and invalid calendar rejected (0.288625ms)
✔ payload normalization gives same dates and trimmed content for retry identity (0.475041ms)
✔ malformed or excessive payload never reaches writes (0.184125ms)
✔ removed preview days remain excluded from canonical payload (0.09875ms)
✔ batch result must contain exact count and distinct identities for the same command (0.129958ms)
✔ IDP period keeps original leave interval while excluding non-working preview days (2.514875ms)
✔ all routes prohibit framing and set browser safety headers without breaking scripts (47.279917ms)
✔ all valid module combinations intersect dashboard roles, without enabling dependent sections (13.455333ms)
✔ shared loader rejects malformed/foreign snapshots and transport errors (9.154208ms)
✔ page boundary never mounts business readers before validation; off, error and role denial remain distinct (59.554083ms)
✔ page boundary retries failed settings and ignores a response after unmount (8.748083ms)
✔ actual completion form explicitly sends task true, unchecked false, and unavailable false (54.9495ms)
✔ failed completion preserves both result fields and shows a retryable error (15.212041ms)
✔ actual dashboard skips disabled queries/cards; independent tasks work without company lookup (124.012625ms)
✔ actual dashboard fetches enabled sections but never offers partner task access (71.85975ms)
✔ late assignment skips prior checks and requires immediate call (2.140167ms)
✔ last recorded event wins, not scheduled offset (0.558333ms)
✔ past plan events cannot colour new plan (0.135916ms)
✔ claimed arrival remains unverified at start even if all calls recorded (0.20025ms)
✔ confirmation closes remaining calls without fabricating events; removal closes writes (0.097708ms)
✔ unknown or malformed call outcome fails closed instead of hiding required action (0.733209ms)
✔ all supported call results and extra call offset remain accepted (0.176416ms)
✔ daily attendance conflict directs the operator to reopen independent confirmation (0.222833ms)
✔ mobile next call suggests earliest due unrecorded step regardless of offset order (0.136042ms)
✔ mobile next call never reopens closed/confirmed work or fabricates scheduled checks (0.188125ms)
✔ known rejected command is removed only after terminal server closure (13.035ms)
✔ previous commit wins over a later rejection; never claims not saved (0.913ms)
✔ scope denial, unknown or malformed reconciliation preserve pending identity (8.392417ms)
✔ network, lock and unknown errors never automatically close a command (1.120167ms)
✔ storage failure after response keeps uncertainty rather than fake cleanup (0.469459ms)
✔ input, witness, replay and plan errors have useful distinct explanations (0.1365ms)
✔ zero assignments differs from zero outstanding tracking (2.314209ms)
✔ full count survives first-page/top-three rendering (1.453916ms)
✔ partial or wrong-scope response is not a healthy summary (0.697417ms)
✔ confirmed or closed record cannot become an outstanding item (0.371167ms)
✔ employee claim remains pending and lost responsibility is explicit (0.392375ms)
✔ tracking link preserves exact day and enables only explicit action filter (0.131292ms)
✔ tracking link preserves day and safely encodes worker search without enabling urgent filter (1.927417ms)
✔ missing name and invalid day cannot produce an unrelated tracking destination (0.172416ms)
✔ tracking preserves return company separately from the all-company query and chosen return day (0.24325ms)
✔ return navigation rejects malformed company and impossible dates without accepting arbitrary URLs (0.15975ms)
✔ future, due and overdue controls have distinct boundaries (0.596666ms)
✔ claimed arrival never confirms; start deadline escalates even after all calls (0.108375ms)
✔ cannot attend needs replacement; unreachable differs from absence (0.07925ms)
✔ verified arrival skips remaining controls, retains recorded outcomes (0.089042ms)
✔ removed assignment closes pending controls; invalid confirmation cannot green a row (0.179291ms)
✔ midnight arithmetic and malformed schedules (1.059791ms)
✔ onboarding access excludes operations while ordinary attachments remain available (0.795292ms)
✔ metadata rejects path names, oversized files, PDF photos and forged properties (6.203375ms)
✔ file signature is checked rather than trusting filename or browser MIME (0.678125ms)
✔ lost upload response survives reload and reuses its command without storing file contents (2.733083ms)
✔ upload references are isolated by actor, tenant, person, category and file fingerprint (0.205042ms)
✔ blocked, silently discarded or corrupted browser storage prevents starting a new command (0.167833ms)
✔ confirmation cannot clear a different command written by another tab (0.097125ms)
✔ upload recovery accepts duplicate status 400 or 409 and lost responses only after database confirmation (0.260709ms)
✔ a successful Storage response never substitutes for failed or non-boolean database confirmation (0.252417ms)
✔ confirmed reserve replay avoids uploading twice; malformed reserve never uploads (0.201792ms)
✔ two tabs reserve one upload command through the same exclusive lock (0.192916ms)
✔ missing or rejected cross-tab lock never allocates an upload reference (0.790833ms)
✔ attachment list distinguishes measured empty from missing or corrupt response (0.588833ms)
✔ attachment list rejects wrong person, duplicate IDs and malformed file metadata (0.722917ms)
✔ attachment list keeps the 51st pagination sentinel but rejects an unexpected oversized response (0.237667ms)
✔ confirmation and reservation use the same lock; a queued new command survives cleanup (0.251042ms)
✔ confirmation preserves recovery reference if cross-tab lock cannot be acquired (0.114042ms)
✔ cancel cleanup only clears matching command inside the same actor tenant and person (0.191042ms)
✔ explicit empty differs from missing, and every requested identity is accounted for (0.846542ms)
✔ reject wrong tenant, actor, timestamps and job-specific decline in general summary (0.173791ms)
✔ bound requests to one server page and accept empty page (1.026375ms)
✔ conversation captures an outcome without manufacturing availability or a placement (0.800333ms)
✔ declining a job requires that specific request; malformed values fail (0.19875ms)
✔ response belongs to requested tenant/person and contains a real server actor/time (0.224375ms)
✔ history rejects mixed people, duplicate ids and oversized responses (0.451375ms)
✔ combined filters normalize without dropping constraints (0.738833ms)
✔ invalid ranges, malformed filters and null values fail validation (0.284875ms)
✔ demographics remain optional and omission is distinct from explicit clear (26.054334ms)
✔ server response must echo every applied filter (0.236958ms)
✔ availability requires date and state together; saved legacy filters remain valid (0.191667ms)
✔ person responses retain demographics through list, detail and edit validation (0.929833ms)
✔ callback view survives validation and saved searches; response cannot silently use all (9.933292ms)
✔ batch request preserves sparse physical row numbers and rejects malformed or duplicate decisions (262.307792ms)
✔ status must be complete and belong to the expected actor, company, batch and source (0.352208ms)
✔ terminal receipt and blocked codes cannot be coerced or accepted for another row (4.992291ms)
✔ services use scoped RPCs, validate inputs before calls, and never translate transport failures into success (23.295833ms)
✔ unknown recovery stays distinct from closed and rejects another scope or reference (1.084916ms)
✔ selected plan maps only approved fields and strips all held source information (22.164084ms)
✔ history requires a complete scoped page and valid pending counts (2.288458ms)
✔ result report includes each physical source row and distinguishes unsettled from saved (1.159083ms)
✔ comparison snapshot distinguishes measured empty from incomplete, malformed and foreign results (1.586125ms)
✔ read service sends only verified scope, not spreadsheet content, and validates response (0.687541ms)
✔ Turkish phone formats match but do not imply identity (0.883458ms)
✔ blank fields preserve existing data; new contacts are additive and old city conflicts visible (0.264125ms)
✔ name and contact matching different people requires review; never prefer one silently (0.169083ms)
✔ source issues remain blocking review even when no current match exists (0.142583ms)
✔ many ambiguous matches are bounded and explicitly labelled; file rows are never merged (0.527875ms)
✔ every source row is accounted for; no decision is guessed (4.06225ms)
✔ existing identity selection never accepts field changes by default (1.944208ms)
✔ source issues, unknown targets, illegal changes and matches cannot become new writes (0.649041ms)
✔ two source rows targeting one person require resolution even for unchanged rows (0.275375ms)
✔ new rows with normalized shared identity do not silently create duplicates (0.349291ms)
✔ new row conflicting with another row resulting contact is also blocked (0.272209ms)
✔ contact capacity and revision overflow cannot be hidden by review (0.395042ms)
✔ existing city-only import excludes rejected source name and contact values from the actual request (27.70775ms)
✔ selected email is retained, unchanged rows send only stored name, hold rows send no personal data (1.516208ms)
✔ suggestions are conservative, duplicates and branch city are not guessed (12.804959ms)
✔ calendar dates reject impossible days and ambiguous serials (0.263541ms)
✔ repeated names and shared phones retain all physical source rows without merging (1.237667ms)
✔ coverage statuses remain source history; invalid ranges and unmapped fields remain visible (1.178541ms)
✔ missing, overlapping and wrong-scope mappings are rejected (0.317583ms)
✔ real XLSX reader preserves hidden sheet, physical row numbers, dates and formula diagnostics (147.492208ms)
✔ CSV supports BOM CRLF quoted delimiters; bad encoding and renamed text fail (4.600875ms)
✔ worksheet extents cannot silently truncate oversized sources (9.234208ms)
✔ name-only source and unmapped formula can be explicitly prepared as new without merging (135.5935ms)
✔ mapped formula, error, invalid contact and missing name still block a new-person decision (2.285125ms)
✔ ten long emails fit the workbook cell budget without truncation; over-limit cells fail (1.920375ms)
✔ a large source is partitioned without losing or renumbering any source row (6.559875ms)
✔ duplicate targets across partition boundary are rejected before any part can be sent (0.535625ms)
✔ queue references reject corruption and duplicates instead of skipping parts (0.18625ms)
✔ local import receipt distinguishes absent, valid, malformed JSON and old shape (2.73025ms)
✔ blocked storage stays unavailable, is never treated as an empty receipt, and leaks no raw contents (0.242834ms)
✔ person receipt retry preserves command identity and distinguishes malformed and blocked storage (0.238583ms)
✔ resolved receipt removal failure preserves receipt and allows retry without leaking storage error (0.091333ms)
✔ reference preserves exact command and stores no person fields (1.170583ms)
✔ reference cannot recover into a different actor or tenant (0.249583ms)
✔ corrupt, old or unconfirmed references fail closed (0.112083ms)
✔ migration is exactly generated from 39 unique reviewed signatures and source bodies (0.760334ms)
✔ write guards come before original business statements; only worker preparation needs staffing (0.127834ms)
✔ known module denials are clear, while transport uncertainty remains distinct (0.19675ms)
✔ name-only records preserve unknown contacts, region and work type (2.966375ms)
✔ invalid contacts, hidden extra fields and unsupported work types are rejected (0.36275ms)
✔ page completeness, duplicate IDs, foreign scope and null RPC results fail closed (4.23825ms)
✔ recovery only confirms the expected person, command and revision (0.179875ms)
✔ UUID assignment displays the directory name even without legacy text (0.95225ms)
✔ current directory name supersedes stale legacy text (0.239208ms)
✔ loading, failure and missing directory entry never claim unassigned (0.212375ms)
✔ blank profile name is still an assignment (0.180417ms)
✔ name-only rows are clearly marked as legacy (0.264708ms)
✔ only a row without UUID or legacy name says unassigned (0.082041ms)
✔ claim sends expected scope and revision to the atomic gateway; display names are not trusted (1.281167ms)
✔ losing claim, inaccessible record and transport failure cannot report success (0.572625ms)
✔ claim and quick completion use one command rather than separate mutable role and tenant snapshots (0.318667ms)
✔ bad scope is rejected before a claim/completion command is sent (0.126875ms)
✔ module disabled, missing configuration and transport failure remain distinct from a lost claim (0.174292ms)
✔ links contain only the task UUID and round trip (0.643833ms)
✔ unrelated task-prefill parameters do not become a task link (0.082708ms)
✔ malformed, empty and duplicate IDs are rejected (0.384791ms)
✔ URL round trip carries only identifiers and date (2.431291ms)
✔ ordinary tasks page has no prefill; partial and duplicate context rejected (0.279875ms)
✔ reject malformed ids, impossible dates and unsupported date bounds (0.1395ms)
✔ prefill derives fresh name and title from server data, no assignee/source FK or deadline inferred (0.61825ms)
✔ missing company/request/location and mismatched day fail without fallback (0.337292ms)
✔ passive company and cancelled request cannot prepare a new followup (0.131708ms)
✔ inactive location may still need a followup on an existing active request (0.112666ms)
✔ invalid or missing revision fails before any raw request (0.8465ms)
✔ update filters exact loaded revision and returns new row (0.494ms)
✔ zero rows is a conflict, transport/database error stays different (0.333792ms)
✔ history has an honest twenty-row limit and extra-row indicator (0.182583ms)
✔ command validates bounded unique integer revisions and canonical identities (10.755208ms)
✔ snapshot normalization removes ordering and presentation from command identity (0.152291ms)
✔ preview rejects silent omissions, duplicate rows, unsafe counts and wrong source (0.240667ms)
✔ directory allows unnamed departed source, never absent arrays or duplicate targets (0.191834ms)
✔ result must match exact command scope and moved count (0.122334ms)
✔ service writes one RPC and has no iterative task fallback (0.191042ms)
✔ invalid command fails before write and malformed successful response is uncertain (0.218709ms)
✔ transport error cannot be mislabeled as nonmember or conflict (1.500542ms)
✔ module rejection is definite but a transport error remains uncertain (0.378833ms)
✔ task screen requires verified actor, tenant, live role and complete module snapshot (3.719208ms)
✔ task company directory keeps narrow fields, ordered complete pagination and rejects wrong tenant (1.522916ms)
✔ context navigation needs an enabled source module; missing state never defaults to all links (0.185084ms)
✔ actual task form hides disabled company controls instead of calling the company list empty (8.52825ms)
✔ reverse formula rejects the historical negative-price case and below-baseline amounts (0.535833ms)
✔ every numeric input rejects negative and non-finite values (0.122708ms)
✔ zero markup is valid and markup is applied to cost, not sales margin (0.136291ms)
✔ form parser distinguishes missing required input from optional zero and rejects partial numeric strings (0.073708ms)
✔ hard dependencies are a DAG; unknown, duplicate and self edges are rejected (0.669166ms)
✔ talent, tasks and announcements stand alone; reporting and staffing do not require each other (1.018084ms)
✔ every one of the 1024 configurations is accepted iff all required dependencies are enabled (8.717209ms)
✔ partial, unknown, inherited and non-boolean module values never imply enabled (0.265167ms)
✔ context keeps bigint revisions exact and discards unrelated response fields (0.443459ms)
✔ actor/company/generation/role/protocol mismatches cannot supply a context (0.460083ms)
✔ all existing member roles retain their role without receiving new privileges (0.157416ms)
✔ an older response from another workspace is rejected and no RPC fallback runs (0.379291ms)
✔ one bounded RPC returns the whole snapshot, without a client-selected tenant argument (0.179333ms)
✔ migration catalog is generated from the same manifest, not a second hand-maintained graph (0.224917ms)
✔ cancelled presence remains actual; removed unknown is not outstanding (2.137375ms)
✔ no declarations cannot silently become zero attendance (0.609667ms)
✔ duplicate or unmatched declarations fail verification (0.6865ms)
✔ same worker on different days counts separate person days (0.223042ms)
✔ absence total counts declarations, not unique people (0.109042ms)
✔ Monday week boundaries include Sunday, leap day, year and minimum date (2.88475ms)
✔ totals count person-days, exclude cancellations and retain unfilled requests (0.534542ms)
✔ empty verified plan is accepted; null and wrong company/week are not (1.655083ms)
✔ range, duplicate requests, capacity, missing staff and cancelled assignment contradictions fail closed (0.487709ms)
✔ same worker on separate days allowed, double booking or repeated assignment ID rejected (0.265333ms)
✔ CSV records scope/time and quotes delimiters, double quotes and embedded newlines (0.269834ms)
✔ CSV neutralizes formula prefixes including whitespace before formula (0.293083ms)
✔ CSV cancellations are opt-in and contribute zero active open (0.089958ms)
✔ overnight is explicit; break reduces actual work; invalid time never becomes an estimate (0.736167ms)
✔ 24 hour limit and zero-length work are distinct; no automatic overnight guessing (0.0975ms)
✔ correction reason required and only valid scoped record can establish revision zero (0.887375ms)
✔ net totals and contiguous latest audit history must agree with the record (0.177084ms)
✔ receipt is matched to command, assignment, action and next revision (0.142417ms)
✔ invalid write fails before RPC; exact payload and errors are preserved (0.234583ms)
✔ company/day list rejects wrong scope, partial shape, duplicates and malformed totals (1.192083ms)
✔ latest 20 audit entries are accepted only in contiguous descending revision order (0.13625ms)
✔ declared per-entry and aggregate expansion are bounded (0.535584ms)
✔ malformed directories, encryption, volume split and entry-count overflow fail (0.298041ms)
✔ preparation preserves identity and explicit work kind; normalizes code (0.810166ms)
✔ rejects malformed identities, revisions and unsupported work types (0.246625ms)
✔ receipt must match command, person, next revision and real worker id (0.130583ms)
✔ five surplus staff in one location cannot cancel five missing in another (0.787ms)
✔ zero target, fully staffed and empty sets remain distinct and nonnegative (0.090458ms)
✔ workspace identity follows server data and never a user-editable company name (0.91475ms)
✔ missing, malformed and mismatched company or actor responses fail closed (0.356542ms)
✔ write target requires both the same actor and company (0.128208ms)
✔ RPC errors and null success never invent a company or return a stale identity (0.317292ms)
✔ company context request carries no caller-selected company and has a deadline (0.141791ms)
✔ UI company comes from verified workspace when getUser metadata lacks token-hook claims (0.10975ms)
✔ role and company are accepted together and user metadata cannot supply authority (0.152ms)
✔ invitation parsing fails closed and excludes server extras (1.375334ms)
✔ token has 256 random bits and transport failure is not labelled invalid invitation (1.276ms)
✔ setup accepts measured zeros but rejects unavailable/wrong-scope response (1.62975ms)
✔ setup rejects coerced, missing, negative or unsafe counts and invalid calendar dates (0.158625ms)
ℹ tests 621
ℹ suites 0
ℹ pass 621
ℹ fail 0
ℹ cancelled 0
ℹ skipped 0
ℹ todo 0
ℹ duration_ms 18190.236541
