✔ six validated immediate RESTRICT keys retain their original column order (113.325542ms)
✔ company cannot cascade its contract, appointment or document history (2.680833ms)
✔ contract deletion cannot detach an appointment or reclassify its PDF as a general document (2.164917ms)
✔ completed appointment cannot lose its idempotency receipt through parent deletion (1.644667ms)
✔ status changes and nullable contract-free appointments remain usable (1.649167ms)
✔ deleting a parent with no dependent history is still allowed (0.901791ms)
✔ SET NULL scope drift is rejected before changing that relation (8.796375ms)
✔ an extra cascading FK aborts and rolls back the whole migration (9.930083ms)
Synthetic company commands DB: 17.10
✔ create assigns verified tenant/actor and normalizes defaults without client DML privileges (165.341542ms)
✔ CSV status/risk values survive the same creation command (24.183584ms)
✔ status command changes only status and a repeat does not trigger another update (10.422542ms)
✔ wrong actor, tenant, role and foreign company cannot write (12.141667ms)
✔ input keys, types, empty names and unsupported status values are rejected (21.180792ms)
✔ closed customers rejects both creation and status changes; malformed config fails closed (5.639042ms)
✔ stale membership and repeatable read do not execute commands (3.056083ms)
✔ anon and service role cannot execute the company command (2.704625ms)
✔ config writer wins: command waits before profile lock then sees disabled customers (27.494292ms)
✔ company command wins: config updater waits until full business transaction ends (14.5935ms)
✔ role is rechecked after waiting for membership profile lock (31.138ms)
Synthetic contact commands DB: 17.10
✔ operations patches only supplied fields; absent email remains current (149.066458ms)
✔ empty channels, empty patch, injected name and malformed payload are rejected (34.79825ms)
✔ manager deletes exactly the company-bound contact; repeated delete fails (12.358708ms)
✔ operations cannot delete/import; other roles cannot patch (61.306833ms)
✔ wrong company, tenant, actor and foreign-company import are rejected (30.64825ms)
✔ CSV preserves the existing primary and rejects duplicate primary instead of demoting (14.880084ms)
✔ CSV has the same five-contact limit and passive-company guard (42.006583ms)
✔ effective contact DML is gone for app roles; legacy manager create/full edit still works (26.940625ms)
✔ disabled customer module blocks every new action (29.864042ms)
✔ configuration lock comes before profile; waiting command sees committed module closure (35.946166ms)
✔ role is rechecked after a blocked profile lock (28.196959ms)
✔ cutover refuses inherited column UPDATE grants (7.460041ms)
✔ concurrent partial edits merge against the locked row, not a stale client snapshot (46.063125ms)
✔ all five exact foreign keys become validated immediate RESTRICT constraints (158.946542ms)
✔ company deletion cannot cascade contacts or notes, even with modules disabled (8.168ms)
✔ profile deletion cannot erase contact or note authorship (7.544667ms)
✔ mizan upload deletion cannot silently remove confirmed row history (3.429417ms)
✔ deactivation and membership removal preserve historical records and continue working (3.425292ms)
✔ unreferenced parents can still be deleted; this is not a blanket delete trigger (1.906459ms)
✔ schema drift fails and rolls back earlier constraint replacements (17.984959ms)
✔ concurrent child insert prevents a waiting company delete after commit (28.928625ms)
Synthetic customers DB: 17.10
✔ customer read gates preserve repository role policy matrix (131.991875ms)
✔ customer reads retain tenant identity and never leak a foreign contact (45.131333ms)
✔ closed customer module hides all three sets and task company choices without deleting records (42.882042ms)
✔ closing tenant A leaves tenant B customer reads unchanged (38.365125ms)
✔ a stale claim after membership removal returns no customer data (28.518083ms)
✔ missing config and invalid dependency snapshots do not become enabled (37.011875ms)
✔ a permissive policy cannot OR around the module read fence (8.00525ms)
✔ migration aborts if any target RLS is disabled and rolls back prior policy work (5.8325ms)
Synthetic notes/contact DB: 17.10
✔ manager, operations and HR can create notes; author is resolved from the profile (221.59075ms)
✔ other roles cannot create, edit, pin or delete notes (32.1695ms)
✔ operations and HR can edit only their own notes and cannot pin/delete (104.774584ms)
✔ manager can pin and delete; missing targets never report a successful mutation (17.939917ms)
✔ even manager cannot edit a note through a different same-tenant company (15.232541ms)
✔ forged author, pin-at-create, invalid tags and blank/non-string content are rejected (15.588958ms)
✔ passive companies retain note creation but reject new contacts (13.6985ms)
✔ company/note direct writes are revoked, while both note and legacy contact commands still work (17.600958ms)
✔ legacy full contact command preserves atomic primary selection and max five limit after cutover (39.446458ms)
✔ legacy contact command rejects other roles and foreign targets (25.342917ms)
✔ disabled module blocks note and contact commands, including the unchanged legacy signature (27.240625ms)
✔ config change wins: note and contact wait before profile locks and see disabled state (104.460042ms)
✔ note transaction holds the configuration lock until transaction completion (28.486208ms)
✔ contact definer conversion rejects body drift instead of elevating altered code (6.496584ms)
✔ write cutover rejects inherited table privileges (4.587209ms)
✔ existing authenticated CSV contact insert remains compatible after company UPDATE is revoked (4.467584ms)
✔ role is rechecked after the profile lock for both contact and note writers (147.526875ms)
✔ blank profile names are rejected instead of inventing a note author label (3.917458ms)
✔ only service role can execute the two notification projections (153.422583ms)
✔ a company cannot resolve through another tenant, even for the service role (1.619083ms)
✔ module-specific disabling is isolated between tenants and blocks the corresponding names (6.57525ms)
✔ turning customers off with dependent modules off prevents either company projection (3.960667ms)
✔ incomplete settings and broken dependencies raise errors rather than enabled or disabled defaults (5.114542ms)
✔ invalid modules, excessive and null tenant arrays are rejected (7.873458ms)
✔ company arrays must be bounded, unique and pairwise complete (6.205208ms)
✔ unknown tenant configuration and missing company fail closed (2.710958ms)
✔ all candidate and document-state RPCs are service-only (4.622958ms)
✔ SQL candidates preserve source date/status filters and expose only notification columns (6.51775ms)
✔ contract off preserves company documents but removes linked documents and contract candidates (4.483958ms)
✔ documents/calendar off prevents SQL candidates for only that tenant (3.153875ms)
✔ foreign-company or foreign-tenant contract links are excluded, not projected (2.083292ms)
✔ document state uses current relationship and acknowledges removed records as ineligible (6.186042ms)
✔ candidate readers fail on incomplete configuration instead of silently treating it as disabled (4.790917ms)
✔ document-state inputs reject missing, excessive and duplicate pairs (4.911333ms)
✔ service raw SELECT is denied after cutover while all notification projections remain usable (13.639708ms)
✔ service read cutover rejects inherited column access instead of claiming closure (4.434ms)
Synthetic finance DB: 17.10
✔ finance AND policies retain role and tenant filtering while enabled (164.008042ms)
✔ closed finance hides all three tables without deleting records (27.102917ms)
✔ atomic import still writes and replays the same receipt once when enabled (29.839917ms)
✔ closed finance rejects both new import and old replay before any write (31.630042ms)
✔ wrong role, foreign company and stale claimed tenant remain rejected (15.746042ms)
✔ malformed module configuration and stronger isolation fail closed (8.33775ms)
✔ anon, authenticated and bypassrls service cannot mutate directly or call retired RPCs (47.249208ms)
✔ config change wins: import waits before profile lock then observes disabled state (45.609125ms)
✔ import wins: config update waits for full import transaction (29.153709ms)
✔ migration revokes direct column privileges as well as table privileges (12.034334ms)
✔ migration aborts on inherited write privileges (10.558625ms)
✔ migration aborts on command body drift (9.129375ms)
✔ migration aborts on a callable same-name overload (10.497875ms)
✔ manager sees all fifteen checks with no settings mutation or save authorization (136.139791ms)
✔ anon service and non-manager cannot use the preview (8.711042ms)
✔ cross tenant, actor mismatch, removed membership and stale revision reject (12.02025ms)
✔ invalid JSON shapes and coerced booleans reject before any business scan (15.167667ms)
✔ dependencies report requested state, do not silently enable or cascade disable (4.983625ms)
✔ no-change draft scans no business tables and bigint revision stays exact (5.358ms)
✔ unfinished_tasks: own tenant blocks, foreign tenant and completed history do not (15.646209ms)
✔ unfinished_appointments: own tenant blocks, foreign tenant and completed history do not (39.691917ms)
✔ unfinished_contracts: own tenant blocks, foreign tenant and completed history do not (25.880084ms)
✔ pending_talent_import: own tenant blocks, foreign tenant and completed history do not (44.134416ms)
✔ open_staffing_demands: own tenant blocks, foreign tenant and completed history do not (20.717ms)
✔ upcoming_requests: own tenant blocks, foreign tenant and completed history do not (11.371291ms)
✔ upcoming_assignments: own tenant blocks, foreign tenant and completed history do not (13.469833ms)
✔ unapproved_work: own tenant blocks, foreign tenant and completed history do not (10.319875ms)
✔ active_roster: own tenant blocks, foreign tenant and completed history do not (10.28275ms)
✔ active_schedules: own tenant blocks, foreign tenant and completed history do not (8.649208ms)
✔ open_reporting_periods: own tenant blocks, foreign tenant and completed history do not (9.744833ms)
✔ pending_reporting_imports: own tenant blocks, foreign tenant and completed history do not (8.950792ms)
✔ unknown and null states stay blocking instead of passing as completed (11.494041ms)
✔ dates use Istanbul business day regardless of session timezone (8.743792ms)
✔ missing relation produces an error, never a green empty report (5.416042ms)
✔ real SQL response satisfies the application parser contract (673.404167ms)
✔ customer_linked_tasks: dependent open task is visible even when tasks stays enabled (14.549792ms)
✔ appointment_linked_tasks: dependent open task is visible even when tasks stays enabled (26.752167ms)
✔ contract_linked_tasks: dependent open task is visible even when tasks stays enabled (7.787125ms)
✔ ops_execute_scoped: staffing off denies before business body (272.51025ms)
✔ ops_reconcile_commands: staffing off denies before business body (20.251209ms)
✔ ops_create_request_batch: staffing off denies before business body (19.888667ms)
✔ ops_resize_request: staffing off denies before business body (10.435458ms)
✔ ops_record_attendance: staffing off denies before business body (10.0625ms)
✔ ops_replace_assignment: staffing off denies before business body (12.627958ms)
✔ ops_set_directory_active: staffing off denies before business body (4.314417ms)
✔ ops_start_execute: staffing off denies before business body (7.481417ms)
✔ ops_start_board: staffing off denies before business body (5.370083ms)
✔ ops_start_board_filtered: staffing off denies before business body (4.230083ms)
✔ ops_replace_assignment_before_start: staffing off denies before business body (4.622875ms)
✔ ops_comment_send: staffing off denies before business body (4.990875ms)
✔ ops_comment_list: staffing off denies before business body (3.710458ms)
✔ ops_comment_inbox: staffing off denies before business body (3.861041ms)
✔ ops_comment_read: staffing off denies before business body (3.330209ms)
✔ ops_comment_people: staffing off denies before business body (3.777958ms)
✔ ops_comment_inbox_page: staffing off denies before business body (4.156959ms)
✔ ops_comment_resolve: staffing off denies before business body (5.596ms)
✔ ops_update_location: staffing off denies before business body (4.053625ms)
✔ ops_record_replacement_outreach: staffing off denies before business body (4.785333ms)
✔ ops_replacement_outreach_history: staffing off denies before business body (4.816792ms)
✔ ops_replacement_outreach_latest: staffing off denies before business body (3.622083ms)
✔ ops_work_record_execute: staffing off denies before business body (5.098375ms)
✔ ops_work_record_read: staffing off denies before business body (4.375584ms)
✔ ops_work_record_list: staffing off denies before business body (3.750291ms)
✔ ops_idp_read: staffing off denies before business body (3.868875ms)
✔ ops_idp_save: staffing off denies before business body (5.490666ms)
✔ ops_idp_period_create: staffing off denies before business body (3.988625ms)
✔ ops_idp_period_read: staffing off denies before business body (3.175875ms)
✔ ops_idp_period_manage: staffing off denies before business body (4.588625ms)
✔ ops_idp_period_history: staffing off denies before business body (3.696583ms)
✔ ops_fixed_roster_save: staffing off denies before business body (4.133708ms)
✔ ops_fixed_roster_list: staffing off denies before business body (5.266042ms)
✔ ops_fixed_roster_history: staffing off denies before business body (4.351625ms)
✔ ops_fixed_roster_idp_create: staffing off denies before business body (4.866125ms)
✔ ops_create_timed_requests: staffing off denies before business body (4.793583ms)
✔ ops_schedule_save: staffing off denies before business body (4.148375ms)
✔ ops_schedule_list: staffing off denies before business body (6.448958ms)
✔ ops_schedule_preview: staffing off denies before business body (4.319291ms)
✔ ops_schedule_generate: staffing off denies before business body (10.046166ms)
✔ every original statement and exact signature is preserved (22.761125ms)
✔ enabled IDP read uses actual body; talent off does not break operations (9.640041ms)
✔ each endpoint rejects actor and workspace spoof before business work (65.48575ms)
✔ original IDP role restriction survives for HR (5.0575ms)
✔ anon and service execute is denied for every scoped endpoint (31.543666ms)
✔ writer waits for settings lock then sees committed disabled state (35.138416ms)
✔ late catalog drift rolls back previous endpoint patches (59.207542ms)
✔ an unreviewed exposed actor endpoint stops migration (40.846042ms)
✔ enabled notification write keeps original recipient boundary and does not duplicate timestamp (15.714458ms)
✔ talent_people_page rejects disabled talent before its business body (336.536458ms)
✔ talent_person_detail rejects disabled talent before its business body (13.406208ms)
✔ talent_save_person rejects disabled talent before its business body (20.474625ms)
✔ talent_resolve_person_command rejects disabled talent before its business body (18.338292ms)
✔ talent_compare_snapshot rejects disabled talent before its business body (13.680917ms)
✔ talent_import_status rejects disabled talent before its business body (6.267375ms)
✔ talent_import_prepare rejects disabled talent before its business body (4.060792ms)
✔ talent_import_apply_row rejects disabled talent before its business body (6.436625ms)
✔ talent_import_cancel rejects disabled talent before its business body (9.559834ms)
✔ talent_import_recover rejects disabled talent before its business body (10.866417ms)
✔ talent_import_close rejects disabled talent before its business body (4.845ms)
✔ talent_import_history rejects disabled talent before its business body (3.977541ms)
✔ talent_conversation_save rejects disabled talent before its business body (5.171292ms)
✔ talent_attachment_reserve rejects disabled talent before its business body (4.833875ms)
✔ talent_attachment_finish rejects disabled talent before its business body (5.011542ms)
✔ talent_attachment_list rejects disabled talent before its business body (6.246417ms)
✔ talent_attachment_pending rejects disabled talent before its business body (6.960542ms)
✔ talent_attachment_cancel rejects disabled talent before its business body (4.963542ms)
✔ talent_availability_read rejects disabled talent before its business body (4.503292ms)
✔ talent_availability_save rejects disabled talent before its business body (4.814ms)
✔ talent_prepare_worker rejects disabled talent before its business body (5.513959ms)
✔ talent_match_source rejects disabled talent before its business body (5.113416ms)
✔ talent_work_copy_page rejects disabled talent before its business body (4.914042ms)
✔ talent_import_change_review rejects disabled talent before its business body (6.706958ms)
✔ talent_import_undo_update rejects disabled talent before its business body (7.010084ms)
✔ talent_merge_review rejects disabled talent before its business body (4.289875ms)
✔ talent_merge_apply rejects disabled talent before its business body (4.455375ms)
✔ talent_merge_resolve rejects disabled talent before its business body (6.214417ms)
✔ talent_merged_availability rejects disabled talent before its business body (5.530042ms)
✔ talent_contact_summaries rejects disabled talent before its business body (8.643541ms)
✔ talent_shared_views_read rejects disabled talent before its business body (5.692875ms)
✔ talent_shared_view_create rejects disabled talent before its business body (3.247333ms)
✔ talent_shared_view_archive rejects disabled talent before its business body (5.205125ms)
✔ talent_call_lists_read rejects disabled talent before its business body (9.1675ms)
✔ talent_call_list_create rejects disabled talent before its business body (4.006084ms)
✔ talent_call_list_archive rejects disabled talent before its business body (4.202042ms)
✔ talent_call_list_edit rejects disabled talent before its business body (5.084833ms)
✔ talent_conversation_list rejects disabled talent before its business body (6.641958ms)
✔ talent_call_list_people rejects disabled talent before its business body (3.484292ms)
✔ all patched bodies preserve their original statements and acquire config before original locks (21.593792ms)
✔ neutral identity scope still serves operations when talent is off (2.311083ms)
✔ enabled read executes the actual saved-view body and returns only the selected tenant (5.306375ms)
✔ actor spoof, foreign tenant and missing membership fail before business reads (5.806583ms)
✔ prepare-worker requires staffing as well as talent (4.515ms)
✔ anonymous and service cannot execute any patched entry, including internal read helper (42.262417ms)
✔ write after waiting on settings lock observes committed disabled state (39.600666ms)
✔ last-body drift rolls back every earlier patch and helper creation (46.817209ms)
✔ exposed internal aliases stop migration instead of leaving a bypass (27.880583ms)
✔ a newly exposed actor-scoped overload requires review (35.201208ms)
✔ attachment policy helper denies downloads and new uploads when talent is off (12.857375ms)
✔ attachment access retains tenant owner ready and onboarding rules (18.725041ms)
✔ enabled write executes original archive operation without losing authorization (6.793708ms)
Task gateway synthetic PostgreSQL: 17.10
✔ company-free task creation derives creator and assignee label, then revision advances on edit (173.7265ms)
✔ authenticated cannot bypass gateway with direct DML or call private lock helper (24.365375ms)
✔ missing or disabled module configuration blocks mutation, disabled tasks hide table and history reads (36.481583ms)
✔ all six live roles: only manager, operations and HR can create (64.157333ms)
✔ HR cannot reassign and non-owner quick completion cannot masquerade as manager (34.055958ms)
✔ forged fields, invalid dates/types, foreign relations and stale revisions are rejected (48.788584ms)
✔ foreign task, mismatched expected actor/tenant and nonmember assignee fail (30.560291ms)
✔ linked creation requires the source module while independent tasks remain available (6.691917ms)
✔ two simultaneous claims have exactly one winner and one assignment event (32.218334ms)
✔ config change winning the lock makes a waiting write see disabled state after commit (44.338458ms)
✔ a writing transaction holds its configuration barrier until commit; independent writers share it (32.375167ms)
✔ role revoked while waiting for the profile lock is rechecked after the lock (40.596417ms)
✔ passive company rejects new work; HR cannot use an unreadable contract or appointment (14.755375ms)
✔ repeatable-read writes are refused rather than using a stale post-lock snapshot (4.065041ms)
✔ contract removes an explicit column-level write grant as well as table grants (4.095083ms)
✔ inherited write privilege drift aborts contract migration instead of leaving a bypass (5.047333ms)
✔ task transfer supports independent tasks, live membership roles and idempotent replay (15.359083ms)
✔ disabled task module rejects all three workflow mutations including receipt replays (40.917417ms)
✔ calendar completion without a follow-up works with tasks off, but calendar off rejects it (23.5745ms)
✔ failed appointment task request does not complete the appointment or leave a receipt (79.61225ms)
✔ definer reads obey module gates and hide company projection when only tasks remain enabled (64.573667ms)
✔ dashboard activity excludes each disabled source without suppressing enabled task activity (37.010541ms)
✔ config barrier is first for every workflow and waiting commands see the newly disabled module (91.02125ms)
✔ workflow role and cross-tenant restrictions remain intact (11.557833ms)
✔ service-only task notification RPC filters disabled tenants and refuses incomplete config (20.774625ms)
✔ shared configuration validator preserves scope, completeness and dependency failures (5.217792ms)
✔ workflow patch aborts on unexpected function definition rather than silently skipping a guard (6.262292ms)
✔ task company projection returns only display columns and retains tenant, module, role and company RLS (29.0565ms)
✔ parent hard deletion cannot delete task history or detach task context, even with tasks disabled (49.128458ms)
✔ unreferenced parent deletion and deactivation remain possible; schema drift aborts the preservation migration (16.115459ms)
✔ parent deletion waiting behind a new task cannot erase that task after its commit (28.413833ms)
Synthetic module DB: 17.10
✔ existing tenants get exactly ten enabled settings and one truthful bootstrap receipt each (82.999791ms)
✔ new tenant provisioning initializes all ten rows in the same transaction; rollback leaves nothing (6.244584ms)
✔ authenticated response is scoped to live membership, preserves role and bigint precision (9.387208ms)
✔ all configuration tables deny direct reads and writes to anon/authenticated/service_role (31.323917ms)
✔ only authenticated can execute the public reader; internal bootstrap and catalog have no client grants (19.318292ms)
✔ no session, foreign tenant claim and removed membership fail closed (13.439458ms)
✔ stale workspace selection and stale membership generations are rejected by the real scope functions (9.588209ms)
✔ missing config, missing key and broken hard dependencies do not return an all-enabled fallback (10.073083ms)
✔ disabled independent module is represented as disabled without changing another tenant (5.532167ms)
✔ unknown/duplicate module keys, invalid revision and bootstrap reset are rejected (21.909583ms)
✔ tenant insert and migration serialize in both orders; timeout rolls back all new tables (285.645333ms)
ℹ tests 265
ℹ suites 0
ℹ pass 265
ℹ fail 0
ℹ cancelled 0
ℹ skipped 0
ℹ todo 0
ℹ duration_ms 9163.307291
