
> bps@0.1.0 qa:operations
> node scripts/qa-test-suite.mjs application

application: 117 files
database: 25 files
pending: 7 files
Pending feature tests are NOT part of the passed application coverage.
✔ calendar follows Istanbul day across UTC midnight and year rollover (158.454584ms)
✔ agenda groups civil dates, sorts unknown time last, retains cancelled entries, never mutates source (22.938584ms)
✔ truncated or uncounted appointment response cannot render a falsely empty calendar (5.56225ms)
✔ bounded completion input is normalized; nonboolean cannot request a task (5.629583ms)
✔ completion result must identify exact appointment and valid task/skip combination (1.206334ms)
✔ service uses one scoped RPC with no sequential table fallback (1.078833ms)
✔ transport failure is unverifiable, not already completed or unauthorized (1.091ms)
✔ scope and invalid input fail before calling RPC (0.482542ms)
✔ status-only service cannot recreate split completion path (0.706167ms)
✔ links contain only the appointment UUID and round trip (3.869666ms)
✔ unrelated query parameters do not become an appointment link (0.348584ms)
✔ malformed, empty and duplicate IDs are rejected (0.558334ms)
✔ attendance actions retain exact record and revision, undo appears only after a report (24.121791ms)
✔ future dates and read-only/busy state disable every action including undo (4.436916ms)
✔ removed assignment disables every attendance action, including undo (1.107167ms)
✔ contract days follow Istanbul midnight and preserve today/expired semantics (10.988833ms)
✔ missing, malformed and impossible contract dates never turn into a plausible remaining-day count (1.225042ms)
✔ actual company service enables candidate and active only, preserves input CRM statuses (16.594959ms)
✔ company directory failures are not presented as empty success (1.407375ms)
✔ existing insert helper uses one scoped RPC with explicit actor, tenant and allowed business fields (13.444875ms)
✔ missing identity and protected input fields stop before a write (3.752833ms)
✔ transport uncertainty, empty and wrong-scope responses never become success or automatic retries (3.900833ms)
✔ module and input rejections use actionable messages (3.301334ms)
✔ company import retains confirmed rows then stops on uncertain or disabled writes (2.242167ms)
✔ status helper verifies returned target and requested status (3.134834ms)
✔ both status server actions use verified tenant and shared command with no direct writes (594.886167ms)
✔ status actions reject invalid identity and missing targets instead of reporting success (189.454041ms)
✔ company tabs intersect valid module states and current repository roles (93.123041ms)
✔ company finance reader uses exact tenant/company and distinguishes absent, failed and malformed responses (24.275125ms)
✔ company document reader filters contract files on every page before download and rejects an escaped row (5.888792ms)
✔ actual company page skips closed module readers and falls back from a stale saved tab (1460.662125ms)
✔ actual company role gates match financial and workforce readers without healthy empty cards (2694.662333ms)
✔ actual finance error is not rendered as no data or no payment follow-up (760.069958ms)
✔ company document screen passes closed-contract predicate and offers standalone upload (908.415458ms)
✔ extracted upload form hides disabled contract selector and preserves standalone file payload (313.764292ms)
✔ late financial response after company unmount cannot populate the old view (1001.884125ms)
✔ upload keeps its file but requires explicit clearing of a contract that becomes disabled (80.126167ms)
✔ status source contract accepts both actual command routes (456.458084ms)
✔ status source contract rejects extra payload fields and wrong status literal (62.914334ms)
✔ status source contract rejects direct DML beside the helper and rerouted import (69.187375ms)
✔ status source contract rejects missing source, malformed syntax and a changed execute target (124.659416ms)
✔ 1001 rows require three bounded requests; no clipping or redundant empty request (91.627709ms)
✔ empty and exact page boundary terminate without an extra read (102.235375ms)
✔ second-page failures never return the first page as a complete list (96.951ms)
✔ invalid identities, malformed totals and over-budget lists fail on first request (40.333583ms)
✔ selectAllCriticalDates retains scope, exact count and unique ordering on all pages (2.917791ms)
✔ selectAllWorkforceSummaries retains scope, exact count and unique ordering on all pages (41.73775ms)
✔ selectWorkforceSummariesByCompanyIds retains scope, exact count and unique ordering on all pages (7.497709ms)
✔ selectAllTasks retains scope, exact count and unique ordering on all pages (9.814125ms)
✔ selectTasksByCompanyId retains scope, exact count and unique ordering on all pages (1.706875ms)
✔ selectTasksByContractId retains scope, exact count and unique ordering on all pages (4.778167ms)
✔ selectTasksByAppointmentId retains scope, exact count and unique ordering on all pages (6.243125ms)
✔ selectAllAppointments retains scope, exact count and unique ordering on all pages (0.405917ms)
✔ selectAppointmentsByCompanyId retains scope, exact count and unique ordering on all pages (1.194041ms)
✔ selectAppointmentsByContractId retains scope, exact count and unique ordering on all pages (2.695125ms)
✔ selectAppointmentsByCompanyIds retains scope, exact count and unique ordering on all pages (2.016333ms)
✔ selectAllContracts retains scope, exact count and unique ordering on all pages (1.707292ms)
✔ selectContractsByCompanyId retains scope, exact count and unique ordering on all pages (5.595625ms)
✔ selectNotesByCompanyId retains scope, exact count and unique ordering on all pages (3.024667ms)
✔ getActiveContractCountsByCompanyIds retains scope, exact count and unique ordering on all pages (6.2455ms)
✔ real Supabase query builder sends bounded offsets, stable order and exact count (527.420083ms)
✔ deadline expiry stops before the next page (13.859584ms)
✔ selectNotesByCompanyId rejects clipped, null-count and failed results (39.162ms)
✔ selectAllContracts rejects clipped, null-count and failed results (2.35775ms)
✔ selectContractsByCompanyId rejects clipped, null-count and failed results (11.011416ms)
✔ getActiveContractCountsByCompanyIds rejects clipped, null-count and failed results (5.6425ms)
✔ selectAllCriticalDates rejects clipped, null-count and failed results (2.422959ms)
✔ selectAllAppointments rejects clipped, null-count and failed results (0.871958ms)
✔ selectAppointmentsByCompanyId rejects clipped, null-count and failed results (0.734917ms)
✔ selectAppointmentsByContractId rejects clipped, null-count and failed results (2.252459ms)
✔ selectAppointmentsByCompanyIds rejects clipped, null-count and failed results (0.795542ms)
✔ selectAllWorkforceSummaries rejects clipped, null-count and failed results (3.837959ms)
✔ selectWorkforceSummariesByCompanyIds rejects clipped, null-count and failed results (0.621166ms)
✔ selectTasksByCompanyId rejects clipped, null-count and failed results (0.467834ms)
✔ selectAllTasks rejects clipped, null-count and failed results (0.67725ms)
✔ selectTasksByContractId rejects clipped, null-count and failed results (0.410875ms)
✔ selectTasksByAppointmentId rejects clipped, null-count and failed results (0.358208ms)
✔ active counts retain repeated company IDs in a complete result (3.764375ms)
✔ empty company selection never fetches a broader workforce or appointment list (0.175917ms)
✔ dashboard exact totals survive clipped lists while card rows remain unavailable (0.228208ms)
✔ unavailable or malformed totals cannot become measured zero (0.203958ms)
✔ report joins reject missing source or a missing company anywhere in the list (0.1525ms)
✔ report joins preserve measured empty lists and legitimate display names without text sentinels (1.216ms)
✔ communication submits only supplied fields with resolved actor, tenant and company (368.55325ms)
✔ empty changes and failed identity stop before RPC (270.7735ms)
✔ delete binds target to expected company and returns the confirmed removed row (145.25625ms)
✔ malformed, empty and foreign responses never acknowledge contact writes (2.412666ms)
✔ import verifies creator and primary flag; errors do not trigger retries (1.355833ms)
✔ CSV keeps confirmed rows and stops at first uncertain write (2.776625ms)
✔ company map reads all pages and rejects ambiguous names across page boundaries (3.19325ms)
✔ delete server action passes the page company and does not acknowledge service errors (204.471208ms)
✔ appendix list distinguishes empty, malformed and wrong scope (24.846792ms)
✔ keyset pagination has bounded continuation and rejects duplicates or borrowed preceding rows (6.562541ms)
✔ document history rejects another document even within same contract (0.9145ms)
✔ legacy main commands keep their storage key; appendix targets remain isolated (0.347542ms)
✔ appendix title is command identity; main receipt cannot acknowledge appendix command (2.361958ms)
✔ version download checks contract/document before signing any path (0.610334ms)
✔ missing, unavailable and malformed versions never mean empty history (8.584375ms)
✔ bounded history explicitly reports more and rejects unordered or duplicate evidence (1.250917ms)
✔ signed download resolves version through scoped RPC, never arbitrary caller path (0.814459ms)
✔ actual PDF replace service gates revision and uses CAS, zero rows is failure (12.2315ms)
✔ creation validates real calendar dates, bounded revision and required basis (17.447708ms)
✔ unavailable or malformed snapshot never means no task (12.976709ms)
✔ current task owner can be unassigned or unavailable without inventing a person (0.701417ms)
✔ service uses one scoped RPC; malformed success and transport failure do not fall back (12.808958ms)
✔ only exact known failure is definite; unknown responses keep retry command (1.883375ms)
✔ strict command rejects forged identity/display/routing fields and missing fields (5.415875ms)
✔ unicode PostgreSQL character boundary, Turkish text, line endings, NUL and broken UTF-16 (6.979958ms)
✔ mentions are selected identifiers, canonical order, detached from caller array (5.357333ms)
✔ retry comparison is stable but every scope/content change differs (3.064625ms)
✔ null/string/mismatched receipt cannot acknowledge pending command (3.10175ms)
✔ resolution requires matching scope and a recognized terminal result (0.800792ms)
✔ failed RPC shapes are not empty successful reads (2.889083ms)
✔ message shape requires safe identity, timestamp and explicit parent (6.001875ms)
✔ inbox counts and source fields cannot be silently coerced (4.632125ms)
✔ explicit empty optional critical-date fields clear stored content (21.739708ms)
✔ omitted optional critical-date fields remain untouched (0.692125ms)
✔ nonempty optional critical-date fields are trimmed (0.345833ms)
✔ critical-date CAS preserves full database timestamp and rejects a losing edit (9.270834ms)
✔ missing or malformed snapshot cannot update a critical date (8.804167ms)
✔ malformed headers, widths and quotes never produce writable rows (6.836208ms)
✔ valid BOM CRLF multiline escaped quotes and semicolon fields survive (5.032166ms)
✔ invalid encodings and resource limits fail before preview (85.634125ms)
✔ closed contracts are neither queried nor shown as zero on desktop or mobile (951.696709ms)
✔ HR, accounting and viewer never query or display restricted contact/contract summaries (817.34875ms)
✔ allowed empty contract result is zero while failed summary is explicitly unreadable (366.380875ms)
✔ failed company directory stops dependent readers and displays retry state (173.667917ms)
✔ note create sends the resolved company/tenant/actor but no client author or pin fields (355.23825ms)
✔ note edits, pin and delete all preserve the expected company in the actual request (183.102958ms)
✔ changed tenant, invalid identity or blank content stops before command submission (281.597125ms)
✔ unknown result, malformed rows and wrong company cannot acknowledge a note command (1.955542ms)
✔ module errors and transport failures are distinct, and neither retries the command (4.755959ms)
✔ pin acknowledgment must match the requested flag and target (2.786167ms)
✔ missing author and ownership rejection explain the actual corrective action (1.463833ms)
✔ coverage, presence and missing reports remain distinct; historical removed attendance does not count (2.996875ms)
✔ cancelled requests remain visible in all but never enter active action filters (0.632833ms)
✔ fully assigned does not mean present and absent people remain assigned until replacement (0.238709ms)
✔ search combines Turkish-normalized location, occupation and assigned staff terms (6.50725ms)
✔ measured empty day accepted, unavailable or malformed RPC never becomes zero (44.311916ms)
✔ real dates, leap years and strict format (13.112625ms)
✔ required fields, counts and extra untrusted fields (4.146041ms)
✔ daily coverage from zero to full (5.274166ms)
✔ paused and cancelled are not active demand (6.062709ms)
✔ corrupt aggregates fail rather than clamp (0.494833ms)
✔ assignment eligibility failures stay distinct (1.226958ms)
✔ missing or nonboolean verification never means available (3.552708ms)
✔ activity empty differs from unavailable or malformed response (13.942291ms)
✔ activity labels distinguish ownership events without claiming task completion (1.785166ms)
✔ general document activity accepts only an internal document destination (0.363667ms)
✔ contracts filter in SQL before five-row cap; no full-record transfer (271.374792ms)
✔ documents include missing files and undated manual states before limiting; derive expiry now (7.053166ms)
✔ critical dates include overdue and exactly thirty days; bounded stable order (6.235ms)
✔ smaller server cap, missing counts, duplicate rows and transport errors do not masquerade as complete cards (24.938917ms)
✔ company names resolve only referenced IDs in batches; no task count tied to directory cap (16.818417ms)
✔ money preserves zero, negative values, and missing versus malformed input (187.218666ms)
✔ Istanbul variants share a display/filter key without changing other city names (2.246959ms)
✔ role rejection touches neither document nor storage (12.723333ms)
✔ read failure leaves both records untouched (6.722333ms)
✔ missing read and zero-row delete explicitly report no confirmed deletion (0.83075ms)
✔ blocked database deletion never removes the file (6.445042ms)
✔ confirmed row deletion uses RETURNING path, after deleting the row (2.358958ms)
✔ record without a file is a confirmed deletion with no storage operation (0.430958ms)
✔ storage failure preserves confirmed deletion and warning, never suggests row retry (0.700625ms)
✔ each existing category belongs to one folder; linked contracts stay together (6.235792ms)
✔ moving changes category only, scoped by company, revision and unlinked contract (3.872584ms)
✔ invalid category, denied/stale result, transport error and wrong identity never succeed (1.001917ms)
✔ document eligibility requires exact ids, tenants and boolean values (5.926917ms)
✔ document checks deduplicate and chunk without accepting contradictory scope (12.189ms)
✔ document state database and transport failures do not fall back to enabled (6.004375ms)
✔ listAllDocuments derives expiry without mutating stored status (392.887166ms)
✔ listDocumentsByLegacyCompanyId derives expiry without mutating stored status (214.921375ms)
✔ single document derives expiry and preserves missing record (315.509208ms)
✔ company compliance counts expired stored-complete files as non-compliant (136.297417ms)
✔ Istanbul expiry includes day zero and thirty, expires on following day (13.926833ms)
✔ expiry changes at Istanbul midnight instead of UTC midnight (0.378ms)
✔ stored complete does not keep an expired document green and mapping does not mutate raw data (0.67225ms)
✔ missing file and explicit missing status take priority; undated manual state stays intact (4.2335ms)
✔ initial snapshot and refresh are silent; only newly observed unread IDs sound (5.3785ms)
✔ scope keys separate companies and users; response mismatch fails closed (2.885791ms)
✔ links contain only a verified internal request target, company and date (12.162833ms)
✔ two tabs observing the same event play once; rapid batches are consumed silently (2.79925ms)
✔ storage or locking failure never falls back to uncoordinated sound (0.879166ms)
✔ shared ledger stores only bounded event IDs and time, never message content (2.747417ms)
✔ duplicate inbox rows are rejected instead of doubling counters or cards (3.953958ms)
✔ impossible calendar day cannot reach the date formatter or deep link (0.3335ms)
✔ independent task inserts null company without company lookup and keeps assignment empty (4.149292ms)
✔ independent tasks cannot borrow company-linked context (4.08125ms)
✔ business day is independent of device timezone at Istanbul midnight (4.928833ms)
✔ actual day hook observes timer, wake and visibility changes, then removes listeners (135.714167ms)
✔ legacy migration is deterministic and covers seven entries and four tables (6.910666ms)
✔ historical workspace and shift patches change eight scoped and four legacy bodies (3.715459ms)
✔ reconstructed declarations contain exact bodies including SQL regex dollar literals (0.573292ms)
✔ valid search and known filter values survive serialization (6.642208ms)
✔ malformed, oversized and wrongly typed preferences recover to defaults (0.979333ms)
✔ unknown keys and overlong fields cannot enter the filter state (2.49175ms)
✔ keys separate list, account, tenant and role without separator ambiguity (0.631583ms)
✔ distinguishes new, unchanged, changed and inactive without rewriting input (18.069541ms)
✔ reads beyond first page and includes inactive rows (3.650583ms)
✔ null codes do not match by name; leading zeros and case remain distinct (7.760667ms)
✔ read failures and malformed pages never become new records (1.387708ms)
✔ changing totals and duplicated records across pages fail closed (1.238833ms)
✔ oversized directory stops after first page; no partial preview (0.655625ms)
✔ empty measured directory is allowed; duplicate input is rejected before reads (0.300458ms)
✔ UTF8 BOM CRLF and leading zeros retained (13.339167ms)
✔ quoted delimiter and escaped quotes (3.00575ms)
✔ bad quoting columns and headers rejected (4.48875ms)
✔ duplicate codes rejected, different leading zeros retained (0.413042ms)
✔ empty oversize and more than 500 rows rejected (4.067125ms)
✔ invalid cell types controls and empty text rejected (0.987166ms)
✔ only editable fields survive; leading/trailing whitespace is trimmed (14.490666ms)
✔ invalid identity, stale-token shapes and invalid text cannot become update commands (4.554334ms)
✔ response requires identity, exact new values and one revision advance (1.32625ms)
✔ max accepted revision advances safely and missing old values are unverifiable (2.411584ms)
✔ real service forwards scope and normalized payload; RPC error or malformed success is never accepted (1.765667ms)
✔ login preserves internal destination, query and hash after normalization (210.115917ms)
✔ login rejects external, backslash, controls and normalized host prefixes (0.785042ms)
✔ anonymous access request reaches handler while adjacent and protected paths redirect (30.134375ms)
✔ redirect retains refreshed session cookie options (4.883625ms)
✔ management date follows Istanbul midnight and owner/date filters stay server-side (214.749959ms)
✔ saved search stores normalized filter not a page and rejects corrupt/duplicate data (34.073583ms)
✔ availability rejects impossible dates, inverted and excessive intervals (9.330334ms)
✔ past and superseded availability never becomes current via fallback (0.3905ms)
✔ active work rejection has a useful admin message without raw database text (6.92375ms)
✔ task guard membership and role failures remain distinct in create and update (2.925917ms)
✔ transport failures are not translated into lost membership or role (0.325291ms)
✔ operation day rolls over at Istanbul midnight regardless of device timezone (354.428416ms)
✔ quick views distinguish current owner, truly unassigned, and closed work (1.479375ms)
✔ active tasks sort by due day with stable ties without mutating input (27.06175ms)
✔ completion sends scope and revision to the gateway; server resolves actual privileges (29.435541ms)
✔ lost race, inaccessible task, transport error and invalid revision never succeed (22.19875ms)
✔ overdue view derives lateness from date and excludes completed, future and undated tasks (0.556833ms)
✔ desktop and mobile action availability preserves ownership and legacy assignee boundaries (0.685ms)
✔ complete advisory response preserves all checks but never permits mutation (10.708833ms)
✔ a dependency-invalid draft is accepted so the UI can explain it; incomplete or coerced states are not (0.908ms)
✔ scope revision membership role and advisory flags fail closed (3.06725ms)
✔ missing duplicate foreign and non-boolean checks never become an empty successful report (9.375333ms)
✔ dependency evidence must match the requested graph (1.075ms)
✔ every resolution link targets an existing page (1.320042ms)
✔ one bounded RPC; transport errors and malformed responses never fall back (1.302416ms)
✔ route remount uses current workspace; stale cleanup cannot remove its protection (11.876708ms)
✔ navigation decision keeps the original event and synchronous cancellation (0.536875ms)
✔ company IDs are chunked and each assignment batch is paged to the measured total (22.996708ms)
✔ late assignment failure or unrelated company discards all previously read assignments (19.247458ms)
✔ failed manager read yields no company recipients and never starts partner lookup (4.411125ms)
✔ tasks candidate pages keep filters and never expose a partial source list (10.871208ms)
✔ documents candidate pages keep filters and never expose a partial source list (1.42575ms)
✔ appointments candidate pages keep filters and never expose a partial source list (2.175792ms)
✔ task module snapshots require a complete distinct boolean response and propagate transport failure (3.720292ms)
✔ task module snapshot chunks 501 distinct tenants without truncation (1.332375ms)
✔ document batch reaches last source/membership rows and keeps tenant contents out of the other email (49.121375ms)
✔ late documents error produces no sends or reservation writes (2.428125ms)
✔ late tenant_memberships error produces no sends or reservation writes (5.001291ms)
✔ unacknowledged notification stamps are errors, never sent or counted as already sent (22.925917ms)
✔ unverifiable task owner is not treated as unassigned or sent to the manager fallback (1.22875ms)
✔ verified task owner receives the task while a truly unassigned task goes to its tenant manager (2.043666ms)
✔ overdue tasks change day at Istanbul midnight, not three hours later at UTC midnight (2.903334ms)
✔ appointment reminders use tomorrow in Istanbul when UTC is still on the previous day (5.615375ms)
✔ tenant roles override global roles for document recipients (28.891ms)
✔ missing membership role fails closed before any transport or stamp (0.778541ms)
✔ disabled task tenant never produces an email or a reservation (0.547792ms)
✔ unverifiable task module before stamping stops the email without consuming a reservation (1.359083ms)
✔ task module disabled after reservation is rechecked and reservation is rolled back before send (3.402334ms)
✔ unverifiable post-stamp module state releases the reservation and sends nothing (3.064375ms)
✔ calendar off before collection prevents sends (1.479834ms)
✔ calendar off after stamp prevents sends (11.669125ms)
✔ document pre-send gate removes contract-linked documents while retaining company documents (33.398333ms)
✔ document module closure after reservation prevents send and releases every reservation (33.341542ms)
✔ unverifiable document state before stamping sends nothing (5.903375ms)
✔ document batch reservations follow each documents expiry date (62.065041ms)
✔ notification names resolve all referenced companies in bounded deduplicated chunks (1.727917ms)
✔ missing, truncated, duplicated or malformed company names fail instead of generating fallback mail (0.983584ms)
✔ a company cannot be associated with two tenants or acknowledge a different tenant (1.045958ms)
✔ contract batch reads past limits and sends each contract only to its tenant and assigned partner (65.694125ms)
✔ contract batch stops before stamps on a late read failure or missing company name (11.533541ms)
✔ contract 30-day window opens at Istanbul midnight (2.387916ms)
✔ a shared email in another tenant does not hide an eligible profile; same-tenant duplicates still get one copy (35.982291ms)
✔ multi-workspace contracts use tenant roles for managers and assigned partners (29.769416ms)
✔ contract module off filters candidates before names and reservations (1.22525ms)
✔ missing contract config sends nothing and never consumes a stamp (0.643583ms)
✔ contract closure after stamp releases reservation; rollback failure=false (1.963375ms)
✔ contract closure after stamp releases reservation; rollback failure=true (1.429ms)
✔ contract batch reserves the actual expiry date and renewal changes its key (26.91275ms)
✔ contract recipients page managers, preserve email-only eligibility and restrict partner assignments/roles (6.000417ms)
✔ contract recipient later page failure rejects instead of returning earlier managers (1.545875ms)
✔ expiry contract reader reaches the last candidate past the server cap without selecting unused columns (5.324625ms)
✔ contract read failure or incomplete later page rejects the entire candidate set (0.80025ms)
✔ membership paging reaches the last row even when server cap is lower than requested (38.178292ms)
✔ later page error, changing count, empty gap and duplicate rows discard the entire map (1.081291ms)
✔ empty membership table is valid only with measured zero; thrown reads remain unavailable (0.168583ms)
✔ profile IDs are deduplicated and chunked without losing the last owner (74.692917ms)
✔ late error, count mismatch and unexpected or repeated profiles discard previous chunks (0.481ms)
✔ missing profiles and contactless profiles are measured omissions, empty input does not query (0.1035ms)
✔ company recipients still exclude a former partner after shared profile lookup (0.556958ms)
✔ role profile pagination includes the last eligible recipient and excludes missing contact (0.787208ms)
✔ role profile errors and unexpected roles never expose a partial recipient list (0.280625ms)
✔ notification reservation requires the expected acknowledgement; empty data is not already sent (0.920333ms)
✔ unique conflict remains an idempotent skip and DB failures expose only their code (0.128083ms)
✔ renewal keys vary by expiry, reject invalid dates, and preserve other notification kinds (53.642541ms)
✔ failed delivery rollback filters the exact dated reservation (0.240917ms)
✔ bounded matcher catches identity-like and Turkish mobile forms (1.216542ms)
✔ ordinary dates, times, amounts and long identifiers remain usable; limits explicit (0.192291ms)
✔ all four submission validators reject before calling a service (0.77875ms)
✔ historical conversation and pending command resolution remain readable (0.628791ms)
✔ validation errors are actionable without echoing private text (0.153792ms)
✔ one request may have three signs but request count is unique (25.228833ms)
✔ removed absence and cancelled demands do not create actions (0.313958ms)
✔ future unknown does not count as outstanding but unfilled demand does (0.17675ms)
✔ due date uses snapshot Istanbul day across UTC midnight boundary (0.27675ms)
✔ wrong week or malformed snapshot never becomes clean checklist (0.235209ms)
✔ empty verified week and fully present request have no signs (0.215666ms)
✔ priority and search preserve overlap without summing people (0.309917ms)
✔ selected day only, including year boundary week (0.166334ms)
✔ query separates company locations and tenant workers (1.026583ms)
✔ page preserves leading zero code and manual null code (0.225375ms)
✔ partial page, duplicate identity or wrong filter fails instead of showing clean data (0.220958ms)
✔ page beyond shrinking total is valid empty with true total (0.234708ms)
✔ worker shape cannot be mistaken for a company location (0.522167ms)
✔ activation keeps strict boolean and bounded expected revision (0.606791ms)
✔ activation response must identify exact change and revision (0.164708ms)
✔ 40 unique operation signatures generate the committed migration exactly (0.77575ms)
✔ schedule readers taking profile locks use write barrier; operations never require talent (0.175166ms)
✔ pilotError distinguishes module rejection from transport uncertainty (305.084292ms)
✔ fixedRosterError distinguishes module rejection from transport uncertainty (0.367667ms)
✔ workError distinguishes module rejection from transport uncertainty (17.388459ms)
✔ scheduleError distinguishes module rejection from transport uncertainty (16.308083ms)
✔ startError distinguishes module rejection from transport uncertainty (14.477042ms)
✔ all nine module baselines match the measured production hotfix hashes (5.441417ms)
✔ released hotfix replay rejects an unreviewed predecessor (0.494542ms)
✔ all pending module versions follow the applied security release (2.631916ms)
✔ command boundaries reject missing or invalid CAS, hash, bytes and filename (1.21025ms)
✔ receipt identity and terminal states cannot be borrowed or interpreted loosely (0.311583ms)
✔ invalid file is rejected before any RPC, including same-size different content (2.123ms)
✔ lost upload response reconciles bytes before finish; same command retry returns receipt without Storage (6.639ms)
✔ missing or mismatched Storage bytes cannot finish (11.654375ms)
✔ cancelled command never uploads; cancel-before-prepare uses full immutable command (12.141959ms)
✔ status distinguishes unknown transport, confirmed missing, malformed and published (0.306083ms)
✔ bounded multipart accepts a file above Server Action default and exactly 10 MiB (67.723792ms)
✔ body limit enforced on actual chunks despite missing or lying Content-Length (1.480833ms)
✔ malformed successful RPC data remains an unverifiable result, not invalid caller input (0.529584ms)
✔ fresh adapter after reload reuses persisted identity without storing form text (9.189209ms)
✔ canonical object key order is stable; changed payload and kind are distinct (5.467833ms)
✔ different account and tenant never borrow identity (1.396458ms)
✔ concurrent tabs reserve a single identity through shared lock (0.8675ms)
✔ acknowledgment removes only confirmed command; next identical intent has new identity (1.391459ms)
✔ blocked read/write and missing locks reject without volatile fallback (1.811834ms)
✔ malformed stored records fail closed (1.745ms)
✔ 50 pending limit preserves old identities and blocks new writes (12.937375ms)
✔ failed acknowledgment retains original identity for safe retry (0.52525ms)
✔ reconciliation clears only terminal requested IDs; unknown and concurrent additions survive (1.710542ms)
✔ malformed, omitted, duplicate, foreign, and non-terminal-looking statuses preserve all pending identities (1.111458ms)
✔ reconciliation storage failure keeps recoverable identity (0.426542ms)
✔ read-only digest snapshot matches normalized intent without reserving or exposing payload (1.526417ms)
✔ reload and concurrent tabs reuse identity without retaining financial text (6.684ms)
✔ changed file or mapping cannot silently allocate a second command (1.619334ms)
✔ scope isolation; settlement clears only the proven command (3.256333ms)
✔ storage failure and corrupt records fail closed (2.364334ms)
✔ failed settlement retains original identity (1.553125ms)
✔ only explicit input rejection permits clearing recovery; network/replay uncertainty preserves it (0.246083ms)
✔ command payload allowlists fields and trims text (1.737333ms)
✔ unknown commands including prototype properties are rejected (0.191167ms)
✔ request boundary, date and identity validation (0.1865ms)
✔ directory and assignment commands require their own fields (0.540625ms)
✔ null and nonboolean board data cannot become an empty or available board (0.283209ms)
✔ capacity and cancellation contradictions fail board validation (1.823666ms)
✔ capacity edit requires valid old and new counts and strips unrelated fields (0.17925ms)
✔ attendance requires exact status and nonnegative bounded revision (0.120083ms)
✔ board cannot drop attendance or turn unknown into absence (0.242541ms)
✔ request context round trips without dropping day, scope, or encoded job (2.197458ms)
✔ malformed or duplicate context cannot initialize a placement journey (0.388541ms)
✔ new, repeated and corrected files remain distinct (1.907709ms)
✔ rejects other tenant/project/source/month and partial snapshots (0.1955ms)
✔ both copies are blocked; changed source identity cannot duplicate work (0.512833ms)
✔ missing is not zero; malformed dates and durations are blocked (2.557792ms)
✔ omitted rows remain visible without deletion; corrupt snapshots fail (0.174333ms)
✔ multiple slots are separate; leading zero codes are preserved (0.097334ms)
✔ preview rejects incomplete, duplicate, invalid duration or status rows (1.01275ms)
✔ people response rejects duplicate codes and malformed candidates (0.201334ms)
✔ monthly report rejects incomplete, inconsistent or wrong-scope totals (0.807041ms)
✔ empty report is explicit and duration retains minutes (17.081708ms)
✔ UTF-8 CSV preserves codes and explicitly converts hours (1.978875ms)
✔ invalid encoding, duplicate columns, partial row fail (2.59025ms)
✔ blank/formula/day-text/fractional-minute/out-of-range never become zero (0.557875ms)
✔ wrong month, formula metadata and duplicate mapping block (0.211375ms)
✔ incomplete lists, duplicates and wrong tenant fail (0.707042ms)
✔ details reject impossible dates and incomplete child pages (5.485791ms)
✔ page offsets are bounded and aligned (0.94825ms)
✔ work details fail on missing pages, duplicates, wrong scope and invalid durations (0.849792ms)
✔ Excel dates and zero-padded codes survive extraction (4.448416ms)
✔ formulas remain flagged; merged, hidden-only and oversized sheets reject (0.830791ms)
✔ task rejects wrong company, tenant, invisible relation and read failure before insert (1.649708ms)
✔ task accepts same company/tenant relation and queries explicit scope (0.769167ms)
✔ task rejects company belonging to another tenant (0.13175ms)
✔ appointment rejects wrong company, tenant, invisible relation and read failure before insert (0.252166ms)
✔ appointment accepts same company/tenant relation and queries explicit scope (0.156708ms)
✔ appointment rejects company belonging to another tenant (0.086375ms)
✔ task appointment relation is independently validated before insert (0.100125ms)
✔ no relation requires no extra relation reads and preserves nullable IDs (0.140833ms)
✔ replacement search is Turkish-normalized and excludes booked, inactive and current worker (4.310333ms)
✔ selected available worker survives no matching search without inflating match count (0.148125ms)
✔ selection cannot bypass availability and does not duplicate a matched worker (0.115083ms)
✔ only an explicit scoped null latest is interpreted as no conversation (3.246667ms)
✔ transport error cannot become a zero revision snapshot (0.590625ms)
✔ latest revision and actor are validated before exposing the record (1.12675ms)
✔ write retains scope, command ID and revision; validates response against submitted command (0.815542ms)
✔ invalid input stops before RPC and write errors are preserved for reconciliation (0.221708ms)
✔ eleven-digit numeric codes are blocked without collecting or validating identity (0.809ms)
✔ ordinary business codes, dates and UUIDs are not reclassified as identities (0.096292ms)
✔ spreadsheet row is held with field message and no accepted value (0.437541ms)
✔ database rejection is translated without echoing the input (0.124125ms)
✔ 12 explicit reporting signatures generate the exact candidate migration (0.626667ms)
✔ reporting and import messages distinguish disabled module from transport uncertainty (202.438209ms)
✔ weekdays selected across year boundary and leap day (2.83525ms)
✔ range limit is inclusive 31 days; reverse, empty weekday and invalid calendar rejected (0.386625ms)
✔ payload normalization gives same dates and trimmed content for retry identity (0.458416ms)
✔ malformed or excessive payload never reaches writes (0.234333ms)
✔ removed preview days remain excluded from canonical payload (0.138542ms)
✔ batch result must contain exact count and distinct identities for the same command (0.145292ms)
✔ IDP period keeps original leave interval while excluding non-working preview days (0.339791ms)
✔ all routes prohibit framing and set browser safety headers without breaking scripts (47.889459ms)
✔ all valid module combinations intersect dashboard roles, without enabling dependent sections (27.669667ms)
✔ shared loader rejects malformed/foreign snapshots and transport errors (7.316709ms)
✔ page boundary never mounts business readers before validation; off, error and role denial remain distinct (56.890041ms)
✔ page boundary retries failed settings and ignores a response after unmount (7.863791ms)
✔ actual completion form explicitly sends task true, unchecked false, and unavailable false (44.937417ms)
✔ failed completion preserves both result fields and shows a retryable error (16.207333ms)
✔ actual dashboard skips disabled queries/cards; independent tasks work without company lookup (126.666875ms)
✔ actual dashboard fetches enabled sections but never offers partner task access (88.456792ms)
✔ late assignment skips prior checks and requires immediate call (1.032458ms)
✔ last recorded event wins, not scheduled offset (0.288083ms)
✔ past plan events cannot colour new plan (0.0835ms)
✔ claimed arrival remains unverified at start even if all calls recorded (0.170958ms)
✔ confirmation closes remaining calls without fabricating events; removal closes writes (0.090083ms)
✔ unknown or malformed call outcome fails closed instead of hiding required action (0.679375ms)
✔ all supported call results and extra call offset remain accepted (0.169083ms)
✔ daily attendance conflict directs the operator to reopen independent confirmation (0.78425ms)
✔ mobile next call suggests earliest due unrecorded step regardless of offset order (0.172416ms)
✔ mobile next call never reopens closed/confirmed work or fabricates scheduled checks (0.196083ms)
✔ known rejected command is removed only after terminal server closure (5.203083ms)
✔ previous commit wins over a later rejection; never claims not saved (1.334375ms)
✔ scope denial, unknown or malformed reconciliation preserve pending identity (2.350417ms)
✔ network, lock and unknown errors never automatically close a command (0.940125ms)
✔ storage failure after response keeps uncertainty rather than fake cleanup (0.769167ms)
✔ input, witness, replay and plan errors have useful distinct explanations (0.142625ms)
✔ zero assignments differs from zero outstanding tracking (4.071875ms)
✔ full count survives first-page/top-three rendering (2.88475ms)
✔ partial or wrong-scope response is not a healthy summary (0.226208ms)
✔ confirmed or closed record cannot become an outstanding item (0.129667ms)
✔ employee claim remains pending and lost responsibility is explicit (0.216542ms)
✔ tracking link preserves exact day and enables only explicit action filter (0.096375ms)
✔ tracking link preserves day and safely encodes worker search without enabling urgent filter (2.434416ms)
✔ missing name and invalid day cannot produce an unrelated tracking destination (0.212167ms)
✔ tracking preserves return company separately from the all-company query and chosen return day (0.42475ms)
✔ return navigation rejects malformed company and impossible dates without accepting arbitrary URLs (0.16625ms)
✔ future, due and overdue controls have distinct boundaries (0.651458ms)
✔ claimed arrival never confirms; start deadline escalates even after all calls (0.108167ms)
✔ cannot attend needs replacement; unreachable differs from absence (0.079542ms)
✔ verified arrival skips remaining controls, retains recorded outcomes (0.088666ms)
✔ removed assignment closes pending controls; invalid confirmation cannot green a row (0.182875ms)
✔ midnight arithmetic and malformed schedules (1.380625ms)
✔ onboarding access excludes operations while ordinary attachments remain available (0.53225ms)
✔ metadata rejects path names, oversized files, PDF photos and forged properties (3.843291ms)
✔ file signature is checked rather than trusting filename or browser MIME (0.202166ms)
✔ lost upload response survives reload and reuses its command without storing file contents (0.958292ms)
✔ upload references are isolated by actor, tenant, person, category and file fingerprint (0.161416ms)
✔ blocked, silently discarded or corrupted browser storage prevents starting a new command (0.17525ms)
✔ confirmation cannot clear a different command written by another tab (0.074583ms)
✔ upload recovery accepts duplicate status 400 or 409 and lost responses only after database confirmation (0.227084ms)
✔ a successful Storage response never substitutes for failed or non-boolean database confirmation (0.217166ms)
✔ confirmed reserve replay avoids uploading twice; malformed reserve never uploads (0.189167ms)
✔ two tabs reserve one upload command through the same exclusive lock (0.179291ms)
✔ missing or rejected cross-tab lock never allocates an upload reference (0.789584ms)
✔ attachment list distinguishes measured empty from missing or corrupt response (0.30925ms)
✔ attachment list rejects wrong person, duplicate IDs and malformed file metadata (0.204042ms)
✔ attachment list keeps the 51st pagination sentinel but rejects an unexpected oversized response (0.216666ms)
✔ confirmation and reservation use the same lock; a queued new command survives cleanup (0.404792ms)
✔ confirmation preserves recovery reference if cross-tab lock cannot be acquired (0.088ms)
✔ cancel cleanup only clears matching command inside the same actor tenant and person (0.176542ms)
✔ explicit empty differs from missing, and every requested identity is accounted for (0.8415ms)
✔ reject wrong tenant, actor, timestamps and job-specific decline in general summary (0.179375ms)
✔ bound requests to one server page and accept empty page (0.415375ms)
✔ conversation captures an outcome without manufacturing availability or a placement (2.121458ms)
✔ declining a job requires that specific request; malformed values fail (0.219166ms)
✔ response belongs to requested tenant/person and contains a real server actor/time (0.241792ms)
✔ history rejects mixed people, duplicate ids and oversized responses (0.709459ms)
✔ hidden operation context retains the conversation outcome but cannot contain a live projection (0.201333ms)
✔ combined filters normalize without dropping constraints (0.711417ms)
✔ invalid ranges, malformed filters and null values fail validation (0.416666ms)
✔ demographics remain optional and omission is distinct from explicit clear (17.0405ms)
✔ server response must echo every applied filter (0.249ms)
✔ availability requires date and state together; saved legacy filters remain valid (0.21725ms)
✔ person responses retain demographics through list, detail and edit validation (0.807458ms)
✔ callback view survives validation and saved searches; response cannot silently use all (12.340209ms)
✔ detail distinguishes unavailable staffing from no assignments and rejects contradictory data (0.22625ms)
✔ batch request preserves sparse physical row numbers and rejects malformed or duplicate decisions (388.994042ms)
✔ status must be complete and belong to the expected actor, company, batch and source (0.445792ms)
✔ terminal receipt and blocked codes cannot be coerced or accepted for another row (6.554834ms)
✔ services use scoped RPCs, validate inputs before calls, and never translate transport failures into success (34.63925ms)
✔ unknown recovery stays distinct from closed and rejects another scope or reference (0.531375ms)
✔ selected plan maps only approved fields and strips all held source information (20.265042ms)
✔ history requires a complete scoped page and valid pending counts (0.422375ms)
✔ result report includes each physical source row and distinguishes unsettled from saved (0.384667ms)
✔ comparison snapshot distinguishes measured empty from incomplete, malformed and foreign results (1.2895ms)
✔ read service sends only verified scope, not spreadsheet content, and validates response (0.774ms)
✔ Turkish phone formats match but do not imply identity (0.875875ms)
✔ blank fields preserve existing data; new contacts are additive and old city conflicts visible (0.2415ms)
✔ name and contact matching different people requires review; never prefer one silently (0.197958ms)
✔ source issues remain blocking review even when no current match exists (1.184ms)
✔ many ambiguous matches are bounded and explicitly labelled; file rows are never merged (0.611958ms)
✔ every source row is accounted for; no decision is guessed (2.286875ms)
✔ existing identity selection never accepts field changes by default (0.580792ms)
✔ source issues, unknown targets, illegal changes and matches cannot become new writes (0.32075ms)
✔ two source rows targeting one person require resolution even for unchanged rows (0.225541ms)
✔ new rows with normalized shared identity do not silently create duplicates (0.329625ms)
✔ new row conflicting with another row resulting contact is also blocked (0.176417ms)
✔ contact capacity and revision overflow cannot be hidden by review (0.205958ms)
✔ existing city-only import excludes rejected source name and contact values from the actual request (9.507542ms)
✔ selected email is retained, unchanged rows send only stored name, hold rows send no personal data (2.741208ms)
✔ suggestions are conservative, duplicates and branch city are not guessed (12.828667ms)
✔ calendar dates reject impossible days and ambiguous serials (0.963584ms)
✔ repeated names and shared phones retain all physical source rows without merging (1.488458ms)
✔ coverage statuses remain source history; invalid ranges and unmapped fields remain visible (0.313875ms)
✔ missing, overlapping and wrong-scope mappings are rejected (0.267625ms)
✔ real XLSX reader preserves hidden sheet, physical row numbers, dates and formula diagnostics (167.90425ms)
✔ CSV supports BOM CRLF quoted delimiters; bad encoding and renamed text fail (3.238584ms)
✔ worksheet extents cannot silently truncate oversized sources (8.037583ms)
✔ name-only source and unmapped formula can be explicitly prepared as new without merging (118.402458ms)
✔ mapped formula, error, invalid contact and missing name still block a new-person decision (1.279167ms)
✔ ten long emails fit the workbook cell budget without truncation; over-limit cells fail (2.141084ms)
✔ a large source is partitioned without losing or renumbering any source row (7.318709ms)
✔ duplicate targets across partition boundary are rejected before any part can be sent (0.449417ms)
✔ queue references reject corruption and duplicates instead of skipping parts (0.181459ms)
✔ local import receipt distinguishes absent, valid, malformed JSON and old shape (1.26ms)
✔ blocked storage stays unavailable, is never treated as an empty receipt, and leaks no raw contents (0.221792ms)
✔ person receipt retry preserves command identity and distinguishes malformed and blocked storage (0.206916ms)
✔ resolved receipt removal failure preserves receipt and allows retry without leaking storage error (0.082ms)
✔ reference preserves exact command and stores no person fields (1.631542ms)
✔ reference cannot recover into a different actor or tenant (0.379167ms)
✔ corrupt, old or unconfirmed references fail closed (0.156708ms)
✔ migration is exactly generated from 39 unique reviewed signatures and source bodies (0.800334ms)
✔ write guards come before original business statements; only worker preparation needs staffing (0.141083ms)
✔ known module denials are clear, while transport uncertainty remains distinct (0.266084ms)
✔ assignment projection migration is generated against the already gated body (0.893917ms)
✔ conversation module patch is generated against prior guarded bodies (0.653917ms)
✔ linked name gate uses the current guarded writer and gives an actionable message (1.112125ms)
✔ name-only records preserve unknown contacts, region and work type (1.615166ms)
✔ invalid contacts, hidden extra fields and unsupported work types are rejected (0.591ms)
✔ page completeness, duplicate IDs, foreign scope and null RPC results fail closed (0.877958ms)
✔ recovery only confirms the expected person, command and revision (0.170542ms)
✔ UUID assignment displays the directory name even without legacy text (0.489042ms)
✔ current directory name supersedes stale legacy text (0.074375ms)
✔ loading, failure and missing directory entry never claim unassigned (0.069792ms)
✔ blank profile name is still an assignment (0.055625ms)
✔ name-only rows are clearly marked as legacy (0.064542ms)
✔ only a row without UUID or legacy name says unassigned (0.064125ms)
✔ claim sends expected scope and revision to the atomic gateway; display names are not trusted (0.995667ms)
✔ losing claim, inaccessible record and transport failure cannot report success (0.613208ms)
✔ claim and quick completion use one command rather than separate mutable role and tenant snapshots (0.346416ms)
✔ bad scope is rejected before a claim/completion command is sent (0.121875ms)
✔ module disabled, missing configuration and transport failure remain distinct from a lost claim (0.236833ms)
✔ links contain only the task UUID and round trip (0.63ms)
✔ unrelated task-prefill parameters do not become a task link (0.075625ms)
✔ malformed, empty and duplicate IDs are rejected (0.172708ms)
✔ URL round trip carries only identifiers and date (2.15275ms)
✔ ordinary tasks page has no prefill; partial and duplicate context rejected (0.226416ms)
✔ reject malformed ids, impossible dates and unsupported date bounds (0.237833ms)
✔ prefill derives fresh name and title from server data, no assignee/source FK or deadline inferred (0.617042ms)
✔ missing company/request/location and mismatched day fail without fallback (0.364041ms)
✔ passive company and cancelled request cannot prepare a new followup (0.117541ms)
✔ inactive location may still need a followup on an existing active request (0.0795ms)
✔ invalid or missing revision fails before any raw request (0.726791ms)
✔ update filters exact loaded revision and returns new row (0.543875ms)
✔ zero rows is a conflict, transport/database error stays different (0.513583ms)
✔ history has an honest twenty-row limit and extra-row indicator (0.256417ms)
✔ command validates bounded unique integer revisions and canonical identities (9.625125ms)
✔ snapshot normalization removes ordering and presentation from command identity (0.131167ms)
✔ preview rejects silent omissions, duplicate rows, unsafe counts and wrong source (0.234583ms)
✔ directory allows unnamed departed source, never absent arrays or duplicate targets (0.180417ms)
✔ result must match exact command scope and moved count (0.113917ms)
✔ service writes one RPC and has no iterative task fallback (0.152542ms)
✔ invalid command fails before write and malformed successful response is uncertain (0.515625ms)
✔ transport error cannot be mislabeled as nonmember or conflict (0.297959ms)
✔ module rejection is definite but a transport error remains uncertain (0.247666ms)
✔ task screen requires verified actor, tenant, live role and complete module snapshot (1.31675ms)
✔ task company directory keeps narrow fields, ordered complete pagination and rejects wrong tenant (1.473791ms)
✔ context navigation needs an enabled source module; missing state never defaults to all links (0.233708ms)
✔ actual task form hides disabled company controls instead of calling the company list empty (10.783375ms)
✔ reverse formula rejects the historical negative-price case and below-baseline amounts (0.53425ms)
✔ every numeric input rejects negative and non-finite values (0.128ms)
✔ zero markup is valid and markup is applied to cost, not sales margin (0.07725ms)
✔ form parser distinguishes missing required input from optional zero and rejects partial numeric strings (0.07425ms)
✔ hard dependencies are a DAG; unknown, duplicate and self edges are rejected (0.664709ms)
✔ talent, tasks and announcements stand alone; reporting and staffing do not require each other (0.526084ms)
✔ every one of the 1024 configurations is accepted iff all required dependencies are enabled (17.835708ms)
✔ partial, unknown, inherited and non-boolean module values never imply enabled (0.238792ms)
✔ context keeps bigint revisions exact and discards unrelated response fields (0.373125ms)
✔ actor/company/generation/role/protocol mismatches cannot supply a context (0.290584ms)
✔ all existing member roles retain their role without receiving new privileges (0.12575ms)
✔ an older response from another workspace is rejected and no RPC fallback runs (0.30625ms)
✔ one bounded RPC returns the whole snapshot, without a client-selected tenant argument (0.17075ms)
✔ migration catalog is generated from the same manifest, not a second hand-maintained graph (0.234667ms)
✔ cancelled presence remains actual; removed unknown is not outstanding (2.845416ms)
✔ no declarations cannot silently become zero attendance (0.246167ms)
✔ duplicate or unmatched declarations fail verification (0.256583ms)
✔ same worker on different days counts separate person days (0.155ms)
✔ absence total counts declarations, not unique people (0.0945ms)
✔ Monday week boundaries include Sunday, leap day, year and minimum date (4.773917ms)
✔ totals count person-days, exclude cancellations and retain unfilled requests (0.572125ms)
✔ empty verified plan is accepted; null and wrong company/week are not (0.357042ms)
✔ range, duplicate requests, capacity, missing staff and cancelled assignment contradictions fail closed (0.2545ms)
✔ same worker on separate days allowed, double booking or repeated assignment ID rejected (0.23825ms)
✔ CSV records scope/time and quotes delimiters, double quotes and embedded newlines (0.294458ms)
✔ CSV neutralizes formula prefixes including whitespace before formula (0.196833ms)
✔ CSV cancellations are opt-in and contribute zero active open (0.08725ms)
✔ overnight is explicit; break reduces actual work; invalid time never becomes an estimate (2.023458ms)
✔ 24 hour limit and zero-length work are distinct; no automatic overnight guessing (0.180916ms)
✔ correction reason required and only valid scoped record can establish revision zero (1.054417ms)
✔ net totals and contiguous latest audit history must agree with the record (0.210625ms)
✔ receipt is matched to command, assignment, action and next revision (0.146959ms)
✔ invalid write fails before RPC; exact payload and errors are preserved (0.324542ms)
✔ company/day list rejects wrong scope, partial shape, duplicates and malformed totals (1.323209ms)
✔ latest 20 audit entries are accepted only in contiguous descending revision order (0.158334ms)
✔ declared per-entry and aggregate expansion are bounded (0.600417ms)
✔ malformed directories, encryption, volume split and entry-count overflow fail (0.299166ms)
✔ preparation preserves identity and explicit work kind; normalizes code (0.923792ms)
✔ rejects malformed identities, revisions and unsupported work types (0.223291ms)
✔ receipt must match command, person, next revision and real worker id (0.1255ms)
✔ five surplus staff in one location cannot cancel five missing in another (4.186334ms)
✔ zero target, fully staffed and empty sets remain distinct and nonnegative (2.133292ms)
✔ workspace identity follows server data and never a user-editable company name (1.3845ms)
✔ missing, malformed and mismatched company or actor responses fail closed (0.455917ms)
✔ write target requires both the same actor and company (0.161833ms)
✔ RPC errors and null success never invent a company or return a stale identity (0.360042ms)
✔ company context request carries no caller-selected company and has a deadline (0.163792ms)
✔ UI company comes from verified workspace when getUser metadata lacks token-hook claims (0.138709ms)
✔ role and company are accepted together and user metadata cannot supply authority (0.176875ms)
✔ invitation parsing fails closed and excludes server extras (0.955291ms)
✔ token has 256 random bits and transport failure is not labelled invalid invitation (1.061ms)
✔ setup accepts measured zeros but rejects unavailable/wrong-scope response (3.52375ms)
✔ setup rejects coerced, missing, negative or unsafe counts and invalid calendar dates (0.234208ms)
ℹ tests 639
ℹ suites 0
ℹ pass 639
ℹ fail 0
ℹ cancelled 0
ℹ skipped 0
ℹ todo 0
ℹ duration_ms 58072.781083
