✔ removed and cancelled assignments reject every new attendance state without receipts (1439.788125ms)
✔ active attendance works; retry of accepted command after removal returns receipt without new event (79.9425ms)
✔ non-overlapping shifts remain allowed and overlap still rejects (30.277666ms)
✔ waiting stale screen observes committed removal after acquiring request lock (45.334667ms)
✔ six validated immediate RESTRICT keys retain their original column order (919.84675ms)
✔ company cannot cascade its contract, appointment or document history (12.200291ms)
✔ contract deletion cannot detach an appointment or reclassify its PDF as a general document (42.860416ms)
✔ completed appointment cannot lose its idempotency receipt through parent deletion (12.872916ms)
✔ status changes and nullable contract-free appointments remain usable (15.136583ms)
✔ deleting a parent with no dependent history is still allowed (15.319208ms)
✔ SET NULL scope drift is rejected before changing that relation (110.216667ms)
✔ an extra cascading FK aborts and rolls back the whole migration (179.306666ms)
Synthetic company commands DB: 17.10
✔ create assigns verified tenant/actor and normalizes defaults without client DML privileges (956.714208ms)
✔ CSV status/risk values survive the same creation command (26.222708ms)
✔ status command changes only status and a repeat does not trigger another update (50.226167ms)
✔ wrong actor, tenant, role and foreign company cannot write (65.749583ms)
✔ input keys, types, empty names and unsupported status values are rejected (142.457833ms)
✔ closed customers rejects both creation and status changes; malformed config fails closed (16.295792ms)
✔ stale membership and repeatable read do not execute commands (9.987875ms)
✔ anon and service role cannot execute the company command (10.65925ms)
✔ config writer wins: command waits before profile lock then sees disabled customers (144.679333ms)
✔ company command wins: config updater waits until full business transaction ends (57.722417ms)
✔ role is rechecked after waiting for membership profile lock (66.076584ms)
Synthetic contact commands DB: 17.10
✔ operations patches only supplied fields; absent email remains current (1183.416458ms)
✔ empty channels, empty patch, injected name and malformed payload are rejected (264.338291ms)
✔ manager deletes exactly the company-bound contact; repeated delete fails (111.890292ms)
✔ operations cannot delete/import; other roles cannot patch (206.098208ms)
✔ wrong company, tenant, actor and foreign-company import are rejected (103.24475ms)
✔ CSV preserves the existing primary and rejects duplicate primary instead of demoting (111.88275ms)
✔ CSV has the same five-contact limit and passive-company guard (185.218ms)
✔ effective contact DML is gone for app roles; legacy manager create/full edit still works (46.377125ms)
✔ disabled customer module blocks every new action (46.339541ms)
✔ configuration lock comes before profile; waiting command sees committed module closure (219.03075ms)
✔ role is rechecked after a blocked profile lock (148.297667ms)
✔ cutover refuses inherited column UPDATE grants (11.351916ms)
✔ concurrent partial edits merge against the locked row, not a stale client snapshot (251.952792ms)
✔ all five exact foreign keys become validated immediate RESTRICT constraints (880.760833ms)
✔ company deletion cannot cascade contacts or notes, even with modules disabled (18.896875ms)
✔ profile deletion cannot erase contact or note authorship (12.710417ms)
✔ mizan upload deletion cannot silently remove confirmed row history (26.0605ms)
✔ deactivation and membership removal preserve historical records and continue working (32.729375ms)
✔ unreferenced parents can still be deleted; this is not a blanket delete trigger (24.141375ms)
✔ schema drift fails and rolls back earlier constraint replacements (169.2115ms)
✔ concurrent child insert prevents a waiting company delete after commit (65.389584ms)
Synthetic customers DB: 17.10
✔ customer read gates preserve repository role policy matrix (1255.737792ms)
✔ customer reads retain tenant identity and never leak a foreign contact (117.930875ms)
✔ closed customer module hides all three sets and task company choices without deleting records (100.111916ms)
✔ closing tenant A leaves tenant B customer reads unchanged (26.559584ms)
✔ a stale claim after membership removal returns no customer data (9.05825ms)
✔ missing config and invalid dependency snapshots do not become enabled (65.386416ms)
✔ a permissive policy cannot OR around the module read fence (68.711083ms)
✔ migration aborts if any target RLS is disabled and rolls back prior policy work (41.553042ms)
Synthetic notes/contact DB: 17.10
✔ manager, operations and HR can create notes; author is resolved from the profile (1447.661875ms)
✔ other roles cannot create, edit, pin or delete notes (42.000417ms)
✔ operations and HR can edit only their own notes and cannot pin/delete (264.719416ms)
✔ manager can pin and delete; missing targets never report a successful mutation (56.088833ms)
✔ even manager cannot edit a note through a different same-tenant company (73.08325ms)
✔ forged author, pin-at-create, invalid tags and blank/non-string content are rejected (26.89375ms)
✔ passive companies retain note creation but reject new contacts (23.764417ms)
✔ company/note direct writes are revoked, while both note and legacy contact commands still work (57.480625ms)
✔ legacy full contact command preserves atomic primary selection and max five limit after cutover (194.283ms)
✔ legacy contact command rejects other roles and foreign targets (85.298333ms)
✔ disabled module blocks note and contact commands, including the unchanged legacy signature (21.232791ms)
✔ config change wins: note and contact wait before profile locks and see disabled state (235.7455ms)
✔ note transaction holds the configuration lock until transaction completion (60.235083ms)
✔ contact definer conversion rejects body drift instead of elevating altered code (7.635667ms)
✔ write cutover rejects inherited table privileges (6.27875ms)
✔ existing authenticated CSV contact insert remains compatible after company UPDATE is revoked (8.159541ms)
✔ role is rechecked after the profile lock for both contact and note writers (225.51975ms)
✔ blank profile names are rejected instead of inventing a note author label (13.544083ms)
✔ only service role can execute the two notification projections (864.20825ms)
✔ a company cannot resolve through another tenant, even for the service role (8.710125ms)
✔ module-specific disabling is isolated between tenants and blocks the corresponding names (17.551792ms)
✔ turning customers off with dependent modules off prevents either company projection (15.176083ms)
✔ incomplete settings and broken dependencies raise errors rather than enabled or disabled defaults (11.582042ms)
✔ invalid modules, excessive and null tenant arrays are rejected (34.3115ms)
✔ company arrays must be bounded, unique and pairwise complete (45.362083ms)
✔ unknown tenant configuration and missing company fail closed (8.862ms)
✔ all candidate and document-state RPCs are service-only (29.61125ms)
✔ SQL candidates preserve source date/status filters and expose only notification columns (52.976459ms)
✔ contract off preserves company documents but removes linked documents and contract candidates (56.663542ms)
✔ documents/calendar off prevents SQL candidates for only that tenant (64.705625ms)
✔ foreign-company or foreign-tenant contract links are excluded, not projected (11.519833ms)
✔ document state uses current relationship and acknowledges removed records as ineligible (20.660459ms)
✔ candidate readers fail on incomplete configuration instead of silently treating it as disabled (17.80775ms)
✔ document-state inputs reject missing, excessive and duplicate pairs (15.581334ms)
✔ service raw SELECT is denied after cutover while all notification projections remain usable (51.910458ms)
✔ service read cutover rejects inherited column access instead of claiming closure (27.064833ms)
✔ legacy stamps are retained and copied only to matching tenant and non-null current expiry (574.34525ms)
✔ current date deduplicates; renewal admits one new reservation; exact rollback preserves historical stamp (21.705667ms)
✔ old worker reservations fail while unrelated notification kinds keep their keys (5.324917ms)
✔ tenant managers cannot read leads, including with an extra broad permissive policy (889.248ms)
✔ platform admin can read global leads without tenant membership but cannot mutate from browser (11.680291ms)
✔ anonymous access is closed; service intake remains possible (56.235ms)
✔ manager inserts own tenant with own author, rejects foreign tenant and forged author (116.400708ms)
✔ same-tenant manager edits another author record without claiming authorship (45.719083ms)
✔ unfiltered manager delete stays inside active tenant even with broad permissive grants (23.470166ms)
✔ A manager selected into B as operator cannot write even with permissive policy (75.468834ms)
✔ unknown tenant claim exposes no deadlines and cannot insert (354.781042ms)
✔ legacy null creator can be edited but cannot be rewritten as a different author (66.352167ms)
Synthetic finance DB: 17.10
✔ finance AND policies retain role and tenant filtering while enabled (1502.72675ms)
✔ closed finance hides all three tables without deleting records (55.601083ms)
✔ atomic import still writes and replays the same receipt once when enabled (94.12725ms)
✔ closed finance rejects both new import and old replay before any write (24.5415ms)
✔ wrong role, foreign company and stale claimed tenant remain rejected (44.759875ms)
✔ malformed module configuration and stronger isolation fail closed (20.543709ms)
✔ anon, authenticated and bypassrls service cannot mutate directly or call retired RPCs (88.690708ms)
✔ config change wins: import waits before profile lock then observes disabled state (112.909875ms)
✔ import wins: config update waits for full import transaction (132.245ms)
✔ migration revokes direct column privileges as well as table privileges (17.518375ms)
✔ migration aborts on inherited write privileges (14.262541ms)
✔ migration aborts on command body drift (8.03925ms)
✔ migration aborts on a callable same-name overload (207.70225ms)
✔ ops_mutate rejects disabled staffing with original execution mode (1514.55775ms)
✔ ops_import_locations rejects disabled staffing with original execution mode (5.531542ms)
✔ ops_board rejects disabled staffing with original execution mode (4.744833ms)
✔ ops_week rejects disabled staffing with original execution mode (3.762958ms)
✔ ops_attendance_week rejects disabled staffing with original execution mode (4.650208ms)
✔ ops_directory rejects disabled staffing with original execution mode (3.900417ms)
✔ ops_idp_list rejects disabled staffing with original execution mode (6.774958ms)
✔ ops_locations raw SELECT is tenant-scoped and empty when module disabled (11.587666ms)
✔ ops_workers raw SELECT is tenant-scoped and empty when module disabled (33.906708ms)
✔ ops_daily_requests raw SELECT is tenant-scoped and empty when module disabled (17.552292ms)
✔ ops_assignments raw SELECT is tenant-scoped and empty when module disabled (34.910083ms)
✔ restrictive policies do not grant a viewer previously denied access (34.507417ms)
✔ actual worker directory remains invoker and works when staffing on, talent off (16.939875ms)
✔ original statements and invoker/definer flags survive history plus gates (17.61825ms)
✔ missing tenant RLS precondition aborts without altering functions (8.214542ms)
✔ manager sees all sixteen checks with no settings mutation or save authorization (260.110459ms)
✔ anon service and non-manager cannot use the preview (8.723834ms)
✔ cross tenant, actor mismatch, removed membership and stale revision reject (11.152458ms)
✔ invalid JSON shapes and coerced booleans reject before any business scan (56.171292ms)
✔ dependencies report requested state, do not silently enable or cascade disable (31.73075ms)
✔ no-change draft scans no business tables and bigint revision stays exact (15.991708ms)
✔ unfinished_tasks: own tenant blocks, foreign tenant and completed history do not (35.505667ms)
✔ unfinished_appointments: own tenant blocks, foreign tenant and completed history do not (61.608125ms)
✔ unfinished_contracts: own tenant blocks, foreign tenant and completed history do not (53.296708ms)
✔ pending_talent_import: own tenant blocks, foreign tenant and completed history do not (53.453417ms)
✔ open_staffing_demands: own tenant blocks, foreign tenant and completed history do not (46.74925ms)
✔ upcoming_requests: own tenant blocks, foreign tenant and completed history do not (17.681708ms)
✔ upcoming_assignments: own tenant blocks, foreign tenant and completed history do not (24.075083ms)
✔ unapproved_work: own tenant blocks, foreign tenant and completed history do not (19.822875ms)
✔ active_roster: own tenant blocks, foreign tenant and completed history do not (12.070417ms)
✔ active_schedules: own tenant blocks, foreign tenant and completed history do not (9.513792ms)
✔ open_reporting_periods: own tenant blocks, foreign tenant and completed history do not (11.833292ms)
✔ pending_reporting_imports: own tenant blocks, foreign tenant and completed history do not (12.353375ms)
✔ unknown and null states stay blocking instead of passing as completed (22.183125ms)
✔ dates use Istanbul business day regardless of session timezone (10.82625ms)
✔ missing relation produces an error, never a green empty report (4.2645ms)
✔ real SQL response satisfies the application parser contract (825.262417ms)
✔ customer_linked_tasks: dependent open task is visible even when tasks stays enabled (6.608041ms)
✔ appointment_linked_tasks: dependent open task is visible even when tasks stays enabled (11.610542ms)
✔ contract_linked_tasks: dependent open task is visible even when tasks stays enabled (18.606417ms)
✔ unfinished file uploads or cancellation cleanup block talent closure until ready or cleaned (30.317584ms)
✔ ops_execute_scoped: staffing off denies before business body (270.651917ms)
✔ ops_reconcile_commands: staffing off denies before business body (5.664292ms)
✔ ops_create_request_batch: staffing off denies before business body (10.086833ms)
✔ ops_resize_request: staffing off denies before business body (10.551083ms)
✔ ops_record_attendance: staffing off denies before business body (5.271333ms)
✔ ops_replace_assignment: staffing off denies before business body (7.788958ms)
✔ ops_set_directory_active: staffing off denies before business body (8.045625ms)
✔ ops_start_execute: staffing off denies before business body (27.907125ms)
✔ ops_start_board: staffing off denies before business body (18.739334ms)
✔ ops_start_board_filtered: staffing off denies before business body (10.71175ms)
✔ ops_replace_assignment_before_start: staffing off denies before business body (15.119791ms)
✔ ops_comment_send: staffing off denies before business body (5.893958ms)
✔ ops_comment_list: staffing off denies before business body (5.763125ms)
✔ ops_comment_inbox: staffing off denies before business body (7.526125ms)
✔ ops_comment_read: staffing off denies before business body (29.606417ms)
✔ ops_comment_people: staffing off denies before business body (9.492875ms)
✔ ops_comment_inbox_page: staffing off denies before business body (12.511541ms)
✔ ops_comment_resolve: staffing off denies before business body (8.386166ms)
✔ ops_update_location: staffing off denies before business body (16.087959ms)
✔ ops_record_replacement_outreach: staffing off denies before business body (7.796125ms)
✔ ops_replacement_outreach_history: staffing off denies before business body (10.801125ms)
✔ ops_replacement_outreach_latest: staffing off denies before business body (11.997291ms)
✔ ops_work_record_execute: staffing off denies before business body (4.546958ms)
✔ ops_work_record_read: staffing off denies before business body (4.756583ms)
✔ ops_work_record_list: staffing off denies before business body (6.007458ms)
✔ ops_idp_read: staffing off denies before business body (3.409458ms)
✔ ops_idp_save: staffing off denies before business body (3.266833ms)
✔ ops_idp_period_create: staffing off denies before business body (5.652833ms)
✔ ops_idp_period_read: staffing off denies before business body (4.849791ms)
✔ ops_idp_period_manage: staffing off denies before business body (3.881ms)
✔ ops_idp_period_history: staffing off denies before business body (9.096959ms)
✔ ops_fixed_roster_save: staffing off denies before business body (12.241125ms)
✔ ops_fixed_roster_list: staffing off denies before business body (17.107917ms)
✔ ops_fixed_roster_history: staffing off denies before business body (23.885167ms)
✔ ops_fixed_roster_idp_create: staffing off denies before business body (12.49375ms)
✔ ops_create_timed_requests: staffing off denies before business body (7.760875ms)
✔ ops_schedule_save: staffing off denies before business body (9.66475ms)
✔ ops_schedule_list: staffing off denies before business body (6.159709ms)
✔ ops_schedule_preview: staffing off denies before business body (3.777709ms)
✔ ops_schedule_generate: staffing off denies before business body (4.232458ms)
✔ every original statement and exact signature is preserved (28.808333ms)
✔ enabled IDP read uses actual body; talent off does not break operations (5.6045ms)
✔ each endpoint rejects actor and workspace spoof before business work (124.048041ms)
✔ original IDP role restriction survives for HR (5.690667ms)
✔ anon and service execute is denied for every scoped endpoint (43.396209ms)
✔ writer waits for settings lock then sees committed disabled state (40.410333ms)
✔ late catalog drift rolls back previous endpoint patches (61.864916ms)
✔ an unreviewed exposed actor endpoint stops migration (24.849834ms)
✔ enabled notification write keeps original recipient boundary and does not duplicate timestamp (19.469625ms)
✔ pre-history fixture is rejected rather than accepted as the deployed baseline (35.1235ms)
✔ merged code resolves to primary; historical source identity accepts corrections without rewriting history (213.0575ms)
✔ canonical duplicate through another code/source row is rejected (4.182958ms)
✔ same canonical mapping is idempotent while used code cannot move to another person or tenant (38.579333ms)
✔ mapping list, detail names and monthly distinct people agree; minutes stay intact (27ms)
✔ preview prepared before a merge cannot silently approve a changed identity (9.484458ms)
✔ merge fails promptly while reporting holds its shared fence (19.095167ms)
✔ waiting import sees committed merge identity after acquiring the fence (35.776ms)
✔ multi-hop merge resolves historical records to the final primary (5.490125ms)
✔ existing source row cannot be changed to a genuinely different identity (6.473875ms)
✔ tenant scope rejects cross-workspace reads and writes (10.957292ms)
✔ reporting_project_execute rejects disabled reporting before business queries (179.037625ms)
✔ reporting_project_list rejects disabled reporting before business queries (7.764292ms)
✔ reporting_project_detail rejects disabled reporting before business queries (7.045375ms)
✔ reporting_person_code_set rejects disabled reporting before business queries (4.607375ms)
✔ reporting_import_prepare rejects disabled reporting before business queries (6.979666ms)
✔ reporting_import_finish rejects disabled reporting before business queries (6.077583ms)
✔ reporting_import_list rejects disabled reporting before business queries (5.496791ms)
✔ reporting_import_people rejects disabled reporting before business queries (5.951833ms)
✔ reporting_import_read rejects disabled reporting before business queries (7.564375ms)
✔ reporting_monthly_report rejects disabled reporting before business queries (6.408292ms)
✔ reporting_work_details rejects disabled reporting before business queries (7.829ms)
✔ reporting_source_file rejects disabled reporting before business queries (7.217541ms)
✔ all endpoint bodies retain business statements and clients cannot bypass through anon/service (32.311791ms)
✔ enabled actual list is scoped; talent and staffing can both be off (13.863042ms)
✔ Storage helper keeps ownership/status rules and denies read/upload when reporting off (21.239208ms)
✔ read role cannot use reporting writes; spoofed actor fails scope (7.213584ms)
✔ late body drift rolls back earlier endpoint patches (18.538083ms)
✔ new accessible overload and exposed internal helper require explicit review (70.225875ms)
✔ waiting reporting writer sees committed module disable before entering business work (34.525834ms)
✔ source access rejects another operators batch, foreign tenant and malformed paths (24.749167ms)
✔ two separate shifts and adjacent shifts can both be confirmed on the same date (129.031708ms)
✔ overnight confirmation and extra call work after midnight until the exclusive shift end (8.009209ms)
✔ manual call after midnight remains available for a night shift (6.094167ms)
✔ end boundary, earlier date, future timestamps, absent and overlapping attendance stay rejected (32.021208ms)
✔ early arrival on work date and legacy full-day assignments remain supported (8.228917ms)
✔ closed assignment rejects new command but accepted retry remains idempotent (7.120291ms)
✔ concurrent confirmation observes an overlapping committed attendance after the worker lock (44.75875ms)
✔ talent_people_page rejects disabled talent before its business body (245.523625ms)
✔ talent_person_detail rejects disabled talent before its business body (5.151625ms)
✔ talent_save_person rejects disabled talent before its business body (4.628042ms)
✔ talent_resolve_person_command rejects disabled talent before its business body (7.420167ms)
✔ talent_compare_snapshot rejects disabled talent before its business body (3.771958ms)
✔ talent_import_status rejects disabled talent before its business body (10.982792ms)
✔ talent_import_prepare rejects disabled talent before its business body (9.373291ms)
✔ talent_import_apply_row rejects disabled talent before its business body (6.335708ms)
✔ talent_import_cancel rejects disabled talent before its business body (10.247042ms)
✔ talent_import_recover rejects disabled talent before its business body (6.546583ms)
✔ talent_import_close rejects disabled talent before its business body (15.671958ms)
✔ talent_import_history rejects disabled talent before its business body (3.655125ms)
✔ talent_conversation_save rejects disabled talent before its business body (14.374959ms)
✔ talent_attachment_reserve rejects disabled talent before its business body (14.995958ms)
✔ talent_attachment_finish rejects disabled talent before its business body (12.473333ms)
✔ talent_attachment_list rejects disabled talent before its business body (21.034083ms)
✔ talent_attachment_pending rejects disabled talent before its business body (15.835167ms)
✔ talent_attachment_cancel rejects disabled talent before its business body (6.601292ms)
✔ talent_availability_read rejects disabled talent before its business body (14.62425ms)
✔ talent_availability_save rejects disabled talent before its business body (14.43125ms)
✔ talent_prepare_worker rejects disabled talent before its business body (4.036708ms)
✔ talent_match_source rejects disabled talent before its business body (5.159834ms)
✔ talent_work_copy_page rejects disabled talent before its business body (10.273ms)
✔ talent_import_change_review rejects disabled talent before its business body (8.616542ms)
✔ talent_import_undo_update rejects disabled talent before its business body (5.434667ms)
✔ talent_merge_review rejects disabled talent before its business body (8.367917ms)
✔ talent_merge_apply rejects disabled talent before its business body (13.466875ms)
✔ talent_merge_resolve rejects disabled talent before its business body (4.358417ms)
✔ talent_merged_availability rejects disabled talent before its business body (9.825084ms)
✔ talent_contact_summaries rejects disabled talent before its business body (4.352792ms)
✔ talent_shared_views_read rejects disabled talent before its business body (12.333ms)
✔ talent_shared_view_create rejects disabled talent before its business body (4.577541ms)
✔ talent_shared_view_archive rejects disabled talent before its business body (9.216208ms)
✔ talent_call_lists_read rejects disabled talent before its business body (6.493875ms)
✔ talent_call_list_create rejects disabled talent before its business body (8.883375ms)
✔ talent_call_list_archive rejects disabled talent before its business body (12.548709ms)
✔ talent_call_list_edit rejects disabled talent before its business body (18.97025ms)
✔ talent_conversation_list rejects disabled talent before its business body (43.834208ms)
✔ talent_call_list_people rejects disabled talent before its business body (27.440833ms)
✔ all patched bodies preserve their original statements and acquire config before original locks (85.202958ms)
✔ neutral identity scope still serves operations when talent is off (3.976875ms)
✔ enabled read executes the actual saved-view body and returns only the selected tenant (3.936709ms)
✔ actor spoof, foreign tenant and missing membership fail before business reads (7.000125ms)
✔ prepare-worker requires staffing as well as talent (3.698542ms)
✔ anonymous and service cannot execute any patched entry, including internal read helper (31.476333ms)
✔ write after waiting on settings lock observes committed disabled state (37.242ms)
✔ last-body drift rolls back every earlier patch and helper creation (48.016208ms)
✔ exposed internal aliases stop migration instead of leaving a bypass (29.558834ms)
✔ a newly exposed actor-scoped overload requires review (102.951125ms)
✔ attachment policy helper denies downloads and new uploads when talent is off (22.680875ms)
✔ attachment access retains tenant owner ready and onboarding rules (40.828833ms)
✔ enabled write executes original archive operation without losing authorization (6.425458ms)
✔ actual person detail withholds assignments when staffing is off and restores them when on (59.435291ms)
✔ assignment projection rejects an unexpected source body without changing it (3.328167ms)
✔ conversation history retains order and job outcome without querying disabled operation context (26.8375ms)
✔ disabled staffing blocks new request conversations but permits general notes and their retry (23.629ms)
✔ conversation patch preserves metadata and rolls back the first patch if the second source drifts (11.877583ms)
✔ closed staffing permits linked contact/location edits but rejects name sync atomically (28.75575ms)
✔ unlinked and new people can still change names with staffing disabled (13.763542ms)
✔ actual operations worker create and retry stay usable with talent off; reopening reveals the same person (33.60075ms)
✔ maintenance trigger synchronizes once and stays tenant-scoped while talent is off (26.248708ms)
✔ closed staffing stops the actual worker writer before maintenance can create a talent row (29.540167ms)
✔ preparing an existing person reuses their card through the real trigger and remains idempotent (43.237958ms)
✔ current cancellation body retains tombstone denial and row lock; old SQL body cannot pass migration (61.301708ms)
✔ actual cancellation Storage policies cannot reveal or delete files when talent is disabled (25.3965ms)
Task gateway synthetic PostgreSQL: 17.10
✔ company-free task creation derives creator and assignee label, then revision advances on edit (209.589125ms)
✔ authenticated cannot bypass gateway with direct DML or call private lock helper (12.907166ms)
✔ missing or disabled module configuration blocks mutation, disabled tasks hide table and history reads (33.472792ms)
✔ all six live roles: only manager, operations and HR can create (38.166833ms)
✔ HR cannot reassign and non-owner quick completion cannot masquerade as manager (56.488917ms)
✔ forged fields, invalid dates/types, foreign relations and stale revisions are rejected (85.080792ms)
✔ foreign task, mismatched expected actor/tenant and nonmember assignee fail (19.465375ms)
✔ linked creation requires the source module while independent tasks remain available (6.650208ms)
✔ two simultaneous claims have exactly one winner and one assignment event (48.673083ms)
✔ config change winning the lock makes a waiting write see disabled state after commit (65.450958ms)
✔ a writing transaction holds its configuration barrier until commit; independent writers share it (56.332541ms)
✔ role revoked while waiting for the profile lock is rechecked after the lock (32.927459ms)
✔ passive company rejects new work; HR cannot use an unreadable contract or appointment (15.132917ms)
✔ repeatable-read writes are refused rather than using a stale post-lock snapshot (4.911917ms)
✔ contract removes an explicit column-level write grant as well as table grants (3.039375ms)
✔ inherited write privilege drift aborts contract migration instead of leaving a bypass (7.360708ms)
✔ task transfer supports independent tasks, live membership roles and idempotent replay (26.481042ms)
✔ disabled task module rejects all three workflow mutations including receipt replays (115.107209ms)
✔ calendar completion without a follow-up works with tasks off, but calendar off rejects it (20.947708ms)
✔ failed appointment task request does not complete the appointment or leave a receipt (21.208208ms)
✔ definer reads obey module gates and hide company projection when only tasks remain enabled (49.096ms)
✔ dashboard activity excludes each disabled source without suppressing enabled task activity (48.075708ms)
✔ config barrier is first for every workflow and waiting commands see the newly disabled module (118.894584ms)
✔ workflow role and cross-tenant restrictions remain intact (11.699834ms)
✔ service-only task notification RPC filters disabled tenants and refuses incomplete config (29.874916ms)
✔ shared configuration validator preserves scope, completeness and dependency failures (7.205416ms)
✔ workflow patch aborts on unexpected function definition rather than silently skipping a guard (6.638084ms)
✔ task company projection returns only display columns and retains tenant, module, role and company RLS (50.183042ms)
✔ parent hard deletion cannot delete task history or detach task context, even with tasks disabled (45.538375ms)
✔ unreferenced parent deletion and deactivation remain possible; schema drift aborts the preservation migration (15.750959ms)
✔ parent deletion waiting behind a new task cannot erase that task after its commit (37.951833ms)
Synthetic module DB: 17.10
✔ existing tenants get exactly ten enabled settings and one truthful bootstrap receipt each (117.423208ms)
✔ new tenant provisioning initializes all ten rows in the same transaction; rollback leaves nothing (7.215167ms)
✔ authenticated response is scoped to live membership, preserves role and bigint precision (17.666209ms)
✔ all configuration tables deny direct reads and writes to anon/authenticated/service_role (66.900958ms)
✔ only authenticated can execute the public reader; internal bootstrap and catalog have no client grants (26.581875ms)
✔ no session, foreign tenant claim and removed membership fail closed (14.779ms)
✔ stale workspace selection and stale membership generations are rejected by the real scope functions (12.792375ms)
✔ missing config, missing key and broken hard dependencies do not return an all-enabled fallback (17.729583ms)
✔ disabled independent module is represented as disabled without changing another tenant (5.796375ms)
✔ unknown/duplicate module keys, invalid revision and bootstrap reset are rejected (6.015708ms)
✔ tenant insert and migration serialize in both orders; timeout rolls back all new tables (280.100791ms)
ℹ tests 348
ℹ suites 0
ℹ pass 348
ℹ fail 0
ℹ cancelled 0
ℹ skipped 0
ℹ todo 0
ℹ duration_ms 38279.122
