Using workdir /private/tmp/bps-module-rebased-release-20261005
Initialising login role...
DRY RUN: migrations will *not* be pushed to the database.
Connecting to remote database...
Would push these migrations:
 • 20261005000100_tenant_module_foundation.sql
 • 20261005000200_task_module_gateway.sql
 • 20261005000300_task_module_direct_write_cutover.sql
 • 20261005000400_task_module_workflows.sql
 • 20261005000500_task_module_notifications.sql
 • 20261005000600_task_company_projection.sql
 • 20261005000700_preserve_task_relations.sql
 • 20261005000800_finance_module_access.sql
 • 20261005000900_customer_module_reads.sql
 • 20261005001000_company_commands.sql
 • 20261005001100_contact_module_barrier.sql
 • 20261005001200_note_module_commands.sql
 • 20261005001300_company_note_direct_write_cutover.sql
 • 20261005001400_contact_remaining_commands.sql
 • 20261005001500_contact_direct_write_cutover.sql
 • 20261005001600_customer_notification_modules.sql
 • 20261005001700_notification_candidate_projections.sql
 • 20261005001800_notification_service_read_cutover.sql
 • 20261005001900_preserve_customer_history.sql
 • 20261005002000_preserve_business_history.sql
 • 20261005002100_module_change_preview.sql
 • 20261005002200_talent_module_rpc_gates.sql
 • 20261005002300_operations_module_rpc_gates.sql
 • 20261005002400_legacy_operations_module_gates.sql
 • 20261005002500_talent_assignment_projection.sql
 • 20261005002600_talent_conversation_modules.sql
 • 20261005002700_talent_linked_name_gate.sql
 • 20261005002800_reporting_module_gates.sql
Finished supabase db push.
A new version of Supabase CLI is available: v2.119.0 (currently installed v2.75.0)
We recommend updating regularly for new features and bug fixes: https://supabase.com/docs/guides/cli/getting-started#updating-the-supabase-cli
