
> bps@0.1.0 qa:static
> node scripts/qa-static.mjs

BPS QA Mini Harness V1 — qa:static

[32mPASS[0m service_role-confined              (FAIL-rule)  service_role only in cron/healthz/demo-request/access-request
[32mPASS[0m browser-createContact-removed      (FAIL-rule)  no browser-context createContact( in src/app
[32mPASS[0m contact-create-yonetici-only-action (FAIL-rule)  guard: roleData !== "yonetici", no partner in code
[32mPASS[0m contact-create-yonetici-only-ui    (FAIL-rule)  Yetkili Ekle gate: role === "yonetici"
[32mPASS[0m passivate-status-only              (FAIL-rule)  scoped command; status-only payload
[33mWARN[0m package-migration-drift            (WARN-rule)  drift (human decides): supabase/migrations/20260928000900_tenant_module_foundation.sql, supabase/migrations/20260928001000_task_module_gateway.sql, supabase/migrations/20260928001100_task_module_direct_write_cutover.sql, supabase/migrations/20260928001200_task_module_workflows.sql, supabase/migrations/20260928001300_task_module_notifications.sql, supabase/migrations/20260928001400_task_company_projection.sql, supabase/migrations/20260928001500_preserve_task_relations.sql, supabase/migrations/20260928001600_finance_module_access.sql, supabase/migrations/20260928001700_customer_module_reads.sql, supabase/migrations/20260928001800_company_commands.sql, supabase/migrations/20260928001900_contact_module_barrier.sql, supabase/migrations/20260928002000_note_module_commands.sql, supabase/migrations/20260928002100_company_note_direct_write_cutover.sql, supabase/migrations/20260928002200_contact_remaining_commands.sql, supabase/migrations/20260928002300_contact_direct_write_cutover.sql, supabase/migrations/20260928002400_customer_notification_modules.sql, supabase/migrations/20260928002500_notification_candidate_projections.sql, supabase/migrations/20260928002600_notification_service_read_cutover.sql, supabase/migrations/20260928002700_preserve_customer_history.sql, supabase/migrations/20260929000100_preserve_business_history.sql, supabase/migrations/20260929000200_module_change_preview.sql, supabase/migrations/20260929000300_talent_module_rpc_gates.sql, supabase/migrations/20260929000400_operations_module_rpc_gates.sql, supabase/migrations/20260929000500_legacy_operations_module_gates.sql, supabase/migrations/20260929000600_talent_assignment_projection.sql, supabase/migrations/20261004000100_talent_conversation_modules.sql, supabase/migrations/20261004000200_talent_linked_name_gate.sql, supabase/migrations/20261004000300_reporting_module_gates.sql, supabase/migrations/20261005000100_tenant_module_foundation.sql, supabase/migrations/20261005000200_task_module_gateway.sql, supabase/migrations/20261005000300_task_module_direct_write_cutover.sql, supabase/migrations/20261005000400_task_module_workflows.sql, supabase/migrations/20261005000500_task_module_notifications.sql, supabase/migrations/20261005000600_task_company_projection.sql, supabase/migrations/20261005000700_preserve_task_relations.sql, supabase/migrations/20261005000800_finance_module_access.sql, supabase/migrations/20261005000900_customer_module_reads.sql, supabase/migrations/20261005001000_company_commands.sql, supabase/migrations/20261005001100_contact_module_barrier.sql, supabase/migrations/20261005001200_note_module_commands.sql, supabase/migrations/20261005001300_company_note_direct_write_cutover.sql, supabase/migrations/20261005001400_contact_remaining_commands.sql, supabase/migrations/20261005001500_contact_direct_write_cutover.sql, supabase/migrations/20261005001600_customer_notification_modules.sql, supabase/migrations/20261005001700_notification_candidate_projections.sql, supabase/migrations/20261005001800_notification_service_read_cutover.sql, supabase/migrations/20261005001900_preserve_customer_history.sql, supabase/migrations/20261005002000_preserve_business_history.sql, supabase/migrations/20261005002100_module_change_preview.sql, supabase/migrations/20261005002200_talent_module_rpc_gates.sql, supabase/migrations/20261005002300_operations_module_rpc_gates.sql, supabase/migrations/20261005002400_legacy_operations_module_gates.sql, supabase/migrations/20261005002500_talent_assignment_projection.sql, supabase/migrations/20261005002600_talent_conversation_modules.sql, supabase/migrations/20261005002700_talent_linked_name_gate.sql, supabase/migrations/20261005002800_reporting_module_gates.sql
[32mPASS[0m upload-guard-before-storage        (WARN-rule)  guard precedes storage upload
[32mPASS[0m contact-guard-before-insert        (WARN-rule)  guard precedes createContact insert
[32mPASS[0m reactivate-status-only             (WARN-rule)  scoped command; status-only payload
[32mPASS[0m stale-partner-comment              (WARN-rule)  no stale partner-scope create comment on create path
[32mPASS[0m import-graph-browser-create        (WARN-rule)  page does not import browser createContact
[32mPASS[0m pre-deploy-gates-recorded          (FAIL-rule)  G1/G2/G3 cleared with accepted values
[32mPASS[0m table-rls-enabled                  (FAIL-rule)  77/77 created tables enable RLS explicitly
[33mWARN[0m unreachable-component              (WARN-rule)  nothing renders: CapacityRiskCard, TimelineList
[32mPASS[0m profiles-read-scoped               (FAIL-rule)  463 files parsed; no unscoped profiles reader; every raw chain keyed; pages read via scoped RPC
[32mPASS[0m scan-integrity                     (FAIL-rule)  every walk() listed completely and every read() succeeded

16 checks · 0 FAIL · 2 WARN
scripts/qa-static.mjs — static only; run tsc + build separately (no lint configured).
