Synthetic company commands DB: 17.10
✔ create assigns verified tenant/actor and normalizes defaults without client DML privileges (497.758875ms)
✔ CSV status/risk values survive the same creation command (18.320458ms)
✔ status command changes only status and a repeat does not trigger another update (29.829708ms)
✔ wrong actor, tenant, role and foreign company cannot write (22.40475ms)
✔ input keys, types, empty names and unsupported status values are rejected (196.296792ms)
✔ closed customers rejects both creation and status changes; malformed config fails closed (46.426875ms)
✔ stale membership and repeatable read do not execute commands (13.557708ms)
✔ anon and service role cannot execute the company command (41.058291ms)
✔ config writer wins: command waits before profile lock then sees disabled customers (85.246125ms)
✔ company command wins: config updater waits until full business transaction ends (91.6635ms)
✔ role is rechecked after waiting for membership profile lock (120.793709ms)
Synthetic customers DB: 17.10
✔ customer read gates preserve repository role policy matrix (596.558584ms)
✔ customer reads retain tenant identity and never leak a foreign contact (40.725958ms)
✔ closed customer module hides all three sets and task company choices without deleting records (23.3815ms)
✔ closing tenant A leaves tenant B customer reads unchanged (19.513584ms)
✔ a stale claim after membership removal returns no customer data (17.845042ms)
✔ missing config and invalid dependency snapshots do not become enabled (41.447834ms)
✔ a permissive policy cannot OR around the module read fence (16.518584ms)
✔ migration aborts if any target RLS is disabled and rolls back prior policy work (12.665833ms)
Synthetic notes/contact DB: 17.10
✔ manager, operations and HR can create notes; author is resolved from the profile (596.107167ms)
✔ other roles cannot create, edit, pin or delete notes (68.1035ms)
✔ operations and HR can edit only their own notes and cannot pin/delete (237.306125ms)
✔ manager can pin and delete; missing targets never report a successful mutation (37.914709ms)
✔ even manager cannot edit a note through a different same-tenant company (107.171791ms)
✔ forged author, pin-at-create, invalid tags and blank/non-string content are rejected (56.956459ms)
✔ passive companies retain note creation but reject new contacts (20.661125ms)
✔ company/note direct writes are revoked, while both note and legacy contact commands still work (44.923583ms)
✔ legacy full contact command preserves atomic primary selection and max five limit after cutover (63.451708ms)
✔ legacy contact command rejects other roles and foreign targets (36.918ms)
✔ disabled module blocks note and contact commands, including the unchanged legacy signature (27.046042ms)
✔ config change wins: note and contact wait before profile locks and see disabled state (247.737167ms)
✔ note transaction holds the configuration lock until transaction completion (82.219667ms)
✔ contact definer conversion rejects body drift instead of elevating altered code (26.125167ms)
✔ write cutover rejects inherited table privileges (6.51225ms)
✔ existing authenticated CSV contact insert remains compatible after company UPDATE is revoked (22.211792ms)
✔ role is rechecked after the profile lock for both contact and note writers (153.088875ms)
✔ blank profile names are rejected instead of inventing a note author label (9.709542ms)
Synthetic finance DB: 17.10
✔ finance AND policies retain role and tenant filtering while enabled (1835.731417ms)
✔ closed finance hides all three tables without deleting records (61.8945ms)
✔ atomic import still writes and replays the same receipt once when enabled (31.781208ms)
✔ closed finance rejects both new import and old replay before any write (22.181ms)
✔ wrong role, foreign company and stale claimed tenant remain rejected (56.20325ms)
✔ malformed module configuration and stronger isolation fail closed (23.92575ms)
✔ anon, authenticated and bypassrls service cannot mutate directly or call retired RPCs (144.132375ms)
✔ config change wins: import waits before profile lock then observes disabled state (83.610583ms)
✔ import wins: config update waits for full import transaction (190.596958ms)
✔ migration revokes direct column privileges as well as table privileges (124.725083ms)
✔ migration aborts on inherited write privileges (55.578542ms)
✔ migration aborts on command body drift (8.556292ms)
✔ migration aborts on a callable same-name overload (15.101458ms)
Task gateway synthetic PostgreSQL: 17.10
✔ company-free task creation derives creator and assignee label, then revision advances on edit (1837.70275ms)
✔ authenticated cannot bypass gateway with direct DML or call private lock helper (18.640958ms)
✔ missing or disabled module configuration blocks mutation, disabled tasks hide table and history reads (130.452625ms)
✔ all six live roles: only manager, operations and HR can create (129.528625ms)
✔ HR cannot reassign and non-owner quick completion cannot masquerade as manager (196.056958ms)
✔ forged fields, invalid dates/types, foreign relations and stale revisions are rejected (154.7675ms)
✔ foreign task, mismatched expected actor/tenant and nonmember assignee fail (174.438875ms)
✔ linked creation requires the source module while independent tasks remain available (41.342792ms)
✔ two simultaneous claims have exactly one winner and one assignment event (130.060292ms)
✔ config change winning the lock makes a waiting write see disabled state after commit (255.330458ms)
✔ a writing transaction holds its configuration barrier until commit; independent writers share it (227.950708ms)
✔ role revoked while waiting for the profile lock is rechecked after the lock (194.10175ms)
✔ passive company rejects new work; HR cannot use an unreadable contract or appointment (33.982583ms)
✔ repeatable-read writes are refused rather than using a stale post-lock snapshot (79.190958ms)
✔ contract removes an explicit column-level write grant as well as table grants (76.674125ms)
✔ inherited write privilege drift aborts contract migration instead of leaving a bypass (30.573958ms)
✔ task transfer supports independent tasks, live membership roles and idempotent replay (59.213875ms)
✔ disabled task module rejects all three workflow mutations including receipt replays (387.212833ms)
✔ calendar completion without a follow-up works with tasks off, but calendar off rejects it (77.468708ms)
✔ failed appointment task request does not complete the appointment or leave a receipt (32.929375ms)
✔ definer reads obey module gates and hide company projection when only tasks remain enabled (461.555959ms)
✔ dashboard activity excludes each disabled source without suppressing enabled task activity (421.488959ms)
✔ config barrier is first for every workflow and waiting commands see the newly disabled module (1324.185583ms)
✔ workflow role and cross-tenant restrictions remain intact (66.1365ms)
✔ service-only task notification RPC filters disabled tenants and refuses incomplete config (721.750917ms)
✔ shared configuration validator preserves scope, completeness and dependency failures (422.988541ms)
✔ workflow patch aborts on unexpected function definition rather than silently skipping a guard (341.029625ms)
✔ task company projection returns only display columns and retains tenant, module, role and company RLS (382.973625ms)
✔ parent hard deletion cannot delete task history or detach task context, even with tasks disabled (465.134125ms)
✔ unreferenced parent deletion and deactivation remain possible; schema drift aborts the preservation migration (94.264417ms)
✔ parent deletion waiting behind a new task cannot erase that task after its commit (225.79725ms)
Synthetic module DB: 17.10
✔ existing tenants get exactly ten enabled settings and one truthful bootstrap receipt each (1758.387667ms)
✔ new tenant provisioning initializes all ten rows in the same transaction; rollback leaves nothing (70.838917ms)
✔ authenticated response is scoped to live membership, preserves role and bigint precision (74.936375ms)
✔ all configuration tables deny direct reads and writes to anon/authenticated/service_role (59.983291ms)
✔ only authenticated can execute the public reader; internal bootstrap and catalog have no client grants (161.168917ms)
✔ no session, foreign tenant claim and removed membership fail closed (51.639708ms)
✔ stale workspace selection and stale membership generations are rejected by the real scope functions (309.871375ms)
✔ missing config, missing key and broken hard dependencies do not return an all-enabled fallback (69.344667ms)
✔ disabled independent module is represented as disabled without changing another tenant (14.298458ms)
✔ unknown/duplicate module keys, invalid revision and bootstrap reset are rejected (12.315209ms)
✔ tenant insert and migration serialize in both orders; timeout rolls back all new tables (2504.344708ms)
ℹ tests 92
ℹ suites 0
ℹ pass 92
ℹ fail 0
ℹ cancelled 0
ℹ skipped 0
ℹ todo 0
ℹ duration_ms 24485.33425
