
> bps@0.1.0 qa:operations
> node scripts/qa-test-suite.mjs application

application: 102 files
database: 6 files
pending: 7 files
Pending feature tests are NOT part of the passed application coverage.
✔ calendar follows Istanbul day across UTC midnight and year rollover (31.743083ms)
✔ agenda groups civil dates, sorts unknown time last, retains cancelled entries, never mutates source (0.946791ms)
✔ truncated or uncounted appointment response cannot render a falsely empty calendar (0.565625ms)
✔ bounded completion input is normalized; nonboolean cannot request a task (0.836833ms)
✔ completion result must identify exact appointment and valid task/skip combination (0.241708ms)
✔ service uses one scoped RPC with no sequential table fallback (0.164375ms)
✔ transport failure is unverifiable, not already completed or unauthorized (0.280208ms)
✔ scope and invalid input fail before calling RPC (0.133333ms)
✔ status-only service cannot recreate split completion path (0.12625ms)
✔ links contain only the appointment UUID and round trip (0.76775ms)
✔ unrelated query parameters do not become an appointment link (0.108292ms)
✔ malformed, empty and duplicate IDs are rejected (0.197583ms)
✔ attendance actions retain exact record and revision, undo appears only after a report (5.4855ms)
✔ future dates and read-only/busy state disable every action including undo (0.3945ms)
✔ contract days follow Istanbul midnight and preserve today/expired semantics (0.717209ms)
✔ missing, malformed and impossible contract dates never turn into a plausible remaining-day count (0.115958ms)
✔ actual company service enables candidate and active only, preserves input CRM statuses (1.510334ms)
✔ company directory failures are not presented as empty success (0.349291ms)
✔ 1001 rows require three bounded requests; no clipping or redundant empty request (7.063333ms)
✔ empty and exact page boundary terminate without an extra read (8.304209ms)
✔ second-page failures never return the first page as a complete list (15.478375ms)
✔ invalid identities, malformed totals and over-budget lists fail on first request (6.575791ms)
✔ selectAllCriticalDates retains scope, exact count and unique ordering on all pages (0.527458ms)
✔ selectAllWorkforceSummaries retains scope, exact count and unique ordering on all pages (0.550417ms)
✔ selectWorkforceSummariesByCompanyIds retains scope, exact count and unique ordering on all pages (0.508416ms)
✔ selectAllTasks retains scope, exact count and unique ordering on all pages (0.304084ms)
✔ selectTasksByCompanyId retains scope, exact count and unique ordering on all pages (0.756708ms)
✔ selectTasksByContractId retains scope, exact count and unique ordering on all pages (1.194958ms)
✔ selectTasksByAppointmentId retains scope, exact count and unique ordering on all pages (1.279083ms)
✔ selectAllAppointments retains scope, exact count and unique ordering on all pages (0.181083ms)
✔ selectAppointmentsByCompanyId retains scope, exact count and unique ordering on all pages (0.153083ms)
✔ selectAppointmentsByContractId retains scope, exact count and unique ordering on all pages (0.121417ms)
✔ selectAppointmentsByCompanyIds retains scope, exact count and unique ordering on all pages (0.120333ms)
✔ selectAllContracts retains scope, exact count and unique ordering on all pages (0.137ms)
✔ selectContractsByCompanyId retains scope, exact count and unique ordering on all pages (0.273791ms)
✔ selectNotesByCompanyId retains scope, exact count and unique ordering on all pages (2.107166ms)
✔ getActiveContractCountsByCompanyIds retains scope, exact count and unique ordering on all pages (0.300458ms)
✔ real Supabase query builder sends bounded offsets, stable order and exact count (74.835541ms)
✔ deadline expiry stops before the next page (0.801708ms)
✔ selectNotesByCompanyId rejects clipped, null-count and failed results (4.072291ms)
✔ selectAllContracts rejects clipped, null-count and failed results (0.258916ms)
✔ selectContractsByCompanyId rejects clipped, null-count and failed results (0.215583ms)
✔ getActiveContractCountsByCompanyIds rejects clipped, null-count and failed results (0.235459ms)
✔ selectAllCriticalDates rejects clipped, null-count and failed results (0.217958ms)
✔ selectAllAppointments rejects clipped, null-count and failed results (0.161667ms)
✔ selectAppointmentsByCompanyId rejects clipped, null-count and failed results (0.151875ms)
✔ selectAppointmentsByContractId rejects clipped, null-count and failed results (0.178208ms)
✔ selectAppointmentsByCompanyIds rejects clipped, null-count and failed results (0.259916ms)
✔ selectAllWorkforceSummaries rejects clipped, null-count and failed results (0.261542ms)
✔ selectWorkforceSummariesByCompanyIds rejects clipped, null-count and failed results (0.154041ms)
✔ selectTasksByCompanyId rejects clipped, null-count and failed results (0.1765ms)
✔ selectAllTasks rejects clipped, null-count and failed results (0.100541ms)
✔ selectTasksByContractId rejects clipped, null-count and failed results (0.113167ms)
✔ selectTasksByAppointmentId rejects clipped, null-count and failed results (0.093542ms)
✔ active counts retain repeated company IDs in a complete result (0.489916ms)
✔ empty company selection never fetches a broader workforce or appointment list (0.0765ms)
✔ dashboard exact totals survive clipped lists while card rows remain unavailable (0.103ms)
✔ unavailable or malformed totals cannot become measured zero (0.093542ms)
✔ report joins reject missing source or a missing company anywhere in the list (0.056625ms)
✔ report joins preserve measured empty lists and legitimate display names without text sentinels (0.047375ms)
✔ appendix list distinguishes empty, malformed and wrong scope (1.058ms)
✔ keyset pagination has bounded continuation and rejects duplicates or borrowed preceding rows (0.20825ms)
✔ document history rejects another document even within same contract (0.220834ms)
✔ legacy main commands keep their storage key; appendix targets remain isolated (0.098875ms)
✔ appendix title is command identity; main receipt cannot acknowledge appendix command (0.346375ms)
✔ version download checks contract/document before signing any path (0.186125ms)
✔ missing, unavailable and malformed versions never mean empty history (1.022ms)
✔ bounded history explicitly reports more and rejects unordered or duplicate evidence (0.285667ms)
✔ signed download resolves version through scoped RPC, never arbitrary caller path (0.350042ms)
✔ actual PDF replace service gates revision and uses CAS, zero rows is failure (0.545292ms)
✔ creation validates real calendar dates, bounded revision and required basis (2.570583ms)
✔ unavailable or malformed snapshot never means no task (0.186084ms)
✔ current task owner can be unassigned or unavailable without inventing a person (0.092ms)
✔ service uses one scoped RPC; malformed success and transport failure do not fall back (0.353916ms)
✔ only exact known failure is definite; unknown responses keep retry command (0.136708ms)
✔ strict command rejects forged identity/display/routing fields and missing fields (0.742166ms)
✔ unicode PostgreSQL character boundary, Turkish text, line endings, NUL and broken UTF-16 (0.869084ms)
✔ mentions are selected identifiers, canonical order, detached from caller array (0.5185ms)
✔ retry comparison is stable but every scope/content change differs (0.209625ms)
✔ null/string/mismatched receipt cannot acknowledge pending command (0.299917ms)
✔ resolution requires matching scope and a recognized terminal result (0.255083ms)
✔ failed RPC shapes are not empty successful reads (0.548041ms)
✔ message shape requires safe identity, timestamp and explicit parent (0.28025ms)
✔ inbox counts and source fields cannot be silently coerced (0.445875ms)
✔ explicit empty optional critical-date fields clear stored content (1.445667ms)
✔ omitted optional critical-date fields remain untouched (0.161792ms)
✔ nonempty optional critical-date fields are trimmed (0.086834ms)
✔ critical-date CAS preserves full database timestamp and rejects a losing edit (0.619459ms)
✔ missing or malformed snapshot cannot update a critical date (0.178834ms)
✔ malformed headers, widths and quotes never produce writable rows (0.722083ms)
✔ valid BOM CRLF multiline escaped quotes and semicolon fields survive (0.473083ms)
✔ invalid encodings and resource limits fail before preview (6.314333ms)
✔ coverage, presence and missing reports remain distinct; historical removed attendance does not count (0.832333ms)
✔ cancelled requests remain visible in all but never enter active action filters (0.117667ms)
✔ fully assigned does not mean present and absent people remain assigned until replacement (0.080792ms)
✔ search combines Turkish-normalized location, occupation and assigned staff terms (0.495208ms)
✔ measured empty day accepted, unavailable or malformed RPC never becomes zero (2.598417ms)
✔ real dates, leap years and strict format (1.22375ms)
✔ required fields, counts and extra untrusted fields (0.205792ms)
✔ daily coverage from zero to full (0.445667ms)
✔ paused and cancelled are not active demand (0.136916ms)
✔ corrupt aggregates fail rather than clamp (0.087917ms)
✔ assignment eligibility failures stay distinct (0.152ms)
✔ missing or nonboolean verification never means available (0.091333ms)
✔ activity empty differs from unavailable or malformed response (1.043333ms)
✔ activity labels distinguish ownership events without claiming task completion (0.096875ms)
✔ general document activity accepts only an internal document destination (0.106791ms)
✔ contracts filter in SQL before five-row cap; no full-record transfer (17.733416ms)
✔ documents include missing files and undated manual states before limiting; derive expiry now (1.145834ms)
✔ critical dates include overdue and exactly thirty days; bounded stable order (0.684292ms)
✔ smaller server cap, missing counts, duplicate rows and transport errors do not masquerade as complete cards (3.865042ms)
✔ company names resolve only referenced IDs in batches; no task count tied to directory cap (1.839041ms)
✔ money preserves zero, negative values, and missing versus malformed input (14.19375ms)
✔ Istanbul variants share a display/filter key without changing other city names (0.163333ms)
✔ role rejection touches neither document nor storage (0.934625ms)
✔ read failure leaves both records untouched (0.162833ms)
✔ missing read and zero-row delete explicitly report no confirmed deletion (0.142583ms)
✔ blocked database deletion never removes the file (0.148334ms)
✔ confirmed row deletion uses RETURNING path, after deleting the row (0.127333ms)
✔ record without a file is a confirmed deletion with no storage operation (0.092667ms)
✔ storage failure preserves confirmed deletion and warning, never suggests row retry (0.122084ms)
✔ each existing category belongs to one folder; linked contracts stay together (0.445208ms)
✔ moving changes category only, scoped by company, revision and unlinked contract (0.528166ms)
✔ invalid category, denied/stale result, transport error and wrong identity never succeed (0.277125ms)
✔ listAllDocuments derives expiry without mutating stored status (47.28625ms)
✔ listDocumentsByLegacyCompanyId derives expiry without mutating stored status (30.952375ms)
✔ single document derives expiry and preserves missing record (30.064834ms)
✔ company compliance counts expired stored-complete files as non-compliant (10.105416ms)
✔ Istanbul expiry includes day zero and thirty, expires on following day (0.688417ms)
✔ expiry changes at Istanbul midnight instead of UTC midnight (0.080833ms)
✔ stored complete does not keep an expired document green and mapping does not mutate raw data (0.098708ms)
✔ missing file and explicit missing status take priority; undated manual state stays intact (0.149834ms)
✔ initial snapshot and refresh are silent; only newly observed unread IDs sound (0.862166ms)
✔ scope keys separate companies and users; response mismatch fails closed (0.313667ms)
✔ links contain only a verified internal request target, company and date (1.520333ms)
✔ two tabs observing the same event play once; rapid batches are consumed silently (1.22225ms)
✔ storage or locking failure never falls back to uncoordinated sound (0.64675ms)
✔ shared ledger stores only bounded event IDs and time, never message content (1.031458ms)
✔ duplicate inbox rows are rejected instead of doubling counters or cards (0.267458ms)
✔ impossible calendar day cannot reach the date formatter or deep link (0.10125ms)
✔ independent task inserts null company without company lookup and keeps assignment empty (0.582583ms)
✔ independent tasks cannot borrow company-linked context (0.401083ms)
✔ business day is independent of device timezone at Istanbul midnight (0.446208ms)
✔ actual day hook observes timer, wake and visibility changes, then removes listeners (21.784958ms)
✔ valid search and known filter values survive serialization (1.059417ms)
✔ malformed, oversized and wrongly typed preferences recover to defaults (0.167042ms)
✔ unknown keys and overlong fields cannot enter the filter state (0.087125ms)
✔ keys separate list, account, tenant and role without separator ambiguity (0.144083ms)
✔ distinguishes new, unchanged, changed and inactive without rewriting input (1.297833ms)
✔ reads beyond first page and includes inactive rows (0.260958ms)
✔ null codes do not match by name; leading zeros and case remain distinct (0.111875ms)
✔ read failures and malformed pages never become new records (0.294125ms)
✔ changing totals and duplicated records across pages fail closed (0.324417ms)
✔ oversized directory stops after first page; no partial preview (0.266667ms)
✔ empty measured directory is allowed; duplicate input is rejected before reads (0.141583ms)
✔ UTF8 BOM CRLF and leading zeros retained (1.296541ms)
✔ quoted delimiter and escaped quotes (0.170792ms)
✔ bad quoting columns and headers rejected (0.187708ms)
✔ duplicate codes rejected, different leading zeros retained (0.11275ms)
✔ empty oversize and more than 500 rows rejected (0.5305ms)
✔ invalid cell types controls and empty text rejected (0.139834ms)
✔ only editable fields survive; leading/trailing whitespace is trimmed (1.381625ms)
✔ invalid identity, stale-token shapes and invalid text cannot become update commands (0.321625ms)
✔ response requires identity, exact new values and one revision advance (0.230167ms)
✔ max accepted revision advances safely and missing old values are unverifiable (0.093ms)
✔ real service forwards scope and normalized payload; RPC error or malformed success is never accepted (0.304166ms)
✔ login preserves internal destination, query and hash after normalization (24.915458ms)
✔ login rejects external, backslash, controls and normalized host prefixes (0.15ms)
✔ anonymous access request reaches handler while adjacent and protected paths redirect (3.513125ms)
✔ redirect retains refreshed session cookie options (2.972959ms)
✔ management date follows Istanbul midnight and owner/date filters stay server-side (15.403875ms)
✔ saved search stores normalized filter not a page and rejects corrupt/duplicate data (0.57575ms)
✔ availability rejects impossible dates, inverted and excessive intervals (0.310375ms)
✔ past and superseded availability never becomes current via fallback (0.083125ms)
✔ active work rejection has a useful admin message without raw database text (1.65ms)
✔ task guard membership and role failures remain distinct in create and update (1.434417ms)
✔ transport failures are not translated into lost membership or role (0.312041ms)
✔ operation day rolls over at Istanbul midnight regardless of device timezone (22.0485ms)
✔ quick views distinguish current owner, truly unassigned, and closed work (0.870458ms)
✔ active tasks sort by due day with stable ties without mutating input (3.534833ms)
✔ completion keeps tenant, revision, active status and ownership in the same update (0.728625ms)
✔ lost race, inaccessible task, transport error and invalid revision never succeed (0.439917ms)
✔ overdue view derives lateness from date and excludes completed, future and undated tasks (0.095084ms)
✔ desktop and mobile action availability preserves ownership and legacy assignee boundaries (0.1275ms)
✔ route remount uses current workspace; stale cleanup cannot remove its protection (0.8545ms)
✔ navigation decision keeps the original event and synchronous cancellation (0.137625ms)
✔ company IDs are chunked and each assignment batch is paged to the measured total (1.507833ms)
✔ late assignment failure or unrelated company discards all previously read assignments (4.818166ms)
✔ failed manager read yields no company recipients and never starts partner lookup (0.737083ms)
✔ tasks candidate pages keep filters and never expose a partial source list (1.586959ms)
✔ documents candidate pages keep filters and never expose a partial source list (0.464667ms)
✔ appointments candidate pages keep filters and never expose a partial source list (0.387625ms)
✔ document batch reaches last source/membership rows and keeps tenant contents out of the other email (16.103042ms)
✔ late documents error produces no sends or reservation writes (1.293417ms)
✔ late tenant_memberships error produces no sends or reservation writes (2.164959ms)
✔ unacknowledged notification stamps are errors, never sent or counted as already sent (7.555084ms)
✔ unverifiable task owner is not treated as unassigned or sent to the manager fallback (1.765208ms)
✔ verified task owner receives the task while a truly unassigned task goes to its tenant manager (2.000791ms)
✔ overdue tasks change day at Istanbul midnight, not three hours later at UTC midnight (2.473625ms)
✔ appointment reminders use tomorrow in Istanbul when UTC is still on the previous day (7.414917ms)
✔ tenant roles override global roles for document recipients (11.142875ms)
✔ missing membership role fails closed before any transport or stamp (1.057625ms)
✔ notification names resolve all referenced companies in bounded deduplicated chunks (1.17725ms)
✔ missing, truncated, duplicated or malformed company names fail instead of generating fallback mail (0.333833ms)
✔ contract batch reads past limits and sends each contract only to its tenant and assigned partner (43.0525ms)
✔ contract batch stops before stamps on a late read failure or missing company name (5.88875ms)
✔ contract 30-day window opens at Istanbul midnight (1.630833ms)
✔ a shared email in another tenant does not hide an eligible profile; same-tenant duplicates still get one copy (12.323ms)
✔ multi-workspace contracts use tenant roles for managers and assigned partners (10.033084ms)
✔ contract recipients page managers, preserve email-only eligibility and restrict partner assignments/roles (2.031875ms)
✔ contract recipient later page failure rejects instead of returning earlier managers (0.615209ms)
✔ expiry contract reader reaches the last candidate past the server cap without selecting unused columns (1.744292ms)
✔ contract read failure or incomplete later page rejects the entire candidate set (0.932333ms)
✔ membership paging reaches the last row even when server cap is lower than requested (3.738583ms)
✔ later page error, changing count, empty gap and duplicate rows discard the entire map (2.062083ms)
✔ empty membership table is valid only with measured zero; thrown reads remain unavailable (0.468209ms)
✔ profile IDs are deduplicated and chunked without losing the last owner (2.662459ms)
✔ late error, count mismatch and unexpected or repeated profiles discard previous chunks (0.7035ms)
✔ missing profiles and contactless profiles are measured omissions, empty input does not query (0.129666ms)
✔ company recipients still exclude a former partner after shared profile lookup (0.61375ms)
✔ role profile pagination includes the last eligible recipient and excludes missing contact (0.496958ms)
✔ role profile errors and unexpected roles never expose a partial recipient list (0.339583ms)
✔ notification reservation requires the expected acknowledgement; empty data is not already sent (1.165666ms)
✔ unique conflict remains an idempotent skip and DB failures expose only their code (0.135125ms)
✔ bounded matcher catches identity-like and Turkish mobile forms (1.517208ms)
✔ ordinary dates, times, amounts and long identifiers remain usable; limits explicit (0.176417ms)
✔ all four submission validators reject before calling a service (0.723625ms)
✔ historical conversation and pending command resolution remain readable (0.606458ms)
✔ validation errors are actionable without echoing private text (0.136375ms)
✔ one request may have three signs but request count is unique (23.119916ms)
✔ removed absence and cancelled demands do not create actions (0.389916ms)
✔ future unknown does not count as outstanding but unfilled demand does (0.1805ms)
✔ due date uses snapshot Istanbul day across UTC midnight boundary (0.382541ms)
✔ wrong week or malformed snapshot never becomes clean checklist (0.222167ms)
✔ empty verified week and fully present request have no signs (0.270666ms)
✔ priority and search preserve overlap without summing people (0.318792ms)
✔ selected day only, including year boundary week (0.161708ms)
✔ query separates company locations and tenant workers (1.664625ms)
✔ page preserves leading zero code and manual null code (0.759417ms)
✔ partial page, duplicate identity or wrong filter fails instead of showing clean data (1.118041ms)
✔ page beyond shrinking total is valid empty with true total (0.088375ms)
✔ worker shape cannot be mistaken for a company location (0.142167ms)
✔ activation keeps strict boolean and bounded expected revision (0.751542ms)
✔ activation response must identify exact change and revision (0.593666ms)
✔ command boundaries reject missing or invalid CAS, hash, bytes and filename (1.220667ms)
✔ receipt identity and terminal states cannot be borrowed or interpreted loosely (0.301083ms)
✔ invalid file is rejected before any RPC, including same-size different content (2.094ms)
✔ lost upload response reconciles bytes before finish; same command retry returns receipt without Storage (0.955834ms)
✔ missing or mismatched Storage bytes cannot finish (1.443125ms)
✔ cancelled command never uploads; cancel-before-prepare uses full immutable command (1.623084ms)
✔ status distinguishes unknown transport, confirmed missing, malformed and published (0.672708ms)
✔ bounded multipart accepts a file above Server Action default and exactly 10 MiB (52.785791ms)
✔ body limit enforced on actual chunks despite missing or lying Content-Length (10.064083ms)
✔ malformed successful RPC data remains an unverifiable result, not invalid caller input (0.571792ms)
✔ fresh adapter after reload reuses persisted identity without storing form text (11.578167ms)
✔ canonical object key order is stable; changed payload and kind are distinct (2.327166ms)
✔ different account and tenant never borrow identity (3.817583ms)
✔ concurrent tabs reserve a single identity through shared lock (1.801375ms)
✔ acknowledgment removes only confirmed command; next identical intent has new identity (2.600834ms)
✔ blocked read/write and missing locks reject without volatile fallback (4.847666ms)
✔ malformed stored records fail closed (1.980333ms)
✔ 50 pending limit preserves old identities and blocks new writes (17.405667ms)
✔ failed acknowledgment retains original identity for safe retry (1.633583ms)
✔ reconciliation clears only terminal requested IDs; unknown and concurrent additions survive (3.204833ms)
✔ malformed, omitted, duplicate, foreign, and non-terminal-looking statuses preserve all pending identities (2.654166ms)
✔ reconciliation storage failure keeps recoverable identity (0.544292ms)
✔ read-only digest snapshot matches normalized intent without reserving or exposing payload (1.808166ms)
✔ reload and concurrent tabs reuse identity without retaining financial text (10.604459ms)
✔ changed file or mapping cannot silently allocate a second command (5.06925ms)
✔ scope isolation; settlement clears only the proven command (2.843083ms)
✔ storage failure and corrupt records fail closed (6.22675ms)
✔ failed settlement retains original identity (7.565084ms)
✔ only explicit input rejection permits clearing recovery; network/replay uncertainty preserves it (0.737958ms)
✔ command payload allowlists fields and trims text (4.241292ms)
✔ unknown commands including prototype properties are rejected (0.211583ms)
✔ request boundary, date and identity validation (0.192083ms)
✔ directory and assignment commands require their own fields (0.487083ms)
✔ null and nonboolean board data cannot become an empty or available board (0.242875ms)
✔ capacity and cancellation contradictions fail board validation (0.156458ms)
✔ capacity edit requires valid old and new counts and strips unrelated fields (0.148125ms)
✔ attendance requires exact status and nonnegative bounded revision (0.112042ms)
✔ board cannot drop attendance or turn unknown into absence (0.214917ms)
✔ request context round trips without dropping day, scope, or encoded job (13.42725ms)
✔ malformed or duplicate context cannot initialize a placement journey (0.191834ms)
✔ new, repeated and corrected files remain distinct (1.825834ms)
✔ rejects other tenant/project/source/month and partial snapshots (0.207666ms)
✔ both copies are blocked; changed source identity cannot duplicate work (0.515208ms)
✔ missing is not zero; malformed dates and durations are blocked (0.16225ms)
✔ omitted rows remain visible without deletion; corrupt snapshots fail (0.115958ms)
✔ multiple slots are separate; leading zero codes are preserved (0.085625ms)
✔ preview rejects incomplete, duplicate, invalid duration or status rows (0.681041ms)
✔ people response rejects duplicate codes and malformed candidates (0.188709ms)
✔ monthly report rejects incomplete, inconsistent or wrong-scope totals (0.753417ms)
✔ empty report is explicit and duration retains minutes (12.080667ms)
✔ UTF-8 CSV preserves codes and explicitly converts hours (1.183458ms)
✔ invalid encoding, duplicate columns, partial row fail (0.211541ms)
✔ blank/formula/day-text/fractional-minute/out-of-range never become zero (0.490042ms)
✔ wrong month, formula metadata and duplicate mapping block (0.188541ms)
✔ incomplete lists, duplicates and wrong tenant fail (1.845583ms)
✔ details reject impossible dates and incomplete child pages (2.4875ms)
✔ page offsets are bounded and aligned (0.199375ms)
✔ work details fail on missing pages, duplicates, wrong scope and invalid durations (0.685417ms)
✔ Excel dates and zero-padded codes survive extraction (4.730792ms)
✔ formulas remain flagged; merged, hidden-only and oversized sheets reject (0.911666ms)
✔ task rejects wrong company, tenant, invisible relation and read failure before insert (0.938833ms)
✔ task accepts same company/tenant relation and queries explicit scope (0.587ms)
✔ task rejects company belonging to another tenant (0.139333ms)
✔ appointment rejects wrong company, tenant, invisible relation and read failure before insert (0.239ms)
✔ appointment accepts same company/tenant relation and queries explicit scope (0.156667ms)
✔ appointment rejects company belonging to another tenant (0.088291ms)
✔ task appointment relation is independently validated before insert (0.102959ms)
✔ no relation requires no extra relation reads and preserves nullable IDs (0.118458ms)
✔ replacement search is Turkish-normalized and excludes booked, inactive and current worker (1.131958ms)
✔ selected available worker survives no matching search without inflating match count (0.186875ms)
✔ selection cannot bypass availability and does not duplicate a matched worker (0.110666ms)
✔ only an explicit scoped null latest is interpreted as no conversation (2.171792ms)
✔ transport error cannot become a zero revision snapshot (0.797375ms)
✔ latest revision and actor are validated before exposing the record (1.333708ms)
✔ write retains scope, command ID and revision; validates response against submitted command (0.556584ms)
✔ invalid input stops before RPC and write errors are preserved for reconciliation (0.188125ms)
✔ eleven-digit numeric codes are blocked without collecting or validating identity (0.690125ms)
✔ ordinary business codes, dates and UUIDs are not reclassified as identities (0.538625ms)
✔ spreadsheet row is held with field message and no accepted value (3.929541ms)
✔ database rejection is translated without echoing the input (0.166ms)
✔ weekdays selected across year boundary and leap day (2.644875ms)
✔ range limit is inclusive 31 days; reverse, empty weekday and invalid calendar rejected (0.306083ms)
✔ payload normalization gives same dates and trimmed content for retry identity (0.422042ms)
✔ malformed or excessive payload never reaches writes (0.181083ms)
✔ removed preview days remain excluded from canonical payload (0.096333ms)
✔ batch result must contain exact count and distinct identities for the same command (0.131458ms)
✔ IDP period keeps original leave interval while excluding non-working preview days (0.32175ms)
✔ all routes prohibit framing and set browser safety headers without breaking scripts (31.71775ms)
✔ late assignment skips prior checks and requires immediate call (1.686792ms)
✔ last recorded event wins, not scheduled offset (0.34525ms)
✔ past plan events cannot colour new plan (0.090417ms)
✔ claimed arrival remains unverified at start even if all calls recorded (0.179917ms)
✔ confirmation closes remaining calls without fabricating events; removal closes writes (0.096333ms)
✔ unknown or malformed call outcome fails closed instead of hiding required action (0.673042ms)
✔ all supported call results and extra call offset remain accepted (0.179042ms)
✔ daily attendance conflict directs the operator to reopen independent confirmation (0.197458ms)
✔ mobile next call suggests earliest due unrecorded step regardless of offset order (0.144333ms)
✔ mobile next call never reopens closed/confirmed work or fabricates scheduled checks (0.167375ms)
✔ known rejected command is removed only after terminal server closure (8.827042ms)
✔ previous commit wins over a later rejection; never claims not saved (1.542667ms)
✔ scope denial, unknown or malformed reconciliation preserve pending identity (4.274792ms)
✔ network, lock and unknown errors never automatically close a command (2.544ms)
✔ storage failure after response keeps uncertainty rather than fake cleanup (1.470583ms)
✔ input, witness, replay and plan errors have useful distinct explanations (0.171792ms)
✔ zero assignments differs from zero outstanding tracking (2.01825ms)
✔ full count survives first-page/top-three rendering (0.6515ms)
✔ partial or wrong-scope response is not a healthy summary (0.180708ms)
✔ confirmed or closed record cannot become an outstanding item (0.118792ms)
✔ employee claim remains pending and lost responsibility is explicit (0.190125ms)
✔ tracking link preserves exact day and enables only explicit action filter (0.086708ms)
✔ tracking link preserves day and safely encodes worker search without enabling urgent filter (3.989208ms)
✔ missing name and invalid day cannot produce an unrelated tracking destination (0.191417ms)
✔ tracking preserves return company separately from the all-company query and chosen return day (0.244083ms)
✔ return navigation rejects malformed company and impossible dates without accepting arbitrary URLs (0.147708ms)
✔ future, due and overdue controls have distinct boundaries (0.714667ms)
✔ claimed arrival never confirms; start deadline escalates even after all calls (0.184167ms)
✔ cannot attend needs replacement; unreachable differs from absence (0.086417ms)
✔ verified arrival skips remaining controls, retains recorded outcomes (0.095375ms)
✔ removed assignment closes pending controls; invalid confirmation cannot green a row (0.183959ms)
✔ midnight arithmetic and malformed schedules (1.6655ms)
✔ onboarding access excludes operations while ordinary attachments remain available (0.687709ms)
✔ metadata rejects path names, oversized files, PDF photos and forged properties (3.188833ms)
✔ file signature is checked rather than trusting filename or browser MIME (0.222375ms)
✔ lost upload response survives reload and reuses its command without storing file contents (0.924583ms)
✔ upload references are isolated by actor, tenant, person, category and file fingerprint (0.164ms)
✔ blocked, silently discarded or corrupted browser storage prevents starting a new command (0.150917ms)
✔ confirmation cannot clear a different command written by another tab (0.077541ms)
✔ upload recovery accepts duplicate status 400 or 409 and lost responses only after database confirmation (0.20175ms)
✔ a successful Storage response never substitutes for failed or non-boolean database confirmation (0.225ms)
✔ confirmed reserve replay avoids uploading twice; malformed reserve never uploads (0.187ms)
✔ two tabs reserve one upload command through the same exclusive lock (0.186458ms)
✔ missing or rejected cross-tab lock never allocates an upload reference (0.129167ms)
✔ attachment list distinguishes measured empty from missing or corrupt response (0.250208ms)
✔ attachment list rejects wrong person, duplicate IDs and malformed file metadata (0.190666ms)
✔ attachment list keeps the 51st pagination sentinel but rejects an unexpected oversized response (0.158458ms)
✔ confirmation and reservation use the same lock; a queued new command survives cleanup (0.196625ms)
✔ confirmation preserves recovery reference if cross-tab lock cannot be acquired (0.091208ms)
✔ cancel cleanup only clears matching command inside the same actor tenant and person (0.24525ms)
✔ explicit empty differs from missing, and every requested identity is accounted for (0.790458ms)
✔ reject wrong tenant, actor, timestamps and job-specific decline in general summary (0.171958ms)
✔ bound requests to one server page and accept empty page (0.4385ms)
✔ conversation captures an outcome without manufacturing availability or a placement (0.835125ms)
✔ declining a job requires that specific request; malformed values fail (0.207542ms)
✔ response belongs to requested tenant/person and contains a real server actor/time (0.2275ms)
✔ history rejects mixed people, duplicate ids and oversized responses (0.481792ms)
✔ combined filters normalize without dropping constraints (0.681833ms)
✔ invalid ranges, malformed filters and null values fail validation (0.263583ms)
✔ demographics remain optional and omission is distinct from explicit clear (15.495167ms)
✔ server response must echo every applied filter (0.248916ms)
✔ availability requires date and state together; saved legacy filters remain valid (0.19825ms)
✔ person responses retain demographics through list, detail and edit validation (0.868625ms)
✔ callback view survives validation and saved searches; response cannot silently use all (8.329541ms)
✔ batch request preserves sparse physical row numbers and rejects malformed or duplicate decisions (245.337958ms)
✔ status must be complete and belong to the expected actor, company, batch and source (0.327667ms)
✔ terminal receipt and blocked codes cannot be coerced or accepted for another row (1.596209ms)
✔ services use scoped RPCs, validate inputs before calls, and never translate transport failures into success (13.927833ms)
✔ unknown recovery stays distinct from closed and rejects another scope or reference (0.414833ms)
✔ selected plan maps only approved fields and strips all held source information (19.222958ms)
✔ history requires a complete scoped page and valid pending counts (0.363125ms)
✔ result report includes each physical source row and distinguishes unsettled from saved (0.384042ms)
✔ comparison snapshot distinguishes measured empty from incomplete, malformed and foreign results (3.457083ms)
✔ read service sends only verified scope, not spreadsheet content, and validates response (0.720958ms)
✔ Turkish phone formats match but do not imply identity (0.780292ms)
✔ blank fields preserve existing data; new contacts are additive and old city conflicts visible (0.221542ms)
✔ name and contact matching different people requires review; never prefer one silently (0.156917ms)
✔ source issues remain blocking review even when no current match exists (1.656667ms)
✔ many ambiguous matches are bounded and explicitly labelled; file rows are never merged (6.360125ms)
✔ every source row is accounted for; no decision is guessed (2.236542ms)
✔ existing identity selection never accepts field changes by default (0.58525ms)
✔ source issues, unknown targets, illegal changes and matches cannot become new writes (0.332417ms)
✔ two source rows targeting one person require resolution even for unchanged rows (0.221708ms)
✔ new rows with normalized shared identity do not silently create duplicates (0.305291ms)
✔ new row conflicting with another row resulting contact is also blocked (0.1865ms)
✔ contact capacity and revision overflow cannot be hidden by review (0.182167ms)
✔ existing city-only import excludes rejected source name and contact values from the actual request (19.573208ms)
✔ selected email is retained, unchanged rows send only stored name, hold rows send no personal data (3.325125ms)
✔ suggestions are conservative, duplicates and branch city are not guessed (9.83425ms)
✔ calendar dates reject impossible days and ambiguous serials (0.258833ms)
✔ repeated names and shared phones retain all physical source rows without merging (6.027833ms)
✔ coverage statuses remain source history; invalid ranges and unmapped fields remain visible (4.292333ms)
✔ missing, overlapping and wrong-scope mappings are rejected (0.418459ms)
✔ real XLSX reader preserves hidden sheet, physical row numbers, dates and formula diagnostics (137.350083ms)
✔ CSV supports BOM CRLF quoted delimiters; bad encoding and renamed text fail (1.570208ms)
✔ worksheet extents cannot silently truncate oversized sources (4.6435ms)
✔ name-only source and unmapped formula can be explicitly prepared as new without merging (116.634917ms)
✔ mapped formula, error, invalid contact and missing name still block a new-person decision (1.306125ms)
✔ ten long emails fit the workbook cell budget without truncation; over-limit cells fail (2.19325ms)
✔ a large source is partitioned without losing or renumbering any source row (7.496667ms)
✔ duplicate targets across partition boundary are rejected before any part can be sent (0.535625ms)
✔ queue references reject corruption and duplicates instead of skipping parts (0.181417ms)
✔ local import receipt distinguishes absent, valid, malformed JSON and old shape (1.263417ms)
✔ blocked storage stays unavailable, is never treated as an empty receipt, and leaks no raw contents (0.24175ms)
✔ person receipt retry preserves command identity and distinguishes malformed and blocked storage (0.208417ms)
✔ resolved receipt removal failure preserves receipt and allows retry without leaking storage error (0.083084ms)
✔ reference preserves exact command and stores no person fields (1.189417ms)
✔ reference cannot recover into a different actor or tenant (0.304458ms)
✔ corrupt, old or unconfirmed references fail closed (0.106958ms)
✔ name-only records preserve unknown contacts, region and work type (0.839584ms)
✔ invalid contacts, hidden extra fields and unsupported work types are rejected (0.308292ms)
✔ page completeness, duplicate IDs, foreign scope and null RPC results fail closed (0.399709ms)
✔ recovery only confirms the expected person, command and revision (0.142041ms)
✔ UUID assignment displays the directory name even without legacy text (0.437ms)
✔ current directory name supersedes stale legacy text (0.075125ms)
✔ loading, failure and missing directory entry never claim unassigned (0.057792ms)
✔ blank profile name is still an assignment (0.047708ms)
✔ name-only rows are clearly marked as legacy (0.059458ms)
✔ only a row without UUID or legacy name says unassigned (0.058083ms)
✔ claim predicates atomically require same tenant/revision, no identity or legacy name, and open status (0.911167ms)
✔ losing claim, inaccessible record and transport failure cannot report success (0.351458ms)
✔ links contain only the task UUID and round trip (0.589041ms)
✔ unrelated task-prefill parameters do not become a task link (0.317417ms)
✔ malformed, empty and duplicate IDs are rejected (0.491083ms)
✔ URL round trip carries only identifiers and date (2.541375ms)
✔ ordinary tasks page has no prefill; partial and duplicate context rejected (0.223875ms)
✔ reject malformed ids, impossible dates and unsupported date bounds (0.129125ms)
✔ prefill derives fresh name and title from server data, no assignee/source FK or deadline inferred (0.165208ms)
✔ missing company/request/location and mismatched day fail without fallback (0.208375ms)
✔ passive company and cancelled request cannot prepare a new followup (0.10975ms)
✔ inactive location may still need a followup on an existing active request (0.084042ms)
✔ invalid or missing revision fails before any raw request (0.796417ms)
✔ update filters exact loaded revision and returns new row (0.443166ms)
✔ zero rows is a conflict, transport/database error stays different (0.260166ms)
✔ history has an honest twenty-row limit and extra-row indicator (0.159834ms)
✔ command validates bounded unique integer revisions and canonical identities (10.827291ms)
✔ snapshot normalization removes ordering and presentation from command identity (0.127625ms)
✔ preview rejects silent omissions, duplicate rows, unsafe counts and wrong source (0.224958ms)
✔ directory allows unnamed departed source, never absent arrays or duplicate targets (0.181792ms)
✔ result must match exact command scope and moved count (0.119042ms)
✔ service writes one RPC and has no iterative task fallback (0.17275ms)
✔ invalid command fails before write and malformed successful response is uncertain (0.1985ms)
✔ transport error cannot be mislabeled as nonmember or conflict (0.280417ms)
✔ reverse formula rejects the historical negative-price case and below-baseline amounts (0.555542ms)
✔ every numeric input rejects negative and non-finite values (0.804584ms)
✔ zero markup is valid and markup is applied to cost, not sales margin (0.278084ms)
✔ form parser distinguishes missing required input from optional zero and rejects partial numeric strings (0.239333ms)
✔ cancelled presence remains actual; removed unknown is not outstanding (2.942083ms)
✔ no declarations cannot silently become zero attendance (0.637708ms)
✔ duplicate or unmatched declarations fail verification (1.15ms)
✔ same worker on different days counts separate person days (0.499333ms)
✔ absence total counts declarations, not unique people (0.292583ms)
✔ Monday week boundaries include Sunday, leap day, year and minimum date (3.949834ms)
✔ totals count person-days, exclude cancellations and retain unfilled requests (0.568792ms)
✔ empty verified plan is accepted; null and wrong company/week are not (0.341917ms)
✔ range, duplicate requests, capacity, missing staff and cancelled assignment contradictions fail closed (0.227416ms)
✔ same worker on separate days allowed, double booking or repeated assignment ID rejected (0.226834ms)
✔ CSV records scope/time and quotes delimiters, double quotes and embedded newlines (0.247084ms)
✔ CSV neutralizes formula prefixes including whitespace before formula (0.187917ms)
✔ CSV cancellations are opt-in and contribute zero active open (0.084708ms)
✔ overnight is explicit; break reduces actual work; invalid time never becomes an estimate (0.787208ms)
✔ 24 hour limit and zero-length work are distinct; no automatic overnight guessing (0.10975ms)
✔ correction reason required and only valid scoped record can establish revision zero (1.166791ms)
✔ net totals and contiguous latest audit history must agree with the record (0.186166ms)
✔ receipt is matched to command, assignment, action and next revision (0.145916ms)
✔ invalid write fails before RPC; exact payload and errors are preserved (0.257875ms)
✔ company/day list rejects wrong scope, partial shape, duplicates and malformed totals (1.408875ms)
✔ latest 20 audit entries are accepted only in contiguous descending revision order (0.135125ms)
✔ declared per-entry and aggregate expansion are bounded (0.613708ms)
✔ malformed directories, encryption, volume split and entry-count overflow fail (0.388917ms)
✔ preparation preserves identity and explicit work kind; normalizes code (3.106834ms)
✔ rejects malformed identities, revisions and unsupported work types (0.25325ms)
✔ receipt must match command, person, next revision and real worker id (0.129125ms)
✔ five surplus staff in one location cannot cancel five missing in another (0.762542ms)
✔ zero target, fully staffed and empty sets remain distinct and nonnegative (0.089583ms)
✔ workspace identity follows server data and never a user-editable company name (1.016625ms)
✔ missing, malformed and mismatched company or actor responses fail closed (0.416208ms)
✔ write target requires both the same actor and company (0.1255ms)
✔ RPC errors and null success never invent a company or return a stale identity (0.3105ms)
✔ company context request carries no caller-selected company and has a deadline (0.150541ms)
✔ UI company comes from verified workspace when getUser metadata lacks token-hook claims (0.114209ms)
✔ role and company are accepted together and user metadata cannot supply authority (0.164917ms)
✔ invitation parsing fails closed and excludes server extras (1.355833ms)
✔ token has 256 random bits and transport failure is not labelled invalid invitation (0.789ms)
✔ setup accepts measured zeros but rejects unavailable/wrong-scope response (1.713084ms)
✔ setup rejects coerced, missing, negative or unsafe counts and invalid calendar dates (0.181791ms)
ℹ tests 518
ℹ suites 0
ℹ pass 518
ℹ fail 0
ℹ cancelled 0
ℹ skipped 0
ℹ todo 0
ℹ duration_ms 13763.056833
