
> bps@0.1.0 qa:operations
> node scripts/qa-test-suite.mjs application

application: 102 files
database: 9 files
pending: 7 files
Pending feature tests are NOT part of the passed application coverage.
✔ calendar follows Istanbul day across UTC midnight and year rollover (34.552791ms)
✔ agenda groups civil dates, sorts unknown time last, retains cancelled entries, never mutates source (1.041ms)
✔ truncated or uncounted appointment response cannot render a falsely empty calendar (0.586125ms)
✔ bounded completion input is normalized; nonboolean cannot request a task (1.080959ms)
✔ completion result must identify exact appointment and valid task/skip combination (0.316333ms)
✔ service uses one scoped RPC with no sequential table fallback (0.170334ms)
✔ transport failure is unverifiable, not already completed or unauthorized (0.291791ms)
✔ scope and invalid input fail before calling RPC (0.26925ms)
✔ status-only service cannot recreate split completion path (0.222417ms)
✔ links contain only the appointment UUID and round trip (0.66175ms)
✔ unrelated query parameters do not become an appointment link (0.079917ms)
✔ malformed, empty and duplicate IDs are rejected (0.173875ms)
✔ attendance actions retain exact record and revision, undo appears only after a report (1.51475ms)
✔ future dates and read-only/busy state disable every action including undo (0.352417ms)
✔ removed assignment disables every attendance action, including undo (0.186167ms)
✔ contract days follow Istanbul midnight and preserve today/expired semantics (1.181125ms)
✔ missing, malformed and impossible contract dates never turn into a plausible remaining-day count (0.190083ms)
✔ actual company service enables candidate and active only, preserves input CRM statuses (1.319417ms)
✔ company directory failures are not presented as empty success (0.378459ms)
✔ 1001 rows require three bounded requests; no clipping or redundant empty request (7.3875ms)
✔ empty and exact page boundary terminate without an extra read (14.383125ms)
✔ second-page failures never return the first page as a complete list (8.687875ms)
✔ invalid identities, malformed totals and over-budget lists fail on first request (4.777458ms)
✔ selectAllCriticalDates retains scope, exact count and unique ordering on all pages (0.489958ms)
✔ selectAllWorkforceSummaries retains scope, exact count and unique ordering on all pages (0.296584ms)
✔ selectWorkforceSummariesByCompanyIds retains scope, exact count and unique ordering on all pages (0.311458ms)
✔ selectAllTasks retains scope, exact count and unique ordering on all pages (0.275833ms)
✔ selectTasksByCompanyId retains scope, exact count and unique ordering on all pages (0.232958ms)
✔ selectTasksByContractId retains scope, exact count and unique ordering on all pages (0.295667ms)
✔ selectTasksByAppointmentId retains scope, exact count and unique ordering on all pages (0.221667ms)
✔ selectAllAppointments retains scope, exact count and unique ordering on all pages (0.200833ms)
✔ selectAppointmentsByCompanyId retains scope, exact count and unique ordering on all pages (0.197958ms)
✔ selectAppointmentsByContractId retains scope, exact count and unique ordering on all pages (0.205541ms)
✔ selectAppointmentsByCompanyIds retains scope, exact count and unique ordering on all pages (0.127791ms)
✔ selectAllContracts retains scope, exact count and unique ordering on all pages (0.132375ms)
✔ selectContractsByCompanyId retains scope, exact count and unique ordering on all pages (0.12325ms)
✔ selectNotesByCompanyId retains scope, exact count and unique ordering on all pages (1.537625ms)
✔ getActiveContractCountsByCompanyIds retains scope, exact count and unique ordering on all pages (0.367542ms)
✔ real Supabase query builder sends bounded offsets, stable order and exact count (68.608166ms)
✔ deadline expiry stops before the next page (0.881917ms)
✔ selectNotesByCompanyId rejects clipped, null-count and failed results (4.251833ms)
✔ selectAllContracts rejects clipped, null-count and failed results (0.263667ms)
✔ selectContractsByCompanyId rejects clipped, null-count and failed results (0.234625ms)
✔ getActiveContractCountsByCompanyIds rejects clipped, null-count and failed results (0.211917ms)
✔ selectAllCriticalDates rejects clipped, null-count and failed results (0.1745ms)
✔ selectAllAppointments rejects clipped, null-count and failed results (0.136ms)
✔ selectAppointmentsByCompanyId rejects clipped, null-count and failed results (0.134042ms)
✔ selectAppointmentsByContractId rejects clipped, null-count and failed results (0.157209ms)
✔ selectAppointmentsByCompanyIds rejects clipped, null-count and failed results (0.143292ms)
✔ selectAllWorkforceSummaries rejects clipped, null-count and failed results (0.19375ms)
✔ selectWorkforceSummariesByCompanyIds rejects clipped, null-count and failed results (0.215084ms)
✔ selectTasksByCompanyId rejects clipped, null-count and failed results (0.198417ms)
✔ selectAllTasks rejects clipped, null-count and failed results (0.250291ms)
✔ selectTasksByContractId rejects clipped, null-count and failed results (0.100125ms)
✔ selectTasksByAppointmentId rejects clipped, null-count and failed results (0.091083ms)
✔ active counts retain repeated company IDs in a complete result (0.415583ms)
✔ empty company selection never fetches a broader workforce or appointment list (0.050041ms)
✔ dashboard exact totals survive clipped lists while card rows remain unavailable (0.084084ms)
✔ unavailable or malformed totals cannot become measured zero (0.077083ms)
✔ report joins reject missing source or a missing company anywhere in the list (0.052291ms)
✔ report joins preserve measured empty lists and legitimate display names without text sentinels (0.040667ms)
✔ appendix list distinguishes empty, malformed and wrong scope (0.999ms)
✔ keyset pagination has bounded continuation and rejects duplicates or borrowed preceding rows (0.197ms)
✔ document history rejects another document even within same contract (0.218417ms)
✔ legacy main commands keep their storage key; appendix targets remain isolated (0.100125ms)
✔ appendix title is command identity; main receipt cannot acknowledge appendix command (0.35075ms)
✔ version download checks contract/document before signing any path (0.1835ms)
✔ missing, unavailable and malformed versions never mean empty history (1.047916ms)
✔ bounded history explicitly reports more and rejects unordered or duplicate evidence (0.267333ms)
✔ signed download resolves version through scoped RPC, never arbitrary caller path (0.227833ms)
✔ actual PDF replace service gates revision and uses CAS, zero rows is failure (0.496292ms)
✔ creation validates real calendar dates, bounded revision and required basis (2.359042ms)
✔ unavailable or malformed snapshot never means no task (0.2035ms)
✔ current task owner can be unassigned or unavailable without inventing a person (0.095209ms)
✔ service uses one scoped RPC; malformed success and transport failure do not fall back (0.364541ms)
✔ only exact known failure is definite; unknown responses keep retry command (0.132917ms)
✔ strict command rejects forged identity/display/routing fields and missing fields (0.769792ms)
✔ unicode PostgreSQL character boundary, Turkish text, line endings, NUL and broken UTF-16 (0.622292ms)
✔ mentions are selected identifiers, canonical order, detached from caller array (0.826458ms)
✔ retry comparison is stable but every scope/content change differs (0.271417ms)
✔ null/string/mismatched receipt cannot acknowledge pending command (0.339ms)
✔ resolution requires matching scope and a recognized terminal result (0.304375ms)
✔ failed RPC shapes are not empty successful reads (1.085125ms)
✔ message shape requires safe identity, timestamp and explicit parent (0.669416ms)
✔ inbox counts and source fields cannot be silently coerced (1.421333ms)
✔ explicit empty optional critical-date fields clear stored content (2.254417ms)
✔ omitted optional critical-date fields remain untouched (0.245459ms)
✔ nonempty optional critical-date fields are trimmed (0.090416ms)
✔ critical-date CAS preserves full database timestamp and rejects a losing edit (0.661416ms)
✔ missing or malformed snapshot cannot update a critical date (0.19675ms)
✔ malformed headers, widths and quotes never produce writable rows (2.307875ms)
✔ valid BOM CRLF multiline escaped quotes and semicolon fields survive (0.699625ms)
✔ invalid encodings and resource limits fail before preview (6.953583ms)
✔ coverage, presence and missing reports remain distinct; historical removed attendance does not count (0.856417ms)
✔ cancelled requests remain visible in all but never enter active action filters (0.1025ms)
✔ fully assigned does not mean present and absent people remain assigned until replacement (0.083916ms)
✔ search combines Turkish-normalized location, occupation and assigned staff terms (0.545167ms)
✔ measured empty day accepted, unavailable or malformed RPC never becomes zero (2.520125ms)
✔ real dates, leap years and strict format (3.676625ms)
✔ required fields, counts and extra untrusted fields (0.2585ms)
✔ daily coverage from zero to full (0.45925ms)
✔ paused and cancelled are not active demand (0.139208ms)
✔ corrupt aggregates fail rather than clamp (0.237375ms)
✔ assignment eligibility failures stay distinct (0.328833ms)
✔ missing or nonboolean verification never means available (0.117083ms)
✔ activity empty differs from unavailable or malformed response (2.762042ms)
✔ activity labels distinguish ownership events without claiming task completion (0.105875ms)
✔ general document activity accepts only an internal document destination (0.115584ms)
✔ contracts filter in SQL before five-row cap; no full-record transfer (22.913417ms)
✔ documents include missing files and undated manual states before limiting; derive expiry now (1.375583ms)
✔ critical dates include overdue and exactly thirty days; bounded stable order (0.868291ms)
✔ smaller server cap, missing counts, duplicate rows and transport errors do not masquerade as complete cards (2.2635ms)
✔ company names resolve only referenced IDs in batches; no task count tied to directory cap (2.662375ms)
✔ money preserves zero, negative values, and missing versus malformed input (16.168041ms)
✔ Istanbul variants share a display/filter key without changing other city names (0.176916ms)
✔ role rejection touches neither document nor storage (4.576209ms)
✔ read failure leaves both records untouched (0.187958ms)
✔ missing read and zero-row delete explicitly report no confirmed deletion (0.144792ms)
✔ blocked database deletion never removes the file (0.160708ms)
✔ confirmed row deletion uses RETURNING path, after deleting the row (0.132333ms)
✔ record without a file is a confirmed deletion with no storage operation (0.092708ms)
✔ storage failure preserves confirmed deletion and warning, never suggests row retry (0.128333ms)
✔ each existing category belongs to one folder; linked contracts stay together (0.445916ms)
✔ moving changes category only, scoped by company, revision and unlinked contract (0.612875ms)
✔ invalid category, denied/stale result, transport error and wrong identity never succeed (0.304291ms)
✔ listAllDocuments derives expiry without mutating stored status (41.490583ms)
✔ listDocumentsByLegacyCompanyId derives expiry without mutating stored status (18.891084ms)
✔ single document derives expiry and preserves missing record (31.879209ms)
✔ company compliance counts expired stored-complete files as non-compliant (29.150792ms)
✔ Istanbul expiry includes day zero and thirty, expires on following day (0.718916ms)
✔ expiry changes at Istanbul midnight instead of UTC midnight (0.099208ms)
✔ stored complete does not keep an expired document green and mapping does not mutate raw data (0.107666ms)
✔ missing file and explicit missing status take priority; undated manual state stays intact (0.145875ms)
✔ initial snapshot and refresh are silent; only newly observed unread IDs sound (0.915ms)
✔ scope keys separate companies and users; response mismatch fails closed (0.316417ms)
✔ links contain only a verified internal request target, company and date (1.288541ms)
✔ two tabs observing the same event play once; rapid batches are consumed silently (0.571042ms)
✔ storage or locking failure never falls back to uncoordinated sound (0.263709ms)
✔ shared ledger stores only bounded event IDs and time, never message content (0.329666ms)
✔ duplicate inbox rows are rejected instead of doubling counters or cards (0.21975ms)
✔ impossible calendar day cannot reach the date formatter or deep link (0.093583ms)
✔ independent task inserts null company without company lookup and keeps assignment empty (1.052291ms)
✔ independent tasks cannot borrow company-linked context (0.38025ms)
✔ business day is independent of device timezone at Istanbul midnight (0.731333ms)
✔ actual day hook observes timer, wake and visibility changes, then removes listeners (15.535708ms)
✔ valid search and known filter values survive serialization (1.163417ms)
✔ malformed, oversized and wrongly typed preferences recover to defaults (0.157291ms)
✔ unknown keys and overlong fields cannot enter the filter state (0.085125ms)
✔ keys separate list, account, tenant and role without separator ambiguity (0.134125ms)
✔ distinguishes new, unchanged, changed and inactive without rewriting input (1.314916ms)
✔ reads beyond first page and includes inactive rows (0.602584ms)
✔ null codes do not match by name; leading zeros and case remain distinct (0.126083ms)
✔ read failures and malformed pages never become new records (0.58225ms)
✔ changing totals and duplicated records across pages fail closed (0.309ms)
✔ oversized directory stops after first page; no partial preview (0.263041ms)
✔ empty measured directory is allowed; duplicate input is rejected before reads (0.109917ms)
✔ UTF8 BOM CRLF and leading zeros retained (1.197166ms)
✔ quoted delimiter and escaped quotes (0.191833ms)
✔ bad quoting columns and headers rejected (0.1935ms)
✔ duplicate codes rejected, different leading zeros retained (0.117083ms)
✔ empty oversize and more than 500 rows rejected (0.545333ms)
✔ invalid cell types controls and empty text rejected (0.121459ms)
✔ only editable fields survive; leading/trailing whitespace is trimmed (1.470875ms)
✔ invalid identity, stale-token shapes and invalid text cannot become update commands (0.324875ms)
✔ response requires identity, exact new values and one revision advance (0.241ms)
✔ max accepted revision advances safely and missing old values are unverifiable (0.085125ms)
✔ real service forwards scope and normalized payload; RPC error or malformed success is never accepted (0.298916ms)
✔ login preserves internal destination, query and hash after normalization (16.532417ms)
✔ login rejects external, backslash, controls and normalized host prefixes (0.289625ms)
✔ anonymous access request reaches handler while adjacent and protected paths redirect (4.698125ms)
✔ redirect retains refreshed session cookie options (0.831334ms)
✔ management date follows Istanbul midnight and owner/date filters stay server-side (15.818084ms)
✔ saved search stores normalized filter not a page and rejects corrupt/duplicate data (0.594334ms)
✔ availability rejects impossible dates, inverted and excessive intervals (0.503167ms)
✔ past and superseded availability never becomes current via fallback (0.102084ms)
✔ active work rejection has a useful admin message without raw database text (0.638875ms)
✔ task guard membership and role failures remain distinct in create and update (0.344625ms)
✔ transport failures are not translated into lost membership or role (0.110375ms)
✔ operation day rolls over at Istanbul midnight regardless of device timezone (13.758375ms)
✔ quick views distinguish current owner, truly unassigned, and closed work (0.197583ms)
✔ active tasks sort by due day with stable ties without mutating input (0.994375ms)
✔ completion keeps tenant, revision, active status and ownership in the same update (0.237292ms)
✔ lost race, inaccessible task, transport error and invalid revision never succeed (0.345834ms)
✔ overdue view derives lateness from date and excludes completed, future and undated tasks (0.082125ms)
✔ desktop and mobile action availability preserves ownership and legacy assignee boundaries (0.124459ms)
✔ route remount uses current workspace; stale cleanup cannot remove its protection (0.753833ms)
✔ navigation decision keeps the original event and synchronous cancellation (0.103083ms)
✔ company IDs are chunked and each assignment batch is paged to the measured total (1.586666ms)
✔ late assignment failure or unrelated company discards all previously read assignments (0.307792ms)
✔ failed manager read yields no company recipients and never starts partner lookup (0.220958ms)
✔ tasks candidate pages keep filters and never expose a partial source list (1.556583ms)
✔ documents candidate pages keep filters and never expose a partial source list (0.526583ms)
✔ appointments candidate pages keep filters and never expose a partial source list (0.537209ms)
✔ document batch reaches last source/membership rows and keeps tenant contents out of the other email (9.520917ms)
✔ late documents error produces no sends or reservation writes (0.855333ms)
✔ late tenant_memberships error produces no sends or reservation writes (1.51175ms)
✔ unacknowledged notification stamps are errors, never sent or counted as already sent (4.937666ms)
✔ unverifiable task owner is not treated as unassigned or sent to the manager fallback (1.959583ms)
✔ verified task owner receives the task while a truly unassigned task goes to its tenant manager (3.089583ms)
✔ overdue tasks change day at Istanbul midnight, not three hours later at UTC midnight (7.791709ms)
✔ appointment reminders use tomorrow in Istanbul when UTC is still on the previous day (1.474375ms)
✔ tenant roles override global roles for document recipients (5.614667ms)
✔ missing membership role fails closed before any transport or stamp (0.710792ms)
✔ document batch reservations follow each documents expiry date (20.494416ms)
✔ notification names resolve all referenced companies in bounded deduplicated chunks (1.212083ms)
✔ missing, truncated, duplicated or malformed company names fail instead of generating fallback mail (0.309875ms)
✔ contract batch reads past limits and sends each contract only to its tenant and assigned partner (25.551542ms)
✔ contract batch stops before stamps on a late read failure or missing company name (5.5055ms)
✔ contract 30-day window opens at Istanbul midnight (1.638916ms)
✔ a shared email in another tenant does not hide an eligible profile; same-tenant duplicates still get one copy (14.156125ms)
✔ multi-workspace contracts use tenant roles for managers and assigned partners (10.712084ms)
✔ contract batch reserves the actual expiry date and renewal changes its key (2.635334ms)
✔ contract recipients page managers, preserve email-only eligibility and restrict partner assignments/roles (1.597083ms)
✔ contract recipient later page failure rejects instead of returning earlier managers (0.628583ms)
✔ expiry contract reader reaches the last candidate past the server cap without selecting unused columns (1.3ms)
✔ contract read failure or incomplete later page rejects the entire candidate set (0.341042ms)
✔ membership paging reaches the last row even when server cap is lower than requested (6.2795ms)
✔ later page error, changing count, empty gap and duplicate rows discard the entire map (1.044833ms)
✔ empty membership table is valid only with measured zero; thrown reads remain unavailable (0.177541ms)
✔ profile IDs are deduplicated and chunked without losing the last owner (2.121334ms)
✔ late error, count mismatch and unexpected or repeated profiles discard previous chunks (0.554042ms)
✔ missing profiles and contactless profiles are measured omissions, empty input does not query (0.114417ms)
✔ company recipients still exclude a former partner after shared profile lookup (0.582875ms)
✔ role profile pagination includes the last eligible recipient and excludes missing contact (2.574541ms)
✔ role profile errors and unexpected roles never expose a partial recipient list (0.711959ms)
✔ notification reservation requires the expected acknowledgement; empty data is not already sent (0.913708ms)
✔ unique conflict remains an idempotent skip and DB failures expose only their code (0.13ms)
✔ renewal keys vary by expiry, reject invalid dates, and preserve other notification kinds (34.763416ms)
✔ failed delivery rollback filters the exact dated reservation (0.203166ms)
✔ bounded matcher catches identity-like and Turkish mobile forms (0.639459ms)
✔ ordinary dates, times, amounts and long identifiers remain usable; limits explicit (0.144ms)
✔ all four submission validators reject before calling a service (0.681125ms)
✔ historical conversation and pending command resolution remain readable (0.573792ms)
✔ validation errors are actionable without echoing private text (0.129166ms)
✔ one request may have three signs but request count is unique (16.593375ms)
✔ removed absence and cancelled demands do not create actions (0.278958ms)
✔ future unknown does not count as outstanding but unfilled demand does (0.170333ms)
✔ due date uses snapshot Istanbul day across UTC midnight boundary (0.26375ms)
✔ wrong week or malformed snapshot never becomes clean checklist (0.208958ms)
✔ empty verified week and fully present request have no signs (0.225125ms)
✔ priority and search preserve overlap without summing people (0.312666ms)
✔ selected day only, including year boundary week (0.162ms)
✔ query separates company locations and tenant workers (1.299958ms)
✔ page preserves leading zero code and manual null code (0.293083ms)
✔ partial page, duplicate identity or wrong filter fails instead of showing clean data (0.470167ms)
✔ page beyond shrinking total is valid empty with true total (0.092333ms)
✔ worker shape cannot be mistaken for a company location (0.140042ms)
✔ activation keeps strict boolean and bounded expected revision (0.520625ms)
✔ activation response must identify exact change and revision (0.154208ms)
✔ command boundaries reject missing or invalid CAS, hash, bytes and filename (3.763458ms)
✔ receipt identity and terminal states cannot be borrowed or interpreted loosely (0.765ms)
✔ invalid file is rejected before any RPC, including same-size different content (3.533334ms)
✔ lost upload response reconciles bytes before finish; same command retry returns receipt without Storage (1.420875ms)
✔ missing or mismatched Storage bytes cannot finish (1.183ms)
✔ cancelled command never uploads; cancel-before-prepare uses full immutable command (8.31325ms)
✔ status distinguishes unknown transport, confirmed missing, malformed and published (0.898584ms)
✔ bounded multipart accepts a file above Server Action default and exactly 10 MiB (48.630042ms)
✔ body limit enforced on actual chunks despite missing or lying Content-Length (10.530958ms)
✔ malformed successful RPC data remains an unverifiable result, not invalid caller input (0.274917ms)
✔ fresh adapter after reload reuses persisted identity without storing form text (4.04225ms)
✔ canonical object key order is stable; changed payload and kind are distinct (0.964083ms)
✔ different account and tenant never borrow identity (2.471042ms)
✔ concurrent tabs reserve a single identity through shared lock (1.642417ms)
✔ acknowledgment removes only confirmed command; next identical intent has new identity (1.084375ms)
✔ blocked read/write and missing locks reject without volatile fallback (1.314834ms)
✔ malformed stored records fail closed (1.953042ms)
✔ 50 pending limit preserves old identities and blocks new writes (14.369666ms)
✔ failed acknowledgment retains original identity for safe retry (1.103375ms)
✔ reconciliation clears only terminal requested IDs; unknown and concurrent additions survive (2.420167ms)
✔ malformed, omitted, duplicate, foreign, and non-terminal-looking statuses preserve all pending identities (1.327375ms)
✔ reconciliation storage failure keeps recoverable identity (1.000792ms)
✔ read-only digest snapshot matches normalized intent without reserving or exposing payload (1.13575ms)
✔ reload and concurrent tabs reuse identity without retaining financial text (6.472291ms)
✔ changed file or mapping cannot silently allocate a second command (0.845459ms)
✔ scope isolation; settlement clears only the proven command (1.174333ms)
✔ storage failure and corrupt records fail closed (1.194458ms)
✔ failed settlement retains original identity (1.439541ms)
✔ only explicit input rejection permits clearing recovery; network/replay uncertainty preserves it (0.579125ms)
✔ command payload allowlists fields and trims text (5.1705ms)
✔ unknown commands including prototype properties are rejected (0.533333ms)
✔ request boundary, date and identity validation (0.648417ms)
✔ directory and assignment commands require their own fields (2.515208ms)
✔ null and nonboolean board data cannot become an empty or available board (0.631833ms)
✔ capacity and cancellation contradictions fail board validation (0.419875ms)
✔ capacity edit requires valid old and new counts and strips unrelated fields (0.374ms)
✔ attendance requires exact status and nonnegative bounded revision (0.656875ms)
✔ board cannot drop attendance or turn unknown into absence (0.862792ms)
✔ request context round trips without dropping day, scope, or encoded job (2.811708ms)
✔ malformed or duplicate context cannot initialize a placement journey (0.192625ms)
✔ new, repeated and corrected files remain distinct (2.163791ms)
✔ rejects other tenant/project/source/month and partial snapshots (0.216042ms)
✔ both copies are blocked; changed source identity cannot duplicate work (1.177917ms)
✔ missing is not zero; malformed dates and durations are blocked (0.193916ms)
✔ omitted rows remain visible without deletion; corrupt snapshots fail (0.128167ms)
✔ multiple slots are separate; leading zero codes are preserved (0.094584ms)
✔ preview rejects incomplete, duplicate, invalid duration or status rows (2.079292ms)
✔ people response rejects duplicate codes and malformed candidates (0.61175ms)
✔ monthly report rejects incomplete, inconsistent or wrong-scope totals (0.977125ms)
✔ empty report is explicit and duration retains minutes (17.223583ms)
✔ UTF-8 CSV preserves codes and explicitly converts hours (1.512ms)
✔ invalid encoding, duplicate columns, partial row fail (0.241791ms)
✔ blank/formula/day-text/fractional-minute/out-of-range never become zero (0.476708ms)
✔ wrong month, formula metadata and duplicate mapping block (0.181375ms)
✔ incomplete lists, duplicates and wrong tenant fail (0.735458ms)
✔ details reject impossible dates and incomplete child pages (1.682875ms)
✔ page offsets are bounded and aligned (0.408458ms)
✔ work details fail on missing pages, duplicates, wrong scope and invalid durations (1.45075ms)
✔ Excel dates and zero-padded codes survive extraction (4.577542ms)
✔ formulas remain flagged; merged, hidden-only and oversized sheets reject (2.20225ms)
✔ task rejects wrong company, tenant, invisible relation and read failure before insert (1.123459ms)
✔ task accepts same company/tenant relation and queries explicit scope (1.103875ms)
✔ task rejects company belonging to another tenant (0.17575ms)
✔ appointment rejects wrong company, tenant, invisible relation and read failure before insert (1.047459ms)
✔ appointment accepts same company/tenant relation and queries explicit scope (0.197583ms)
✔ appointment rejects company belonging to another tenant (0.114667ms)
✔ task appointment relation is independently validated before insert (0.336458ms)
✔ no relation requires no extra relation reads and preserves nullable IDs (0.225792ms)
✔ replacement search is Turkish-normalized and excludes booked, inactive and current worker (1.836375ms)
✔ selected available worker survives no matching search without inflating match count (0.127791ms)
✔ selection cannot bypass availability and does not duplicate a matched worker (0.110958ms)
✔ only an explicit scoped null latest is interpreted as no conversation (0.844042ms)
✔ transport error cannot become a zero revision snapshot (0.178667ms)
✔ latest revision and actor are validated before exposing the record (0.370292ms)
✔ write retains scope, command ID and revision; validates response against submitted command (0.352125ms)
✔ invalid input stops before RPC and write errors are preserved for reconciliation (0.171ms)
✔ eleven-digit numeric codes are blocked without collecting or validating identity (1.680583ms)
✔ ordinary business codes, dates and UUIDs are not reclassified as identities (0.130166ms)
✔ spreadsheet row is held with field message and no accepted value (0.495375ms)
✔ database rejection is translated without echoing the input (0.127792ms)
✔ weekdays selected across year boundary and leap day (3.8725ms)
✔ range limit is inclusive 31 days; reverse, empty weekday and invalid calendar rejected (0.739875ms)
✔ payload normalization gives same dates and trimmed content for retry identity (0.8925ms)
✔ malformed or excessive payload never reaches writes (0.483292ms)
✔ removed preview days remain excluded from canonical payload (0.29175ms)
✔ batch result must contain exact count and distinct identities for the same command (0.200584ms)
✔ IDP period keeps original leave interval while excluding non-working preview days (0.611ms)
✔ all routes prohibit framing and set browser safety headers without breaking scripts (50.319167ms)
✔ late assignment skips prior checks and requires immediate call (2.419167ms)
✔ last recorded event wins, not scheduled offset (0.408583ms)
✔ past plan events cannot colour new plan (0.091833ms)
✔ claimed arrival remains unverified at start even if all calls recorded (0.179042ms)
✔ confirmation closes remaining calls without fabricating events; removal closes writes (0.096ms)
✔ unknown or malformed call outcome fails closed instead of hiding required action (0.69925ms)
✔ all supported call results and extra call offset remain accepted (0.18875ms)
✔ daily attendance conflict directs the operator to reopen independent confirmation (0.205042ms)
✔ mobile next call suggests earliest due unrecorded step regardless of offset order (0.124959ms)
✔ mobile next call never reopens closed/confirmed work or fabricates scheduled checks (0.575334ms)
✔ known rejected command is removed only after terminal server closure (7.802959ms)
✔ previous commit wins over a later rejection; never claims not saved (0.632958ms)
✔ scope denial, unknown or malformed reconciliation preserve pending identity (7.367084ms)
✔ network, lock and unknown errors never automatically close a command (2.396ms)
✔ storage failure after response keeps uncertainty rather than fake cleanup (0.473125ms)
✔ input, witness, replay and plan errors have useful distinct explanations (0.123041ms)
✔ zero assignments differs from zero outstanding tracking (3.772125ms)
✔ full count survives first-page/top-three rendering (0.680917ms)
✔ partial or wrong-scope response is not a healthy summary (0.40725ms)
✔ confirmed or closed record cannot become an outstanding item (0.130291ms)
✔ employee claim remains pending and lost responsibility is explicit (0.200125ms)
✔ tracking link preserves exact day and enables only explicit action filter (0.095292ms)
✔ tracking link preserves day and safely encodes worker search without enabling urgent filter (2.729959ms)
✔ missing name and invalid day cannot produce an unrelated tracking destination (0.252584ms)
✔ tracking preserves return company separately from the all-company query and chosen return day (0.272042ms)
✔ return navigation rejects malformed company and impossible dates without accepting arbitrary URLs (0.1555ms)
✔ future, due and overdue controls have distinct boundaries (0.574083ms)
✔ claimed arrival never confirms; start deadline escalates even after all calls (0.098166ms)
✔ cannot attend needs replacement; unreachable differs from absence (0.07825ms)
✔ verified arrival skips remaining controls, retains recorded outcomes (0.0835ms)
✔ removed assignment closes pending controls; invalid confirmation cannot green a row (0.169584ms)
✔ midnight arithmetic and malformed schedules (1.466917ms)
✔ onboarding access excludes operations while ordinary attachments remain available (0.508875ms)
✔ metadata rejects path names, oversized files, PDF photos and forged properties (7.745125ms)
✔ file signature is checked rather than trusting filename or browser MIME (0.494125ms)
✔ lost upload response survives reload and reuses its command without storing file contents (1.339375ms)
✔ upload references are isolated by actor, tenant, person, category and file fingerprint (0.198458ms)
✔ blocked, silently discarded or corrupted browser storage prevents starting a new command (0.172917ms)
✔ confirmation cannot clear a different command written by another tab (0.083375ms)
✔ upload recovery accepts duplicate status 400 or 409 and lost responses only after database confirmation (0.3015ms)
✔ a successful Storage response never substitutes for failed or non-boolean database confirmation (0.247334ms)
✔ confirmed reserve replay avoids uploading twice; malformed reserve never uploads (0.191083ms)
✔ two tabs reserve one upload command through the same exclusive lock (0.188958ms)
✔ missing or rejected cross-tab lock never allocates an upload reference (0.123333ms)
✔ attachment list distinguishes measured empty from missing or corrupt response (0.252ms)
✔ attachment list rejects wrong person, duplicate IDs and malformed file metadata (0.333125ms)
✔ attachment list keeps the 51st pagination sentinel but rejects an unexpected oversized response (0.17175ms)
✔ confirmation and reservation use the same lock; a queued new command survives cleanup (0.158625ms)
✔ confirmation preserves recovery reference if cross-tab lock cannot be acquired (0.079708ms)
✔ cancel cleanup only clears matching command inside the same actor tenant and person (0.155958ms)
✔ explicit empty differs from missing, and every requested identity is accounted for (0.848042ms)
✔ reject wrong tenant, actor, timestamps and job-specific decline in general summary (0.610833ms)
✔ bound requests to one server page and accept empty page (0.543166ms)
✔ conversation captures an outcome without manufacturing availability or a placement (0.797584ms)
✔ declining a job requires that specific request; malformed values fail (0.195792ms)
✔ response belongs to requested tenant/person and contains a real server actor/time (0.23525ms)
✔ history rejects mixed people, duplicate ids and oversized responses (0.459084ms)
✔ combined filters normalize without dropping constraints (1.01925ms)
✔ invalid ranges, malformed filters and null values fail validation (0.739667ms)
✔ demographics remain optional and omission is distinct from explicit clear (21.726375ms)
✔ server response must echo every applied filter (0.534875ms)
✔ availability requires date and state together; saved legacy filters remain valid (0.427ms)
✔ person responses retain demographics through list, detail and edit validation (1.047625ms)
✔ callback view survives validation and saved searches; response cannot silently use all (17.352875ms)
✔ batch request preserves sparse physical row numbers and rejects malformed or duplicate decisions (241.46175ms)
✔ status must be complete and belong to the expected actor, company, batch and source (0.392ms)
✔ terminal receipt and blocked codes cannot be coerced or accepted for another row (2.269416ms)
✔ services use scoped RPCs, validate inputs before calls, and never translate transport failures into success (28.644ms)
✔ unknown recovery stays distinct from closed and rejects another scope or reference (2.807917ms)
✔ selected plan maps only approved fields and strips all held source information (18.856291ms)
✔ history requires a complete scoped page and valid pending counts (0.401958ms)
✔ result report includes each physical source row and distinguishes unsettled from saved (0.919583ms)
✔ comparison snapshot distinguishes measured empty from incomplete, malformed and foreign results (1.216583ms)
✔ read service sends only verified scope, not spreadsheet content, and validates response (0.640041ms)
✔ Turkish phone formats match but do not imply identity (0.698667ms)
✔ blank fields preserve existing data; new contacts are additive and old city conflicts visible (0.419292ms)
✔ name and contact matching different people requires review; never prefer one silently (0.440083ms)
✔ source issues remain blocking review even when no current match exists (0.15375ms)
✔ many ambiguous matches are bounded and explicitly labelled; file rows are never merged (1.33975ms)
✔ every source row is accounted for; no decision is guessed (2.71825ms)
✔ existing identity selection never accepts field changes by default (1.822208ms)
✔ source issues, unknown targets, illegal changes and matches cannot become new writes (1.420167ms)
✔ two source rows targeting one person require resolution even for unchanged rows (0.393167ms)
✔ new rows with normalized shared identity do not silently create duplicates (0.355042ms)
✔ new row conflicting with another row resulting contact is also blocked (0.209375ms)
✔ contact capacity and revision overflow cannot be hidden by review (0.276291ms)
✔ existing city-only import excludes rejected source name and contact values from the actual request (5.267666ms)
✔ selected email is retained, unchanged rows send only stored name, hold rows send no personal data (3.017083ms)
✔ suggestions are conservative, duplicates and branch city are not guessed (20.898542ms)
✔ calendar dates reject impossible days and ambiguous serials (0.281959ms)
✔ repeated names and shared phones retain all physical source rows without merging (1.538042ms)
✔ coverage statuses remain source history; invalid ranges and unmapped fields remain visible (0.324958ms)
✔ missing, overlapping and wrong-scope mappings are rejected (0.226959ms)
✔ real XLSX reader preserves hidden sheet, physical row numbers, dates and formula diagnostics (150.605208ms)
✔ CSV supports BOM CRLF quoted delimiters; bad encoding and renamed text fail (2.571083ms)
✔ worksheet extents cannot silently truncate oversized sources (3.448584ms)
✔ name-only source and unmapped formula can be explicitly prepared as new without merging (104.160542ms)
✔ mapped formula, error, invalid contact and missing name still block a new-person decision (1.500667ms)
✔ ten long emails fit the workbook cell budget without truncation; over-limit cells fail (2.944792ms)
✔ a large source is partitioned without losing or renumbering any source row (7.406083ms)
✔ duplicate targets across partition boundary are rejected before any part can be sent (0.455875ms)
✔ queue references reject corruption and duplicates instead of skipping parts (0.181333ms)
✔ local import receipt distinguishes absent, valid, malformed JSON and old shape (1.16225ms)
✔ blocked storage stays unavailable, is never treated as an empty receipt, and leaks no raw contents (0.211166ms)
✔ person receipt retry preserves command identity and distinguishes malformed and blocked storage (0.219125ms)
✔ resolved receipt removal failure preserves receipt and allows retry without leaking storage error (0.087ms)
✔ reference preserves exact command and stores no person fields (1.053875ms)
✔ reference cannot recover into a different actor or tenant (0.229584ms)
✔ corrupt, old or unconfirmed references fail closed (0.102667ms)
✔ name-only records preserve unknown contacts, region and work type (1.609042ms)
✔ invalid contacts, hidden extra fields and unsupported work types are rejected (0.361375ms)
✔ page completeness, duplicate IDs, foreign scope and null RPC results fail closed (0.426666ms)
✔ recovery only confirms the expected person, command and revision (0.14125ms)
✔ UUID assignment displays the directory name even without legacy text (0.461416ms)
✔ current directory name supersedes stale legacy text (0.068375ms)
✔ loading, failure and missing directory entry never claim unassigned (0.064042ms)
✔ blank profile name is still an assignment (0.049667ms)
✔ name-only rows are clearly marked as legacy (0.062792ms)
✔ only a row without UUID or legacy name says unassigned (0.058166ms)
✔ claim predicates atomically require same tenant/revision, no identity or legacy name, and open status (2.370625ms)
✔ losing claim, inaccessible record and transport failure cannot report success (0.361542ms)
✔ links contain only the task UUID and round trip (0.572084ms)
✔ unrelated task-prefill parameters do not become a task link (0.072708ms)
✔ malformed, empty and duplicate IDs are rejected (0.163ms)
✔ URL round trip carries only identifiers and date (3.287375ms)
✔ ordinary tasks page has no prefill; partial and duplicate context rejected (0.816292ms)
✔ reject malformed ids, impossible dates and unsupported date bounds (0.677333ms)
✔ prefill derives fresh name and title from server data, no assignee/source FK or deadline inferred (0.638292ms)
✔ missing company/request/location and mismatched day fail without fallback (0.308833ms)
✔ passive company and cancelled request cannot prepare a new followup (0.110959ms)
✔ inactive location may still need a followup on an existing active request (0.091125ms)
✔ invalid or missing revision fails before any raw request (0.924125ms)
✔ update filters exact loaded revision and returns new row (0.483208ms)
✔ zero rows is a conflict, transport/database error stays different (0.307334ms)
✔ history has an honest twenty-row limit and extra-row indicator (0.182542ms)
✔ command validates bounded unique integer revisions and canonical identities (11.3985ms)
✔ snapshot normalization removes ordering and presentation from command identity (0.129458ms)
✔ preview rejects silent omissions, duplicate rows, unsafe counts and wrong source (0.357625ms)
✔ directory allows unnamed departed source, never absent arrays or duplicate targets (0.372125ms)
✔ result must match exact command scope and moved count (0.140375ms)
✔ service writes one RPC and has no iterative task fallback (0.1895ms)
✔ invalid command fails before write and malformed successful response is uncertain (0.196292ms)
✔ transport error cannot be mislabeled as nonmember or conflict (0.256417ms)
✔ reverse formula rejects the historical negative-price case and below-baseline amounts (0.542167ms)
✔ every numeric input rejects negative and non-finite values (0.121833ms)
✔ zero markup is valid and markup is applied to cost, not sales margin (0.076541ms)
✔ form parser distinguishes missing required input from optional zero and rejects partial numeric strings (0.0725ms)
✔ cancelled presence remains actual; removed unknown is not outstanding (2.496208ms)
✔ no declarations cannot silently become zero attendance (0.23125ms)
✔ duplicate or unmatched declarations fail verification (0.251375ms)
✔ same worker on different days counts separate person days (0.149667ms)
✔ absence total counts declarations, not unique people (0.099916ms)
✔ Monday week boundaries include Sunday, leap day, year and minimum date (1.768291ms)
✔ totals count person-days, exclude cancellations and retain unfilled requests (0.518542ms)
✔ empty verified plan is accepted; null and wrong company/week are not (0.308ms)
✔ range, duplicate requests, capacity, missing staff and cancelled assignment contradictions fail closed (0.222166ms)
✔ same worker on separate days allowed, double booking or repeated assignment ID rejected (0.243167ms)
✔ CSV records scope/time and quotes delimiters, double quotes and embedded newlines (0.26ms)
✔ CSV neutralizes formula prefixes including whitespace before formula (0.1945ms)
✔ CSV cancellations are opt-in and contribute zero active open (0.097417ms)
✔ overnight is explicit; break reduces actual work; invalid time never becomes an estimate (1.129166ms)
✔ 24 hour limit and zero-length work are distinct; no automatic overnight guessing (0.32ms)
✔ correction reason required and only valid scoped record can establish revision zero (1.00325ms)
✔ net totals and contiguous latest audit history must agree with the record (0.187625ms)
✔ receipt is matched to command, assignment, action and next revision (0.145958ms)
✔ invalid write fails before RPC; exact payload and errors are preserved (0.237792ms)
✔ company/day list rejects wrong scope, partial shape, duplicates and malformed totals (1.560083ms)
✔ latest 20 audit entries are accepted only in contiguous descending revision order (0.170667ms)
✔ declared per-entry and aggregate expansion are bounded (0.573ms)
✔ malformed directories, encryption, volume split and entry-count overflow fail (0.304875ms)
✔ preparation preserves identity and explicit work kind; normalizes code (0.916625ms)
✔ rejects malformed identities, revisions and unsupported work types (0.260667ms)
✔ receipt must match command, person, next revision and real worker id (0.128542ms)
✔ five surplus staff in one location cannot cancel five missing in another (0.77175ms)
✔ zero target, fully staffed and empty sets remain distinct and nonnegative (0.087833ms)
✔ workspace identity follows server data and never a user-editable company name (0.979917ms)
✔ missing, malformed and mismatched company or actor responses fail closed (0.493209ms)
✔ write target requires both the same actor and company (0.151ms)
✔ RPC errors and null success never invent a company or return a stale identity (0.347083ms)
✔ company context request carries no caller-selected company and has a deadline (0.155958ms)
✔ UI company comes from verified workspace when getUser metadata lacks token-hook claims (0.127583ms)
✔ role and company are accepted together and user metadata cannot supply authority (0.171709ms)
✔ invitation parsing fails closed and excludes server extras (0.994667ms)
✔ token has 256 random bits and transport failure is not labelled invalid invitation (0.752334ms)
✔ setup accepts measured zeros but rejects unavailable/wrong-scope response (1.706958ms)
✔ setup rejects coerced, missing, negative or unsafe counts and invalid calendar dates (0.177375ms)
ℹ tests 523
ℹ suites 0
ℹ pass 523
ℹ fail 0
ℹ cancelled 0
ℹ skipped 0
ℹ todo 0
ℹ duration_ms 14169.360167
