✔ removed and cancelled assignments reject every new attendance state without receipts (98.656459ms)
✔ active attendance works; retry of accepted command after removal returns receipt without new event (2.652459ms)
✔ non-overlapping shifts remain allowed and overlap still rejects (2.345375ms)
✔ waiting stale screen observes committed removal after acquiring request lock (13.257791ms)
✔ legacy stamps are retained and copied only to matching tenant and non-null current expiry (64.323042ms)
✔ current date deduplicates; renewal admits one new reservation; exact rollback preserves historical stamp (3.129459ms)
✔ old worker reservations fail while unrelated notification kinds keep their keys (0.550417ms)
✔ tenant managers cannot read leads, including with an extra broad permissive policy (69.377292ms)
✔ platform admin can read global leads without tenant membership but cannot mutate from browser (2.402ms)
✔ anonymous access is closed; service intake remains possible (1.513583ms)
✔ manager inserts own tenant with own author, rejects foreign tenant and forged author (3.205125ms)
✔ same-tenant manager edits another author record without claiming authorship (3.413584ms)
✔ unfiltered manager delete stays inside active tenant even with broad permissive grants (2.782334ms)
✔ A manager selected into B as operator cannot write even with permissive policy (3.010417ms)
✔ unknown tenant claim exposes no deadlines and cannot insert (1.626917ms)
✔ legacy null creator can be edited but cannot be rewritten as a different author (3.623667ms)
✔ two separate shifts and adjacent shifts can both be confirmed on the same date (77.710292ms)
✔ overnight confirmation and extra call work after midnight until the exclusive shift end (2.683375ms)
✔ manual call after midnight remains available for a night shift (1.67525ms)
✔ end boundary, earlier date, future timestamps, absent and overlapping attendance stay rejected (8.0875ms)
✔ early arrival on work date and legacy full-day assignments remain supported (3.344125ms)
✔ closed assignment rejects new command but accepted retry remains idempotent (2.461959ms)
✔ concurrent confirmation observes an overlapping committed attendance after the worker lock (17.837417ms)
ℹ tests 23
ℹ suites 0
ℹ pass 23
ℹ fail 0
ℹ cancelled 0
ℹ skipped 0
ℹ todo 0
ℹ duration_ms 657.440833
