✔ six validated immediate RESTRICT keys retain their original column order (347.673125ms)
✔ company cannot cascade its contract, appointment or document history (8.93275ms)
✔ contract deletion cannot detach an appointment or reclassify its PDF as a general document (7.75325ms)
✔ completed appointment cannot lose its idempotency receipt through parent deletion (4.200416ms)
✔ status changes and nullable contract-free appointments remain usable (4.774209ms)
✔ deleting a parent with no dependent history is still allowed (3.456375ms)
✔ SET NULL scope drift is rejected before changing that relation (61.043333ms)
✔ an extra cascading FK aborts and rolls back the whole migration (36.671083ms)
Synthetic company commands DB: 17.10
✔ create assigns verified tenant/actor and normalizes defaults without client DML privileges (430.307958ms)
✔ CSV status/risk values survive the same creation command (14.999084ms)
✔ status command changes only status and a repeat does not trigger another update (21.744084ms)
✔ wrong actor, tenant, role and foreign company cannot write (20.493917ms)
✔ input keys, types, empty names and unsupported status values are rejected (47.842291ms)
✔ closed customers rejects both creation and status changes; malformed config fails closed (19.497333ms)
✔ stale membership and repeatable read do not execute commands (27.727792ms)
✔ anon and service role cannot execute the company command (7.425042ms)
✔ config writer wins: command waits before profile lock then sees disabled customers (88.61675ms)
✔ company command wins: config updater waits until full business transaction ends (109.768167ms)
✔ role is rechecked after waiting for membership profile lock (81.745541ms)
Synthetic contact commands DB: 17.10
✔ operations patches only supplied fields; absent email remains current (518.554917ms)
✔ empty channels, empty patch, injected name and malformed payload are rejected (76.423208ms)
✔ manager deletes exactly the company-bound contact; repeated delete fails (16.484292ms)
✔ operations cannot delete/import; other roles cannot patch (92.850959ms)
✔ wrong company, tenant, actor and foreign-company import are rejected (69.359834ms)
✔ CSV preserves the existing primary and rejects duplicate primary instead of demoting (36.254458ms)
✔ CSV has the same five-contact limit and passive-company guard (64.70075ms)
✔ effective contact DML is gone for app roles; legacy manager create/full edit still works (33.630458ms)
✔ disabled customer module blocks every new action (49.644375ms)
✔ configuration lock comes before profile; waiting command sees committed module closure (87.552958ms)
✔ role is rechecked after a blocked profile lock (55.392917ms)
✔ cutover refuses inherited column UPDATE grants (6.156666ms)
✔ concurrent partial edits merge against the locked row, not a stale client snapshot (100.8245ms)
✔ all five exact foreign keys become validated immediate RESTRICT constraints (623.236292ms)
✔ company deletion cannot cascade contacts or notes, even with modules disabled (16.54825ms)
✔ profile deletion cannot erase contact or note authorship (13.956292ms)
✔ mizan upload deletion cannot silently remove confirmed row history (8.730708ms)
✔ deactivation and membership removal preserve historical records and continue working (9.624709ms)
✔ unreferenced parents can still be deleted; this is not a blanket delete trigger (5.3815ms)
✔ schema drift fails and rolls back earlier constraint replacements (58.808625ms)
✔ concurrent child insert prevents a waiting company delete after commit (58.734375ms)
Synthetic customers DB: 17.10
✔ customer read gates preserve repository role policy matrix (479.423666ms)
✔ customer reads retain tenant identity and never leak a foreign contact (36.0635ms)
✔ closed customer module hides all three sets and task company choices without deleting records (14.039042ms)
✔ closing tenant A leaves tenant B customer reads unchanged (14.723ms)
✔ a stale claim after membership removal returns no customer data (6.125791ms)
✔ missing config and invalid dependency snapshots do not become enabled (35.868417ms)
✔ a permissive policy cannot OR around the module read fence (12.524416ms)
✔ migration aborts if any target RLS is disabled and rolls back prior policy work (10.506416ms)
Synthetic notes/contact DB: 17.10
✔ manager, operations and HR can create notes; author is resolved from the profile (323.566209ms)
✔ other roles cannot create, edit, pin or delete notes (18.87075ms)
✔ operations and HR can edit only their own notes and cannot pin/delete (97.180167ms)
✔ manager can pin and delete; missing targets never report a successful mutation (18.801459ms)
✔ even manager cannot edit a note through a different same-tenant company (22.624167ms)
✔ forged author, pin-at-create, invalid tags and blank/non-string content are rejected (23.834708ms)
✔ passive companies retain note creation but reject new contacts (13.527833ms)
✔ company/note direct writes are revoked, while both note and legacy contact commands still work (24.628083ms)
✔ legacy full contact command preserves atomic primary selection and max five limit after cutover (50.098209ms)
✔ legacy contact command rejects other roles and foreign targets (22.611959ms)
✔ disabled module blocks note and contact commands, including the unchanged legacy signature (12.513458ms)
✔ config change wins: note and contact wait before profile locks and see disabled state (109.018125ms)
✔ note transaction holds the configuration lock until transaction completion (56.501375ms)
✔ contact definer conversion rejects body drift instead of elevating altered code (7.868417ms)
✔ write cutover rejects inherited table privileges (4.96075ms)
✔ existing authenticated CSV contact insert remains compatible after company UPDATE is revoked (5.92475ms)
✔ role is rechecked after the profile lock for both contact and note writers (78.294166ms)
✔ blank profile names are rejected instead of inventing a note author label (10.320583ms)
✔ only service role can execute the two notification projections (267.02825ms)
✔ a company cannot resolve through another tenant, even for the service role (5.311333ms)
✔ module-specific disabling is isolated between tenants and blocks the corresponding names (14.989459ms)
✔ turning customers off with dependent modules off prevents either company projection (9.2855ms)
✔ incomplete settings and broken dependencies raise errors rather than enabled or disabled defaults (9.837917ms)
✔ invalid modules, excessive and null tenant arrays are rejected (11.7935ms)
✔ company arrays must be bounded, unique and pairwise complete (7.655375ms)
✔ unknown tenant configuration and missing company fail closed (6.778583ms)
✔ all candidate and document-state RPCs are service-only (14.855ms)
✔ SQL candidates preserve source date/status filters and expose only notification columns (13.978166ms)
✔ contract off preserves company documents but removes linked documents and contract candidates (6.875459ms)
✔ documents/calendar off prevents SQL candidates for only that tenant (8.816667ms)
✔ foreign-company or foreign-tenant contract links are excluded, not projected (4.159792ms)
✔ document state uses current relationship and acknowledges removed records as ineligible (10.134667ms)
✔ candidate readers fail on incomplete configuration instead of silently treating it as disabled (11.781375ms)
✔ document-state inputs reject missing, excessive and duplicate pairs (12.219541ms)
✔ service raw SELECT is denied after cutover while all notification projections remain usable (15.997584ms)
✔ service read cutover rejects inherited column access instead of claiming closure (4.145958ms)
Synthetic finance DB: 17.10
✔ finance AND policies retain role and tenant filtering while enabled (315.485166ms)
✔ closed finance hides all three tables without deleting records (9.331625ms)
✔ atomic import still writes and replays the same receipt once when enabled (19.655083ms)
✔ closed finance rejects both new import and old replay before any write (11.466292ms)
✔ wrong role, foreign company and stale claimed tenant remain rejected (14.80025ms)
✔ malformed module configuration and stronger isolation fail closed (10.227375ms)
✔ anon, authenticated and bypassrls service cannot mutate directly or call retired RPCs (30.273334ms)
✔ config change wins: import waits before profile lock then observes disabled state (58.3015ms)
✔ import wins: config update waits for full import transaction (57.520958ms)
✔ migration revokes direct column privileges as well as table privileges (15.348208ms)
✔ migration aborts on inherited write privileges (14.712791ms)
✔ migration aborts on command body drift (9.207916ms)
✔ migration aborts on a callable same-name overload (11.209208ms)
Task gateway synthetic PostgreSQL: 17.10
✔ company-free task creation derives creator and assignee label, then revision advances on edit (412.785959ms)
✔ authenticated cannot bypass gateway with direct DML or call private lock helper (11.900917ms)
✔ missing or disabled module configuration blocks mutation, disabled tasks hide table and history reads (21.156166ms)
✔ all six live roles: only manager, operations and HR can create (32.444917ms)
✔ HR cannot reassign and non-owner quick completion cannot masquerade as manager (32.674375ms)
✔ forged fields, invalid dates/types, foreign relations and stale revisions are rejected (55.191709ms)
✔ foreign task, mismatched expected actor/tenant and nonmember assignee fail (25.44325ms)
✔ linked creation requires the source module while independent tasks remain available (11.384083ms)
✔ two simultaneous claims have exactly one winner and one assignment event (68.891333ms)
✔ config change winning the lock makes a waiting write see disabled state after commit (67.693666ms)
✔ a writing transaction holds its configuration barrier until commit; independent writers share it (102.55725ms)
✔ role revoked while waiting for the profile lock is rechecked after the lock (42.050083ms)
✔ passive company rejects new work; HR cannot use an unreadable contract or appointment (19.5475ms)
✔ repeatable-read writes are refused rather than using a stale post-lock snapshot (3.445417ms)
✔ contract removes an explicit column-level write grant as well as table grants (5.432625ms)
✔ inherited write privilege drift aborts contract migration instead of leaving a bypass (3.888667ms)
✔ task transfer supports independent tasks, live membership roles and idempotent replay (20.698125ms)
✔ disabled task module rejects all three workflow mutations including receipt replays (54.574333ms)
✔ calendar completion without a follow-up works with tasks off, but calendar off rejects it (16.297084ms)
✔ failed appointment task request does not complete the appointment or leave a receipt (8.443792ms)
✔ definer reads obey module gates and hide company projection when only tasks remain enabled (39.693875ms)
✔ dashboard activity excludes each disabled source without suppressing enabled task activity (44.444542ms)
✔ config barrier is first for every workflow and waiting commands see the newly disabled module (140.743875ms)
✔ workflow role and cross-tenant restrictions remain intact (15.743916ms)
✔ service-only task notification RPC filters disabled tenants and refuses incomplete config (19.944667ms)
✔ shared configuration validator preserves scope, completeness and dependency failures (8.900167ms)
✔ workflow patch aborts on unexpected function definition rather than silently skipping a guard (8.154375ms)
✔ task company projection returns only display columns and retains tenant, module, role and company RLS (31.527334ms)
✔ parent hard deletion cannot delete task history or detach task context, even with tasks disabled (42.737292ms)
✔ unreferenced parent deletion and deactivation remain possible; schema drift aborts the preservation migration (11.781167ms)
✔ parent deletion waiting behind a new task cannot erase that task after its commit (54.00025ms)
Synthetic module DB: 17.10
✔ existing tenants get exactly ten enabled settings and one truthful bootstrap receipt each (229.835ms)
✔ new tenant provisioning initializes all ten rows in the same transaction; rollback leaves nothing (7.692542ms)
✔ authenticated response is scoped to live membership, preserves role and bigint precision (12.160584ms)
✔ all configuration tables deny direct reads and writes to anon/authenticated/service_role (25.236167ms)
✔ only authenticated can execute the public reader; internal bootstrap and catalog have no client grants (11.336959ms)
✔ no session, foreign tenant claim and removed membership fail closed (10.523334ms)
✔ stale workspace selection and stale membership generations are rejected by the real scope functions (12.743958ms)
✔ missing config, missing key and broken hard dependencies do not return an all-enabled fallback (10.783917ms)
✔ disabled independent module is represented as disabled without changing another tenant (5.983167ms)
✔ unknown/duplicate module keys, invalid revision and bootstrap reset are rejected (6.615042ms)
✔ tenant insert and migration serialize in both orders; timeout rolls back all new tables (585.373333ms)
ℹ tests 139
ℹ suites 0
ℹ pass 139
ℹ fail 0
ℹ cancelled 0
ℹ skipped 0
ℹ todo 0
ℹ duration_ms 11545.371125
