Synthetic customers DB: 17.10
✔ customer read gates preserve repository role policy matrix (301.244375ms)
✔ customer reads retain tenant identity and never leak a foreign contact (20.6295ms)
✔ closed customer module hides all three sets and task company choices without deleting records (10.747125ms)
✔ closing tenant A leaves tenant B customer reads unchanged (11.252458ms)
✔ a stale claim after membership removal returns no customer data (5.902333ms)
✔ missing config and invalid dependency snapshots do not become enabled (83.639875ms)
✔ a permissive policy cannot OR around the module read fence (21.186208ms)
✔ migration aborts if any target RLS is disabled and rolls back prior policy work (11.530125ms)
Synthetic finance DB: 17.10
✔ finance AND policies retain role and tenant filtering while enabled (186.221708ms)
✔ closed finance hides all three tables without deleting records (13.56225ms)
✔ atomic import still writes and replays the same receipt once when enabled (20.734917ms)
✔ closed finance rejects both new import and old replay before any write (24.122042ms)
✔ wrong role, foreign company and stale claimed tenant remain rejected (18.488208ms)
✔ malformed module configuration and stronger isolation fail closed (18.942125ms)
✔ anon, authenticated and bypassrls service cannot mutate directly or call retired RPCs (83.319042ms)
✔ config change wins: import waits before profile lock then observes disabled state (61.521625ms)
✔ import wins: config update waits for full import transaction (44.813ms)
✔ migration revokes direct column privileges as well as table privileges (12.687791ms)
✔ migration aborts on inherited write privileges (11.788584ms)
✔ migration aborts on command body drift (10.521041ms)
✔ migration aborts on a callable same-name overload (11.699708ms)
Task gateway synthetic PostgreSQL: 17.10
✔ company-free task creation derives creator and assignee label, then revision advances on edit (294.609917ms)
✔ authenticated cannot bypass gateway with direct DML or call private lock helper (10.612958ms)
✔ missing or disabled module configuration blocks mutation, disabled tasks hide table and history reads (26.404583ms)
✔ all six live roles: only manager, operations and HR can create (26.313625ms)
✔ HR cannot reassign and non-owner quick completion cannot masquerade as manager (23.642542ms)
✔ forged fields, invalid dates/types, foreign relations and stale revisions are rejected (36.471542ms)
✔ foreign task, mismatched expected actor/tenant and nonmember assignee fail (64.827083ms)
✔ linked creation requires the source module while independent tasks remain available (30.15325ms)
✔ two simultaneous claims have exactly one winner and one assignment event (54.716375ms)
✔ config change winning the lock makes a waiting write see disabled state after commit (38.906375ms)
✔ a writing transaction holds its configuration barrier until commit; independent writers share it (35.1895ms)
✔ role revoked while waiting for the profile lock is rechecked after the lock (34.980041ms)
✔ passive company rejects new work; HR cannot use an unreadable contract or appointment (15.958542ms)
✔ repeatable-read writes are refused rather than using a stale post-lock snapshot (3.893625ms)
✔ contract removes an explicit column-level write grant as well as table grants (5.22375ms)
✔ inherited write privilege drift aborts contract migration instead of leaving a bypass (2.629916ms)
✔ task transfer supports independent tasks, live membership roles and idempotent replay (23.931709ms)
✔ disabled task module rejects all three workflow mutations including receipt replays (67.000084ms)
✔ calendar completion without a follow-up works with tasks off, but calendar off rejects it (21.995042ms)
✔ failed appointment task request does not complete the appointment or leave a receipt (19.212208ms)
✔ definer reads obey module gates and hide company projection when only tasks remain enabled (44.614334ms)
✔ dashboard activity excludes each disabled source without suppressing enabled task activity (36.782792ms)
✔ config barrier is first for every workflow and waiting commands see the newly disabled module (206.137917ms)
✔ workflow role and cross-tenant restrictions remain intact (21.269125ms)
✔ service-only task notification RPC filters disabled tenants and refuses incomplete config (14.248042ms)
✔ shared configuration validator preserves scope, completeness and dependency failures (3.460209ms)
✔ workflow patch aborts on unexpected function definition rather than silently skipping a guard (14.46525ms)
✔ task company projection returns only display columns and retains tenant, module, role and company RLS (64.849083ms)
✔ parent hard deletion cannot delete task history or detach task context, even with tasks disabled (53.661125ms)
✔ unreferenced parent deletion and deactivation remain possible; schema drift aborts the preservation migration (11.914792ms)
✔ parent deletion waiting behind a new task cannot erase that task after its commit (23.949875ms)
Synthetic module DB: 17.10
✔ existing tenants get exactly ten enabled settings and one truthful bootstrap receipt each (134.344125ms)
✔ new tenant provisioning initializes all ten rows in the same transaction; rollback leaves nothing (7.770917ms)
✔ authenticated response is scoped to live membership, preserves role and bigint precision (11.554833ms)
✔ all configuration tables deny direct reads and writes to anon/authenticated/service_role (24.747333ms)
✔ only authenticated can execute the public reader; internal bootstrap and catalog have no client grants (7.44025ms)
✔ no session, foreign tenant claim and removed membership fail closed (9.752875ms)
✔ stale workspace selection and stale membership generations are rejected by the real scope functions (11.2495ms)
✔ missing config, missing key and broken hard dependencies do not return an all-enabled fallback (11.096167ms)
✔ disabled independent module is represented as disabled without changing another tenant (7.254083ms)
✔ unknown/duplicate module keys, invalid revision and bootstrap reset are rejected (8.894459ms)
✔ tenant insert and migration serialize in both orders; timeout rolls back all new tables (333.38575ms)
ℹ tests 63
ℹ suites 0
ℹ pass 63
ℹ fail 0
ℹ cancelled 0
ℹ skipped 0
ℹ todo 0
ℹ duration_ms 3403.371208
