
> bps@0.1.0 qa:release
> npm run qa:test-inventory && npm run qa:unit && npm run qa:operations && npm run qa:static && tsc --noEmit && npm run build


> bps@0.1.0 qa:test-inventory
> node scripts/qa-test-suite.mjs inventory

application: 106 files
database: 7 files
pending: 7 files

> bps@0.1.0 qa:unit
> node scripts/qa-unit.mjs

BPS QA Unit — saf fonksiyon regresyonları

isIsoDate  (kaynak: src/lib/calendar-date.ts)
  PASS "2026-08-27"   → true
  PASS "2024-02-29"   → true
  PASS "2026-02-30"   → false
  PASS "2025-02-29"   → false
  PASS "2026-13-01"   → false
  PASS "2026-00-10"   → false
  PASS "27.08.2026"   → false
  PASS "2026-8-27"    → false
  PASS ""             → false
  PASS null           → false
  PASS undefined      → false
  PASS "bugün"        → false

safeThrown  (kaynak: src/lib/email/safe-error.ts)
  PASS Error          → thrown=Error
  PASS leak@example.c → thrown=Error
  PASS TypeError      → thrown=TypeError
  PASS RangeError     → thrown=RangeError
  PASS "düz metin"    → thrown=unknown
  PASS {"name":"leak@ → thrown=unknown
  PASS null           → thrown=unknown

safe-error.ts serbest metin okumuyor mu
  PASS /err\.name/            okunmuyor
  PASS /constructor\.name/    okunmuyor
  PASS /error\.message/       okunmuyor
  PASS /result\.error\b/      okunmuyor

19 vaka + 4 statik kontrol · 0 FAIL
qa:unit PASS

> bps@0.1.0 qa:operations
> node scripts/qa-test-suite.mjs application

application: 106 files
database: 7 files
pending: 7 files
Pending feature tests are NOT part of the passed application coverage.
✔ calendar follows Istanbul day across UTC midnight and year rollover (22.524666ms)
✔ agenda groups civil dates, sorts unknown time last, retains cancelled entries, never mutates source (1.081792ms)
✔ truncated or uncounted appointment response cannot render a falsely empty calendar (0.578958ms)
✔ bounded completion input is normalized; nonboolean cannot request a task (1.196542ms)
✔ completion result must identify exact appointment and valid task/skip combination (0.303625ms)
✔ service uses one scoped RPC with no sequential table fallback (0.182542ms)
✔ transport failure is unverifiable, not already completed or unauthorized (0.3105ms)
✔ scope and invalid input fail before calling RPC (0.318542ms)
✔ status-only service cannot recreate split completion path (0.150208ms)
✔ links contain only the appointment UUID and round trip (0.658959ms)
✔ unrelated query parameters do not become an appointment link (0.088125ms)
✔ malformed, empty and duplicate IDs are rejected (0.190958ms)
✔ attendance actions retain exact record and revision, undo appears only after a report (2.522292ms)
✔ future dates and read-only/busy state disable every action including undo (0.857792ms)
✔ contract days follow Istanbul midnight and preserve today/expired semantics (0.985959ms)
✔ missing, malformed and impossible contract dates never turn into a plausible remaining-day count (0.13825ms)
✔ actual company service enables candidate and active only, preserves input CRM statuses (2.692375ms)
✔ company directory failures are not presented as empty success (0.400666ms)
✔ company tabs intersect valid module states and current repository roles (21.100209ms)
✔ company finance reader uses exact tenant/company and distinguishes absent, failed and malformed responses (2.213166ms)
✔ company document reader filters contract files on every page before download and rejects an escaped row (1.700792ms)
✔ actual company page skips closed module readers and falls back from a stale saved tab (220.951792ms)
✔ actual company role gates match financial and workforce readers without healthy empty cards (337.06625ms)
✔ actual finance error is not rendered as no data or no payment follow-up (104.468125ms)
✔ company document screen passes closed-contract predicate and offers standalone upload (111.666375ms)
✔ extracted upload form hides disabled contract selector and preserves standalone file payload (13.639584ms)
✔ late financial response after company unmount cannot populate the old view (81.884292ms)
✔ upload keeps its file but requires explicit clearing of a contract that becomes disabled (8.87375ms)
✔ 1001 rows require three bounded requests; no clipping or redundant empty request (16.159167ms)
✔ empty and exact page boundary terminate without an extra read (9.02025ms)
✔ second-page failures never return the first page as a complete list (12.103834ms)
✔ invalid identities, malformed totals and over-budget lists fail on first request (12.681875ms)
✔ selectAllCriticalDates retains scope, exact count and unique ordering on all pages (0.5405ms)
✔ selectAllWorkforceSummaries retains scope, exact count and unique ordering on all pages (0.306208ms)
✔ selectWorkforceSummariesByCompanyIds retains scope, exact count and unique ordering on all pages (0.724542ms)
✔ selectAllTasks retains scope, exact count and unique ordering on all pages (0.591667ms)
✔ selectTasksByCompanyId retains scope, exact count and unique ordering on all pages (0.379916ms)
✔ selectTasksByContractId retains scope, exact count and unique ordering on all pages (0.3195ms)
✔ selectTasksByAppointmentId retains scope, exact count and unique ordering on all pages (2.66375ms)
✔ selectAllAppointments retains scope, exact count and unique ordering on all pages (0.273167ms)
✔ selectAppointmentsByCompanyId retains scope, exact count and unique ordering on all pages (0.211208ms)
✔ selectAppointmentsByContractId retains scope, exact count and unique ordering on all pages (0.186375ms)
✔ selectAppointmentsByCompanyIds retains scope, exact count and unique ordering on all pages (0.138667ms)
✔ selectAllContracts retains scope, exact count and unique ordering on all pages (0.180333ms)
✔ selectContractsByCompanyId retains scope, exact count and unique ordering on all pages (0.17275ms)
✔ selectNotesByCompanyId retains scope, exact count and unique ordering on all pages (0.134625ms)
✔ getActiveContractCountsByCompanyIds retains scope, exact count and unique ordering on all pages (0.254042ms)
✔ real Supabase query builder sends bounded offsets, stable order and exact count (109.101542ms)
✔ deadline expiry stops before the next page (0.572666ms)
✔ selectNotesByCompanyId rejects clipped, null-count and failed results (6.455625ms)
✔ selectAllContracts rejects clipped, null-count and failed results (0.284875ms)
✔ selectContractsByCompanyId rejects clipped, null-count and failed results (0.203125ms)
✔ getActiveContractCountsByCompanyIds rejects clipped, null-count and failed results (0.232417ms)
✔ selectAllCriticalDates rejects clipped, null-count and failed results (0.282166ms)
✔ selectAllAppointments rejects clipped, null-count and failed results (0.202458ms)
✔ selectAppointmentsByCompanyId rejects clipped, null-count and failed results (0.198209ms)
✔ selectAppointmentsByContractId rejects clipped, null-count and failed results (0.265792ms)
✔ selectAppointmentsByCompanyIds rejects clipped, null-count and failed results (0.205083ms)
✔ selectAllWorkforceSummaries rejects clipped, null-count and failed results (0.224167ms)
✔ selectWorkforceSummariesByCompanyIds rejects clipped, null-count and failed results (0.152667ms)
✔ selectTasksByCompanyId rejects clipped, null-count and failed results (0.138958ms)
✔ selectAllTasks rejects clipped, null-count and failed results (2.603458ms)
✔ selectTasksByContractId rejects clipped, null-count and failed results (0.182708ms)
✔ selectTasksByAppointmentId rejects clipped, null-count and failed results (0.110542ms)
✔ active counts retain repeated company IDs in a complete result (0.503833ms)
✔ empty company selection never fetches a broader workforce or appointment list (0.060917ms)
✔ dashboard exact totals survive clipped lists while card rows remain unavailable (0.14225ms)
✔ unavailable or malformed totals cannot become measured zero (0.108334ms)
✔ report joins reject missing source or a missing company anywhere in the list (0.103958ms)
✔ report joins preserve measured empty lists and legitimate display names without text sentinels (0.109041ms)
✔ appendix list distinguishes empty, malformed and wrong scope (1.364167ms)
✔ keyset pagination has bounded continuation and rejects duplicates or borrowed preceding rows (0.229625ms)
✔ document history rejects another document even within same contract (0.238458ms)
✔ legacy main commands keep their storage key; appendix targets remain isolated (0.106709ms)
✔ appendix title is command identity; main receipt cannot acknowledge appendix command (1.055209ms)
✔ version download checks contract/document before signing any path (0.641042ms)
✔ missing, unavailable and malformed versions never mean empty history (1.255083ms)
✔ bounded history explicitly reports more and rejects unordered or duplicate evidence (0.339542ms)
✔ signed download resolves version through scoped RPC, never arbitrary caller path (0.251792ms)
✔ actual PDF replace service gates revision and uses CAS, zero rows is failure (0.606083ms)
✔ creation validates real calendar dates, bounded revision and required basis (2.507875ms)
✔ unavailable or malformed snapshot never means no task (0.572958ms)
✔ current task owner can be unassigned or unavailable without inventing a person (0.293791ms)
✔ service uses one scoped RPC; malformed success and transport failure do not fall back (0.914667ms)
✔ only exact known failure is definite; unknown responses keep retry command (0.451084ms)
✔ strict command rejects forged identity/display/routing fields and missing fields (1.206208ms)
✔ unicode PostgreSQL character boundary, Turkish text, line endings, NUL and broken UTF-16 (0.793541ms)
✔ mentions are selected identifiers, canonical order, detached from caller array (0.563333ms)
✔ retry comparison is stable but every scope/content change differs (0.221084ms)
✔ null/string/mismatched receipt cannot acknowledge pending command (0.356291ms)
✔ resolution requires matching scope and a recognized terminal result (0.338583ms)
✔ failed RPC shapes are not empty successful reads (0.616625ms)
✔ message shape requires safe identity, timestamp and explicit parent (0.311875ms)
✔ inbox counts and source fields cannot be silently coerced (0.528333ms)
✔ explicit empty optional critical-date fields clear stored content (1.681417ms)
✔ omitted optional critical-date fields remain untouched (0.189875ms)
✔ nonempty optional critical-date fields are trimmed (0.0875ms)
✔ critical-date CAS preserves full database timestamp and rejects a losing edit (0.728ms)
✔ missing or malformed snapshot cannot update a critical date (0.194125ms)
✔ malformed headers, widths and quotes never produce writable rows (1.241208ms)
✔ valid BOM CRLF multiline escaped quotes and semicolon fields survive (0.806167ms)
✔ invalid encodings and resource limits fail before preview (6.351791ms)
✔ coverage, presence and missing reports remain distinct; historical removed attendance does not count (0.901042ms)
✔ cancelled requests remain visible in all but never enter active action filters (0.158667ms)
✔ fully assigned does not mean present and absent people remain assigned until replacement (0.423459ms)
✔ search combines Turkish-normalized location, occupation and assigned staff terms (1.05675ms)
✔ measured empty day accepted, unavailable or malformed RPC never becomes zero (2.560125ms)
✔ real dates, leap years and strict format (2.518666ms)
✔ required fields, counts and extra untrusted fields (0.685416ms)
✔ daily coverage from zero to full (2.292917ms)
✔ paused and cancelled are not active demand (0.508625ms)
✔ corrupt aggregates fail rather than clamp (0.15025ms)
✔ assignment eligibility failures stay distinct (0.192959ms)
✔ missing or nonboolean verification never means available (0.097916ms)
✔ activity empty differs from unavailable or malformed response (2.870208ms)
✔ activity labels distinguish ownership events without claiming task completion (0.311833ms)
✔ general document activity accepts only an internal document destination (0.344042ms)
✔ contracts filter in SQL before five-row cap; no full-record transfer (26.445ms)
✔ documents include missing files and undated manual states before limiting; derive expiry now (1.929542ms)
✔ critical dates include overdue and exactly thirty days; bounded stable order (1.695583ms)
✔ smaller server cap, missing counts, duplicate rows and transport errors do not masquerade as complete cards (2.978875ms)
✔ company names resolve only referenced IDs in batches; no task count tied to directory cap (1.290125ms)
✔ money preserves zero, negative values, and missing versus malformed input (18.705208ms)
✔ Istanbul variants share a display/filter key without changing other city names (0.528291ms)
✔ role rejection touches neither document nor storage (1.42525ms)
✔ read failure leaves both records untouched (0.194708ms)
✔ missing read and zero-row delete explicitly report no confirmed deletion (0.147292ms)
✔ blocked database deletion never removes the file (0.163917ms)
✔ confirmed row deletion uses RETURNING path, after deleting the row (0.144ms)
✔ record without a file is a confirmed deletion with no storage operation (0.095541ms)
✔ storage failure preserves confirmed deletion and warning, never suggests row retry (0.118584ms)
✔ each existing category belongs to one folder; linked contracts stay together (0.49725ms)
✔ moving changes category only, scoped by company, revision and unlinked contract (0.586208ms)
✔ invalid category, denied/stale result, transport error and wrong identity never succeed (0.317042ms)
✔ listAllDocuments derives expiry without mutating stored status (66.434333ms)
✔ listDocumentsByLegacyCompanyId derives expiry without mutating stored status (34.429084ms)
✔ single document derives expiry and preserves missing record (53.322875ms)
✔ company compliance counts expired stored-complete files as non-compliant (21.610125ms)
✔ Istanbul expiry includes day zero and thirty, expires on following day (0.750959ms)
✔ expiry changes at Istanbul midnight instead of UTC midnight (0.08525ms)
✔ stored complete does not keep an expired document green and mapping does not mutate raw data (0.264291ms)
✔ missing file and explicit missing status take priority; undated manual state stays intact (0.455083ms)
✔ initial snapshot and refresh are silent; only newly observed unread IDs sound (2.621209ms)
✔ scope keys separate companies and users; response mismatch fails closed (0.579416ms)
✔ links contain only a verified internal request target, company and date (1.090959ms)
✔ two tabs observing the same event play once; rapid batches are consumed silently (0.399291ms)
✔ storage or locking failure never falls back to uncoordinated sound (0.300917ms)
✔ shared ledger stores only bounded event IDs and time, never message content (0.701583ms)
✔ duplicate inbox rows are rejected instead of doubling counters or cards (0.275417ms)
✔ impossible calendar day cannot reach the date formatter or deep link (0.101792ms)
✔ independent task inserts null company without company lookup and keeps assignment empty (0.698834ms)
✔ independent tasks cannot borrow company-linked context (0.905209ms)
✔ business day is independent of device timezone at Istanbul midnight (1.2725ms)
✔ actual day hook observes timer, wake and visibility changes, then removes listeners (30.138792ms)
✔ valid search and known filter values survive serialization (1.053292ms)
✔ malformed, oversized and wrongly typed preferences recover to defaults (0.497084ms)
✔ unknown keys and overlong fields cannot enter the filter state (0.159541ms)
✔ keys separate list, account, tenant and role without separator ambiguity (0.181958ms)
✔ distinguishes new, unchanged, changed and inactive without rewriting input (2.856375ms)
✔ reads beyond first page and includes inactive rows (0.711792ms)
✔ null codes do not match by name; leading zeros and case remain distinct (0.154083ms)
✔ read failures and malformed pages never become new records (0.287ms)
✔ changing totals and duplicated records across pages fail closed (0.298208ms)
✔ oversized directory stops after first page; no partial preview (0.257125ms)
✔ empty measured directory is allowed; duplicate input is rejected before reads (0.109125ms)
✔ UTF8 BOM CRLF and leading zeros retained (1.157959ms)
✔ quoted delimiter and escaped quotes (0.207417ms)
✔ bad quoting columns and headers rejected (0.263ms)
✔ duplicate codes rejected, different leading zeros retained (0.366292ms)
✔ empty oversize and more than 500 rows rejected (0.823834ms)
✔ invalid cell types controls and empty text rejected (0.14125ms)
✔ only editable fields survive; leading/trailing whitespace is trimmed (1.633708ms)
✔ invalid identity, stale-token shapes and invalid text cannot become update commands (0.486708ms)
✔ response requires identity, exact new values and one revision advance (0.279917ms)
✔ max accepted revision advances safely and missing old values are unverifiable (0.092208ms)
✔ real service forwards scope and normalized payload; RPC error or malformed success is never accepted (0.329292ms)
✔ login preserves internal destination, query and hash after normalization (32.999458ms)
✔ login rejects external, backslash, controls and normalized host prefixes (0.66125ms)
✔ anonymous access request reaches handler while adjacent and protected paths redirect (5.845125ms)
✔ redirect retains refreshed session cookie options (0.952708ms)
✔ management date follows Istanbul midnight and owner/date filters stay server-side (24.864208ms)
✔ saved search stores normalized filter not a page and rejects corrupt/duplicate data (1.078417ms)
✔ availability rejects impossible dates, inverted and excessive intervals (1.128667ms)
✔ past and superseded availability never becomes current via fallback (0.233541ms)
✔ active work rejection has a useful admin message without raw database text (0.977041ms)
✔ task guard membership and role failures remain distinct in create and update (0.346ms)
✔ transport failures are not translated into lost membership or role (0.275458ms)
✔ operation day rolls over at Istanbul midnight regardless of device timezone (25.706459ms)
✔ quick views distinguish current owner, truly unassigned, and closed work (0.505333ms)
✔ active tasks sort by due day with stable ties without mutating input (1.554916ms)
✔ completion sends scope and revision to the gateway; server resolves actual privileges (0.301375ms)
✔ lost race, inaccessible task, transport error and invalid revision never succeed (0.496292ms)
✔ overdue view derives lateness from date and excludes completed, future and undated tasks (1.926958ms)
✔ desktop and mobile action availability preserves ownership and legacy assignee boundaries (0.667458ms)
✔ route remount uses current workspace; stale cleanup cannot remove its protection (1.386666ms)
✔ navigation decision keeps the original event and synchronous cancellation (0.127ms)
✔ company IDs are chunked and each assignment batch is paged to the measured total (2.480208ms)
✔ late assignment failure or unrelated company discards all previously read assignments (2.960917ms)
✔ failed manager read yields no company recipients and never starts partner lookup (1.211292ms)
✔ tasks candidate pages keep filters and never expose a partial source list (7.11375ms)
✔ documents candidate pages keep filters and never expose a partial source list (1.510834ms)
✔ appointments candidate pages keep filters and never expose a partial source list (1.136333ms)
✔ task module snapshots require a complete distinct boolean response and propagate transport failure (0.4035ms)
✔ task module snapshot chunks 501 distinct tenants without truncation (0.704833ms)
✔ document batch reaches last source/membership rows and keeps tenant contents out of the other email (12.286958ms)
✔ late documents error produces no sends or reservation writes (0.95625ms)
✔ late tenant_memberships error produces no sends or reservation writes (3.900667ms)
✔ unacknowledged notification stamps are errors, never sent or counted as already sent (6.769292ms)
✔ unverifiable task owner is not treated as unassigned or sent to the manager fallback (1.782833ms)
✔ verified task owner receives the task while a truly unassigned task goes to its tenant manager (7.752209ms)
✔ overdue tasks change day at Istanbul midnight, not three hours later at UTC midnight (5.745959ms)
✔ appointment reminders use tomorrow in Istanbul when UTC is still on the previous day (3.669167ms)
✔ tenant roles override global roles for document recipients (10.874042ms)
✔ missing membership role fails closed before any transport or stamp (2.764625ms)
✔ disabled task tenant never produces an email or a reservation (2.749834ms)
✔ unverifiable task module before stamping stops the email without consuming a reservation (4.5225ms)
✔ task module disabled after reservation is rechecked and reservation is rolled back before send (6.70025ms)
✔ unverifiable post-stamp module state releases the reservation and sends nothing (2.77375ms)
✔ notification names resolve all referenced companies in bounded deduplicated chunks (1.887667ms)
✔ missing, truncated, duplicated or malformed company names fail instead of generating fallback mail (0.926333ms)
✔ contract batch reads past limits and sends each contract only to its tenant and assigned partner (20.015625ms)
✔ contract batch stops before stamps on a late read failure or missing company name (6.243166ms)
✔ contract 30-day window opens at Istanbul midnight (2.118875ms)
✔ a shared email in another tenant does not hide an eligible profile; same-tenant duplicates still get one copy (13.242458ms)
✔ multi-workspace contracts use tenant roles for managers and assigned partners (13.059375ms)
✔ contract recipients page managers, preserve email-only eligibility and restrict partner assignments/roles (1.68825ms)
✔ contract recipient later page failure rejects instead of returning earlier managers (1.645542ms)
✔ expiry contract reader reaches the last candidate past the server cap without selecting unused columns (2.131208ms)
✔ contract read failure or incomplete later page rejects the entire candidate set (0.481125ms)
✔ membership paging reaches the last row even when server cap is lower than requested (3.315875ms)
✔ later page error, changing count, empty gap and duplicate rows discard the entire map (1.085584ms)
✔ empty membership table is valid only with measured zero; thrown reads remain unavailable (0.630958ms)
✔ profile IDs are deduplicated and chunked without losing the last owner (1.5275ms)
✔ late error, count mismatch and unexpected or repeated profiles discard previous chunks (0.5515ms)
✔ missing profiles and contactless profiles are measured omissions, empty input does not query (0.146667ms)
✔ company recipients still exclude a former partner after shared profile lookup (1.122959ms)
✔ role profile pagination includes the last eligible recipient and excludes missing contact (2.063666ms)
✔ role profile errors and unexpected roles never expose a partial recipient list (0.360459ms)
✔ notification reservation requires the expected acknowledgement; empty data is not already sent (1.236959ms)
✔ unique conflict remains an idempotent skip and DB failures expose only their code (0.146375ms)
✔ bounded matcher catches identity-like and Turkish mobile forms (0.674875ms)
✔ ordinary dates, times, amounts and long identifiers remain usable; limits explicit (0.155583ms)
✔ all four submission validators reject before calling a service (1.037292ms)
✔ historical conversation and pending command resolution remain readable (1.747916ms)
✔ validation errors are actionable without echoing private text (0.174292ms)
✔ one request may have three signs but request count is unique (19.394167ms)
✔ removed absence and cancelled demands do not create actions (0.300958ms)
✔ future unknown does not count as outstanding but unfilled demand does (0.234833ms)
✔ due date uses snapshot Istanbul day across UTC midnight boundary (0.356167ms)
✔ wrong week or malformed snapshot never becomes clean checklist (0.261042ms)
✔ empty verified week and fully present request have no signs (0.24075ms)
✔ priority and search preserve overlap without summing people (0.509666ms)
✔ selected day only, including year boundary week (0.192542ms)
✔ query separates company locations and tenant workers (1.008666ms)
✔ page preserves leading zero code and manual null code (0.340584ms)
✔ partial page, duplicate identity or wrong filter fails instead of showing clean data (0.251417ms)
✔ page beyond shrinking total is valid empty with true total (0.260917ms)
✔ worker shape cannot be mistaken for a company location (0.265208ms)
✔ activation keeps strict boolean and bounded expected revision (0.618916ms)
✔ activation response must identify exact change and revision (0.167625ms)
✔ command boundaries reject missing or invalid CAS, hash, bytes and filename (1.582625ms)
✔ receipt identity and terminal states cannot be borrowed or interpreted loosely (0.299583ms)
✔ invalid file is rejected before any RPC, including same-size different content (3.113375ms)
✔ lost upload response reconciles bytes before finish; same command retry returns receipt without Storage (1.628208ms)
✔ missing or mismatched Storage bytes cannot finish (0.927458ms)
✔ cancelled command never uploads; cancel-before-prepare uses full immutable command (0.922875ms)
✔ status distinguishes unknown transport, confirmed missing, malformed and published (0.269667ms)
✔ bounded multipart accepts a file above Server Action default and exactly 10 MiB (39.2825ms)
✔ body limit enforced on actual chunks despite missing or lying Content-Length (4.927041ms)
✔ malformed successful RPC data remains an unverifiable result, not invalid caller input (0.218875ms)
✔ fresh adapter after reload reuses persisted identity without storing form text (5.704459ms)
✔ canonical object key order is stable; changed payload and kind are distinct (1.608417ms)
✔ different account and tenant never borrow identity (1.1505ms)
✔ concurrent tabs reserve a single identity through shared lock (1.118583ms)
✔ acknowledgment removes only confirmed command; next identical intent has new identity (0.904875ms)
✔ blocked read/write and missing locks reject without volatile fallback (1.886375ms)
✔ malformed stored records fail closed (3.052542ms)
✔ 50 pending limit preserves old identities and blocks new writes (8.732875ms)
✔ failed acknowledgment retains original identity for safe retry (0.480959ms)
✔ reconciliation clears only terminal requested IDs; unknown and concurrent additions survive (2.856458ms)
✔ malformed, omitted, duplicate, foreign, and non-terminal-looking statuses preserve all pending identities (1.0445ms)
✔ reconciliation storage failure keeps recoverable identity (0.33825ms)
✔ read-only digest snapshot matches normalized intent without reserving or exposing payload (1.079ms)
✔ reload and concurrent tabs reuse identity without retaining financial text (4.643333ms)
✔ changed file or mapping cannot silently allocate a second command (1.417916ms)
✔ scope isolation; settlement clears only the proven command (1.60875ms)
✔ storage failure and corrupt records fail closed (0.825167ms)
✔ failed settlement retains original identity (0.785458ms)
✔ only explicit input rejection permits clearing recovery; network/replay uncertainty preserves it (0.536584ms)
✔ command payload allowlists fields and trims text (1.691458ms)
✔ unknown commands including prototype properties are rejected (0.171208ms)
✔ request boundary, date and identity validation (0.173166ms)
✔ directory and assignment commands require their own fields (0.525292ms)
✔ null and nonboolean board data cannot become an empty or available board (0.254916ms)
✔ capacity and cancellation contradictions fail board validation (0.168834ms)
✔ capacity edit requires valid old and new counts and strips unrelated fields (0.136709ms)
✔ attendance requires exact status and nonnegative bounded revision (0.323291ms)
✔ board cannot drop attendance or turn unknown into absence (0.449125ms)
✔ request context round trips without dropping day, scope, or encoded job (2.882417ms)
✔ malformed or duplicate context cannot initialize a placement journey (0.259834ms)
✔ new, repeated and corrected files remain distinct (3.571375ms)
✔ rejects other tenant/project/source/month and partial snapshots (0.248916ms)
✔ both copies are blocked; changed source identity cannot duplicate work (0.55625ms)
✔ missing is not zero; malformed dates and durations are blocked (0.168709ms)
✔ omitted rows remain visible without deletion; corrupt snapshots fail (0.1225ms)
✔ multiple slots are separate; leading zero codes are preserved (0.155125ms)
✔ preview rejects incomplete, duplicate, invalid duration or status rows (1.932ms)
✔ people response rejects duplicate codes and malformed candidates (0.480292ms)
✔ monthly report rejects incomplete, inconsistent or wrong-scope totals (0.925458ms)
✔ empty report is explicit and duration retains minutes (13.980167ms)
✔ UTF-8 CSV preserves codes and explicitly converts hours (2.155125ms)
✔ invalid encoding, duplicate columns, partial row fail (1.163417ms)
✔ blank/formula/day-text/fractional-minute/out-of-range never become zero (1.247709ms)
✔ wrong month, formula metadata and duplicate mapping block (0.359791ms)
✔ incomplete lists, duplicates and wrong tenant fail (1.036959ms)
✔ details reject impossible dates and incomplete child pages (2.015916ms)
✔ page offsets are bounded and aligned (0.454583ms)
✔ work details fail on missing pages, duplicates, wrong scope and invalid durations (0.874042ms)
✔ Excel dates and zero-padded codes survive extraction (3.812958ms)
✔ formulas remain flagged; merged, hidden-only and oversized sheets reject (0.916084ms)
✔ task rejects wrong company, tenant, invisible relation and read failure before insert (1.378333ms)
✔ task accepts same company/tenant relation and queries explicit scope (1.572709ms)
✔ task rejects company belonging to another tenant (0.308292ms)
✔ appointment rejects wrong company, tenant, invisible relation and read failure before insert (0.261875ms)
✔ appointment accepts same company/tenant relation and queries explicit scope (0.166ms)
✔ appointment rejects company belonging to another tenant (0.090542ms)
✔ task appointment relation is independently validated before insert (0.274459ms)
✔ no relation requires no extra relation reads and preserves nullable IDs (0.251958ms)
✔ replacement search is Turkish-normalized and excludes booked, inactive and current worker (1.068417ms)
✔ selected available worker survives no matching search without inflating match count (0.130542ms)
✔ selection cannot bypass availability and does not duplicate a matched worker (0.108291ms)
✔ only an explicit scoped null latest is interpreted as no conversation (2.23125ms)
✔ transport error cannot become a zero revision snapshot (0.20725ms)
✔ latest revision and actor are validated before exposing the record (0.383375ms)
✔ write retains scope, command ID and revision; validates response against submitted command (0.881292ms)
✔ invalid input stops before RPC and write errors are preserved for reconciliation (0.454334ms)
✔ eleven-digit numeric codes are blocked without collecting or validating identity (2.073333ms)
✔ ordinary business codes, dates and UUIDs are not reclassified as identities (0.110458ms)
✔ spreadsheet row is held with field message and no accepted value (0.482958ms)
✔ database rejection is translated without echoing the input (0.143167ms)
✔ weekdays selected across year boundary and leap day (6.774334ms)
✔ range limit is inclusive 31 days; reverse, empty weekday and invalid calendar rejected (0.62375ms)
✔ payload normalization gives same dates and trimmed content for retry identity (0.88ms)
✔ malformed or excessive payload never reaches writes (0.676167ms)
✔ removed preview days remain excluded from canonical payload (0.2845ms)
✔ batch result must contain exact count and distinct identities for the same command (0.17325ms)
✔ IDP period keeps original leave interval while excluding non-working preview days (1.839458ms)
✔ all routes prohibit framing and set browser safety headers without breaking scripts (41.480917ms)
✔ all valid module combinations intersect dashboard roles, without enabling dependent sections (14.544875ms)
✔ shared loader rejects malformed/foreign snapshots and transport errors (7.259417ms)
✔ page boundary never mounts business readers before validation; off, error and role denial remain distinct (61.210417ms)
✔ page boundary retries failed settings and ignores a response after unmount (9.945125ms)
✔ actual completion form explicitly sends task true, unchecked false, and unavailable false (31.061208ms)
✔ failed completion preserves both result fields and shows a retryable error (15.754792ms)
✔ actual dashboard skips disabled queries/cards; independent tasks work without company lookup (155.99875ms)
✔ actual dashboard fetches enabled sections but never offers partner task access (62.598625ms)
✔ late assignment skips prior checks and requires immediate call (1.182334ms)
✔ last recorded event wins, not scheduled offset (0.327875ms)
✔ past plan events cannot colour new plan (0.089959ms)
✔ claimed arrival remains unverified at start even if all calls recorded (0.174459ms)
✔ confirmation closes remaining calls without fabricating events; removal closes writes (0.095625ms)
✔ unknown or malformed call outcome fails closed instead of hiding required action (0.767583ms)
✔ all supported call results and extra call offset remain accepted (0.307208ms)
✔ daily attendance conflict directs the operator to reopen independent confirmation (0.226542ms)
✔ mobile next call suggests earliest due unrecorded step regardless of offset order (0.132ms)
✔ mobile next call never reopens closed/confirmed work or fabricates scheduled checks (0.18075ms)
✔ known rejected command is removed only after terminal server closure (4.803917ms)
✔ previous commit wins over a later rejection; never claims not saved (0.749375ms)
✔ scope denial, unknown or malformed reconciliation preserve pending identity (1.653917ms)
✔ network, lock and unknown errors never automatically close a command (1.363375ms)
✔ storage failure after response keeps uncertainty rather than fake cleanup (0.814083ms)
✔ input, witness, replay and plan errors have useful distinct explanations (0.301959ms)
✔ zero assignments differs from zero outstanding tracking (4.755166ms)
✔ full count survives first-page/top-three rendering (1.51275ms)
✔ partial or wrong-scope response is not a healthy summary (0.244375ms)
✔ confirmed or closed record cannot become an outstanding item (0.129167ms)
✔ employee claim remains pending and lost responsibility is explicit (0.217958ms)
✔ tracking link preserves exact day and enables only explicit action filter (0.102584ms)
✔ tracking link preserves day and safely encodes worker search without enabling urgent filter (1.756125ms)
✔ missing name and invalid day cannot produce an unrelated tracking destination (0.179334ms)
✔ tracking preserves return company separately from the all-company query and chosen return day (0.306292ms)
✔ return navigation rejects malformed company and impossible dates without accepting arbitrary URLs (0.175583ms)
✔ future, due and overdue controls have distinct boundaries (0.8605ms)
✔ claimed arrival never confirms; start deadline escalates even after all calls (0.122625ms)
✔ cannot attend needs replacement; unreachable differs from absence (0.386542ms)
✔ verified arrival skips remaining controls, retains recorded outcomes (0.149458ms)
✔ removed assignment closes pending controls; invalid confirmation cannot green a row (0.415667ms)
✔ midnight arithmetic and malformed schedules (2.000208ms)
✔ onboarding access excludes operations while ordinary attachments remain available (0.944167ms)
✔ metadata rejects path names, oversized files, PDF photos and forged properties (5.207875ms)
✔ file signature is checked rather than trusting filename or browser MIME (0.784875ms)
✔ lost upload response survives reload and reuses its command without storing file contents (1.876291ms)
✔ upload references are isolated by actor, tenant, person, category and file fingerprint (1.462292ms)
✔ blocked, silently discarded or corrupted browser storage prevents starting a new command (0.246042ms)
✔ confirmation cannot clear a different command written by another tab (0.091083ms)
✔ upload recovery accepts duplicate status 400 or 409 and lost responses only after database confirmation (1.453541ms)
✔ a successful Storage response never substitutes for failed or non-boolean database confirmation (0.447666ms)
✔ confirmed reserve replay avoids uploading twice; malformed reserve never uploads (1.559209ms)
✔ two tabs reserve one upload command through the same exclusive lock (0.770667ms)
✔ missing or rejected cross-tab lock never allocates an upload reference (0.250667ms)
✔ attachment list distinguishes measured empty from missing or corrupt response (0.292625ms)
✔ attachment list rejects wrong person, duplicate IDs and malformed file metadata (0.212084ms)
✔ attachment list keeps the 51st pagination sentinel but rejects an unexpected oversized response (0.614584ms)
✔ confirmation and reservation use the same lock; a queued new command survives cleanup (0.788916ms)
✔ confirmation preserves recovery reference if cross-tab lock cannot be acquired (0.276209ms)
✔ cancel cleanup only clears matching command inside the same actor tenant and person (0.734875ms)
✔ explicit empty differs from missing, and every requested identity is accounted for (1.660375ms)
✔ reject wrong tenant, actor, timestamps and job-specific decline in general summary (0.2355ms)
✔ bound requests to one server page and accept empty page (0.456875ms)
✔ conversation captures an outcome without manufacturing availability or a placement (0.952458ms)
✔ declining a job requires that specific request; malformed values fail (0.245125ms)
✔ response belongs to requested tenant/person and contains a real server actor/time (0.23875ms)
✔ history rejects mixed people, duplicate ids and oversized responses (0.557084ms)
✔ combined filters normalize without dropping constraints (0.690083ms)
✔ invalid ranges, malformed filters and null values fail validation (0.257709ms)
✔ demographics remain optional and omission is distinct from explicit clear (18.118542ms)
✔ server response must echo every applied filter (0.234084ms)
✔ availability requires date and state together; saved legacy filters remain valid (0.197625ms)
✔ person responses retain demographics through list, detail and edit validation (0.990917ms)
✔ callback view survives validation and saved searches; response cannot silently use all (10.088958ms)
✔ batch request preserves sparse physical row numbers and rejects malformed or duplicate decisions (256.754666ms)
✔ status must be complete and belong to the expected actor, company, batch and source (0.370958ms)
✔ terminal receipt and blocked codes cannot be coerced or accepted for another row (2.058542ms)
✔ services use scoped RPCs, validate inputs before calls, and never translate transport failures into success (20.114875ms)
✔ unknown recovery stays distinct from closed and rejects another scope or reference (0.39325ms)
✔ selected plan maps only approved fields and strips all held source information (20.409125ms)
✔ history requires a complete scoped page and valid pending counts (0.518ms)
✔ result report includes each physical source row and distinguishes unsettled from saved (1.822292ms)
✔ comparison snapshot distinguishes measured empty from incomplete, malformed and foreign results (1.341958ms)
✔ read service sends only verified scope, not spreadsheet content, and validates response (0.661417ms)
✔ Turkish phone formats match but do not imply identity (1.154792ms)
✔ blank fields preserve existing data; new contacts are additive and old city conflicts visible (0.486917ms)
✔ name and contact matching different people requires review; never prefer one silently (0.254709ms)
✔ source issues remain blocking review even when no current match exists (0.146792ms)
✔ many ambiguous matches are bounded and explicitly labelled; file rows are never merged (0.829ms)
✔ every source row is accounted for; no decision is guessed (3.674875ms)
✔ existing identity selection never accepts field changes by default (0.524625ms)
✔ source issues, unknown targets, illegal changes and matches cannot become new writes (0.366667ms)
✔ two source rows targeting one person require resolution even for unchanged rows (0.23575ms)
✔ new rows with normalized shared identity do not silently create duplicates (1.176084ms)
✔ new row conflicting with another row resulting contact is also blocked (0.761208ms)
✔ contact capacity and revision overflow cannot be hidden by review (0.553917ms)
✔ existing city-only import excludes rejected source name and contact values from the actual request (9.236875ms)
✔ selected email is retained, unchanged rows send only stored name, hold rows send no personal data (2.827833ms)
✔ suggestions are conservative, duplicates and branch city are not guessed (12.02075ms)
✔ calendar dates reject impossible days and ambiguous serials (0.267458ms)
✔ repeated names and shared phones retain all physical source rows without merging (4.400667ms)
✔ coverage statuses remain source history; invalid ranges and unmapped fields remain visible (1.851167ms)
✔ missing, overlapping and wrong-scope mappings are rejected (0.761417ms)
✔ real XLSX reader preserves hidden sheet, physical row numbers, dates and formula diagnostics (162.627916ms)
✔ CSV supports BOM CRLF quoted delimiters; bad encoding and renamed text fail (1.715958ms)
✔ worksheet extents cannot silently truncate oversized sources (5.481708ms)
✔ name-only source and unmapped formula can be explicitly prepared as new without merging (103.793083ms)
✔ mapped formula, error, invalid contact and missing name still block a new-person decision (1.515459ms)
✔ ten long emails fit the workbook cell budget without truncation; over-limit cells fail (2.04075ms)
✔ a large source is partitioned without losing or renumbering any source row (13.514375ms)
✔ duplicate targets across partition boundary are rejected before any part can be sent (1.306875ms)
✔ queue references reject corruption and duplicates instead of skipping parts (0.462791ms)
✔ local import receipt distinguishes absent, valid, malformed JSON and old shape (2.029333ms)
✔ blocked storage stays unavailable, is never treated as an empty receipt, and leaks no raw contents (0.524375ms)
✔ person receipt retry preserves command identity and distinguishes malformed and blocked storage (0.805125ms)
✔ resolved receipt removal failure preserves receipt and allows retry without leaking storage error (0.123958ms)
✔ reference preserves exact command and stores no person fields (1.48725ms)
✔ reference cannot recover into a different actor or tenant (0.996ms)
✔ corrupt, old or unconfirmed references fail closed (0.589084ms)
✔ name-only records preserve unknown contacts, region and work type (0.949792ms)
✔ invalid contacts, hidden extra fields and unsupported work types are rejected (1.224958ms)
✔ page completeness, duplicate IDs, foreign scope and null RPC results fail closed (1.408458ms)
✔ recovery only confirms the expected person, command and revision (0.199125ms)
✔ UUID assignment displays the directory name even without legacy text (1.361375ms)
✔ current directory name supersedes stale legacy text (0.12525ms)
✔ loading, failure and missing directory entry never claim unassigned (0.066917ms)
✔ blank profile name is still an assignment (0.051792ms)
✔ name-only rows are clearly marked as legacy (0.063458ms)
✔ only a row without UUID or legacy name says unassigned (0.061709ms)
✔ claim sends expected scope and revision to the atomic gateway; display names are not trusted (1.028542ms)
✔ losing claim, inaccessible record and transport failure cannot report success (0.706041ms)
✔ claim and quick completion use one command rather than separate mutable role and tenant snapshots (0.866625ms)
✔ bad scope is rejected before a claim/completion command is sent (0.465708ms)
✔ module disabled, missing configuration and transport failure remain distinct from a lost claim (0.222375ms)
✔ links contain only the task UUID and round trip (1.023125ms)
✔ unrelated task-prefill parameters do not become a task link (0.122ms)
✔ malformed, empty and duplicate IDs are rejected (0.180167ms)
✔ URL round trip carries only identifiers and date (3.356083ms)
✔ ordinary tasks page has no prefill; partial and duplicate context rejected (0.270958ms)
✔ reject malformed ids, impossible dates and unsupported date bounds (0.13575ms)
✔ prefill derives fresh name and title from server data, no assignee/source FK or deadline inferred (0.240666ms)
✔ missing company/request/location and mismatched day fail without fallback (0.2955ms)
✔ passive company and cancelled request cannot prepare a new followup (0.85975ms)
✔ inactive location may still need a followup on an existing active request (0.262916ms)
✔ invalid or missing revision fails before any raw request (0.871666ms)
✔ update filters exact loaded revision and returns new row (0.49875ms)
✔ zero rows is a conflict, transport/database error stays different (0.432167ms)
✔ history has an honest twenty-row limit and extra-row indicator (0.200292ms)
✔ command validates bounded unique integer revisions and canonical identities (13.545417ms)
✔ snapshot normalization removes ordering and presentation from command identity (0.191542ms)
✔ preview rejects silent omissions, duplicate rows, unsafe counts and wrong source (0.227583ms)
✔ directory allows unnamed departed source, never absent arrays or duplicate targets (0.189334ms)
✔ result must match exact command scope and moved count (0.135208ms)
✔ service writes one RPC and has no iterative task fallback (0.212209ms)
✔ invalid command fails before write and malformed successful response is uncertain (0.258875ms)
✔ transport error cannot be mislabeled as nonmember or conflict (0.326833ms)
✔ module rejection is definite but a transport error remains uncertain (0.245542ms)
✔ task screen requires verified actor, tenant, live role and complete module snapshot (1.339333ms)
✔ task company directory keeps narrow fields, ordered complete pagination and rejects wrong tenant (1.472917ms)
✔ context navigation needs an enabled source module; missing state never defaults to all links (0.209625ms)
✔ actual task form hides disabled company controls instead of calling the company list empty (9.722833ms)
✔ reverse formula rejects the historical negative-price case and below-baseline amounts (0.851417ms)
✔ every numeric input rejects negative and non-finite values (0.548667ms)
✔ zero markup is valid and markup is applied to cost, not sales margin (0.130708ms)
✔ form parser distinguishes missing required input from optional zero and rejects partial numeric strings (0.086541ms)
✔ hard dependencies are a DAG; unknown, duplicate and self edges are rejected (0.867166ms)
✔ talent, tasks and announcements stand alone; reporting and staffing do not require each other (0.523417ms)
✔ every one of the 1024 configurations is accepted iff all required dependencies are enabled (9.723125ms)
✔ partial, unknown, inherited and non-boolean module values never imply enabled (0.250209ms)
✔ context keeps bigint revisions exact and discards unrelated response fields (0.641625ms)
✔ actor/company/generation/role/protocol mismatches cannot supply a context (0.640334ms)
✔ all existing member roles retain their role without receiving new privileges (0.380833ms)
✔ an older response from another workspace is rejected and no RPC fallback runs (0.370125ms)
✔ one bounded RPC returns the whole snapshot, without a client-selected tenant argument (0.166833ms)
✔ migration catalog is generated from the same manifest, not a second hand-maintained graph (1.043125ms)
✔ cancelled presence remains actual; removed unknown is not outstanding (4.131666ms)
✔ no declarations cannot silently become zero attendance (0.301667ms)
✔ duplicate or unmatched declarations fail verification (0.524083ms)
✔ same worker on different days counts separate person days (0.247292ms)
✔ absence total counts declarations, not unique people (0.14825ms)
✔ Monday week boundaries include Sunday, leap day, year and minimum date (1.864667ms)
✔ totals count person-days, exclude cancellations and retain unfilled requests (1.183375ms)
✔ empty verified plan is accepted; null and wrong company/week are not (0.377458ms)
✔ range, duplicate requests, capacity, missing staff and cancelled assignment contradictions fail closed (0.229375ms)
✔ same worker on separate days allowed, double booking or repeated assignment ID rejected (0.234875ms)
✔ CSV records scope/time and quotes delimiters, double quotes and embedded newlines (0.342042ms)
✔ CSV neutralizes formula prefixes including whitespace before formula (0.366125ms)
✔ CSV cancellations are opt-in and contribute zero active open (0.1135ms)
✔ overnight is explicit; break reduces actual work; invalid time never becomes an estimate (0.903125ms)
✔ 24 hour limit and zero-length work are distinct; no automatic overnight guessing (0.126292ms)
✔ correction reason required and only valid scoped record can establish revision zero (1.050625ms)
✔ net totals and contiguous latest audit history must agree with the record (0.260166ms)
✔ receipt is matched to command, assignment, action and next revision (0.164417ms)
✔ invalid write fails before RPC; exact payload and errors are preserved (0.291167ms)
✔ company/day list rejects wrong scope, partial shape, duplicates and malformed totals (2.032209ms)
✔ latest 20 audit entries are accepted only in contiguous descending revision order (0.290292ms)
✔ declared per-entry and aggregate expansion are bounded (0.574209ms)
✔ malformed directories, encryption, volume split and entry-count overflow fail (0.617041ms)
✔ preparation preserves identity and explicit work kind; normalizes code (1.466041ms)
✔ rejects malformed identities, revisions and unsupported work types (0.2835ms)
✔ receipt must match command, person, next revision and real worker id (0.127417ms)
✔ five surplus staff in one location cannot cancel five missing in another (0.882167ms)
✔ zero target, fully staffed and empty sets remain distinct and nonnegative (0.129583ms)
✔ workspace identity follows server data and never a user-editable company name (1.051917ms)
✔ missing, malformed and mismatched company or actor responses fail closed (0.684042ms)
✔ write target requires both the same actor and company (0.325458ms)
✔ RPC errors and null success never invent a company or return a stale identity (0.341333ms)
✔ company context request carries no caller-selected company and has a deadline (0.174375ms)
✔ UI company comes from verified workspace when getUser metadata lacks token-hook claims (0.124708ms)
✔ role and company are accepted together and user metadata cannot supply authority (0.165875ms)
✔ invitation parsing fails closed and excludes server extras (1.137667ms)
✔ token has 256 random bits and transport failure is not labelled invalid invitation (0.954667ms)
✔ setup accepts measured zeros but rejects unavailable/wrong-scope response (1.602125ms)
✔ setup rejects coerced, missing, negative or unsafe counts and invalid calendar dates (0.171125ms)
ℹ tests 560
ℹ suites 0
ℹ pass 560
ℹ fail 0
ℹ cancelled 0
ℹ skipped 0
ℹ todo 0
ℹ duration_ms 15305.641125

> bps@0.1.0 qa:static
> node scripts/qa-static.mjs

BPS QA Mini Harness V1 — qa:static

PASS service_role-confined              (FAIL-rule)  service_role only in cron/healthz/demo-request/access-request
PASS browser-createContact-removed      (FAIL-rule)  no browser-context createContact( in src/app
PASS contact-create-yonetici-only-action (FAIL-rule)  guard: roleData !== "yonetici", no partner in code
PASS contact-create-yonetici-only-ui    (FAIL-rule)  Yetkili Ekle gate: role === "yonetici"
PASS passivate-status-only              (FAIL-rule)  payload = { status: "pasif" }
PASS package-migration-drift            (WARN-rule)  no package/migration changes in working tree
PASS upload-guard-before-storage        (WARN-rule)  guard precedes storage upload
PASS contact-guard-before-insert        (WARN-rule)  guard precedes createContact insert
PASS reactivate-status-only             (WARN-rule)  payload = { status: "aktif" }
PASS stale-partner-comment              (WARN-rule)  no stale partner-scope create comment on create path
PASS import-graph-browser-create        (WARN-rule)  page does not import browser createContact
PASS pre-deploy-gates-recorded          (FAIL-rule)  G1/G2/G3 cleared with accepted values
PASS table-rls-enabled                  (FAIL-rule)  77/77 created tables enable RLS explicitly
WARN unreachable-component              (WARN-rule)  nothing renders: CapacityRiskCard, TimelineList
PASS profiles-read-scoped               (FAIL-rule)  460 files parsed; no unscoped profiles reader; every raw chain keyed; pages read via scoped RPC
PASS scan-integrity                     (FAIL-rule)  every walk() listed completely and every read() succeeded

16 checks · 0 FAIL · 1 WARN
scripts/qa-static.mjs — static only; run tsc + build separately (no lint configured).

> bps@0.1.0 build
> next build

   ▲ Next.js 15.5.26
   - Experiments (use with caution):
     · middlewareClientMaxBodySize: "11mb"

   Creating an optimized production build ...
<w> [webpack.cache.PackFileCacheStrategy] Serializing big strings (215kiB) impacts deserialization performance (consider using Buffer instead and decode when needed)
 ✓ Compiled successfully in 18.8s
   Linting and checking validity of types ...
   Collecting page data ...
   Generating static pages (0/29) ...
   Generating static pages (7/29)
   Generating static pages (14/29)
   Generating static pages (21/29)
 ✓ Generating static pages (29/29)
   Finalizing page optimization ...
   Collecting build traces ...

Route (app)                                 Size  First Load JS
┌ ○ /                                    48.7 kB         151 kB
├ ○ /_not-found                             1 kB         104 kB
├ ƒ /admin                               6.07 kB         109 kB
├ ○ /aktif-isgucu                        6.93 kB         194 kB
├ ƒ /api/access-request                    151 B         103 kB
├ ƒ /api/contracts/pdf-upload              151 B         103 kB
├ ƒ /api/cron/notifications                151 B         103 kB
├ ƒ /api/demo-request                      151 B         103 kB
├ ƒ /api/healthz                           151 B         103 kB
├ ƒ /api/operations/weekly-export          151 B         103 kB
├ ƒ /auth/callback                         151 B         103 kB
├ ○ /ayarlar                             6.75 kB         188 kB
├ ○ /dashboard                           13.6 kB         200 kB
├ ○ /davet                                4.2 kB         182 kB
├ ○ /evraklar                            9.24 kB         210 kB
├ ○ /finansal-ozet                       6.04 kB         184 kB
├ ○ /firmalar                             7.1 kB         191 kB
├ ƒ /firmalar/[id]                        127 kB         332 kB
├ ○ /gorevler                            17.8 kB         218 kB
├ ○ /import                              7.93 kB         186 kB
├ ○ /kayit                               1.75 kB         169 kB
├ ○ /kurulum                             6.84 kB         188 kB
├ ○ /kurumsal-tarihler                   7.48 kB         185 kB
├ ○ /login                               3.75 kB         168 kB
├ ○ /luca-import                          168 kB         346 kB
├ ƒ /personel-havuzu                     33.1 kB         237 kB
├ ƒ /personel-havuzu/aktarim             23.4 kB         199 kB
├ ƒ /personel-havuzu/listeler            5.47 kB         191 kB
├ ƒ /projeler                            2.17 kB         108 kB
├ ƒ /projeler/[id]                       2.92 kB         109 kB
├ ƒ /projeler/[id]/aktarim               9.01 kB         120 kB
├ ƒ /projeler/[id]/rapor                   169 B         106 kB
├ ƒ /projeler/[id]/rapor/kayitlar          169 B         106 kB
├ ○ /randevular                          11.8 kB         213 kB
├ ○ /raporlar                            7.07 kB         196 kB
├ ○ /sirket-sec                          3.84 kB         168 kB
├ ○ /sozlesmeler                         7.22 kB         205 kB
├ ƒ /sozlesmeler/[id]                    15.9 kB         222 kB
├ ○ /talepler                            8.32 kB         207 kB
├ ƒ /talepler/dizin                      7.32 kB         192 kB
├ ƒ /talepler/gunluk                     35.8 kB         230 kB
├ ƒ /talepler/haftalik                   7.76 kB         189 kB
├ ƒ /talepler/ise-baslama                10.7 kB         195 kB
├ ○ /talepler/ise-baslama/onizleme       2.84 kB         171 kB
├ ƒ /talepler/kadro                      8.37 kB         179 kB
├ ƒ /talepler/kontrol                    5.44 kB         187 kB
├ ƒ /talepler/planlar                    8.15 kB         179 kB
└ ƒ /yonetim                             7.14 kB         197 kB
+ First Load JS shared by all             103 kB
  ├ chunks/8337-670d98be687c4cde.js      46.3 kB
  ├ chunks/945200c1-3bdd3afc4617970b.js  54.2 kB
  └ other shared chunks (total)          2.15 kB


ƒ Middleware                             86.8 kB

○  (Static)   prerendered as static content
ƒ  (Dynamic)  server-rendered on demand
