
> bps@0.1.0 qa:operations
> node scripts/qa-test-suite.mjs application

application: 116 files
database: 19 files
pending: 7 files
Pending feature tests are NOT part of the passed application coverage.
✔ calendar follows Istanbul day across UTC midnight and year rollover (46.608917ms)
✔ agenda groups civil dates, sorts unknown time last, retains cancelled entries, never mutates source (1.381542ms)
✔ truncated or uncounted appointment response cannot render a falsely empty calendar (2.024042ms)
✔ bounded completion input is normalized; nonboolean cannot request a task (2.021167ms)
✔ completion result must identify exact appointment and valid task/skip combination (2.404833ms)
✔ service uses one scoped RPC with no sequential table fallback (0.517541ms)
✔ transport failure is unverifiable, not already completed or unauthorized (1.39ms)
✔ scope and invalid input fail before calling RPC (0.499958ms)
✔ status-only service cannot recreate split completion path (6.081958ms)
✔ links contain only the appointment UUID and round trip (0.978709ms)
✔ unrelated query parameters do not become an appointment link (0.443542ms)
✔ malformed, empty and duplicate IDs are rejected (0.502541ms)
✔ attendance actions retain exact record and revision, undo appears only after a report (1.303792ms)
✔ future dates and read-only/busy state disable every action including undo (0.362333ms)
✔ contract days follow Istanbul midnight and preserve today/expired semantics (1.688917ms)
✔ missing, malformed and impossible contract dates never turn into a plausible remaining-day count (0.142333ms)
✔ actual company service enables candidate and active only, preserves input CRM statuses (6.069416ms)
✔ company directory failures are not presented as empty success (0.423083ms)
✔ existing insert helper uses one scoped RPC with explicit actor, tenant and allowed business fields (2.845417ms)
✔ missing identity and protected input fields stop before a write (0.319375ms)
✔ transport uncertainty, empty and wrong-scope responses never become success or automatic retries (0.419167ms)
✔ module and input rejections use actionable messages (0.136167ms)
✔ company import retains confirmed rows then stops on uncertain or disabled writes (0.332792ms)
✔ status helper verifies returned target and requested status (0.139083ms)
✔ both status server actions use verified tenant and shared command with no direct writes (105.59925ms)
✔ status actions reject invalid identity and missing targets instead of reporting success (128.886959ms)
✔ company tabs intersect valid module states and current repository roles (18.541875ms)
✔ company finance reader uses exact tenant/company and distinguishes absent, failed and malformed responses (2.20675ms)
✔ company document reader filters contract files on every page before download and rejects an escaped row (0.423583ms)
✔ actual company page skips closed module readers and falls back from a stale saved tab (335.448ms)
✔ actual company role gates match financial and workforce readers without healthy empty cards (569.121667ms)
✔ actual finance error is not rendered as no data or no payment follow-up (116.318709ms)
✔ company document screen passes closed-contract predicate and offers standalone upload (180.547416ms)
✔ extracted upload form hides disabled contract selector and preserves standalone file payload (29.040083ms)
✔ late financial response after company unmount cannot populate the old view (113.664084ms)
✔ upload keeps its file but requires explicit clearing of a contract that becomes disabled (10.071167ms)
✔ status source contract accepts both actual command routes (71.58725ms)
✔ status source contract rejects extra payload fields and wrong status literal (24.524625ms)
✔ status source contract rejects direct DML beside the helper and rerouted import (5.965916ms)
✔ status source contract rejects missing source, malformed syntax and a changed execute target (6.325708ms)
✔ 1001 rows require three bounded requests; no clipping or redundant empty request (11.666125ms)
✔ empty and exact page boundary terminate without an extra read (20.472125ms)
✔ second-page failures never return the first page as a complete list (46.542125ms)
✔ invalid identities, malformed totals and over-budget lists fail on first request (6.195791ms)
✔ selectAllCriticalDates retains scope, exact count and unique ordering on all pages (0.51675ms)
✔ selectAllWorkforceSummaries retains scope, exact count and unique ordering on all pages (4.200667ms)
✔ selectWorkforceSummariesByCompanyIds retains scope, exact count and unique ordering on all pages (0.7715ms)
✔ selectAllTasks retains scope, exact count and unique ordering on all pages (0.300375ms)
✔ selectTasksByCompanyId retains scope, exact count and unique ordering on all pages (0.467958ms)
✔ selectTasksByContractId retains scope, exact count and unique ordering on all pages (0.2865ms)
✔ selectTasksByAppointmentId retains scope, exact count and unique ordering on all pages (0.221708ms)
✔ selectAllAppointments retains scope, exact count and unique ordering on all pages (0.211042ms)
✔ selectAppointmentsByCompanyId retains scope, exact count and unique ordering on all pages (0.196875ms)
✔ selectAppointmentsByContractId retains scope, exact count and unique ordering on all pages (0.186709ms)
✔ selectAppointmentsByCompanyIds retains scope, exact count and unique ordering on all pages (0.193833ms)
✔ selectAllContracts retains scope, exact count and unique ordering on all pages (0.193ms)
✔ selectContractsByCompanyId retains scope, exact count and unique ordering on all pages (0.19225ms)
✔ selectNotesByCompanyId retains scope, exact count and unique ordering on all pages (0.192ms)
✔ getActiveContractCountsByCompanyIds retains scope, exact count and unique ordering on all pages (0.296417ms)
✔ real Supabase query builder sends bounded offsets, stable order and exact count (64.866ms)
✔ deadline expiry stops before the next page (2.639833ms)
✔ selectNotesByCompanyId rejects clipped, null-count and failed results (4.415333ms)
✔ selectAllContracts rejects clipped, null-count and failed results (0.249625ms)
✔ selectContractsByCompanyId rejects clipped, null-count and failed results (0.196833ms)
✔ getActiveContractCountsByCompanyIds rejects clipped, null-count and failed results (0.190625ms)
✔ selectAllCriticalDates rejects clipped, null-count and failed results (0.164667ms)
✔ selectAllAppointments rejects clipped, null-count and failed results (3.953083ms)
✔ selectAppointmentsByCompanyId rejects clipped, null-count and failed results (0.200667ms)
✔ selectAppointmentsByContractId rejects clipped, null-count and failed results (0.154334ms)
✔ selectAppointmentsByCompanyIds rejects clipped, null-count and failed results (0.15125ms)
✔ selectAllWorkforceSummaries rejects clipped, null-count and failed results (0.193042ms)
✔ selectWorkforceSummariesByCompanyIds rejects clipped, null-count and failed results (0.131041ms)
✔ selectTasksByCompanyId rejects clipped, null-count and failed results (0.13375ms)
✔ selectAllTasks rejects clipped, null-count and failed results (0.108959ms)
✔ selectTasksByContractId rejects clipped, null-count and failed results (0.344458ms)
✔ selectTasksByAppointmentId rejects clipped, null-count and failed results (0.167125ms)
✔ active counts retain repeated company IDs in a complete result (0.937208ms)
✔ empty company selection never fetches a broader workforce or appointment list (0.073792ms)
✔ dashboard exact totals survive clipped lists while card rows remain unavailable (0.093667ms)
✔ unavailable or malformed totals cannot become measured zero (0.08225ms)
✔ report joins reject missing source or a missing company anywhere in the list (0.0535ms)
✔ report joins preserve measured empty lists and legitimate display names without text sentinels (0.042291ms)
✔ communication submits only supplied fields with resolved actor, tenant and company (92.66575ms)
✔ empty changes and failed identity stop before RPC (33.6695ms)
✔ delete binds target to expected company and returns the confirmed removed row (7.155792ms)
✔ malformed, empty and foreign responses never acknowledge contact writes (0.91525ms)
✔ import verifies creator and primary flag; errors do not trigger retries (1.229458ms)
✔ CSV keeps confirmed rows and stops at first uncertain write (0.864375ms)
✔ company map reads all pages and rejects ambiguous names across page boundaries (3.174667ms)
✔ delete server action passes the page company and does not acknowledge service errors (35.498459ms)
✔ appendix list distinguishes empty, malformed and wrong scope (1.183ms)
✔ keyset pagination has bounded continuation and rejects duplicates or borrowed preceding rows (0.215708ms)
✔ document history rejects another document even within same contract (0.225292ms)
✔ legacy main commands keep their storage key; appendix targets remain isolated (0.104125ms)
✔ appendix title is command identity; main receipt cannot acknowledge appendix command (0.347792ms)
✔ version download checks contract/document before signing any path (0.190042ms)
✔ missing, unavailable and malformed versions never mean empty history (1.087042ms)
✔ bounded history explicitly reports more and rejects unordered or duplicate evidence (0.262333ms)
✔ signed download resolves version through scoped RPC, never arbitrary caller path (0.619542ms)
✔ actual PDF replace service gates revision and uses CAS, zero rows is failure (0.533834ms)
✔ creation validates real calendar dates, bounded revision and required basis (1.993125ms)
✔ unavailable or malformed snapshot never means no task (0.169917ms)
✔ current task owner can be unassigned or unavailable without inventing a person (0.090417ms)
✔ service uses one scoped RPC; malformed success and transport failure do not fall back (0.312666ms)
✔ only exact known failure is definite; unknown responses keep retry command (1.000167ms)
✔ strict command rejects forged identity/display/routing fields and missing fields (1.056ms)
✔ unicode PostgreSQL character boundary, Turkish text, line endings, NUL and broken UTF-16 (0.957833ms)
✔ mentions are selected identifiers, canonical order, detached from caller array (0.502375ms)
✔ retry comparison is stable but every scope/content change differs (0.207625ms)
✔ null/string/mismatched receipt cannot acknowledge pending command (0.296833ms)
✔ resolution requires matching scope and a recognized terminal result (0.267625ms)
✔ failed RPC shapes are not empty successful reads (0.81ms)
✔ message shape requires safe identity, timestamp and explicit parent (0.367792ms)
✔ inbox counts and source fields cannot be silently coerced (0.497708ms)
✔ explicit empty optional critical-date fields clear stored content (2.925458ms)
✔ omitted optional critical-date fields remain untouched (0.191458ms)
✔ nonempty optional critical-date fields are trimmed (0.09ms)
✔ critical-date CAS preserves full database timestamp and rejects a losing edit (0.663125ms)
✔ missing or malformed snapshot cannot update a critical date (0.193875ms)
✔ malformed headers, widths and quotes never produce writable rows (2.385917ms)
✔ valid BOM CRLF multiline escaped quotes and semicolon fields survive (1.813417ms)
✔ invalid encodings and resource limits fail before preview (14.313333ms)
✔ closed contracts are neither queried nor shown as zero on desktop or mobile (152.529125ms)
✔ HR, accounting and viewer never query or display restricted contact/contract summaries (135.140625ms)
✔ allowed empty contract result is zero while failed summary is explicitly unreadable (65.345375ms)
✔ failed company directory stops dependent readers and displays retry state (51.624541ms)
✔ note create sends the resolved company/tenant/actor but no client author or pin fields (34.621041ms)
✔ note edits, pin and delete all preserve the expected company in the actual request (31.309292ms)
✔ changed tenant, invalid identity or blank content stops before command submission (34.408ms)
✔ unknown result, malformed rows and wrong company cannot acknowledge a note command (0.349417ms)
✔ module errors and transport failures are distinct, and neither retries the command (0.195209ms)
✔ pin acknowledgment must match the requested flag and target (0.114125ms)
✔ missing author and ownership rejection explain the actual corrective action (0.120541ms)
✔ coverage, presence and missing reports remain distinct; historical removed attendance does not count (0.802667ms)
✔ cancelled requests remain visible in all but never enter active action filters (0.470333ms)
✔ fully assigned does not mean present and absent people remain assigned until replacement (0.395541ms)
✔ search combines Turkish-normalized location, occupation and assigned staff terms (2.023042ms)
✔ measured empty day accepted, unavailable or malformed RPC never becomes zero (1.648667ms)
✔ real dates, leap years and strict format (4.219416ms)
✔ required fields, counts and extra untrusted fields (0.216209ms)
✔ daily coverage from zero to full (0.450625ms)
✔ paused and cancelled are not active demand (0.142083ms)
✔ corrupt aggregates fail rather than clamp (0.084625ms)
✔ assignment eligibility failures stay distinct (0.158417ms)
✔ missing or nonboolean verification never means available (0.089583ms)
✔ activity empty differs from unavailable or malformed response (1.069167ms)
✔ activity labels distinguish ownership events without claiming task completion (0.095958ms)
✔ general document activity accepts only an internal document destination (0.103416ms)
✔ contracts filter in SQL before five-row cap; no full-record transfer (25.359625ms)
✔ documents include missing files and undated manual states before limiting; derive expiry now (2.666792ms)
✔ critical dates include overdue and exactly thirty days; bounded stable order (1.5395ms)
✔ smaller server cap, missing counts, duplicate rows and transport errors do not masquerade as complete cards (2.568125ms)
✔ company names resolve only referenced IDs in batches; no task count tied to directory cap (1.672833ms)
✔ money preserves zero, negative values, and missing versus malformed input (17.180334ms)
✔ Istanbul variants share a display/filter key without changing other city names (0.186125ms)
✔ role rejection touches neither document nor storage (1.617292ms)
✔ read failure leaves both records untouched (0.220875ms)
✔ missing read and zero-row delete explicitly report no confirmed deletion (0.150875ms)
✔ blocked database deletion never removes the file (0.165625ms)
✔ confirmed row deletion uses RETURNING path, after deleting the row (0.144292ms)
✔ record without a file is a confirmed deletion with no storage operation (0.094166ms)
✔ storage failure preserves confirmed deletion and warning, never suggests row retry (0.189791ms)
✔ each existing category belongs to one folder; linked contracts stay together (0.468041ms)
✔ moving changes category only, scoped by company, revision and unlinked contract (0.518334ms)
✔ invalid category, denied/stale result, transport error and wrong identity never succeed (0.332542ms)
✔ document eligibility requires exact ids, tenants and boolean values (2.159041ms)
✔ document checks deduplicate and chunk without accepting contradictory scope (0.912334ms)
✔ document state database and transport failures do not fall back to enabled (0.145041ms)
✔ listAllDocuments derives expiry without mutating stored status (78.451708ms)
✔ listDocumentsByLegacyCompanyId derives expiry without mutating stored status (28.589666ms)
✔ single document derives expiry and preserves missing record (36.103541ms)
✔ company compliance counts expired stored-complete files as non-compliant (22.23275ms)
✔ Istanbul expiry includes day zero and thirty, expires on following day (0.754084ms)
✔ expiry changes at Istanbul midnight instead of UTC midnight (0.092084ms)
✔ stored complete does not keep an expired document green and mapping does not mutate raw data (0.098084ms)
✔ missing file and explicit missing status take priority; undated manual state stays intact (0.1435ms)
✔ initial snapshot and refresh are silent; only newly observed unread IDs sound (0.902208ms)
✔ scope keys separate companies and users; response mismatch fails closed (0.814125ms)
✔ links contain only a verified internal request target, company and date (1.699708ms)
✔ two tabs observing the same event play once; rapid batches are consumed silently (0.412208ms)
✔ storage or locking failure never falls back to uncoordinated sound (0.27475ms)
✔ shared ledger stores only bounded event IDs and time, never message content (0.340833ms)
✔ duplicate inbox rows are rejected instead of doubling counters or cards (0.200333ms)
✔ impossible calendar day cannot reach the date formatter or deep link (0.0865ms)
✔ independent task inserts null company without company lookup and keeps assignment empty (0.765333ms)
✔ independent tasks cannot borrow company-linked context (0.578333ms)
✔ business day is independent of device timezone at Istanbul midnight (0.455292ms)
✔ actual day hook observes timer, wake and visibility changes, then removes listeners (30.747709ms)
✔ legacy migration is deterministic and covers seven entries and four tables (0.55725ms)
✔ historical workspace and shift patches change eight scoped and four legacy bodies (0.134166ms)
✔ reconstructed declarations contain exact bodies including SQL regex dollar literals (0.1575ms)
✔ valid search and known filter values survive serialization (2.174084ms)
✔ malformed, oversized and wrongly typed preferences recover to defaults (0.166917ms)
✔ unknown keys and overlong fields cannot enter the filter state (0.088875ms)
✔ keys separate list, account, tenant and role without separator ambiguity (0.134375ms)
✔ distinguishes new, unchanged, changed and inactive without rewriting input (1.315458ms)
✔ reads beyond first page and includes inactive rows (0.257125ms)
✔ null codes do not match by name; leading zeros and case remain distinct (0.628209ms)
✔ read failures and malformed pages never become new records (0.619292ms)
✔ changing totals and duplicated records across pages fail closed (0.327167ms)
✔ oversized directory stops after first page; no partial preview (0.267959ms)
✔ empty measured directory is allowed; duplicate input is rejected before reads (0.111917ms)
✔ UTF8 BOM CRLF and leading zeros retained (0.996709ms)
✔ quoted delimiter and escaped quotes (0.170167ms)
✔ bad quoting columns and headers rejected (0.190708ms)
✔ duplicate codes rejected, different leading zeros retained (0.112416ms)
✔ empty oversize and more than 500 rows rejected (0.446ms)
✔ invalid cell types controls and empty text rejected (0.114542ms)
✔ only editable fields survive; leading/trailing whitespace is trimmed (1.338291ms)
✔ invalid identity, stale-token shapes and invalid text cannot become update commands (0.35275ms)
✔ response requires identity, exact new values and one revision advance (0.674875ms)
✔ max accepted revision advances safely and missing old values are unverifiable (0.33625ms)
✔ real service forwards scope and normalized payload; RPC error or malformed success is never accepted (0.967833ms)
✔ login preserves internal destination, query and hash after normalization (18.563166ms)
✔ login rejects external, backslash, controls and normalized host prefixes (0.229ms)
✔ anonymous access request reaches handler while adjacent and protected paths redirect (3.7195ms)
✔ redirect retains refreshed session cookie options (1.709708ms)
✔ management date follows Istanbul midnight and owner/date filters stay server-side (27.85775ms)
✔ saved search stores normalized filter not a page and rejects corrupt/duplicate data (1.791583ms)
✔ availability rejects impossible dates, inverted and excessive intervals (0.385875ms)
✔ past and superseded availability never becomes current via fallback (0.089667ms)
✔ active work rejection has a useful admin message without raw database text (0.6965ms)
✔ task guard membership and role failures remain distinct in create and update (0.385875ms)
✔ transport failures are not translated into lost membership or role (0.101875ms)
✔ operation day rolls over at Istanbul midnight regardless of device timezone (20.5855ms)
✔ quick views distinguish current owner, truly unassigned, and closed work (0.193083ms)
✔ active tasks sort by due day with stable ties without mutating input (1.017709ms)
✔ completion sends scope and revision to the gateway; server resolves actual privileges (0.204041ms)
✔ lost race, inaccessible task, transport error and invalid revision never succeed (0.401667ms)
✔ overdue view derives lateness from date and excludes completed, future and undated tasks (0.083834ms)
✔ desktop and mobile action availability preserves ownership and legacy assignee boundaries (0.12ms)
✔ complete advisory response preserves all checks but never permits mutation (0.999167ms)
✔ a dependency-invalid draft is accepted so the UI can explain it; incomplete or coerced states are not (0.171958ms)
✔ scope revision membership role and advisory flags fail closed (0.458333ms)
✔ missing duplicate foreign and non-boolean checks never become an empty successful report (0.281833ms)
✔ dependency evidence must match the requested graph (0.154792ms)
✔ every resolution link targets an existing page (0.191709ms)
✔ one bounded RPC; transport errors and malformed responses never fall back (0.597708ms)
✔ route remount uses current workspace; stale cleanup cannot remove its protection (0.782458ms)
✔ navigation decision keeps the original event and synchronous cancellation (0.108ms)
✔ company IDs are chunked and each assignment batch is paged to the measured total (2.17575ms)
✔ late assignment failure or unrelated company discards all previously read assignments (0.995292ms)
✔ failed manager read yields no company recipients and never starts partner lookup (2.218333ms)
✔ tasks candidate pages keep filters and never expose a partial source list (3.7675ms)
✔ documents candidate pages keep filters and never expose a partial source list (0.465875ms)
✔ appointments candidate pages keep filters and never expose a partial source list (0.367458ms)
✔ task module snapshots require a complete distinct boolean response and propagate transport failure (0.357667ms)
✔ task module snapshot chunks 501 distinct tenants without truncation (0.270667ms)
✔ document batch reaches last source/membership rows and keeps tenant contents out of the other email (25.228667ms)
✔ late documents error produces no sends or reservation writes (0.927375ms)
✔ late tenant_memberships error produces no sends or reservation writes (1.540292ms)
✔ unacknowledged notification stamps are errors, never sent or counted as already sent (10.666791ms)
✔ unverifiable task owner is not treated as unassigned or sent to the manager fallback (1.142083ms)
✔ verified task owner receives the task while a truly unassigned task goes to its tenant manager (1.363166ms)
✔ overdue tasks change day at Istanbul midnight, not three hours later at UTC midnight (1.515209ms)
✔ appointment reminders use tomorrow in Istanbul when UTC is still on the previous day (1.771459ms)
✔ tenant roles override global roles for document recipients (17.915292ms)
✔ missing membership role fails closed before any transport or stamp (7.106541ms)
✔ disabled task tenant never produces an email or a reservation (0.729042ms)
✔ unverifiable task module before stamping stops the email without consuming a reservation (2.943333ms)
✔ task module disabled after reservation is rechecked and reservation is rolled back before send (3.495625ms)
✔ unverifiable post-stamp module state releases the reservation and sends nothing (7.697417ms)
✔ calendar off before collection prevents sends (1.148209ms)
✔ calendar off after stamp prevents sends (1.749083ms)
✔ document pre-send gate removes contract-linked documents while retaining company documents (16.204625ms)
✔ document module closure after reservation prevents send and releases every reservation (17.8625ms)
✔ unverifiable document state before stamping sends nothing (4.368584ms)
✔ notification names resolve all referenced companies in bounded deduplicated chunks (1.081042ms)
✔ missing, truncated, duplicated or malformed company names fail instead of generating fallback mail (0.305459ms)
✔ a company cannot be associated with two tenants or acknowledge a different tenant (0.822875ms)
✔ contract batch reads past limits and sends each contract only to its tenant and assigned partner (32.65075ms)
✔ contract batch stops before stamps on a late read failure or missing company name (18.749167ms)
✔ contract 30-day window opens at Istanbul midnight (1.654625ms)
✔ a shared email in another tenant does not hide an eligible profile; same-tenant duplicates still get one copy (29.864958ms)
✔ multi-workspace contracts use tenant roles for managers and assigned partners (43.830916ms)
✔ contract module off filters candidates before names and reservations (0.657208ms)
✔ missing contract config sends nothing and never consumes a stamp (1.835292ms)
✔ contract closure after stamp releases reservation; rollback failure=false (7.365625ms)
✔ contract closure after stamp releases reservation; rollback failure=true (3.131375ms)
✔ contract recipients page managers, preserve email-only eligibility and restrict partner assignments/roles (3.243666ms)
✔ contract recipient later page failure rejects instead of returning earlier managers (1.100458ms)
✔ expiry contract reader reaches the last candidate past the server cap without selecting unused columns (1.970125ms)
✔ contract read failure or incomplete later page rejects the entire candidate set (0.366667ms)
✔ membership paging reaches the last row even when server cap is lower than requested (2.837ms)
✔ later page error, changing count, empty gap and duplicate rows discard the entire map (0.877375ms)
✔ empty membership table is valid only with measured zero; thrown reads remain unavailable (0.174416ms)
✔ profile IDs are deduplicated and chunked without losing the last owner (1.170791ms)
✔ late error, count mismatch and unexpected or repeated profiles discard previous chunks (0.5055ms)
✔ missing profiles and contactless profiles are measured omissions, empty input does not query (0.173ms)
✔ company recipients still exclude a former partner after shared profile lookup (1.059416ms)
✔ role profile pagination includes the last eligible recipient and excludes missing contact (1.7765ms)
✔ role profile errors and unexpected roles never expose a partial recipient list (0.334917ms)
✔ notification reservation requires the expected acknowledgement; empty data is not already sent (6.712709ms)
✔ unique conflict remains an idempotent skip and DB failures expose only their code (0.157125ms)
✔ bounded matcher catches identity-like and Turkish mobile forms (0.605208ms)
✔ ordinary dates, times, amounts and long identifiers remain usable; limits explicit (0.296916ms)
✔ all four submission validators reject before calling a service (0.701458ms)
✔ historical conversation and pending command resolution remain readable (0.579166ms)
✔ validation errors are actionable without echoing private text (0.146917ms)
✔ one request may have three signs but request count is unique (18.319709ms)
✔ removed absence and cancelled demands do not create actions (0.373833ms)
✔ future unknown does not count as outstanding but unfilled demand does (0.189167ms)
✔ due date uses snapshot Istanbul day across UTC midnight boundary (0.285292ms)
✔ wrong week or malformed snapshot never becomes clean checklist (0.223625ms)
✔ empty verified week and fully present request have no signs (0.239083ms)
✔ priority and search preserve overlap without summing people (0.316917ms)
✔ selected day only, including year boundary week (0.169583ms)
✔ query separates company locations and tenant workers (0.862459ms)
✔ page preserves leading zero code and manual null code (0.231167ms)
✔ partial page, duplicate identity or wrong filter fails instead of showing clean data (0.216667ms)
✔ page beyond shrinking total is valid empty with true total (0.073833ms)
✔ worker shape cannot be mistaken for a company location (0.125292ms)
✔ activation keeps strict boolean and bounded expected revision (0.454333ms)
✔ activation response must identify exact change and revision (0.132333ms)
✔ 40 unique operation signatures generate the committed migration exactly (1.875792ms)
✔ schedule readers taking profile locks use write barrier; operations never require talent (0.177958ms)
✔ pilotError distinguishes module rejection from transport uncertainty (262.89775ms)
✔ fixedRosterError distinguishes module rejection from transport uncertainty (0.95075ms)
✔ workError distinguishes module rejection from transport uncertainty (13.811625ms)
✔ scheduleError distinguishes module rejection from transport uncertainty (17.473583ms)
✔ startError distinguishes module rejection from transport uncertainty (7.539542ms)
✔ command boundaries reject missing or invalid CAS, hash, bytes and filename (2.367875ms)
✔ receipt identity and terminal states cannot be borrowed or interpreted loosely (0.346208ms)
✔ invalid file is rejected before any RPC, including same-size different content (2.026416ms)
✔ lost upload response reconciles bytes before finish; same command retry returns receipt without Storage (3.210542ms)
✔ missing or mismatched Storage bytes cannot finish (1.135625ms)
✔ cancelled command never uploads; cancel-before-prepare uses full immutable command (1.11525ms)
✔ status distinguishes unknown transport, confirmed missing, malformed and published (0.451709ms)
✔ bounded multipart accepts a file above Server Action default and exactly 10 MiB (37.243792ms)
✔ body limit enforced on actual chunks despite missing or lying Content-Length (5.576166ms)
✔ malformed successful RPC data remains an unverifiable result, not invalid caller input (0.201083ms)
✔ fresh adapter after reload reuses persisted identity without storing form text (6.358875ms)
✔ canonical object key order is stable; changed payload and kind are distinct (1.603667ms)
✔ different account and tenant never borrow identity (1.811666ms)
✔ concurrent tabs reserve a single identity through shared lock (0.930458ms)
✔ acknowledgment removes only confirmed command; next identical intent has new identity (2.565292ms)
✔ blocked read/write and missing locks reject without volatile fallback (1.078667ms)
✔ malformed stored records fail closed (2.49825ms)
✔ 50 pending limit preserves old identities and blocks new writes (26.089ms)
✔ failed acknowledgment retains original identity for safe retry (1.419875ms)
✔ reconciliation clears only terminal requested IDs; unknown and concurrent additions survive (4.331208ms)
✔ malformed, omitted, duplicate, foreign, and non-terminal-looking statuses preserve all pending identities (1.67675ms)
✔ reconciliation storage failure keeps recoverable identity (2.006833ms)
✔ read-only digest snapshot matches normalized intent without reserving or exposing payload (2.823292ms)
✔ reload and concurrent tabs reuse identity without retaining financial text (7.702167ms)
✔ changed file or mapping cannot silently allocate a second command (1.416125ms)
✔ scope isolation; settlement clears only the proven command (2.20525ms)
✔ storage failure and corrupt records fail closed (2.006084ms)
✔ failed settlement retains original identity (1.288584ms)
✔ only explicit input rejection permits clearing recovery; network/replay uncertainty preserves it (0.442583ms)
✔ command payload allowlists fields and trims text (1.5565ms)
✔ unknown commands including prototype properties are rejected (0.174417ms)
✔ request boundary, date and identity validation (0.18425ms)
✔ directory and assignment commands require their own fields (0.4845ms)
✔ null and nonboolean board data cannot become an empty or available board (0.23775ms)
✔ capacity and cancellation contradictions fail board validation (0.161666ms)
✔ capacity edit requires valid old and new counts and strips unrelated fields (0.145708ms)
✔ attendance requires exact status and nonnegative bounded revision (0.113667ms)
✔ board cannot drop attendance or turn unknown into absence (0.221875ms)
✔ request context round trips without dropping day, scope, or encoded job (3.761875ms)
✔ malformed or duplicate context cannot initialize a placement journey (0.353875ms)
✔ new, repeated and corrected files remain distinct (4.697084ms)
✔ rejects other tenant/project/source/month and partial snapshots (0.54575ms)
✔ both copies are blocked; changed source identity cannot duplicate work (0.5985ms)
✔ missing is not zero; malformed dates and durations are blocked (0.167084ms)
✔ omitted rows remain visible without deletion; corrupt snapshots fail (0.118875ms)
✔ multiple slots are separate; leading zero codes are preserved (0.543625ms)
✔ preview rejects incomplete, duplicate, invalid duration or status rows (1.907916ms)
✔ people response rejects duplicate codes and malformed candidates (0.233041ms)
✔ monthly report rejects incomplete, inconsistent or wrong-scope totals (0.86825ms)
✔ empty report is explicit and duration retains minutes (13.422708ms)
✔ UTF-8 CSV preserves codes and explicitly converts hours (1.1885ms)
✔ invalid encoding, duplicate columns, partial row fail (0.222292ms)
✔ blank/formula/day-text/fractional-minute/out-of-range never become zero (0.982ms)
✔ wrong month, formula metadata and duplicate mapping block (0.363666ms)
✔ incomplete lists, duplicates and wrong tenant fail (0.681584ms)
✔ details reject impossible dates and incomplete child pages (1.774916ms)
✔ page offsets are bounded and aligned (0.275458ms)
✔ work details fail on missing pages, duplicates, wrong scope and invalid durations (1.157042ms)
✔ Excel dates and zero-padded codes survive extraction (4.704166ms)
✔ formulas remain flagged; merged, hidden-only and oversized sheets reject (2.643ms)
✔ task rejects wrong company, tenant, invisible relation and read failure before insert (1.018625ms)
✔ task accepts same company/tenant relation and queries explicit scope (1.101417ms)
✔ task rejects company belonging to another tenant (0.336917ms)
✔ appointment rejects wrong company, tenant, invisible relation and read failure before insert (0.706958ms)
✔ appointment accepts same company/tenant relation and queries explicit scope (0.342959ms)
✔ appointment rejects company belonging to another tenant (0.117333ms)
✔ task appointment relation is independently validated before insert (0.115625ms)
✔ no relation requires no extra relation reads and preserves nullable IDs (0.530708ms)
✔ replacement search is Turkish-normalized and excludes booked, inactive and current worker (1.015875ms)
✔ selected available worker survives no matching search without inflating match count (0.124292ms)
✔ selection cannot bypass availability and does not duplicate a matched worker (0.109458ms)
✔ only an explicit scoped null latest is interpreted as no conversation (1.38675ms)
✔ transport error cannot become a zero revision snapshot (0.216167ms)
✔ latest revision and actor are validated before exposing the record (0.439375ms)
✔ write retains scope, command ID and revision; validates response against submitted command (0.438666ms)
✔ invalid input stops before RPC and write errors are preserved for reconciliation (0.222292ms)
✔ eleven-digit numeric codes are blocked without collecting or validating identity (0.701709ms)
✔ ordinary business codes, dates and UUIDs are not reclassified as identities (0.079667ms)
✔ spreadsheet row is held with field message and no accepted value (0.415125ms)
✔ database rejection is translated without echoing the input (0.497125ms)
✔ weekdays selected across year boundary and leap day (1.687542ms)
✔ range limit is inclusive 31 days; reverse, empty weekday and invalid calendar rejected (0.282625ms)
✔ payload normalization gives same dates and trimmed content for retry identity (0.395667ms)
✔ malformed or excessive payload never reaches writes (0.181208ms)
✔ removed preview days remain excluded from canonical payload (0.095292ms)
✔ batch result must contain exact count and distinct identities for the same command (0.128291ms)
✔ IDP period keeps original leave interval while excluding non-working preview days (0.315375ms)
✔ all routes prohibit framing and set browser safety headers without breaking scripts (47.8155ms)
✔ all valid module combinations intersect dashboard roles, without enabling dependent sections (16.975833ms)
✔ shared loader rejects malformed/foreign snapshots and transport errors (10.091542ms)
✔ page boundary never mounts business readers before validation; off, error and role denial remain distinct (79.485ms)
✔ page boundary retries failed settings and ignores a response after unmount (5.019125ms)
✔ actual completion form explicitly sends task true, unchecked false, and unavailable false (35.804042ms)
✔ failed completion preserves both result fields and shows a retryable error (8.564375ms)
✔ actual dashboard skips disabled queries/cards; independent tasks work without company lookup (114.757083ms)
✔ actual dashboard fetches enabled sections but never offers partner task access (85.209333ms)
✔ late assignment skips prior checks and requires immediate call (1.105542ms)
✔ last recorded event wins, not scheduled offset (0.268792ms)
✔ past plan events cannot colour new plan (0.081333ms)
✔ claimed arrival remains unverified at start even if all calls recorded (0.169084ms)
✔ confirmation closes remaining calls without fabricating events; removal closes writes (0.089833ms)
✔ unknown or malformed call outcome fails closed instead of hiding required action (0.663667ms)
✔ all supported call results and extra call offset remain accepted (0.172625ms)
✔ daily attendance conflict directs the operator to reopen independent confirmation (0.203625ms)
✔ mobile next call suggests earliest due unrecorded step regardless of offset order (0.116542ms)
✔ mobile next call never reopens closed/confirmed work or fabricates scheduled checks (0.168208ms)
✔ known rejected command is removed only after terminal server closure (6.356958ms)
✔ previous commit wins over a later rejection; never claims not saved (0.640792ms)
✔ scope denial, unknown or malformed reconciliation preserve pending identity (1.801209ms)
✔ network, lock and unknown errors never automatically close a command (1.777375ms)
✔ storage failure after response keeps uncertainty rather than fake cleanup (0.885667ms)
✔ input, witness, replay and plan errors have useful distinct explanations (0.1565ms)
✔ zero assignments differs from zero outstanding tracking (2.453208ms)
✔ full count survives first-page/top-three rendering (0.82575ms)
✔ partial or wrong-scope response is not a healthy summary (0.199292ms)
✔ confirmed or closed record cannot become an outstanding item (0.121ms)
✔ employee claim remains pending and lost responsibility is explicit (0.1995ms)
✔ tracking link preserves exact day and enables only explicit action filter (0.089916ms)
✔ tracking link preserves day and safely encodes worker search without enabling urgent filter (1.649ms)
✔ missing name and invalid day cannot produce an unrelated tracking destination (0.175417ms)
✔ tracking preserves return company separately from the all-company query and chosen return day (0.270167ms)
✔ return navigation rejects malformed company and impossible dates without accepting arbitrary URLs (0.168667ms)
✔ future, due and overdue controls have distinct boundaries (0.660375ms)
✔ claimed arrival never confirms; start deadline escalates even after all calls (0.100208ms)
✔ cannot attend needs replacement; unreachable differs from absence (0.080458ms)
✔ verified arrival skips remaining controls, retains recorded outcomes (0.088833ms)
✔ removed assignment closes pending controls; invalid confirmation cannot green a row (0.176875ms)
✔ midnight arithmetic and malformed schedules (1.122667ms)
✔ onboarding access excludes operations while ordinary attachments remain available (0.562667ms)
✔ metadata rejects path names, oversized files, PDF photos and forged properties (3.372584ms)
✔ file signature is checked rather than trusting filename or browser MIME (0.182291ms)
✔ lost upload response survives reload and reuses its command without storing file contents (0.83ms)
✔ upload references are isolated by actor, tenant, person, category and file fingerprint (0.151209ms)
✔ blocked, silently discarded or corrupted browser storage prevents starting a new command (0.149542ms)
✔ confirmation cannot clear a different command written by another tab (0.072084ms)
✔ upload recovery accepts duplicate status 400 or 409 and lost responses only after database confirmation (0.192292ms)
✔ a successful Storage response never substitutes for failed or non-boolean database confirmation (0.212875ms)
✔ confirmed reserve replay avoids uploading twice; malformed reserve never uploads (0.5275ms)
✔ two tabs reserve one upload command through the same exclusive lock (0.25225ms)
✔ missing or rejected cross-tab lock never allocates an upload reference (0.17675ms)
✔ attachment list distinguishes measured empty from missing or corrupt response (0.268167ms)
✔ attachment list rejects wrong person, duplicate IDs and malformed file metadata (0.215625ms)
✔ attachment list keeps the 51st pagination sentinel but rejects an unexpected oversized response (0.153834ms)
✔ confirmation and reservation use the same lock; a queued new command survives cleanup (0.181292ms)
✔ confirmation preserves recovery reference if cross-tab lock cannot be acquired (0.189958ms)
✔ cancel cleanup only clears matching command inside the same actor tenant and person (0.243541ms)
✔ explicit empty differs from missing, and every requested identity is accounted for (0.762625ms)
✔ reject wrong tenant, actor, timestamps and job-specific decline in general summary (0.166167ms)
✔ bound requests to one server page and accept empty page (0.411542ms)
✔ conversation captures an outcome without manufacturing availability or a placement (0.791209ms)
✔ declining a job requires that specific request; malformed values fail (0.207666ms)
✔ response belongs to requested tenant/person and contains a real server actor/time (0.233292ms)
✔ history rejects mixed people, duplicate ids and oversized responses (0.466166ms)
✔ combined filters normalize without dropping constraints (0.677917ms)
✔ invalid ranges, malformed filters and null values fail validation (0.397459ms)
✔ demographics remain optional and omission is distinct from explicit clear (18.255625ms)
✔ server response must echo every applied filter (0.270541ms)
✔ availability requires date and state together; saved legacy filters remain valid (0.20375ms)
✔ person responses retain demographics through list, detail and edit validation (1.434583ms)
✔ callback view survives validation and saved searches; response cannot silently use all (8.7725ms)
✔ batch request preserves sparse physical row numbers and rejects malformed or duplicate decisions (211.043833ms)
✔ status must be complete and belong to the expected actor, company, batch and source (0.313875ms)
✔ terminal receipt and blocked codes cannot be coerced or accepted for another row (1.275625ms)
✔ services use scoped RPCs, validate inputs before calls, and never translate transport failures into success (29.376458ms)
✔ unknown recovery stays distinct from closed and rejects another scope or reference (3.037417ms)
✔ selected plan maps only approved fields and strips all held source information (27.059292ms)
✔ history requires a complete scoped page and valid pending counts (0.346834ms)
✔ result report includes each physical source row and distinguishes unsettled from saved (3.273083ms)
✔ comparison snapshot distinguishes measured empty from incomplete, malformed and foreign results (3.831459ms)
✔ read service sends only verified scope, not spreadsheet content, and validates response (1.41625ms)
✔ Turkish phone formats match but do not imply identity (1.381875ms)
✔ blank fields preserve existing data; new contacts are additive and old city conflicts visible (1.675833ms)
✔ name and contact matching different people requires review; never prefer one silently (0.696875ms)
✔ source issues remain blocking review even when no current match exists (0.463834ms)
✔ many ambiguous matches are bounded and explicitly labelled; file rows are never merged (0.714333ms)
✔ every source row is accounted for; no decision is guessed (2.114292ms)
✔ existing identity selection never accepts field changes by default (0.83025ms)
✔ source issues, unknown targets, illegal changes and matches cannot become new writes (0.370959ms)
✔ two source rows targeting one person require resolution even for unchanged rows (0.220792ms)
✔ new rows with normalized shared identity do not silently create duplicates (0.279416ms)
✔ new row conflicting with another row resulting contact is also blocked (0.180584ms)
✔ contact capacity and revision overflow cannot be hidden by review (0.189708ms)
✔ existing city-only import excludes rejected source name and contact values from the actual request (7.042125ms)
✔ selected email is retained, unchanged rows send only stored name, hold rows send no personal data (1.463834ms)
✔ suggestions are conservative, duplicates and branch city are not guessed (13.004834ms)
✔ calendar dates reject impossible days and ambiguous serials (0.628334ms)
✔ repeated names and shared phones retain all physical source rows without merging (2.109583ms)
✔ coverage statuses remain source history; invalid ranges and unmapped fields remain visible (0.33225ms)
✔ missing, overlapping and wrong-scope mappings are rejected (0.225ms)
✔ real XLSX reader preserves hidden sheet, physical row numbers, dates and formula diagnostics (122.328125ms)
✔ CSV supports BOM CRLF quoted delimiters; bad encoding and renamed text fail (1.488166ms)
✔ worksheet extents cannot silently truncate oversized sources (3.148292ms)
✔ name-only source and unmapped formula can be explicitly prepared as new without merging (92.22525ms)
✔ mapped formula, error, invalid contact and missing name still block a new-person decision (1.410333ms)
✔ ten long emails fit the workbook cell budget without truncation; over-limit cells fail (2.079375ms)
✔ a large source is partitioned without losing or renumbering any source row (6.397ms)
✔ duplicate targets across partition boundary are rejected before any part can be sent (0.69975ms)
✔ queue references reject corruption and duplicates instead of skipping parts (0.286416ms)
✔ local import receipt distinguishes absent, valid, malformed JSON and old shape (1.161833ms)
✔ blocked storage stays unavailable, is never treated as an empty receipt, and leaks no raw contents (0.185375ms)
✔ person receipt retry preserves command identity and distinguishes malformed and blocked storage (0.289333ms)
✔ resolved receipt removal failure preserves receipt and allows retry without leaking storage error (0.085917ms)
✔ reference preserves exact command and stores no person fields (1.037ms)
✔ reference cannot recover into a different actor or tenant (0.201792ms)
✔ corrupt, old or unconfirmed references fail closed (0.103333ms)
✔ migration is exactly generated from 39 unique reviewed signatures and source bodies (0.837625ms)
✔ write guards come before original business statements; only worker preparation needs staffing (0.13225ms)
✔ known module denials are clear, while transport uncertainty remains distinct (0.209583ms)
✔ name-only records preserve unknown contacts, region and work type (0.881542ms)
✔ invalid contacts, hidden extra fields and unsupported work types are rejected (0.3465ms)
✔ page completeness, duplicate IDs, foreign scope and null RPC results fail closed (0.412917ms)
✔ recovery only confirms the expected person, command and revision (0.138125ms)
✔ UUID assignment displays the directory name even without legacy text (0.44525ms)
✔ current directory name supersedes stale legacy text (0.067875ms)
✔ loading, failure and missing directory entry never claim unassigned (0.059666ms)
✔ blank profile name is still an assignment (0.05075ms)
✔ name-only rows are clearly marked as legacy (0.06075ms)
✔ only a row without UUID or legacy name says unassigned (0.058083ms)
✔ claim sends expected scope and revision to the atomic gateway; display names are not trusted (0.908208ms)
✔ losing claim, inaccessible record and transport failure cannot report success (0.951292ms)
✔ claim and quick completion use one command rather than separate mutable role and tenant snapshots (0.843833ms)
✔ bad scope is rejected before a claim/completion command is sent (0.33125ms)
✔ module disabled, missing configuration and transport failure remain distinct from a lost claim (0.476417ms)
✔ links contain only the task UUID and round trip (0.658833ms)
✔ unrelated task-prefill parameters do not become a task link (0.105875ms)
✔ malformed, empty and duplicate IDs are rejected (0.927875ms)
✔ URL round trip carries only identifiers and date (3.343458ms)
✔ ordinary tasks page has no prefill; partial and duplicate context rejected (0.367208ms)
✔ reject malformed ids, impossible dates and unsupported date bounds (0.150125ms)
✔ prefill derives fresh name and title from server data, no assignee/source FK or deadline inferred (0.183667ms)
✔ missing company/request/location and mismatched day fail without fallback (0.705ms)
✔ passive company and cancelled request cannot prepare a new followup (0.299041ms)
✔ inactive location may still need a followup on an existing active request (0.217667ms)
✔ invalid or missing revision fails before any raw request (2.131667ms)
✔ update filters exact loaded revision and returns new row (1.226ms)
✔ zero rows is a conflict, transport/database error stays different (0.375917ms)
✔ history has an honest twenty-row limit and extra-row indicator (0.200125ms)
✔ command validates bounded unique integer revisions and canonical identities (15.001792ms)
✔ snapshot normalization removes ordering and presentation from command identity (0.124625ms)
✔ preview rejects silent omissions, duplicate rows, unsafe counts and wrong source (0.667792ms)
✔ directory allows unnamed departed source, never absent arrays or duplicate targets (0.190625ms)
✔ result must match exact command scope and moved count (0.503458ms)
✔ service writes one RPC and has no iterative task fallback (0.64025ms)
✔ invalid command fails before write and malformed successful response is uncertain (0.551125ms)
✔ transport error cannot be mislabeled as nonmember or conflict (0.828625ms)
✔ module rejection is definite but a transport error remains uncertain (0.486333ms)
✔ task screen requires verified actor, tenant, live role and complete module snapshot (1.679542ms)
✔ task company directory keeps narrow fields, ordered complete pagination and rejects wrong tenant (1.409084ms)
✔ context navigation needs an enabled source module; missing state never defaults to all links (0.181666ms)
✔ actual task form hides disabled company controls instead of calling the company list empty (12.087375ms)
✔ reverse formula rejects the historical negative-price case and below-baseline amounts (0.537375ms)
✔ every numeric input rejects negative and non-finite values (0.126333ms)
✔ zero markup is valid and markup is applied to cost, not sales margin (0.075666ms)
✔ form parser distinguishes missing required input from optional zero and rejects partial numeric strings (0.072833ms)
✔ hard dependencies are a DAG; unknown, duplicate and self edges are rejected (1.137875ms)
✔ talent, tasks and announcements stand alone; reporting and staffing do not require each other (0.546667ms)
✔ every one of the 1024 configurations is accepted iff all required dependencies are enabled (6.855ms)
✔ partial, unknown, inherited and non-boolean module values never imply enabled (0.252167ms)
✔ context keeps bigint revisions exact and discards unrelated response fields (0.368ms)
✔ actor/company/generation/role/protocol mismatches cannot supply a context (1.593ms)
✔ all existing member roles retain their role without receiving new privileges (0.162292ms)
✔ an older response from another workspace is rejected and no RPC fallback runs (0.379917ms)
✔ one bounded RPC returns the whole snapshot, without a client-selected tenant argument (0.355666ms)
✔ migration catalog is generated from the same manifest, not a second hand-maintained graph (0.625125ms)
✔ cancelled presence remains actual; removed unknown is not outstanding (4.507791ms)
✔ no declarations cannot silently become zero attendance (0.4865ms)
✔ duplicate or unmatched declarations fail verification (0.54225ms)
✔ same worker on different days counts separate person days (0.19025ms)
✔ absence total counts declarations, not unique people (0.114625ms)
✔ Monday week boundaries include Sunday, leap day, year and minimum date (3.137334ms)
✔ totals count person-days, exclude cancellations and retain unfilled requests (0.769875ms)
✔ empty verified plan is accepted; null and wrong company/week are not (0.365917ms)
✔ range, duplicate requests, capacity, missing staff and cancelled assignment contradictions fail closed (0.233042ms)
✔ same worker on separate days allowed, double booking or repeated assignment ID rejected (0.239333ms)
✔ CSV records scope/time and quotes delimiters, double quotes and embedded newlines (0.267791ms)
✔ CSV neutralizes formula prefixes including whitespace before formula (0.216333ms)
✔ CSV cancellations are opt-in and contribute zero active open (0.092334ms)
✔ overnight is explicit; break reduces actual work; invalid time never becomes an estimate (0.778333ms)
✔ 24 hour limit and zero-length work are distinct; no automatic overnight guessing (0.101625ms)
✔ correction reason required and only valid scoped record can establish revision zero (1.329542ms)
✔ net totals and contiguous latest audit history must agree with the record (0.193833ms)
✔ receipt is matched to command, assignment, action and next revision (0.136125ms)
✔ invalid write fails before RPC; exact payload and errors are preserved (0.261083ms)
✔ company/day list rejects wrong scope, partial shape, duplicates and malformed totals (1.955542ms)
✔ latest 20 audit entries are accepted only in contiguous descending revision order (0.653083ms)
✔ declared per-entry and aggregate expansion are bounded (0.995125ms)
✔ malformed directories, encryption, volume split and entry-count overflow fail (0.452041ms)
✔ preparation preserves identity and explicit work kind; normalizes code (0.831917ms)
✔ rejects malformed identities, revisions and unsupported work types (0.299209ms)
✔ receipt must match command, person, next revision and real worker id (0.139125ms)
✔ five surplus staff in one location cannot cancel five missing in another (1.865917ms)
✔ zero target, fully staffed and empty sets remain distinct and nonnegative (0.153167ms)
✔ workspace identity follows server data and never a user-editable company name (1.154166ms)
✔ missing, malformed and mismatched company or actor responses fail closed (0.354ms)
✔ write target requires both the same actor and company (0.11625ms)
✔ RPC errors and null success never invent a company or return a stale identity (0.289292ms)
✔ company context request carries no caller-selected company and has a deadline (0.145041ms)
✔ UI company comes from verified workspace when getUser metadata lacks token-hook claims (0.107708ms)
✔ role and company are accepted together and user metadata cannot supply authority (0.158042ms)
✔ invitation parsing fails closed and excludes server extras (1.15025ms)
✔ token has 256 random bits and transport failure is not labelled invalid invitation (0.878ms)
✔ setup accepts measured zeros but rejects unavailable/wrong-scope response (1.63975ms)
✔ setup rejects coerced, missing, negative or unsafe counts and invalid calendar dates (0.156708ms)
ℹ tests 624
ℹ suites 0
ℹ pass 624
ℹ fail 0
ℹ cancelled 0
ℹ skipped 0
ℹ todo 0
ℹ duration_ms 17513.702875
