✔ six validated immediate RESTRICT keys retain their original column order (66.50825ms)
✔ company cannot cascade its contract, appointment or document history (2.165291ms)
✔ contract deletion cannot detach an appointment or reclassify its PDF as a general document (2.048166ms)
✔ completed appointment cannot lose its idempotency receipt through parent deletion (0.63625ms)
✔ status changes and nullable contract-free appointments remain usable (0.9525ms)
✔ deleting a parent with no dependent history is still allowed (0.847833ms)
✔ SET NULL scope drift is rejected before changing that relation (6.295667ms)
✔ an extra cascading FK aborts and rolls back the whole migration (6.826917ms)
Synthetic company commands DB: 17.10
✔ create assigns verified tenant/actor and normalizes defaults without client DML privileges (68.345583ms)
✔ CSV status/risk values survive the same creation command (2.510333ms)
✔ status command changes only status and a repeat does not trigger another update (3.958875ms)
✔ wrong actor, tenant, role and foreign company cannot write (5.07725ms)
✔ input keys, types, empty names and unsupported status values are rejected (12.169333ms)
✔ closed customers rejects both creation and status changes; malformed config fails closed (4.272208ms)
✔ stale membership and repeatable read do not execute commands (2.490709ms)
✔ anon and service role cannot execute the company command (1.71175ms)
✔ config writer wins: command waits before profile lock then sees disabled customers (24.782959ms)
✔ company command wins: config updater waits until full business transaction ends (25.227292ms)
✔ role is rechecked after waiting for membership profile lock (21.737834ms)
Synthetic contact commands DB: 17.10
✔ operations patches only supplied fields; absent email remains current (83.001667ms)
✔ empty channels, empty patch, injected name and malformed payload are rejected (10.256292ms)
✔ manager deletes exactly the company-bound contact; repeated delete fails (3.9285ms)
✔ operations cannot delete/import; other roles cannot patch (17.504875ms)
✔ wrong company, tenant, actor and foreign-company import are rejected (8.325167ms)
✔ CSV preserves the existing primary and rejects duplicate primary instead of demoting (4.837209ms)
✔ CSV has the same five-contact limit and passive-company guard (10.453875ms)
✔ effective contact DML is gone for app roles; legacy manager create/full edit still works (3.835125ms)
✔ disabled customer module blocks every new action (8.343083ms)
✔ configuration lock comes before profile; waiting command sees committed module closure (24.844209ms)
✔ role is rechecked after a blocked profile lock (21.25325ms)
✔ cutover refuses inherited column UPDATE grants (1.668167ms)
✔ concurrent partial edits merge against the locked row, not a stale client snapshot (30.012542ms)
✔ all five exact foreign keys become validated immediate RESTRICT constraints (71.757583ms)
✔ company deletion cannot cascade contacts or notes, even with modules disabled (3.139458ms)
✔ profile deletion cannot erase contact or note authorship (1.828084ms)
✔ mizan upload deletion cannot silently remove confirmed row history (0.704208ms)
✔ deactivation and membership removal preserve historical records and continue working (0.816833ms)
✔ unreferenced parents can still be deleted; this is not a blanket delete trigger (0.513584ms)
✔ schema drift fails and rolls back earlier constraint replacements (5.702041ms)
✔ concurrent child insert prevents a waiting company delete after commit (9.686833ms)
Synthetic customers DB: 17.10
✔ customer read gates preserve repository role policy matrix (89.0975ms)
✔ customer reads retain tenant identity and never leak a foreign contact (7.715125ms)
✔ closed customer module hides all three sets and task company choices without deleting records (3.300459ms)
✔ closing tenant A leaves tenant B customer reads unchanged (3.506875ms)
✔ a stale claim after membership removal returns no customer data (1.321667ms)
✔ missing config and invalid dependency snapshots do not become enabled (7.83125ms)
✔ a permissive policy cannot OR around the module read fence (2.910875ms)
✔ migration aborts if any target RLS is disabled and rolls back prior policy work (2.075417ms)
Synthetic notes/contact DB: 17.10
✔ manager, operations and HR can create notes; author is resolved from the profile (84.755084ms)
✔ other roles cannot create, edit, pin or delete notes (4.982541ms)
✔ operations and HR can edit only their own notes and cannot pin/delete (21.414458ms)
✔ manager can pin and delete; missing targets never report a successful mutation (4.110083ms)
✔ even manager cannot edit a note through a different same-tenant company (5.637167ms)
✔ forged author, pin-at-create, invalid tags and blank/non-string content are rejected (6.109584ms)
✔ passive companies retain note creation but reject new contacts (3.154375ms)
✔ company/note direct writes are revoked, while both note and legacy contact commands still work (5.900875ms)
✔ legacy full contact command preserves atomic primary selection and max five limit after cutover (9.664167ms)
✔ legacy contact command rejects other roles and foreign targets (5.102167ms)
✔ disabled module blocks note and contact commands, including the unchanged legacy signature (3.4615ms)
✔ config change wins: note and contact wait before profile locks and see disabled state (49.456708ms)
✔ note transaction holds the configuration lock until transaction completion (25.002292ms)
✔ contact definer conversion rejects body drift instead of elevating altered code (2.3405ms)
✔ write cutover rejects inherited table privileges (1.924334ms)
✔ existing authenticated CSV contact insert remains compatible after company UPDATE is revoked (1.525792ms)
✔ role is rechecked after the profile lock for both contact and note writers (42.152875ms)
✔ blank profile names are rejected instead of inventing a note author label (2.219791ms)
✔ only service role can execute the two notification projections (72.438ms)
✔ a company cannot resolve through another tenant, even for the service role (1.201166ms)
✔ module-specific disabling is isolated between tenants and blocks the corresponding names (3.326291ms)
✔ turning customers off with dependent modules off prevents either company projection (2.205958ms)
✔ incomplete settings and broken dependencies raise errors rather than enabled or disabled defaults (1.397875ms)
✔ invalid modules, excessive and null tenant arrays are rejected (3.333916ms)
✔ company arrays must be bounded, unique and pairwise complete (3.10175ms)
✔ unknown tenant configuration and missing company fail closed (1.512583ms)
✔ all candidate and document-state RPCs are service-only (3.990625ms)
✔ SQL candidates preserve source date/status filters and expose only notification columns (5.343542ms)
✔ contract off preserves company documents but removes linked documents and contract candidates (2.144958ms)
✔ documents/calendar off prevents SQL candidates for only that tenant (1.698042ms)
✔ foreign-company or foreign-tenant contract links are excluded, not projected (1.511042ms)
✔ document state uses current relationship and acknowledges removed records as ineligible (2.91575ms)
✔ candidate readers fail on incomplete configuration instead of silently treating it as disabled (3.014292ms)
✔ document-state inputs reject missing, excessive and duplicate pairs (3.233375ms)
✔ service raw SELECT is denied after cutover while all notification projections remain usable (5.581875ms)
✔ service read cutover rejects inherited column access instead of claiming closure (1.384042ms)
Synthetic finance DB: 17.10
✔ finance AND policies retain role and tenant filtering while enabled (82.4405ms)
✔ closed finance hides all three tables without deleting records (3.015083ms)
✔ atomic import still writes and replays the same receipt once when enabled (5.001667ms)
✔ closed finance rejects both new import and old replay before any write (3.445042ms)
✔ wrong role, foreign company and stale claimed tenant remain rejected (3.993542ms)
✔ malformed module configuration and stronger isolation fail closed (2.511125ms)
✔ anon, authenticated and bypassrls service cannot mutate directly or call retired RPCs (7.930666ms)
✔ config change wins: import waits before profile lock then observes disabled state (24.825917ms)
✔ import wins: config update waits for full import transaction (25.3915ms)
✔ migration revokes direct column privileges as well as table privileges (4.624875ms)
✔ migration aborts on inherited write privileges (3.124542ms)
✔ migration aborts on command body drift (2.741584ms)
✔ migration aborts on a callable same-name overload (3.056958ms)
✔ ops_mutate rejects disabled staffing with original execution mode (77.185875ms)
✔ ops_import_locations rejects disabled staffing with original execution mode (2.219583ms)
✔ ops_board rejects disabled staffing with original execution mode (1.466ms)
✔ ops_week rejects disabled staffing with original execution mode (1.274334ms)
✔ ops_attendance_week rejects disabled staffing with original execution mode (1.813709ms)
✔ ops_directory rejects disabled staffing with original execution mode (1.223ms)
✔ ops_idp_list rejects disabled staffing with original execution mode (1.058084ms)
✔ ops_locations raw SELECT is tenant-scoped and empty when module disabled (3.374125ms)
✔ ops_workers raw SELECT is tenant-scoped and empty when module disabled (3.080084ms)
✔ ops_daily_requests raw SELECT is tenant-scoped and empty when module disabled (2.931ms)
✔ ops_assignments raw SELECT is tenant-scoped and empty when module disabled (3.266125ms)
✔ restrictive policies do not grant a viewer previously denied access (3.842125ms)
✔ actual worker directory remains invoker and works when staffing on, talent off (3.1405ms)
✔ original statements and invoker/definer flags survive history plus gates (1.615209ms)
✔ missing tenant RLS precondition aborts without altering functions (3.142ms)
✔ manager sees all fifteen checks with no settings mutation or save authorization (72.945208ms)
✔ anon service and non-manager cannot use the preview (2.828083ms)
✔ cross tenant, actor mismatch, removed membership and stale revision reject (3.822625ms)
✔ invalid JSON shapes and coerced booleans reject before any business scan (4.288959ms)
✔ dependencies report requested state, do not silently enable or cascade disable (1.998083ms)
✔ no-change draft scans no business tables and bigint revision stays exact (1.273875ms)
✔ unfinished_tasks: own tenant blocks, foreign tenant and completed history do not (3.809958ms)
✔ unfinished_appointments: own tenant blocks, foreign tenant and completed history do not (3.652125ms)
✔ unfinished_contracts: own tenant blocks, foreign tenant and completed history do not (3.02925ms)
✔ pending_talent_import: own tenant blocks, foreign tenant and completed history do not (2.817417ms)
✔ open_staffing_demands: own tenant blocks, foreign tenant and completed history do not (3.217833ms)
✔ upcoming_requests: own tenant blocks, foreign tenant and completed history do not (2.7625ms)
✔ upcoming_assignments: own tenant blocks, foreign tenant and completed history do not (3.562042ms)
✔ unapproved_work: own tenant blocks, foreign tenant and completed history do not (2.997875ms)
✔ active_roster: own tenant blocks, foreign tenant and completed history do not (2.625125ms)
✔ active_schedules: own tenant blocks, foreign tenant and completed history do not (3.103375ms)
✔ open_reporting_periods: own tenant blocks, foreign tenant and completed history do not (2.524459ms)
✔ pending_reporting_imports: own tenant blocks, foreign tenant and completed history do not (2.879833ms)
✔ unknown and null states stay blocking instead of passing as completed (2.582833ms)
✔ dates use Istanbul business day regardless of session timezone (2.6055ms)
✔ missing relation produces an error, never a green empty report (1.480167ms)
✔ real SQL response satisfies the application parser contract (338.445ms)
✔ customer_linked_tasks: dependent open task is visible even when tasks stays enabled (4.777667ms)
✔ appointment_linked_tasks: dependent open task is visible even when tasks stays enabled (1.927416ms)
✔ contract_linked_tasks: dependent open task is visible even when tasks stays enabled (1.928333ms)
✔ ops_execute_scoped: staffing off denies before business body (105.962333ms)
✔ ops_reconcile_commands: staffing off denies before business body (1.601541ms)
✔ ops_create_request_batch: staffing off denies before business body (1.469959ms)
✔ ops_resize_request: staffing off denies before business body (1.65575ms)
✔ ops_record_attendance: staffing off denies before business body (1.42275ms)
✔ ops_replace_assignment: staffing off denies before business body (1.704042ms)
✔ ops_set_directory_active: staffing off denies before business body (2.189834ms)
✔ ops_start_execute: staffing off denies before business body (1.474375ms)
✔ ops_start_board: staffing off denies before business body (1.556541ms)
✔ ops_start_board_filtered: staffing off denies before business body (1.268875ms)
✔ ops_replace_assignment_before_start: staffing off denies before business body (1.140541ms)
✔ ops_comment_send: staffing off denies before business body (1.961875ms)
✔ ops_comment_list: staffing off denies before business body (1.306417ms)
✔ ops_comment_inbox: staffing off denies before business body (1.081041ms)
✔ ops_comment_read: staffing off denies before business body (1.089666ms)
✔ ops_comment_people: staffing off denies before business body (1.067166ms)
✔ ops_comment_inbox_page: staffing off denies before business body (1.340125ms)
✔ ops_comment_resolve: staffing off denies before business body (1.224958ms)
✔ ops_update_location: staffing off denies before business body (1.225125ms)
✔ ops_record_replacement_outreach: staffing off denies before business body (1.288333ms)
✔ ops_replacement_outreach_history: staffing off denies before business body (1.336417ms)
✔ ops_replacement_outreach_latest: staffing off denies before business body (1.073792ms)
✔ ops_work_record_execute: staffing off denies before business body (1.271208ms)
✔ ops_work_record_read: staffing off denies before business body (1.066417ms)
✔ ops_work_record_list: staffing off denies before business body (1.451417ms)
✔ ops_idp_read: staffing off denies before business body (1.211334ms)
✔ ops_idp_save: staffing off denies before business body (1.185333ms)
✔ ops_idp_period_create: staffing off denies before business body (1.332792ms)
✔ ops_idp_period_read: staffing off denies before business body (1.582292ms)
✔ ops_idp_period_manage: staffing off denies before business body (1.26175ms)
✔ ops_idp_period_history: staffing off denies before business body (1.00425ms)
✔ ops_fixed_roster_save: staffing off denies before business body (1.461875ms)
✔ ops_fixed_roster_list: staffing off denies before business body (1.128958ms)
✔ ops_fixed_roster_history: staffing off denies before business body (1.085833ms)
✔ ops_fixed_roster_idp_create: staffing off denies before business body (1.176917ms)
✔ ops_create_timed_requests: staffing off denies before business body (1.191041ms)
✔ ops_schedule_save: staffing off denies before business body (1.326375ms)
✔ ops_schedule_list: staffing off denies before business body (1.083417ms)
✔ ops_schedule_preview: staffing off denies before business body (1.079875ms)
✔ ops_schedule_generate: staffing off denies before business body (2.175083ms)
✔ every original statement and exact signature is preserved (6.191959ms)
✔ enabled IDP read uses actual body; talent off does not break operations (1.891291ms)
✔ each endpoint rejects actor and workspace spoof before business work (22.202333ms)
✔ original IDP role restriction survives for HR (1.508959ms)
✔ anon and service execute is denied for every scoped endpoint (10.76325ms)
✔ writer waits for settings lock then sees committed disabled state (21.109916ms)
✔ late catalog drift rolls back previous endpoint patches (18.558792ms)
✔ an unreviewed exposed actor endpoint stops migration (8.556709ms)
✔ enabled notification write keeps original recipient boundary and does not duplicate timestamp (6.67575ms)
✔ pre-history fixture is rejected rather than accepted as the deployed baseline (10.962333ms)
✔ talent_people_page rejects disabled talent before its business body (98.283667ms)
✔ talent_person_detail rejects disabled talent before its business body (1.568708ms)
✔ talent_save_person rejects disabled talent before its business body (2.132167ms)
✔ talent_resolve_person_command rejects disabled talent before its business body (1.516ms)
✔ talent_compare_snapshot rejects disabled talent before its business body (1.37875ms)
✔ talent_import_status rejects disabled talent before its business body (2.093792ms)
✔ talent_import_prepare rejects disabled talent before its business body (1.526375ms)
✔ talent_import_apply_row rejects disabled talent before its business body (1.557042ms)
✔ talent_import_cancel rejects disabled talent before its business body (2.796125ms)
✔ talent_import_recover rejects disabled talent before its business body (1.451041ms)
✔ talent_import_close rejects disabled talent before its business body (1.72625ms)
✔ talent_import_history rejects disabled talent before its business body (1.369583ms)
✔ talent_conversation_save rejects disabled talent before its business body (1.366542ms)
✔ talent_attachment_reserve rejects disabled talent before its business body (1.346292ms)
✔ talent_attachment_finish rejects disabled talent before its business body (1.55175ms)
✔ talent_attachment_list rejects disabled talent before its business body (1.257542ms)
✔ talent_attachment_pending rejects disabled talent before its business body (1.163208ms)
✔ talent_attachment_cancel rejects disabled talent before its business body (1.283834ms)
✔ talent_availability_read rejects disabled talent before its business body (1.46575ms)
✔ talent_availability_save rejects disabled talent before its business body (1.356583ms)
✔ talent_prepare_worker rejects disabled talent before its business body (1.393792ms)
✔ talent_match_source rejects disabled talent before its business body (1.430916ms)
✔ talent_work_copy_page rejects disabled talent before its business body (1.319583ms)
✔ talent_import_change_review rejects disabled talent before its business body (1.26375ms)
✔ talent_import_undo_update rejects disabled talent before its business body (1.25975ms)
✔ talent_merge_review rejects disabled talent before its business body (1.507292ms)
✔ talent_merge_apply rejects disabled talent before its business body (1.327542ms)
✔ talent_merge_resolve rejects disabled talent before its business body (1.143709ms)
✔ talent_merged_availability rejects disabled talent before its business body (1.486083ms)
✔ talent_contact_summaries rejects disabled talent before its business body (1.13925ms)
✔ talent_shared_views_read rejects disabled talent before its business body (1.205375ms)
✔ talent_shared_view_create rejects disabled talent before its business body (1.186208ms)
✔ talent_shared_view_archive rejects disabled talent before its business body (2.177416ms)
✔ talent_call_lists_read rejects disabled talent before its business body (1.44925ms)
✔ talent_call_list_create rejects disabled talent before its business body (1.246625ms)
✔ talent_call_list_archive rejects disabled talent before its business body (1.37475ms)
✔ talent_call_list_edit rejects disabled talent before its business body (1.605541ms)
✔ talent_conversation_list rejects disabled talent before its business body (1.098292ms)
✔ talent_call_list_people rejects disabled talent before its business body (1.058209ms)
✔ all patched bodies preserve their original statements and acquire config before original locks (5.982625ms)
✔ neutral identity scope still serves operations when talent is off (1.057167ms)
✔ enabled read executes the actual saved-view body and returns only the selected tenant (1.54525ms)
✔ actor spoof, foreign tenant and missing membership fail before business reads (1.766167ms)
✔ prepare-worker requires staffing as well as talent (1.578708ms)
✔ anonymous and service cannot execute any patched entry, including internal read helper (9.50475ms)
✔ write after waiting on settings lock observes committed disabled state (18.428291ms)
✔ last-body drift rolls back every earlier patch and helper creation (16.102125ms)
✔ exposed internal aliases stop migration instead of leaving a bypass (6.679083ms)
✔ a newly exposed actor-scoped overload requires review (9.38575ms)
✔ attachment policy helper denies downloads and new uploads when talent is off (3.588709ms)
✔ attachment access retains tenant owner ready and onboarding rules (3.708417ms)
✔ enabled write executes original archive operation without losing authorization (2.315125ms)
Task gateway synthetic PostgreSQL: 17.10
✔ company-free task creation derives creator and assignee label, then revision advances on edit (108.6045ms)
✔ authenticated cannot bypass gateway with direct DML or call private lock helper (3.43325ms)
✔ missing or disabled module configuration blocks mutation, disabled tasks hide table and history reads (6.289958ms)
✔ all six live roles: only manager, operations and HR can create (9.933917ms)
✔ HR cannot reassign and non-owner quick completion cannot masquerade as manager (8.620417ms)
✔ forged fields, invalid dates/types, foreign relations and stale revisions are rejected (12.585541ms)
✔ foreign task, mismatched expected actor/tenant and nonmember assignee fail (6.019875ms)
✔ linked creation requires the source module while independent tasks remain available (2.178208ms)
✔ two simultaneous claims have exactly one winner and one assignment event (16.866041ms)
✔ config change winning the lock makes a waiting write see disabled state after commit (23.314333ms)
✔ a writing transaction holds its configuration barrier until commit; independent writers share it (17.417ms)
✔ role revoked while waiting for the profile lock is rechecked after the lock (19.746666ms)
✔ passive company rejects new work; HR cannot use an unreadable contract or appointment (5.280667ms)
✔ repeatable-read writes are refused rather than using a stale post-lock snapshot (0.784792ms)
✔ contract removes an explicit column-level write grant as well as table grants (0.910125ms)
✔ inherited write privilege drift aborts contract migration instead of leaving a bypass (0.945042ms)
✔ task transfer supports independent tasks, live membership roles and idempotent replay (5.78225ms)
✔ disabled task module rejects all three workflow mutations including receipt replays (13.027375ms)
✔ calendar completion without a follow-up works with tasks off, but calendar off rejects it (3.979541ms)
✔ failed appointment task request does not complete the appointment or leave a receipt (1.848459ms)
✔ definer reads obey module gates and hide company projection when only tasks remain enabled (9.9645ms)
✔ dashboard activity excludes each disabled source without suppressing enabled task activity (11.01925ms)
✔ config barrier is first for every workflow and waiting commands see the newly disabled module (38.370459ms)
✔ workflow role and cross-tenant restrictions remain intact (4.197ms)
✔ service-only task notification RPC filters disabled tenants and refuses incomplete config (5.963667ms)
✔ shared configuration validator preserves scope, completeness and dependency failures (1.752167ms)
✔ workflow patch aborts on unexpected function definition rather than silently skipping a guard (2.116625ms)
✔ task company projection returns only display columns and retains tenant, module, role and company RLS (8.551375ms)
✔ parent hard deletion cannot delete task history or detach task context, even with tasks disabled (12.239542ms)
✔ unreferenced parent deletion and deactivation remain possible; schema drift aborts the preservation migration (3.325042ms)
✔ parent deletion waiting behind a new task cannot erase that task after its commit (10.7935ms)
Synthetic module DB: 17.10
✔ existing tenants get exactly ten enabled settings and one truthful bootstrap receipt each (62.23525ms)
✔ new tenant provisioning initializes all ten rows in the same transaction; rollback leaves nothing (1.72325ms)
✔ authenticated response is scoped to live membership, preserves role and bigint precision (3.906125ms)
✔ all configuration tables deny direct reads and writes to anon/authenticated/service_role (7.500333ms)
✔ only authenticated can execute the public reader; internal bootstrap and catalog have no client grants (2.717583ms)
✔ no session, foreign tenant claim and removed membership fail closed (3.524542ms)
✔ stale workspace selection and stale membership generations are rejected by the real scope functions (3.353875ms)
✔ missing config, missing key and broken hard dependencies do not return an all-enabled fallback (3.660417ms)
✔ disabled independent module is represented as disabled without changing another tenant (1.843375ms)
✔ unknown/duplicate module keys, invalid revision and bootstrap reset are rejected (2.20475ms)
✔ tenant insert and migration serialize in both orders; timeout rolls back all new tables (228.777125ms)
ℹ tests 281
ℹ suites 0
ℹ pass 281
ℹ fail 0
ℹ cancelled 0
ℹ skipped 0
ℹ todo 0
ℹ duration_ms 4113.052708
