Synthetic company commands DB: 17.10
✔ create assigns verified tenant/actor and normalizes defaults without client DML privileges (1778.510416ms)
✔ CSV status/risk values survive the same creation command (61.376125ms)
✔ status command changes only status and a repeat does not trigger another update (84.71425ms)
✔ wrong actor, tenant, role and foreign company cannot write (57.267708ms)
✔ input keys, types, empty names and unsupported status values are rejected (206.256417ms)
✔ closed customers rejects both creation and status changes; malformed config fails closed (42.390166ms)
✔ stale membership and repeatable read do not execute commands (191.35475ms)
✔ anon and service role cannot execute the company command (95.643042ms)
✔ config writer wins: command waits before profile lock then sees disabled customers (89.234083ms)
✔ company command wins: config updater waits until full business transaction ends (281.1785ms)
✔ role is rechecked after waiting for membership profile lock (180.454ms)
Synthetic customers DB: 17.10
✔ customer read gates preserve repository role policy matrix (2011.852ms)
✔ customer reads retain tenant identity and never leak a foreign contact (145.189583ms)
✔ closed customer module hides all three sets and task company choices without deleting records (29.2735ms)
✔ closing tenant A leaves tenant B customer reads unchanged (32.022417ms)
✔ a stale claim after membership removal returns no customer data (14.744042ms)
✔ missing config and invalid dependency snapshots do not become enabled (127.765084ms)
✔ a permissive policy cannot OR around the module read fence (24.499667ms)
✔ migration aborts if any target RLS is disabled and rolls back prior policy work (10.633709ms)
Synthetic finance DB: 17.10
✔ finance AND policies retain role and tenant filtering while enabled (1684.760459ms)
✔ closed finance hides all three tables without deleting records (14.505792ms)
✔ atomic import still writes and replays the same receipt once when enabled (72.737875ms)
✔ closed finance rejects both new import and old replay before any write (91.368917ms)
✔ wrong role, foreign company and stale claimed tenant remain rejected (136.66325ms)
✔ malformed module configuration and stronger isolation fail closed (47.071625ms)
✔ anon, authenticated and bypassrls service cannot mutate directly or call retired RPCs (56.63075ms)
✔ config change wins: import waits before profile lock then observes disabled state (103.600667ms)
✔ import wins: config update waits for full import transaction (99.2325ms)
✔ migration revokes direct column privileges as well as table privileges (80.108208ms)
✔ migration aborts on inherited write privileges (18.974834ms)
✔ migration aborts on command body drift (12.234958ms)
✔ migration aborts on a callable same-name overload (17.084958ms)
Task gateway synthetic PostgreSQL: 17.10
✔ company-free task creation derives creator and assignee label, then revision advances on edit (731.173583ms)
✔ authenticated cannot bypass gateway with direct DML or call private lock helper (18.282291ms)
✔ missing or disabled module configuration blocks mutation, disabled tasks hide table and history reads (34.371291ms)
✔ all six live roles: only manager, operations and HR can create (59.493791ms)
✔ HR cannot reassign and non-owner quick completion cannot masquerade as manager (59.006375ms)
✔ forged fields, invalid dates/types, foreign relations and stale revisions are rejected (111.790375ms)
✔ foreign task, mismatched expected actor/tenant and nonmember assignee fail (29.826292ms)
✔ linked creation requires the source module while independent tasks remain available (20.356125ms)
✔ two simultaneous claims have exactly one winner and one assignment event (83.574292ms)
✔ config change winning the lock makes a waiting write see disabled state after commit (85.571958ms)
✔ a writing transaction holds its configuration barrier until commit; independent writers share it (150.090083ms)
✔ role revoked while waiting for the profile lock is rechecked after the lock (128.236541ms)
✔ passive company rejects new work; HR cannot use an unreadable contract or appointment (76.934375ms)
✔ repeatable-read writes are refused rather than using a stale post-lock snapshot (10.152875ms)
✔ contract removes an explicit column-level write grant as well as table grants (13.903583ms)
✔ inherited write privilege drift aborts contract migration instead of leaving a bypass (12.497458ms)
✔ task transfer supports independent tasks, live membership roles and idempotent replay (51.048375ms)
✔ disabled task module rejects all three workflow mutations including receipt replays (126.928583ms)
✔ calendar completion without a follow-up works with tasks off, but calendar off rejects it (58.195459ms)
✔ failed appointment task request does not complete the appointment or leave a receipt (36.941041ms)
✔ definer reads obey module gates and hide company projection when only tasks remain enabled (88.705417ms)
✔ dashboard activity excludes each disabled source without suppressing enabled task activity (122.156959ms)
✔ config barrier is first for every workflow and waiting commands see the newly disabled module (509.567125ms)
✔ workflow role and cross-tenant restrictions remain intact (61.157375ms)
✔ service-only task notification RPC filters disabled tenants and refuses incomplete config (55.637625ms)
✔ shared configuration validator preserves scope, completeness and dependency failures (11.48125ms)
✔ workflow patch aborts on unexpected function definition rather than silently skipping a guard (22.798833ms)
✔ task company projection returns only display columns and retains tenant, module, role and company RLS (138.621ms)
✔ parent hard deletion cannot delete task history or detach task context, even with tasks disabled (137.003208ms)
✔ unreferenced parent deletion and deactivation remain possible; schema drift aborts the preservation migration (43.921375ms)
✔ parent deletion waiting behind a new task cannot erase that task after its commit (111.843167ms)
Synthetic module DB: 17.10
✔ existing tenants get exactly ten enabled settings and one truthful bootstrap receipt each (479.66ms)
✔ new tenant provisioning initializes all ten rows in the same transaction; rollback leaves nothing (25.293208ms)
✔ authenticated response is scoped to live membership, preserves role and bigint precision (35.980125ms)
✔ all configuration tables deny direct reads and writes to anon/authenticated/service_role (39.379875ms)
✔ only authenticated can execute the public reader; internal bootstrap and catalog have no client grants (17.314875ms)
✔ no session, foreign tenant claim and removed membership fail closed (25.836959ms)
✔ stale workspace selection and stale membership generations are rejected by the real scope functions (27.621ms)
✔ missing config, missing key and broken hard dependencies do not return an all-enabled fallback (15.630584ms)
✔ disabled independent module is represented as disabled without changing another tenant (10.08575ms)
✔ unknown/duplicate module keys, invalid revision and bootstrap reset are rejected (6.081042ms)
✔ tenant insert and migration serialize in both orders; timeout rolls back all new tables (888.059375ms)
ℹ tests 74
ℹ suites 0
ℹ pass 74
ℹ fail 0
ℹ cancelled 0
ℹ skipped 0
ℹ todo 0
ℹ duration_ms 16384.227375
