
> bps@0.1.0 qa:operations
> node scripts/qa-test-suite.mjs application

application: 113 files
database: 16 files
pending: 7 files
Pending feature tests are NOT part of the passed application coverage.
✔ calendar follows Istanbul day across UTC midnight and year rollover (24.148959ms)
✔ agenda groups civil dates, sorts unknown time last, retains cancelled entries, never mutates source (2.257042ms)
✔ truncated or uncounted appointment response cannot render a falsely empty calendar (0.746375ms)
✔ bounded completion input is normalized; nonboolean cannot request a task (1.924375ms)
✔ completion result must identify exact appointment and valid task/skip combination (0.689209ms)
✔ service uses one scoped RPC with no sequential table fallback (0.519292ms)
✔ transport failure is unverifiable, not already completed or unauthorized (0.70725ms)
✔ scope and invalid input fail before calling RPC (0.176166ms)
✔ status-only service cannot recreate split completion path (0.143291ms)
✔ links contain only the appointment UUID and round trip (0.669167ms)
✔ unrelated query parameters do not become an appointment link (0.101ms)
✔ malformed, empty and duplicate IDs are rejected (0.193709ms)
✔ attendance actions retain exact record and revision, undo appears only after a report (1.600458ms)
✔ future dates and read-only/busy state disable every action including undo (0.394042ms)
✔ contract days follow Istanbul midnight and preserve today/expired semantics (0.790875ms)
✔ missing, malformed and impossible contract dates never turn into a plausible remaining-day count (0.118542ms)
✔ actual company service enables candidate and active only, preserves input CRM statuses (3.750125ms)
✔ company directory failures are not presented as empty success (1.029667ms)
✔ existing insert helper uses one scoped RPC with explicit actor, tenant and allowed business fields (1.123875ms)
✔ missing identity and protected input fields stop before a write (0.290667ms)
✔ transport uncertainty, empty and wrong-scope responses never become success or automatic retries (0.45375ms)
✔ module and input rejections use actionable messages (0.15875ms)
✔ company import retains confirmed rows then stops on uncertain or disabled writes (0.419792ms)
✔ status helper verifies returned target and requested status (0.167416ms)
✔ both status server actions use verified tenant and shared command with no direct writes (80.062875ms)
✔ status actions reject invalid identity and missing targets instead of reporting success (45.7895ms)
✔ company tabs intersect valid module states and current repository roles (17.5765ms)
✔ company finance reader uses exact tenant/company and distinguishes absent, failed and malformed responses (1.172583ms)
✔ company document reader filters contract files on every page before download and rejects an escaped row (0.555458ms)
✔ actual company page skips closed module readers and falls back from a stale saved tab (281.815458ms)
✔ actual company role gates match financial and workforce readers without healthy empty cards (444.455667ms)
✔ actual finance error is not rendered as no data or no payment follow-up (123.98675ms)
✔ company document screen passes closed-contract predicate and offers standalone upload (124.209708ms)
✔ extracted upload form hides disabled contract selector and preserves standalone file payload (12.372667ms)
✔ late financial response after company unmount cannot populate the old view (134.352375ms)
✔ upload keeps its file but requires explicit clearing of a contract that becomes disabled (10.862291ms)
✔ status source contract accepts both actual command routes (46.930833ms)
✔ status source contract rejects extra payload fields and wrong status literal (25.428667ms)
✔ status source contract rejects direct DML beside the helper and rerouted import (26.006958ms)
✔ status source contract rejects missing source, malformed syntax and a changed execute target (18.454708ms)
✔ 1001 rows require three bounded requests; no clipping or redundant empty request (12.645584ms)
✔ empty and exact page boundary terminate without an extra read (36.381083ms)
✔ second-page failures never return the first page as a complete list (26.714292ms)
✔ invalid identities, malformed totals and over-budget lists fail on first request (15.197875ms)
✔ selectAllCriticalDates retains scope, exact count and unique ordering on all pages (1.542875ms)
✔ selectAllWorkforceSummaries retains scope, exact count and unique ordering on all pages (4.956375ms)
✔ selectWorkforceSummariesByCompanyIds retains scope, exact count and unique ordering on all pages (1.13675ms)
✔ selectAllTasks retains scope, exact count and unique ordering on all pages (0.656042ms)
✔ selectTasksByCompanyId retains scope, exact count and unique ordering on all pages (0.71725ms)
✔ selectTasksByContractId retains scope, exact count and unique ordering on all pages (0.797917ms)
✔ selectTasksByAppointmentId retains scope, exact count and unique ordering on all pages (0.707541ms)
✔ selectAllAppointments retains scope, exact count and unique ordering on all pages (0.759708ms)
✔ selectAppointmentsByCompanyId retains scope, exact count and unique ordering on all pages (0.648458ms)
✔ selectAppointmentsByContractId retains scope, exact count and unique ordering on all pages (0.242542ms)
✔ selectAppointmentsByCompanyIds retains scope, exact count and unique ordering on all pages (0.217333ms)
✔ selectAllContracts retains scope, exact count and unique ordering on all pages (0.223083ms)
✔ selectContractsByCompanyId retains scope, exact count and unique ordering on all pages (3.823209ms)
✔ selectNotesByCompanyId retains scope, exact count and unique ordering on all pages (0.26ms)
✔ getActiveContractCountsByCompanyIds retains scope, exact count and unique ordering on all pages (0.279167ms)
✔ real Supabase query builder sends bounded offsets, stable order and exact count (92.480667ms)
✔ deadline expiry stops before the next page (1.131542ms)
✔ selectNotesByCompanyId rejects clipped, null-count and failed results (3.512708ms)
✔ selectAllContracts rejects clipped, null-count and failed results (0.262542ms)
✔ selectContractsByCompanyId rejects clipped, null-count and failed results (0.215209ms)
✔ getActiveContractCountsByCompanyIds rejects clipped, null-count and failed results (0.212667ms)
✔ selectAllCriticalDates rejects clipped, null-count and failed results (0.178417ms)
✔ selectAllAppointments rejects clipped, null-count and failed results (2.382625ms)
✔ selectAppointmentsByCompanyId rejects clipped, null-count and failed results (0.29225ms)
✔ selectAppointmentsByContractId rejects clipped, null-count and failed results (0.17925ms)
✔ selectAppointmentsByCompanyIds rejects clipped, null-count and failed results (0.148542ms)
✔ selectAllWorkforceSummaries rejects clipped, null-count and failed results (0.203542ms)
✔ selectWorkforceSummariesByCompanyIds rejects clipped, null-count and failed results (0.130083ms)
✔ selectTasksByCompanyId rejects clipped, null-count and failed results (0.306208ms)
✔ selectAllTasks rejects clipped, null-count and failed results (0.124791ms)
✔ selectTasksByContractId rejects clipped, null-count and failed results (0.119792ms)
✔ selectTasksByAppointmentId rejects clipped, null-count and failed results (0.092292ms)
✔ active counts retain repeated company IDs in a complete result (0.465375ms)
✔ empty company selection never fetches a broader workforce or appointment list (0.062791ms)
✔ dashboard exact totals survive clipped lists while card rows remain unavailable (0.098208ms)
✔ unavailable or malformed totals cannot become measured zero (0.0925ms)
✔ report joins reject missing source or a missing company anywhere in the list (0.065541ms)
✔ report joins preserve measured empty lists and legitimate display names without text sentinels (0.065333ms)
✔ communication submits only supplied fields with resolved actor, tenant and company (48.007083ms)
✔ empty changes and failed identity stop before RPC (32.592125ms)
✔ delete binds target to expected company and returns the confirmed removed row (10.829ms)
✔ malformed, empty and foreign responses never acknowledge contact writes (0.7935ms)
✔ import verifies creator and primary flag; errors do not trigger retries (0.8565ms)
✔ CSV keeps confirmed rows and stops at first uncertain write (2.310583ms)
✔ company map reads all pages and rejects ambiguous names across page boundaries (0.867875ms)
✔ delete server action passes the page company and does not acknowledge service errors (22.037792ms)
✔ appendix list distinguishes empty, malformed and wrong scope (1.769333ms)
✔ keyset pagination has bounded continuation and rejects duplicates or borrowed preceding rows (0.236708ms)
✔ document history rejects another document even within same contract (0.235208ms)
✔ legacy main commands keep their storage key; appendix targets remain isolated (0.132292ms)
✔ appendix title is command identity; main receipt cannot acknowledge appendix command (0.382666ms)
✔ version download checks contract/document before signing any path (0.192208ms)
✔ missing, unavailable and malformed versions never mean empty history (1.457625ms)
✔ bounded history explicitly reports more and rejects unordered or duplicate evidence (0.269333ms)
✔ signed download resolves version through scoped RPC, never arbitrary caller path (0.30625ms)
✔ actual PDF replace service gates revision and uses CAS, zero rows is failure (0.7065ms)
✔ creation validates real calendar dates, bounded revision and required basis (4.721167ms)
✔ unavailable or malformed snapshot never means no task (0.190708ms)
✔ current task owner can be unassigned or unavailable without inventing a person (0.091458ms)
✔ service uses one scoped RPC; malformed success and transport failure do not fall back (0.347958ms)
✔ only exact known failure is definite; unknown responses keep retry command (0.147333ms)
✔ strict command rejects forged identity/display/routing fields and missing fields (0.827917ms)
✔ unicode PostgreSQL character boundary, Turkish text, line endings, NUL and broken UTF-16 (0.633166ms)
✔ mentions are selected identifiers, canonical order, detached from caller array (0.623ms)
✔ retry comparison is stable but every scope/content change differs (0.255459ms)
✔ null/string/mismatched receipt cannot acknowledge pending command (0.35975ms)
✔ resolution requires matching scope and a recognized terminal result (0.68025ms)
✔ failed RPC shapes are not empty successful reads (0.619792ms)
✔ message shape requires safe identity, timestamp and explicit parent (0.619916ms)
✔ inbox counts and source fields cannot be silently coerced (1.664917ms)
✔ explicit empty optional critical-date fields clear stored content (4.682541ms)
✔ omitted optional critical-date fields remain untouched (0.206125ms)
✔ nonempty optional critical-date fields are trimmed (0.205542ms)
✔ critical-date CAS preserves full database timestamp and rejects a losing edit (1.550125ms)
✔ missing or malformed snapshot cannot update a critical date (0.788459ms)
✔ malformed headers, widths and quotes never produce writable rows (0.88825ms)
✔ valid BOM CRLF multiline escaped quotes and semicolon fields survive (0.529458ms)
✔ invalid encodings and resource limits fail before preview (7.5255ms)
✔ closed contracts are neither queried nor shown as zero on desktop or mobile (95.826083ms)
✔ HR, accounting and viewer never query or display restricted contact/contract summaries (156.027875ms)
✔ allowed empty contract result is zero while failed summary is explicitly unreadable (65.726875ms)
✔ failed company directory stops dependent readers and displays retry state (26.489917ms)
✔ note create sends the resolved company/tenant/actor but no client author or pin fields (39.510375ms)
✔ note edits, pin and delete all preserve the expected company in the actual request (30.438916ms)
✔ changed tenant, invalid identity or blank content stops before command submission (34.048583ms)
✔ unknown result, malformed rows and wrong company cannot acknowledge a note command (0.382708ms)
✔ module errors and transport failures are distinct, and neither retries the command (0.346875ms)
✔ pin acknowledgment must match the requested flag and target (0.901041ms)
✔ missing author and ownership rejection explain the actual corrective action (0.299542ms)
✔ coverage, presence and missing reports remain distinct; historical removed attendance does not count (1.910417ms)
✔ cancelled requests remain visible in all but never enter active action filters (0.342459ms)
✔ fully assigned does not mean present and absent people remain assigned until replacement (0.351708ms)
✔ search combines Turkish-normalized location, occupation and assigned staff terms (0.373417ms)
✔ measured empty day accepted, unavailable or malformed RPC never becomes zero (2.58ms)
✔ real dates, leap years and strict format (2.64675ms)
✔ required fields, counts and extra untrusted fields (0.537041ms)
✔ daily coverage from zero to full (0.988833ms)
✔ paused and cancelled are not active demand (0.3325ms)
✔ corrupt aggregates fail rather than clamp (0.132875ms)
✔ assignment eligibility failures stay distinct (0.185ms)
✔ missing or nonboolean verification never means available (0.127083ms)
✔ activity empty differs from unavailable or malformed response (1.314792ms)
✔ activity labels distinguish ownership events without claiming task completion (0.121791ms)
✔ general document activity accepts only an internal document destination (0.117167ms)
✔ contracts filter in SQL before five-row cap; no full-record transfer (24.897291ms)
✔ documents include missing files and undated manual states before limiting; derive expiry now (1.996084ms)
✔ critical dates include overdue and exactly thirty days; bounded stable order (0.800375ms)
✔ smaller server cap, missing counts, duplicate rows and transport errors do not masquerade as complete cards (2.043875ms)
✔ company names resolve only referenced IDs in batches; no task count tied to directory cap (2.17525ms)
✔ money preserves zero, negative values, and missing versus malformed input (14.854875ms)
✔ Istanbul variants share a display/filter key without changing other city names (0.702791ms)
✔ role rejection touches neither document nor storage (1.006792ms)
✔ read failure leaves both records untouched (0.191583ms)
✔ missing read and zero-row delete explicitly report no confirmed deletion (0.139291ms)
✔ blocked database deletion never removes the file (0.157083ms)
✔ confirmed row deletion uses RETURNING path, after deleting the row (0.133709ms)
✔ record without a file is a confirmed deletion with no storage operation (0.087541ms)
✔ storage failure preserves confirmed deletion and warning, never suggests row retry (0.116292ms)
✔ each existing category belongs to one folder; linked contracts stay together (0.515625ms)
✔ moving changes category only, scoped by company, revision and unlinked contract (0.600291ms)
✔ invalid category, denied/stale result, transport error and wrong identity never succeed (0.3895ms)
✔ document eligibility requires exact ids, tenants and boolean values (1.3425ms)
✔ document checks deduplicate and chunk without accepting contradictory scope (1.386875ms)
✔ document state database and transport failures do not fall back to enabled (0.490042ms)
✔ listAllDocuments derives expiry without mutating stored status (53.135209ms)
✔ listDocumentsByLegacyCompanyId derives expiry without mutating stored status (21.680083ms)
✔ single document derives expiry and preserves missing record (39.596416ms)
✔ company compliance counts expired stored-complete files as non-compliant (20.421458ms)
✔ Istanbul expiry includes day zero and thirty, expires on following day (0.737667ms)
✔ expiry changes at Istanbul midnight instead of UTC midnight (0.119375ms)
✔ stored complete does not keep an expired document green and mapping does not mutate raw data (0.11575ms)
✔ missing file and explicit missing status take priority; undated manual state stays intact (0.186625ms)
✔ initial snapshot and refresh are silent; only newly observed unread IDs sound (1.806208ms)
✔ scope keys separate companies and users; response mismatch fails closed (0.383875ms)
✔ links contain only a verified internal request target, company and date (1.707583ms)
✔ two tabs observing the same event play once; rapid batches are consumed silently (0.689ms)
✔ storage or locking failure never falls back to uncoordinated sound (0.27975ms)
✔ shared ledger stores only bounded event IDs and time, never message content (0.33675ms)
✔ duplicate inbox rows are rejected instead of doubling counters or cards (0.249375ms)
✔ impossible calendar day cannot reach the date formatter or deep link (0.114084ms)
✔ independent task inserts null company without company lookup and keeps assignment empty (0.908167ms)
✔ independent tasks cannot borrow company-linked context (0.663292ms)
✔ business day is independent of device timezone at Istanbul midnight (0.714083ms)
✔ actual day hook observes timer, wake and visibility changes, then removes listeners (21.201291ms)
✔ valid search and known filter values survive serialization (0.832375ms)
✔ malformed, oversized and wrongly typed preferences recover to defaults (0.15975ms)
✔ unknown keys and overlong fields cannot enter the filter state (0.084792ms)
✔ keys separate list, account, tenant and role without separator ambiguity (0.220625ms)
✔ distinguishes new, unchanged, changed and inactive without rewriting input (1.34475ms)
✔ reads beyond first page and includes inactive rows (0.2775ms)
✔ null codes do not match by name; leading zeros and case remain distinct (0.113541ms)
✔ read failures and malformed pages never become new records (0.249125ms)
✔ changing totals and duplicated records across pages fail closed (0.303375ms)
✔ oversized directory stops after first page; no partial preview (0.431125ms)
✔ empty measured directory is allowed; duplicate input is rejected before reads (0.134542ms)
✔ UTF8 BOM CRLF and leading zeros retained (1.166709ms)
✔ quoted delimiter and escaped quotes (0.232083ms)
✔ bad quoting columns and headers rejected (0.294959ms)
✔ duplicate codes rejected, different leading zeros retained (0.442958ms)
✔ empty oversize and more than 500 rows rejected (0.66325ms)
✔ invalid cell types controls and empty text rejected (0.147292ms)
✔ only editable fields survive; leading/trailing whitespace is trimmed (2.994833ms)
✔ invalid identity, stale-token shapes and invalid text cannot become update commands (0.459334ms)
✔ response requires identity, exact new values and one revision advance (0.312375ms)
✔ max accepted revision advances safely and missing old values are unverifiable (0.098208ms)
✔ real service forwards scope and normalized payload; RPC error or malformed success is never accepted (0.341958ms)
✔ login preserves internal destination, query and hash after normalization (20.919709ms)
✔ login rejects external, backslash, controls and normalized host prefixes (0.171ms)
✔ anonymous access request reaches handler while adjacent and protected paths redirect (6.447833ms)
✔ redirect retains refreshed session cookie options (1.327042ms)
✔ management date follows Istanbul midnight and owner/date filters stay server-side (20.834292ms)
✔ saved search stores normalized filter not a page and rejects corrupt/duplicate data (0.751083ms)
✔ availability rejects impossible dates, inverted and excessive intervals (0.563792ms)
✔ past and superseded availability never becomes current via fallback (0.088584ms)
✔ active work rejection has a useful admin message without raw database text (0.874417ms)
✔ task guard membership and role failures remain distinct in create and update (0.511792ms)
✔ transport failures are not translated into lost membership or role (0.110083ms)
✔ operation day rolls over at Istanbul midnight regardless of device timezone (14.862709ms)
✔ quick views distinguish current owner, truly unassigned, and closed work (0.208042ms)
✔ active tasks sort by due day with stable ties without mutating input (2.70225ms)
✔ completion sends scope and revision to the gateway; server resolves actual privileges (0.235167ms)
✔ lost race, inaccessible task, transport error and invalid revision never succeed (0.470333ms)
✔ overdue view derives lateness from date and excludes completed, future and undated tasks (0.099458ms)
✔ desktop and mobile action availability preserves ownership and legacy assignee boundaries (0.128125ms)
✔ complete advisory response preserves all checks but never permits mutation (4.302125ms)
✔ a dependency-invalid draft is accepted so the UI can explain it; incomplete or coerced states are not (1.061667ms)
✔ scope revision membership role and advisory flags fail closed (0.843458ms)
✔ missing duplicate foreign and non-boolean checks never become an empty successful report (0.51175ms)
✔ dependency evidence must match the requested graph (0.400292ms)
✔ every resolution link targets an existing page (0.572125ms)
✔ one bounded RPC; transport errors and malformed responses never fall back (1.39725ms)
✔ route remount uses current workspace; stale cleanup cannot remove its protection (0.961958ms)
✔ navigation decision keeps the original event and synchronous cancellation (0.155208ms)
✔ company IDs are chunked and each assignment batch is paged to the measured total (2.028458ms)
✔ late assignment failure or unrelated company discards all previously read assignments (1.824083ms)
✔ failed manager read yields no company recipients and never starts partner lookup (0.537417ms)
✔ tasks candidate pages keep filters and never expose a partial source list (3.144042ms)
✔ documents candidate pages keep filters and never expose a partial source list (0.551292ms)
✔ appointments candidate pages keep filters and never expose a partial source list (1.132375ms)
✔ task module snapshots require a complete distinct boolean response and propagate transport failure (1.163875ms)
✔ task module snapshot chunks 501 distinct tenants without truncation (0.479625ms)
✔ document batch reaches last source/membership rows and keeps tenant contents out of the other email (22.116333ms)
✔ late documents error produces no sends or reservation writes (1.657125ms)
✔ late tenant_memberships error produces no sends or reservation writes (1.8075ms)
✔ unacknowledged notification stamps are errors, never sent or counted as already sent (13.678ms)
✔ unverifiable task owner is not treated as unassigned or sent to the manager fallback (1.072334ms)
✔ verified task owner receives the task while a truly unassigned task goes to its tenant manager (1.509208ms)
✔ overdue tasks change day at Istanbul midnight, not three hours later at UTC midnight (2.649833ms)
✔ appointment reminders use tomorrow in Istanbul when UTC is still on the previous day (1.600875ms)
✔ tenant roles override global roles for document recipients (16.338167ms)
✔ missing membership role fails closed before any transport or stamp (1.169084ms)
✔ disabled task tenant never produces an email or a reservation (0.774416ms)
✔ unverifiable task module before stamping stops the email without consuming a reservation (1.437458ms)
✔ task module disabled after reservation is rechecked and reservation is rolled back before send (2.440959ms)
✔ unverifiable post-stamp module state releases the reservation and sends nothing (3.066125ms)
✔ calendar off before collection prevents sends (1.067375ms)
✔ calendar off after stamp prevents sends (1.466542ms)
✔ document pre-send gate removes contract-linked documents while retaining company documents (17.631292ms)
✔ document module closure after reservation prevents send and releases every reservation (23.839292ms)
✔ unverifiable document state before stamping sends nothing (2.796417ms)
✔ notification names resolve all referenced companies in bounded deduplicated chunks (1.128834ms)
✔ missing, truncated, duplicated or malformed company names fail instead of generating fallback mail (0.315916ms)
✔ a company cannot be associated with two tenants or acknowledge a different tenant (0.228833ms)
✔ contract batch reads past limits and sends each contract only to its tenant and assigned partner (28.17875ms)
✔ contract batch stops before stamps on a late read failure or missing company name (14.871459ms)
✔ contract 30-day window opens at Istanbul midnight (2.71825ms)
✔ a shared email in another tenant does not hide an eligible profile; same-tenant duplicates still get one copy (27.38125ms)
✔ multi-workspace contracts use tenant roles for managers and assigned partners (21.781958ms)
✔ contract module off filters candidates before names and reservations (0.659458ms)
✔ missing contract config sends nothing and never consumes a stamp (0.511875ms)
✔ contract closure after stamp releases reservation; rollback failure=false (3.662042ms)
✔ contract closure after stamp releases reservation; rollback failure=true (1.247125ms)
✔ contract recipients page managers, preserve email-only eligibility and restrict partner assignments/roles (2.801125ms)
✔ contract recipient later page failure rejects instead of returning earlier managers (1.202ms)
✔ expiry contract reader reaches the last candidate past the server cap without selecting unused columns (2.25375ms)
✔ contract read failure or incomplete later page rejects the entire candidate set (0.421292ms)
✔ membership paging reaches the last row even when server cap is lower than requested (3.984708ms)
✔ later page error, changing count, empty gap and duplicate rows discard the entire map (0.924875ms)
✔ empty membership table is valid only with measured zero; thrown reads remain unavailable (0.2215ms)
✔ profile IDs are deduplicated and chunked without losing the last owner (1.908958ms)
✔ late error, count mismatch and unexpected or repeated profiles discard previous chunks (1.790625ms)
✔ missing profiles and contactless profiles are measured omissions, empty input does not query (0.487417ms)
✔ company recipients still exclude a former partner after shared profile lookup (3.747209ms)
✔ role profile pagination includes the last eligible recipient and excludes missing contact (0.672459ms)
✔ role profile errors and unexpected roles never expose a partial recipient list (0.385125ms)
✔ notification reservation requires the expected acknowledgement; empty data is not already sent (1.176083ms)
✔ unique conflict remains an idempotent skip and DB failures expose only their code (0.225833ms)
✔ bounded matcher catches identity-like and Turkish mobile forms (0.691916ms)
✔ ordinary dates, times, amounts and long identifiers remain usable; limits explicit (0.158792ms)
✔ all four submission validators reject before calling a service (1.4525ms)
✔ historical conversation and pending command resolution remain readable (3.626208ms)
✔ validation errors are actionable without echoing private text (0.375083ms)
✔ one request may have three signs but request count is unique (19.838458ms)
✔ removed absence and cancelled demands do not create actions (0.328875ms)
✔ future unknown does not count as outstanding but unfilled demand does (0.19175ms)
✔ due date uses snapshot Istanbul day across UTC midnight boundary (0.278334ms)
✔ wrong week or malformed snapshot never becomes clean checklist (0.234334ms)
✔ empty verified week and fully present request have no signs (0.230917ms)
✔ priority and search preserve overlap without summing people (0.440334ms)
✔ selected day only, including year boundary week (0.2165ms)
✔ query separates company locations and tenant workers (0.855584ms)
✔ page preserves leading zero code and manual null code (0.246666ms)
✔ partial page, duplicate identity or wrong filter fails instead of showing clean data (0.25625ms)
✔ page beyond shrinking total is valid empty with true total (0.077667ms)
✔ worker shape cannot be mistaken for a company location (0.12025ms)
✔ activation keeps strict boolean and bounded expected revision (0.485583ms)
✔ activation response must identify exact change and revision (0.155ms)
✔ command boundaries reject missing or invalid CAS, hash, bytes and filename (1.541875ms)
✔ receipt identity and terminal states cannot be borrowed or interpreted loosely (0.332625ms)
✔ invalid file is rejected before any RPC, including same-size different content (2.159125ms)
✔ lost upload response reconciles bytes before finish; same command retry returns receipt without Storage (1.571667ms)
✔ missing or mismatched Storage bytes cannot finish (1.058792ms)
✔ cancelled command never uploads; cancel-before-prepare uses full immutable command (0.871791ms)
✔ status distinguishes unknown transport, confirmed missing, malformed and published (0.251791ms)
✔ bounded multipart accepts a file above Server Action default and exactly 10 MiB (50.221458ms)
✔ body limit enforced on actual chunks despite missing or lying Content-Length (2.875875ms)
✔ malformed successful RPC data remains an unverifiable result, not invalid caller input (0.210166ms)
✔ fresh adapter after reload reuses persisted identity without storing form text (5.557209ms)
✔ canonical object key order is stable; changed payload and kind are distinct (1.612625ms)
✔ different account and tenant never borrow identity (0.799625ms)
✔ concurrent tabs reserve a single identity through shared lock (0.937875ms)
✔ acknowledgment removes only confirmed command; next identical intent has new identity (0.973375ms)
✔ blocked read/write and missing locks reject without volatile fallback (1.516875ms)
✔ malformed stored records fail closed (1.523417ms)
✔ 50 pending limit preserves old identities and blocks new writes (15.040667ms)
✔ failed acknowledgment retains original identity for safe retry (2.209208ms)
✔ reconciliation clears only terminal requested IDs; unknown and concurrent additions survive (2.247834ms)
✔ malformed, omitted, duplicate, foreign, and non-terminal-looking statuses preserve all pending identities (1.01075ms)
✔ reconciliation storage failure keeps recoverable identity (1.043208ms)
✔ read-only digest snapshot matches normalized intent without reserving or exposing payload (1.533084ms)
✔ reload and concurrent tabs reuse identity without retaining financial text (4.94ms)
✔ changed file or mapping cannot silently allocate a second command (0.927792ms)
✔ scope isolation; settlement clears only the proven command (2.034917ms)
✔ storage failure and corrupt records fail closed (1.515541ms)
✔ failed settlement retains original identity (0.980542ms)
✔ only explicit input rejection permits clearing recovery; network/replay uncertainty preserves it (0.488875ms)
✔ command payload allowlists fields and trims text (1.960791ms)
✔ unknown commands including prototype properties are rejected (0.315625ms)
✔ request boundary, date and identity validation (0.477833ms)
✔ directory and assignment commands require their own fields (0.515375ms)
✔ null and nonboolean board data cannot become an empty or available board (0.527375ms)
✔ capacity and cancellation contradictions fail board validation (0.313583ms)
✔ capacity edit requires valid old and new counts and strips unrelated fields (2.376167ms)
✔ attendance requires exact status and nonnegative bounded revision (0.336459ms)
✔ board cannot drop attendance or turn unknown into absence (1.828833ms)
✔ request context round trips without dropping day, scope, or encoded job (3.407583ms)
✔ malformed or duplicate context cannot initialize a placement journey (0.406042ms)
✔ new, repeated and corrected files remain distinct (1.976792ms)
✔ rejects other tenant/project/source/month and partial snapshots (0.19725ms)
✔ both copies are blocked; changed source identity cannot duplicate work (0.54775ms)
✔ missing is not zero; malformed dates and durations are blocked (0.195791ms)
✔ omitted rows remain visible without deletion; corrupt snapshots fail (0.132ms)
✔ multiple slots are separate; leading zero codes are preserved (0.091417ms)
✔ preview rejects incomplete, duplicate, invalid duration or status rows (1.039542ms)
✔ people response rejects duplicate codes and malformed candidates (0.280833ms)
✔ monthly report rejects incomplete, inconsistent or wrong-scope totals (1.089625ms)
✔ empty report is explicit and duration retains minutes (16.075625ms)
✔ UTF-8 CSV preserves codes and explicitly converts hours (1.715666ms)
✔ invalid encoding, duplicate columns, partial row fail (0.594208ms)
✔ blank/formula/day-text/fractional-minute/out-of-range never become zero (1.134583ms)
✔ wrong month, formula metadata and duplicate mapping block (0.905375ms)
✔ incomplete lists, duplicates and wrong tenant fail (0.886417ms)
✔ details reject impossible dates and incomplete child pages (2.346958ms)
✔ page offsets are bounded and aligned (0.343375ms)
✔ work details fail on missing pages, duplicates, wrong scope and invalid durations (0.777708ms)
✔ Excel dates and zero-padded codes survive extraction (4.216542ms)
✔ formulas remain flagged; merged, hidden-only and oversized sheets reject (2.484666ms)
✔ task rejects wrong company, tenant, invisible relation and read failure before insert (2.317292ms)
✔ task accepts same company/tenant relation and queries explicit scope (1.192166ms)
✔ task rejects company belonging to another tenant (0.149916ms)
✔ appointment rejects wrong company, tenant, invisible relation and read failure before insert (0.248708ms)
✔ appointment accepts same company/tenant relation and queries explicit scope (0.158291ms)
✔ appointment rejects company belonging to another tenant (0.085709ms)
✔ task appointment relation is independently validated before insert (0.098375ms)
✔ no relation requires no extra relation reads and preserves nullable IDs (0.138584ms)
✔ replacement search is Turkish-normalized and excludes booked, inactive and current worker (1.201458ms)
✔ selected available worker survives no matching search without inflating match count (0.125ms)
✔ selection cannot bypass availability and does not duplicate a matched worker (0.110375ms)
✔ only an explicit scoped null latest is interpreted as no conversation (0.824875ms)
✔ transport error cannot become a zero revision snapshot (0.175583ms)
✔ latest revision and actor are validated before exposing the record (0.354542ms)
✔ write retains scope, command ID and revision; validates response against submitted command (0.348875ms)
✔ invalid input stops before RPC and write errors are preserved for reconciliation (0.158375ms)
✔ eleven-digit numeric codes are blocked without collecting or validating identity (1.921666ms)
✔ ordinary business codes, dates and UUIDs are not reclassified as identities (0.126333ms)
✔ spreadsheet row is held with field message and no accepted value (0.544709ms)
✔ database rejection is translated without echoing the input (0.134125ms)
✔ weekdays selected across year boundary and leap day (2.674333ms)
✔ range limit is inclusive 31 days; reverse, empty weekday and invalid calendar rejected (0.287542ms)
✔ payload normalization gives same dates and trimmed content for retry identity (0.415958ms)
✔ malformed or excessive payload never reaches writes (0.184458ms)
✔ removed preview days remain excluded from canonical payload (0.111917ms)
✔ batch result must contain exact count and distinct identities for the same command (0.136417ms)
✔ IDP period keeps original leave interval while excluding non-working preview days (0.312416ms)
✔ all routes prohibit framing and set browser safety headers without breaking scripts (53.636167ms)
✔ all valid module combinations intersect dashboard roles, without enabling dependent sections (20.4325ms)
✔ shared loader rejects malformed/foreign snapshots and transport errors (11.584208ms)
✔ page boundary never mounts business readers before validation; off, error and role denial remain distinct (63.511625ms)
✔ page boundary retries failed settings and ignores a response after unmount (9.235208ms)
✔ actual completion form explicitly sends task true, unchecked false, and unavailable false (48.745875ms)
✔ failed completion preserves both result fields and shows a retryable error (17.545666ms)
✔ actual dashboard skips disabled queries/cards; independent tasks work without company lookup (153.4415ms)
✔ actual dashboard fetches enabled sections but never offers partner task access (170.316583ms)
✔ late assignment skips prior checks and requires immediate call (1.67425ms)
✔ last recorded event wins, not scheduled offset (1.004042ms)
✔ past plan events cannot colour new plan (0.167166ms)
✔ claimed arrival remains unverified at start even if all calls recorded (0.558917ms)
✔ confirmation closes remaining calls without fabricating events; removal closes writes (0.290542ms)
✔ unknown or malformed call outcome fails closed instead of hiding required action (1.834583ms)
✔ all supported call results and extra call offset remain accepted (0.218792ms)
✔ daily attendance conflict directs the operator to reopen independent confirmation (0.232417ms)
✔ mobile next call suggests earliest due unrecorded step regardless of offset order (0.181375ms)
✔ mobile next call never reopens closed/confirmed work or fabricates scheduled checks (0.21525ms)
✔ known rejected command is removed only after terminal server closure (5.45675ms)
✔ previous commit wins over a later rejection; never claims not saved (8.554833ms)
✔ scope denial, unknown or malformed reconciliation preserve pending identity (21.176292ms)
✔ network, lock and unknown errors never automatically close a command (3.517458ms)
✔ storage failure after response keeps uncertainty rather than fake cleanup (1.412833ms)
✔ input, witness, replay and plan errors have useful distinct explanations (0.176709ms)
✔ zero assignments differs from zero outstanding tracking (6.251125ms)
✔ full count survives first-page/top-three rendering (3.591833ms)
✔ partial or wrong-scope response is not a healthy summary (1.328834ms)
✔ confirmed or closed record cannot become an outstanding item (0.367833ms)
✔ employee claim remains pending and lost responsibility is explicit (0.681209ms)
✔ tracking link preserves exact day and enables only explicit action filter (0.258458ms)
✔ tracking link preserves day and safely encodes worker search without enabling urgent filter (1.72975ms)
✔ missing name and invalid day cannot produce an unrelated tracking destination (0.184166ms)
✔ tracking preserves return company separately from the all-company query and chosen return day (0.252708ms)
✔ return navigation rejects malformed company and impossible dates without accepting arbitrary URLs (0.153875ms)
✔ future, due and overdue controls have distinct boundaries (1.4085ms)
✔ claimed arrival never confirms; start deadline escalates even after all calls (0.143083ms)
✔ cannot attend needs replacement; unreachable differs from absence (0.086ms)
✔ verified arrival skips remaining controls, retains recorded outcomes (0.218416ms)
✔ removed assignment closes pending controls; invalid confirmation cannot green a row (0.284667ms)
✔ midnight arithmetic and malformed schedules (2.699417ms)
✔ onboarding access excludes operations while ordinary attachments remain available (1.121042ms)
✔ metadata rejects path names, oversized files, PDF photos and forged properties (5.507042ms)
✔ file signature is checked rather than trusting filename or browser MIME (0.460208ms)
✔ lost upload response survives reload and reuses its command without storing file contents (2.627583ms)
✔ upload references are isolated by actor, tenant, person, category and file fingerprint (0.261541ms)
✔ blocked, silently discarded or corrupted browser storage prevents starting a new command (0.1735ms)
✔ confirmation cannot clear a different command written by another tab (0.099291ms)
✔ upload recovery accepts duplicate status 400 or 409 and lost responses only after database confirmation (0.432416ms)
✔ a successful Storage response never substitutes for failed or non-boolean database confirmation (1.025958ms)
✔ confirmed reserve replay avoids uploading twice; malformed reserve never uploads (0.566958ms)
✔ two tabs reserve one upload command through the same exclusive lock (0.496709ms)
✔ missing or rejected cross-tab lock never allocates an upload reference (0.548792ms)
✔ attachment list distinguishes measured empty from missing or corrupt response (0.938208ms)
✔ attachment list rejects wrong person, duplicate IDs and malformed file metadata (0.626083ms)
✔ attachment list keeps the 51st pagination sentinel but rejects an unexpected oversized response (0.312208ms)
✔ confirmation and reservation use the same lock; a queued new command survives cleanup (0.257875ms)
✔ confirmation preserves recovery reference if cross-tab lock cannot be acquired (0.096542ms)
✔ cancel cleanup only clears matching command inside the same actor tenant and person (0.177333ms)
✔ explicit empty differs from missing, and every requested identity is accounted for (1.031083ms)
✔ reject wrong tenant, actor, timestamps and job-specific decline in general summary (0.209791ms)
✔ bound requests to one server page and accept empty page (0.423167ms)
✔ conversation captures an outcome without manufacturing availability or a placement (1.560375ms)
✔ declining a job requires that specific request; malformed values fail (0.311125ms)
✔ response belongs to requested tenant/person and contains a real server actor/time (0.252ms)
✔ history rejects mixed people, duplicate ids and oversized responses (1.050916ms)
✔ combined filters normalize without dropping constraints (2.325917ms)
✔ invalid ranges, malformed filters and null values fail validation (0.33775ms)
✔ demographics remain optional and omission is distinct from explicit clear (23.629167ms)
✔ server response must echo every applied filter (0.496417ms)
✔ availability requires date and state together; saved legacy filters remain valid (0.730292ms)
✔ person responses retain demographics through list, detail and edit validation (2.664791ms)
✔ callback view survives validation and saved searches; response cannot silently use all (13.638834ms)
✔ batch request preserves sparse physical row numbers and rejects malformed or duplicate decisions (347.946458ms)
✔ status must be complete and belong to the expected actor, company, batch and source (0.84525ms)
✔ terminal receipt and blocked codes cannot be coerced or accepted for another row (1.728125ms)
✔ services use scoped RPCs, validate inputs before calls, and never translate transport failures into success (30.135542ms)
✔ unknown recovery stays distinct from closed and rejects another scope or reference (0.750083ms)
✔ selected plan maps only approved fields and strips all held source information (32.217041ms)
✔ history requires a complete scoped page and valid pending counts (0.421417ms)
✔ result report includes each physical source row and distinguishes unsettled from saved (0.352125ms)
✔ comparison snapshot distinguishes measured empty from incomplete, malformed and foreign results (1.236916ms)
✔ read service sends only verified scope, not spreadsheet content, and validates response (2.347417ms)
✔ Turkish phone formats match but do not imply identity (1.022875ms)
✔ blank fields preserve existing data; new contacts are additive and old city conflicts visible (0.90675ms)
✔ name and contact matching different people requires review; never prefer one silently (0.500292ms)
✔ source issues remain blocking review even when no current match exists (0.363875ms)
✔ many ambiguous matches are bounded and explicitly labelled; file rows are never merged (1.924041ms)
✔ every source row is accounted for; no decision is guessed (2.41375ms)
✔ existing identity selection never accepts field changes by default (1.492541ms)
✔ source issues, unknown targets, illegal changes and matches cannot become new writes (0.607708ms)
✔ two source rows targeting one person require resolution even for unchanged rows (0.250458ms)
✔ new rows with normalized shared identity do not silently create duplicates (0.333458ms)
✔ new row conflicting with another row resulting contact is also blocked (0.172625ms)
✔ contact capacity and revision overflow cannot be hidden by review (0.185ms)
✔ existing city-only import excludes rejected source name and contact values from the actual request (6.622208ms)
✔ selected email is retained, unchanged rows send only stored name, hold rows send no personal data (3.405084ms)
✔ suggestions are conservative, duplicates and branch city are not guessed (12.513625ms)
✔ calendar dates reject impossible days and ambiguous serials (0.287959ms)
✔ repeated names and shared phones retain all physical source rows without merging (2.532875ms)
✔ coverage statuses remain source history; invalid ranges and unmapped fields remain visible (0.321417ms)
✔ missing, overlapping and wrong-scope mappings are rejected (0.228208ms)
✔ real XLSX reader preserves hidden sheet, physical row numbers, dates and formula diagnostics (144.58125ms)
✔ CSV supports BOM CRLF quoted delimiters; bad encoding and renamed text fail (1.772959ms)
✔ worksheet extents cannot silently truncate oversized sources (4.854458ms)
✔ name-only source and unmapped formula can be explicitly prepared as new without merging (116.756417ms)
✔ mapped formula, error, invalid contact and missing name still block a new-person decision (1.711167ms)
✔ ten long emails fit the workbook cell budget without truncation; over-limit cells fail (4.261917ms)
✔ a large source is partitioned without losing or renumbering any source row (7.491375ms)
✔ duplicate targets across partition boundary are rejected before any part can be sent (0.553583ms)
✔ queue references reject corruption and duplicates instead of skipping parts (0.197833ms)
✔ local import receipt distinguishes absent, valid, malformed JSON and old shape (1.587875ms)
✔ blocked storage stays unavailable, is never treated as an empty receipt, and leaks no raw contents (0.228208ms)
✔ person receipt retry preserves command identity and distinguishes malformed and blocked storage (0.230459ms)
✔ resolved receipt removal failure preserves receipt and allows retry without leaking storage error (0.089125ms)
✔ reference preserves exact command and stores no person fields (1.073542ms)
✔ reference cannot recover into a different actor or tenant (0.545416ms)
✔ corrupt, old or unconfirmed references fail closed (0.352542ms)
✔ name-only records preserve unknown contacts, region and work type (1.52375ms)
✔ invalid contacts, hidden extra fields and unsupported work types are rejected (0.383542ms)
✔ page completeness, duplicate IDs, foreign scope and null RPC results fail closed (0.85ms)
✔ recovery only confirms the expected person, command and revision (0.248ms)
✔ UUID assignment displays the directory name even without legacy text (0.464291ms)
✔ current directory name supersedes stale legacy text (0.067542ms)
✔ loading, failure and missing directory entry never claim unassigned (0.059916ms)
✔ blank profile name is still an assignment (0.049417ms)
✔ name-only rows are clearly marked as legacy (0.057416ms)
✔ only a row without UUID or legacy name says unassigned (0.057042ms)
✔ claim sends expected scope and revision to the atomic gateway; display names are not trusted (1.089291ms)
✔ losing claim, inaccessible record and transport failure cannot report success (1.262167ms)
✔ claim and quick completion use one command rather than separate mutable role and tenant snapshots (0.855292ms)
✔ bad scope is rejected before a claim/completion command is sent (0.165375ms)
✔ module disabled, missing configuration and transport failure remain distinct from a lost claim (0.188125ms)
✔ links contain only the task UUID and round trip (1.511916ms)
✔ unrelated task-prefill parameters do not become a task link (0.088292ms)
✔ malformed, empty and duplicate IDs are rejected (0.795041ms)
✔ URL round trip carries only identifiers and date (2.621792ms)
✔ ordinary tasks page has no prefill; partial and duplicate context rejected (0.233334ms)
✔ reject malformed ids, impossible dates and unsupported date bounds (0.162375ms)
✔ prefill derives fresh name and title from server data, no assignee/source FK or deadline inferred (0.193583ms)
✔ missing company/request/location and mismatched day fail without fallback (0.230041ms)
✔ passive company and cancelled request cannot prepare a new followup (0.111375ms)
✔ inactive location may still need a followup on an existing active request (0.076833ms)
✔ invalid or missing revision fails before any raw request (1.510584ms)
✔ update filters exact loaded revision and returns new row (0.502542ms)
✔ zero rows is a conflict, transport/database error stays different (0.349375ms)
✔ history has an honest twenty-row limit and extra-row indicator (0.404833ms)
✔ command validates bounded unique integer revisions and canonical identities (10.191875ms)
✔ snapshot normalization removes ordering and presentation from command identity (0.123167ms)
✔ preview rejects silent omissions, duplicate rows, unsafe counts and wrong source (0.219458ms)
✔ directory allows unnamed departed source, never absent arrays or duplicate targets (0.175583ms)
✔ result must match exact command scope and moved count (0.110167ms)
✔ service writes one RPC and has no iterative task fallback (0.149292ms)
✔ invalid command fails before write and malformed successful response is uncertain (0.2035ms)
✔ transport error cannot be mislabeled as nonmember or conflict (0.273166ms)
✔ module rejection is definite but a transport error remains uncertain (0.177875ms)
✔ task screen requires verified actor, tenant, live role and complete module snapshot (2.086166ms)
✔ task company directory keeps narrow fields, ordered complete pagination and rejects wrong tenant (1.481ms)
✔ context navigation needs an enabled source module; missing state never defaults to all links (0.544375ms)
✔ actual task form hides disabled company controls instead of calling the company list empty (9.076875ms)
✔ reverse formula rejects the historical negative-price case and below-baseline amounts (0.561791ms)
✔ every numeric input rejects negative and non-finite values (0.129542ms)
✔ zero markup is valid and markup is applied to cost, not sales margin (0.078625ms)
✔ form parser distinguishes missing required input from optional zero and rejects partial numeric strings (0.086167ms)
✔ hard dependencies are a DAG; unknown, duplicate and self edges are rejected (0.8255ms)
✔ talent, tasks and announcements stand alone; reporting and staffing do not require each other (0.58325ms)
✔ every one of the 1024 configurations is accepted iff all required dependencies are enabled (16.268958ms)
✔ partial, unknown, inherited and non-boolean module values never imply enabled (0.76125ms)
✔ context keeps bigint revisions exact and discards unrelated response fields (0.391ms)
✔ actor/company/generation/role/protocol mismatches cannot supply a context (0.325667ms)
✔ all existing member roles retain their role without receiving new privileges (0.166291ms)
✔ an older response from another workspace is rejected and no RPC fallback runs (0.647041ms)
✔ one bounded RPC returns the whole snapshot, without a client-selected tenant argument (0.201834ms)
✔ migration catalog is generated from the same manifest, not a second hand-maintained graph (1.081792ms)
✔ cancelled presence remains actual; removed unknown is not outstanding (4.071083ms)
✔ no declarations cannot silently become zero attendance (0.499417ms)
✔ duplicate or unmatched declarations fail verification (0.340292ms)
✔ same worker on different days counts separate person days (0.175208ms)
✔ absence total counts declarations, not unique people (0.109875ms)
✔ Monday week boundaries include Sunday, leap day, year and minimum date (1.657167ms)
✔ totals count person-days, exclude cancellations and retain unfilled requests (1.127583ms)
✔ empty verified plan is accepted; null and wrong company/week are not (0.367417ms)
✔ range, duplicate requests, capacity, missing staff and cancelled assignment contradictions fail closed (0.234458ms)
✔ same worker on separate days allowed, double booking or repeated assignment ID rejected (0.241ms)
✔ CSV records scope/time and quotes delimiters, double quotes and embedded newlines (0.2475ms)
✔ CSV neutralizes formula prefixes including whitespace before formula (0.245166ms)
✔ CSV cancellations are opt-in and contribute zero active open (0.116792ms)
✔ overnight is explicit; break reduces actual work; invalid time never becomes an estimate (0.841542ms)
✔ 24 hour limit and zero-length work are distinct; no automatic overnight guessing (0.1195ms)
✔ correction reason required and only valid scoped record can establish revision zero (0.920208ms)
✔ net totals and contiguous latest audit history must agree with the record (0.18475ms)
✔ receipt is matched to command, assignment, action and next revision (0.14325ms)
✔ invalid write fails before RPC; exact payload and errors are preserved (0.239417ms)
✔ company/day list rejects wrong scope, partial shape, duplicates and malformed totals (2.155ms)
✔ latest 20 audit entries are accepted only in contiguous descending revision order (0.23425ms)
✔ declared per-entry and aggregate expansion are bounded (1.488375ms)
✔ malformed directories, encryption, volume split and entry-count overflow fail (1.226542ms)
✔ preparation preserves identity and explicit work kind; normalizes code (1.850334ms)
✔ rejects malformed identities, revisions and unsupported work types (0.288ms)
✔ receipt must match command, person, next revision and real worker id (0.28425ms)
✔ five surplus staff in one location cannot cancel five missing in another (0.897292ms)
✔ zero target, fully staffed and empty sets remain distinct and nonnegative (0.212792ms)
✔ workspace identity follows server data and never a user-editable company name (1.432208ms)
✔ missing, malformed and mismatched company or actor responses fail closed (0.375125ms)
✔ write target requires both the same actor and company (0.128916ms)
✔ RPC errors and null success never invent a company or return a stale identity (0.313083ms)
✔ company context request carries no caller-selected company and has a deadline (0.159167ms)
✔ UI company comes from verified workspace when getUser metadata lacks token-hook claims (0.115584ms)
✔ role and company are accepted together and user metadata cannot supply authority (0.170834ms)
✔ invitation parsing fails closed and excludes server extras (0.980833ms)
✔ token has 256 random bits and transport failure is not labelled invalid invitation (0.818666ms)
✔ setup accepts measured zeros but rejects unavailable/wrong-scope response (1.960959ms)
✔ setup rejects coerced, missing, negative or unsafe counts and invalid calendar dates (0.186958ms)
ℹ tests 611
ℹ suites 0
ℹ pass 611
ℹ fail 0
ℹ cancelled 0
ℹ skipped 0
ℹ todo 0
ℹ duration_ms 17637.06725
