✔ six validated immediate RESTRICT keys retain their original column order (71.4165ms)
✔ company cannot cascade its contract, appointment or document history (2.38775ms)
✔ contract deletion cannot detach an appointment or reclassify its PDF as a general document (3.234291ms)
✔ completed appointment cannot lose its idempotency receipt through parent deletion (1.488458ms)
✔ status changes and nullable contract-free appointments remain usable (1.009958ms)
✔ deleting a parent with no dependent history is still allowed (0.855667ms)
✔ SET NULL scope drift is rejected before changing that relation (8.020958ms)
✔ an extra cascading FK aborts and rolls back the whole migration (9.157375ms)
Synthetic company commands DB: 17.10
✔ create assigns verified tenant/actor and normalizes defaults without client DML privileges (72.834ms)
✔ CSV status/risk values survive the same creation command (2.483208ms)
✔ status command changes only status and a repeat does not trigger another update (4.921291ms)
✔ wrong actor, tenant, role and foreign company cannot write (5.8915ms)
✔ input keys, types, empty names and unsupported status values are rejected (12.877083ms)
✔ closed customers rejects both creation and status changes; malformed config fails closed (4.822667ms)
✔ stale membership and repeatable read do not execute commands (2.29075ms)
✔ anon and service role cannot execute the company command (2.044584ms)
✔ config writer wins: command waits before profile lock then sees disabled customers (25.6495ms)
✔ company command wins: config updater waits until full business transaction ends (11.846042ms)
✔ role is rechecked after waiting for membership profile lock (20.771042ms)
Synthetic contact commands DB: 17.10
✔ operations patches only supplied fields; absent email remains current (91.880875ms)
✔ empty channels, empty patch, injected name and malformed payload are rejected (11.535916ms)
✔ manager deletes exactly the company-bound contact; repeated delete fails (4.31025ms)
✔ operations cannot delete/import; other roles cannot patch (18.169042ms)
✔ wrong company, tenant, actor and foreign-company import are rejected (9.51975ms)
✔ CSV preserves the existing primary and rejects duplicate primary instead of demoting (5.374333ms)
✔ CSV has the same five-contact limit and passive-company guard (11.322375ms)
✔ effective contact DML is gone for app roles; legacy manager create/full edit still works (4.266167ms)
✔ disabled customer module blocks every new action (9.403333ms)
✔ configuration lock comes before profile; waiting command sees committed module closure (24.498167ms)
✔ role is rechecked after a blocked profile lock (21.021125ms)
✔ cutover refuses inherited column UPDATE grants (1.804458ms)
✔ concurrent partial edits merge against the locked row, not a stale client snapshot (27.707084ms)
✔ all five exact foreign keys become validated immediate RESTRICT constraints (78.411625ms)
✔ company deletion cannot cascade contacts or notes, even with modules disabled (2.972291ms)
✔ profile deletion cannot erase contact or note authorship (2.265875ms)
✔ mizan upload deletion cannot silently remove confirmed row history (0.75275ms)
✔ deactivation and membership removal preserve historical records and continue working (0.836166ms)
✔ unreferenced parents can still be deleted; this is not a blanket delete trigger (0.488667ms)
✔ schema drift fails and rolls back earlier constraint replacements (6.344625ms)
✔ concurrent child insert prevents a waiting company delete after commit (11.681583ms)
Synthetic customers DB: 17.10
✔ customer read gates preserve repository role policy matrix (96.241458ms)
✔ customer reads retain tenant identity and never leak a foreign contact (7.837292ms)
✔ closed customer module hides all three sets and task company choices without deleting records (3.905083ms)
✔ closing tenant A leaves tenant B customer reads unchanged (3.953458ms)
✔ a stale claim after membership removal returns no customer data (1.385625ms)
✔ missing config and invalid dependency snapshots do not become enabled (8.180958ms)
✔ a permissive policy cannot OR around the module read fence (3.119209ms)
✔ migration aborts if any target RLS is disabled and rolls back prior policy work (2.744042ms)
Synthetic notes/contact DB: 17.10
✔ manager, operations and HR can create notes; author is resolved from the profile (101.070125ms)
✔ other roles cannot create, edit, pin or delete notes (5.856833ms)
✔ operations and HR can edit only their own notes and cannot pin/delete (29.168875ms)
✔ manager can pin and delete; missing targets never report a successful mutation (6.177709ms)
✔ even manager cannot edit a note through a different same-tenant company (8.508167ms)
✔ forged author, pin-at-create, invalid tags and blank/non-string content are rejected (10.439416ms)
✔ passive companies retain note creation but reject new contacts (4.913917ms)
✔ company/note direct writes are revoked, while both note and legacy contact commands still work (9.584333ms)
✔ legacy full contact command preserves atomic primary selection and max five limit after cutover (15.254292ms)
✔ legacy contact command rejects other roles and foreign targets (5.951625ms)
✔ disabled module blocks note and contact commands, including the unchanged legacy signature (4.473709ms)
✔ config change wins: note and contact wait before profile locks and see disabled state (64.044958ms)
✔ note transaction holds the configuration lock until transaction completion (27.929667ms)
✔ contact definer conversion rejects body drift instead of elevating altered code (5.0295ms)
✔ write cutover rejects inherited table privileges (2.742375ms)
✔ existing authenticated CSV contact insert remains compatible after company UPDATE is revoked (4.586667ms)
✔ role is rechecked after the profile lock for both contact and note writers (59.304ms)
✔ blank profile names are rejected instead of inventing a note author label (5.117209ms)
✔ only service role can execute the two notification projections (117.463083ms)
✔ a company cannot resolve through another tenant, even for the service role (4.111292ms)
✔ module-specific disabling is isolated between tenants and blocks the corresponding names (13.64275ms)
✔ turning customers off with dependent modules off prevents either company projection (6.409667ms)
✔ incomplete settings and broken dependencies raise errors rather than enabled or disabled defaults (4.74025ms)
✔ invalid modules, excessive and null tenant arrays are rejected (9.0445ms)
✔ company arrays must be bounded, unique and pairwise complete (10.406ms)
✔ unknown tenant configuration and missing company fail closed (4.467083ms)
✔ all candidate and document-state RPCs are service-only (11.699ms)
✔ SQL candidates preserve source date/status filters and expose only notification columns (8.3915ms)
✔ contract off preserves company documents but removes linked documents and contract candidates (7.716166ms)
✔ documents/calendar off prevents SQL candidates for only that tenant (5.447583ms)
✔ foreign-company or foreign-tenant contract links are excluded, not projected (4.401875ms)
✔ document state uses current relationship and acknowledges removed records as ineligible (7.858167ms)
✔ candidate readers fail on incomplete configuration instead of silently treating it as disabled (11.509792ms)
✔ document-state inputs reject missing, excessive and duplicate pairs (10.874333ms)
✔ service raw SELECT is denied after cutover while all notification projections remain usable (15.122292ms)
✔ service read cutover rejects inherited column access instead of claiming closure (5.223459ms)
Synthetic finance DB: 17.10
✔ finance AND policies retain role and tenant filtering while enabled (153.999875ms)
✔ closed finance hides all three tables without deleting records (8.2365ms)
✔ atomic import still writes and replays the same receipt once when enabled (13.54425ms)
✔ closed finance rejects both new import and old replay before any write (9.215292ms)
✔ wrong role, foreign company and stale claimed tenant remain rejected (10.317ms)
✔ malformed module configuration and stronger isolation fail closed (10.719167ms)
✔ anon, authenticated and bypassrls service cannot mutate directly or call retired RPCs (43.315291ms)
✔ config change wins: import waits before profile lock then observes disabled state (66.137708ms)
✔ import wins: config update waits for full import transaction (43.31575ms)
✔ migration revokes direct column privileges as well as table privileges (11.082542ms)
✔ migration aborts on inherited write privileges (9.443625ms)
✔ migration aborts on command body drift (18.637125ms)
✔ migration aborts on a callable same-name overload (26.175166ms)
✔ manager sees all fifteen checks with no settings mutation or save authorization (194.862083ms)
✔ anon service and non-manager cannot use the preview (8.676208ms)
✔ cross tenant, actor mismatch, removed membership and stale revision reject (15.032625ms)
✔ invalid JSON shapes and coerced booleans reject before any business scan (32.982416ms)
✔ dependencies report requested state, do not silently enable or cascade disable (3.274417ms)
✔ no-change draft scans no business tables and bigint revision stays exact (4.569291ms)
✔ unfinished_tasks: own tenant blocks, foreign tenant and completed history do not (10.968583ms)
✔ unfinished_appointments: own tenant blocks, foreign tenant and completed history do not (13.71675ms)
✔ unfinished_contracts: own tenant blocks, foreign tenant and completed history do not (11.352792ms)
✔ pending_talent_import: own tenant blocks, foreign tenant and completed history do not (9.415458ms)
✔ open_staffing_demands: own tenant blocks, foreign tenant and completed history do not (12.330833ms)
✔ upcoming_requests: own tenant blocks, foreign tenant and completed history do not (9.230583ms)
✔ upcoming_assignments: own tenant blocks, foreign tenant and completed history do not (9.511708ms)
✔ unapproved_work: own tenant blocks, foreign tenant and completed history do not (11.281042ms)
✔ active_roster: own tenant blocks, foreign tenant and completed history do not (10.416291ms)
✔ active_schedules: own tenant blocks, foreign tenant and completed history do not (15.083917ms)
✔ open_reporting_periods: own tenant blocks, foreign tenant and completed history do not (14.570625ms)
✔ pending_reporting_imports: own tenant blocks, foreign tenant and completed history do not (12.941708ms)
✔ unknown and null states stay blocking instead of passing as completed (11.044125ms)
✔ dates use Istanbul business day regardless of session timezone (8.934333ms)
✔ missing relation produces an error, never a green empty report (5.080583ms)
✔ real SQL response satisfies the application parser contract (645.065917ms)
✔ customer_linked_tasks: dependent open task is visible even when tasks stays enabled (12.612166ms)
✔ appointment_linked_tasks: dependent open task is visible even when tasks stays enabled (10.963834ms)
✔ contract_linked_tasks: dependent open task is visible even when tasks stays enabled (8.474208ms)
Task gateway synthetic PostgreSQL: 17.10
✔ company-free task creation derives creator and assignee label, then revision advances on edit (202.585375ms)
✔ authenticated cannot bypass gateway with direct DML or call private lock helper (11.80825ms)
✔ missing or disabled module configuration blocks mutation, disabled tasks hide table and history reads (22.401417ms)
✔ all six live roles: only manager, operations and HR can create (25.606959ms)
✔ HR cannot reassign and non-owner quick completion cannot masquerade as manager (30.175292ms)
✔ forged fields, invalid dates/types, foreign relations and stale revisions are rejected (46.776ms)
✔ foreign task, mismatched expected actor/tenant and nonmember assignee fail (18.566042ms)
✔ linked creation requires the source module while independent tasks remain available (7.447917ms)
✔ two simultaneous claims have exactly one winner and one assignment event (36.101ms)
✔ config change winning the lock makes a waiting write see disabled state after commit (42.854834ms)
✔ a writing transaction holds its configuration barrier until commit; independent writers share it (61.492375ms)
✔ role revoked while waiting for the profile lock is rechecked after the lock (41.823542ms)
✔ passive company rejects new work; HR cannot use an unreadable contract or appointment (15.841375ms)
✔ repeatable-read writes are refused rather than using a stale post-lock snapshot (6.050291ms)
✔ contract removes an explicit column-level write grant as well as table grants (2.9805ms)
✔ inherited write privilege drift aborts contract migration instead of leaving a bypass (3.2965ms)
✔ task transfer supports independent tasks, live membership roles and idempotent replay (16.525083ms)
✔ disabled task module rejects all three workflow mutations including receipt replays (43.071875ms)
✔ calendar completion without a follow-up works with tasks off, but calendar off rejects it (25.667375ms)
✔ failed appointment task request does not complete the appointment or leave a receipt (6.492041ms)
✔ definer reads obey module gates and hide company projection when only tasks remain enabled (31.030458ms)
✔ dashboard activity excludes each disabled source without suppressing enabled task activity (26.349333ms)
✔ config barrier is first for every workflow and waiting commands see the newly disabled module (91.764333ms)
✔ workflow role and cross-tenant restrictions remain intact (13.808958ms)
✔ service-only task notification RPC filters disabled tenants and refuses incomplete config (18.806583ms)
✔ shared configuration validator preserves scope, completeness and dependency failures (20.65975ms)
✔ workflow patch aborts on unexpected function definition rather than silently skipping a guard (7.813375ms)
✔ task company projection returns only display columns and retains tenant, module, role and company RLS (30.941083ms)
✔ parent hard deletion cannot delete task history or detach task context, even with tasks disabled (42.772042ms)
✔ unreferenced parent deletion and deactivation remain possible; schema drift aborts the preservation migration (9.338625ms)
✔ parent deletion waiting behind a new task cannot erase that task after its commit (37.591667ms)
Synthetic module DB: 17.10
✔ existing tenants get exactly ten enabled settings and one truthful bootstrap receipt each (134.994709ms)
✔ new tenant provisioning initializes all ten rows in the same transaction; rollback leaves nothing (5.482834ms)
✔ authenticated response is scoped to live membership, preserves role and bigint precision (11.820583ms)
✔ all configuration tables deny direct reads and writes to anon/authenticated/service_role (41.988417ms)
✔ only authenticated can execute the public reader; internal bootstrap and catalog have no client grants (7.968875ms)
✔ no session, foreign tenant claim and removed membership fail closed (8.745125ms)
✔ stale workspace selection and stale membership generations are rejected by the real scope functions (11.054875ms)
✔ missing config, missing key and broken hard dependencies do not return an all-enabled fallback (10.30375ms)
✔ disabled independent module is represented as disabled without changing another tenant (5.565458ms)
✔ unknown/duplicate module keys, invalid revision and bootstrap reset are rejected (6.508209ms)
✔ tenant insert and migration serialize in both orders; timeout rolls back all new tables (301.674625ms)
ℹ tests 164
ℹ suites 0
ℹ pass 164
ℹ fail 0
ℹ cancelled 0
ℹ skipped 0
ℹ todo 0
ℹ duration_ms 5512.231583
