Synthetic company commands DB: 17.10
✔ create assigns verified tenant/actor and normalizes defaults without client DML privileges (1310.086458ms)
✔ CSV status/risk values survive the same creation command (66.359667ms)
✔ status command changes only status and a repeat does not trigger another update (84.344333ms)
✔ wrong actor, tenant, role and foreign company cannot write (68.9575ms)
✔ input keys, types, empty names and unsupported status values are rejected (393.186ms)
✔ closed customers rejects both creation and status changes; malformed config fails closed (72.440417ms)
✔ stale membership and repeatable read do not execute commands (13.347459ms)
✔ anon and service role cannot execute the company command (15.3705ms)
✔ config writer wins: command waits before profile lock then sees disabled customers (276.370375ms)
✔ company command wins: config updater waits until full business transaction ends (342.705125ms)
✔ role is rechecked after waiting for membership profile lock (297.740583ms)
Synthetic contact commands DB: 17.10
✔ operations patches only supplied fields; absent email remains current (1365.41ms)
✔ empty channels, empty patch, injected name and malformed payload are rejected (217.794959ms)
✔ manager deletes exactly the company-bound contact; repeated delete fails (52.225833ms)
✔ operations cannot delete/import; other roles cannot patch (345.423166ms)
✔ wrong company, tenant, actor and foreign-company import are rejected (207.907209ms)
✔ CSV preserves the existing primary and rejects duplicate primary instead of demoting (89.336875ms)
✔ CSV has the same five-contact limit and passive-company guard (243.211584ms)
✔ effective contact DML is gone for app roles; legacy manager create/full edit still works (97.7395ms)
✔ disabled customer module blocks every new action (201.290875ms)
✔ configuration lock comes before profile; waiting command sees committed module closure (220.795209ms)
✔ role is rechecked after a blocked profile lock (152.387458ms)
✔ cutover refuses inherited column UPDATE grants (11.216834ms)
✔ concurrent partial edits merge against the locked row, not a stale client snapshot (441.129416ms)
Synthetic customers DB: 17.10
✔ customer read gates preserve repository role policy matrix (1502.749292ms)
✔ customer reads retain tenant identity and never leak a foreign contact (145.221708ms)
✔ closed customer module hides all three sets and task company choices without deleting records (96.549042ms)
✔ closing tenant A leaves tenant B customer reads unchanged (43.831292ms)
✔ a stale claim after membership removal returns no customer data (8.961958ms)
✔ missing config and invalid dependency snapshots do not become enabled (54.580458ms)
✔ a permissive policy cannot OR around the module read fence (83.461959ms)
✔ migration aborts if any target RLS is disabled and rolls back prior policy work (126.164833ms)
Synthetic notes/contact DB: 17.10
✔ manager, operations and HR can create notes; author is resolved from the profile (1305.409083ms)
✔ other roles cannot create, edit, pin or delete notes (174.518583ms)
✔ operations and HR can edit only their own notes and cannot pin/delete (505.029584ms)
✔ manager can pin and delete; missing targets never report a successful mutation (55.63275ms)
✔ even manager cannot edit a note through a different same-tenant company (211.80275ms)
✔ forged author, pin-at-create, invalid tags and blank/non-string content are rejected (165.680167ms)
✔ passive companies retain note creation but reject new contacts (23.122875ms)
✔ company/note direct writes are revoked, while both note and legacy contact commands still work (104.70425ms)
✔ legacy full contact command preserves atomic primary selection and max five limit after cutover (209.751959ms)
✔ legacy contact command rejects other roles and foreign targets (100.175125ms)
✔ disabled module blocks note and contact commands, including the unchanged legacy signature (31.705875ms)
✔ config change wins: note and contact wait before profile locks and see disabled state (187.139458ms)
✔ note transaction holds the configuration lock until transaction completion (91.450292ms)
✔ contact definer conversion rejects body drift instead of elevating altered code (30.904333ms)
✔ write cutover rejects inherited table privileges (23.596084ms)
✔ existing authenticated CSV contact insert remains compatible after company UPDATE is revoked (9.043584ms)
✔ role is rechecked after the profile lock for both contact and note writers (303.5785ms)
✔ blank profile names are rejected instead of inventing a note author label (11.892625ms)
✔ only service role can execute the two notification projections (1699.681334ms)
✔ a company cannot resolve through another tenant, even for the service role (5.521625ms)
✔ module-specific disabling is isolated between tenants and blocks the corresponding names (20.108583ms)
✔ turning customers off with dependent modules off prevents either company projection (9.035667ms)
✔ incomplete settings and broken dependencies raise errors rather than enabled or disabled defaults (74.495583ms)
✔ invalid modules, excessive and null tenant arrays are rejected (17.418792ms)
✔ company arrays must be bounded, unique and pairwise complete (22.794791ms)
✔ unknown tenant configuration and missing company fail closed (6.244333ms)
✔ all candidate and document-state RPCs are service-only (121.373584ms)
✔ SQL candidates preserve source date/status filters and expose only notification columns (68.368709ms)
✔ contract off preserves company documents but removes linked documents and contract candidates (15.591584ms)
✔ documents/calendar off prevents SQL candidates for only that tenant (17.8855ms)
✔ foreign-company or foreign-tenant contract links are excluded, not projected (8.917083ms)
✔ document state uses current relationship and acknowledges removed records as ineligible (27.435875ms)
✔ candidate readers fail on incomplete configuration instead of silently treating it as disabled (205.263375ms)
✔ document-state inputs reject missing, excessive and duplicate pairs (25.459875ms)
✔ service raw SELECT is denied after cutover while all notification projections remain usable (42.419709ms)
✔ service read cutover rejects inherited column access instead of claiming closure (32.206459ms)
Synthetic finance DB: 17.10
✔ finance AND policies retain role and tenant filtering while enabled (1533.062791ms)
✔ closed finance hides all three tables without deleting records (139.641ms)
✔ atomic import still writes and replays the same receipt once when enabled (124.221375ms)
✔ closed finance rejects both new import and old replay before any write (45.24175ms)
✔ wrong role, foreign company and stale claimed tenant remain rejected (62.770917ms)
✔ malformed module configuration and stronger isolation fail closed (58.392083ms)
✔ anon, authenticated and bypassrls service cannot mutate directly or call retired RPCs (225.217292ms)
✔ config change wins: import waits before profile lock then observes disabled state (178.426458ms)
✔ import wins: config update waits for full import transaction (82.993458ms)
✔ migration revokes direct column privileges as well as table privileges (23.798167ms)
✔ migration aborts on inherited write privileges (20.913834ms)
✔ migration aborts on command body drift (24.944875ms)
✔ migration aborts on a callable same-name overload (86.087417ms)
Task gateway synthetic PostgreSQL: 17.10
✔ company-free task creation derives creator and assignee label, then revision advances on edit (1649.285083ms)
✔ authenticated cannot bypass gateway with direct DML or call private lock helper (97.03375ms)
✔ missing or disabled module configuration blocks mutation, disabled tasks hide table and history reads (86.0975ms)
✔ all six live roles: only manager, operations and HR can create (241.891542ms)
✔ HR cannot reassign and non-owner quick completion cannot masquerade as manager (213.082ms)
✔ forged fields, invalid dates/types, foreign relations and stale revisions are rejected (347.215458ms)
✔ foreign task, mismatched expected actor/tenant and nonmember assignee fail (182.617875ms)
✔ linked creation requires the source module while independent tasks remain available (38.017583ms)
✔ two simultaneous claims have exactly one winner and one assignment event (228.655667ms)
✔ config change winning the lock makes a waiting write see disabled state after commit (64.730083ms)
✔ a writing transaction holds its configuration barrier until commit; independent writers share it (99.150667ms)
✔ role revoked while waiting for the profile lock is rechecked after the lock (196.822875ms)
✔ passive company rejects new work; HR cannot use an unreadable contract or appointment (39.542166ms)
✔ repeatable-read writes are refused rather than using a stale post-lock snapshot (6.148375ms)
✔ contract removes an explicit column-level write grant as well as table grants (8.264ms)
✔ inherited write privilege drift aborts contract migration instead of leaving a bypass (5.683333ms)
✔ task transfer supports independent tasks, live membership roles and idempotent replay (88.477834ms)
✔ disabled task module rejects all three workflow mutations including receipt replays (368.769041ms)
✔ calendar completion without a follow-up works with tasks off, but calendar off rejects it (35.924916ms)
✔ failed appointment task request does not complete the appointment or leave a receipt (9.028917ms)
✔ definer reads obey module gates and hide company projection when only tasks remain enabled (204.793417ms)
✔ dashboard activity excludes each disabled source without suppressing enabled task activity (196.784459ms)
✔ config barrier is first for every workflow and waiting commands see the newly disabled module (405.172167ms)
✔ workflow role and cross-tenant restrictions remain intact (48.196708ms)
✔ service-only task notification RPC filters disabled tenants and refuses incomplete config (45.884208ms)
✔ shared configuration validator preserves scope, completeness and dependency failures (14.903917ms)
✔ workflow patch aborts on unexpected function definition rather than silently skipping a guard (14.838541ms)
✔ task company projection returns only display columns and retains tenant, module, role and company RLS (40.968375ms)
✔ parent hard deletion cannot delete task history or detach task context, even with tasks disabled (67.863ms)
✔ unreferenced parent deletion and deactivation remain possible; schema drift aborts the preservation migration (26.8575ms)
✔ parent deletion waiting behind a new task cannot erase that task after its commit (90.773375ms)
Synthetic module DB: 17.10
✔ existing tenants get exactly ten enabled settings and one truthful bootstrap receipt each (417.380042ms)
✔ new tenant provisioning initializes all ten rows in the same transaction; rollback leaves nothing (17.922167ms)
✔ authenticated response is scoped to live membership, preserves role and bigint precision (27.259625ms)
✔ all configuration tables deny direct reads and writes to anon/authenticated/service_role (37.14675ms)
✔ only authenticated can execute the public reader; internal bootstrap and catalog have no client grants (9.480083ms)
✔ no session, foreign tenant claim and removed membership fail closed (9.805292ms)
✔ stale workspace selection and stale membership generations are rejected by the real scope functions (17.421292ms)
✔ missing config, missing key and broken hard dependencies do not return an all-enabled fallback (17.3505ms)
✔ disabled independent module is represented as disabled without changing another tenant (9.098417ms)
✔ unknown/duplicate module keys, invalid revision and bootstrap reset are rejected (22.725541ms)
✔ tenant insert and migration serialize in both orders; timeout rolls back all new tables (720.253459ms)
ℹ tests 123
ℹ suites 0
ℹ pass 123
ℹ fail 0
ℹ cancelled 0
ℹ skipped 0
ℹ todo 0
ℹ duration_ms 31147.957875
