Synthetic company commands DB: 17.10
✔ create assigns verified tenant/actor and normalizes defaults without client DML privileges (632.680042ms)
✔ CSV status/risk values survive the same creation command (12.934417ms)
✔ status command changes only status and a repeat does not trigger another update (35.008709ms)
✔ wrong actor, tenant, role and foreign company cannot write (33.84775ms)
✔ input keys, types, empty names and unsupported status values are rejected (250.211459ms)
✔ closed customers rejects both creation and status changes; malformed config fails closed (137.537625ms)
✔ stale membership and repeatable read do not execute commands (38.324792ms)
✔ anon and service role cannot execute the company command (70.982167ms)
✔ config writer wins: command waits before profile lock then sees disabled customers (328.091208ms)
✔ company command wins: config updater waits until full business transaction ends (111.928208ms)
✔ role is rechecked after waiting for membership profile lock (109.010584ms)
Synthetic contact commands DB: 17.10
✔ operations patches only supplied fields; absent email remains current (621.410042ms)
✔ empty channels, empty patch, injected name and malformed payload are rejected (57.572667ms)
✔ manager deletes exactly the company-bound contact; repeated delete fails (16.880917ms)
✔ operations cannot delete/import; other roles cannot patch (113.374417ms)
✔ wrong company, tenant, actor and foreign-company import are rejected (102.829167ms)
✔ CSV preserves the existing primary and rejects duplicate primary instead of demoting (341.942ms)
✔ CSV has the same five-contact limit and passive-company guard (254.3525ms)
✔ effective contact DML is gone for app roles; legacy manager create/full edit still works (110.059708ms)
✔ disabled customer module blocks every new action (452.921458ms)
✔ configuration lock comes before profile; waiting command sees committed module closure (153.655333ms)
✔ role is rechecked after a blocked profile lock (108.994291ms)
✔ cutover refuses inherited column UPDATE grants (12.211666ms)
✔ concurrent partial edits merge against the locked row, not a stale client snapshot (337.163792ms)
Synthetic customers DB: 17.10
✔ customer read gates preserve repository role policy matrix (2105.811333ms)
✔ customer reads retain tenant identity and never leak a foreign contact (214.189375ms)
✔ closed customer module hides all three sets and task company choices without deleting records (23.723041ms)
✔ closing tenant A leaves tenant B customer reads unchanged (38.814541ms)
✔ a stale claim after membership removal returns no customer data (21.531209ms)
✔ missing config and invalid dependency snapshots do not become enabled (180.981416ms)
✔ a permissive policy cannot OR around the module read fence (134.318583ms)
✔ migration aborts if any target RLS is disabled and rolls back prior policy work (67.503959ms)
Synthetic notes/contact DB: 17.10
✔ manager, operations and HR can create notes; author is resolved from the profile (1410.372666ms)
✔ other roles cannot create, edit, pin or delete notes (63.305958ms)
✔ operations and HR can edit only their own notes and cannot pin/delete (470.007916ms)
✔ manager can pin and delete; missing targets never report a successful mutation (73.864ms)
✔ even manager cannot edit a note through a different same-tenant company (166.182ms)
✔ forged author, pin-at-create, invalid tags and blank/non-string content are rejected (33.09625ms)
✔ passive companies retain note creation but reject new contacts (90.563ms)
✔ company/note direct writes are revoked, while both note and legacy contact commands still work (274.699375ms)
✔ legacy full contact command preserves atomic primary selection and max five limit after cutover (409.788625ms)
✔ legacy contact command rejects other roles and foreign targets (484.587041ms)
✔ disabled module blocks note and contact commands, including the unchanged legacy signature (27.149625ms)
✔ config change wins: note and contact wait before profile locks and see disabled state (357.553417ms)
✔ note transaction holds the configuration lock until transaction completion (105.338916ms)
✔ contact definer conversion rejects body drift instead of elevating altered code (39.812667ms)
✔ write cutover rejects inherited table privileges (16.319916ms)
✔ existing authenticated CSV contact insert remains compatible after company UPDATE is revoked (35.733166ms)
✔ role is rechecked after the profile lock for both contact and note writers (241.713292ms)
✔ blank profile names are rejected instead of inventing a note author label (8.271542ms)
Synthetic finance DB: 17.10
✔ finance AND policies retain role and tenant filtering while enabled (1805.098125ms)
✔ closed finance hides all three tables without deleting records (58.776667ms)
✔ atomic import still writes and replays the same receipt once when enabled (33.343458ms)
✔ closed finance rejects both new import and old replay before any write (22.249625ms)
✔ wrong role, foreign company and stale claimed tenant remain rejected (103.482083ms)
✔ malformed module configuration and stronger isolation fail closed (72.155083ms)
✔ anon, authenticated and bypassrls service cannot mutate directly or call retired RPCs (36.782125ms)
✔ config change wins: import waits before profile lock then observes disabled state (84.843792ms)
✔ import wins: config update waits for full import transaction (270.506625ms)
✔ migration revokes direct column privileges as well as table privileges (24.42375ms)
✔ migration aborts on inherited write privileges (26.488417ms)
✔ migration aborts on command body drift (37.398208ms)
✔ migration aborts on a callable same-name overload (57.288708ms)
Task gateway synthetic PostgreSQL: 17.10
✔ company-free task creation derives creator and assignee label, then revision advances on edit (2674.735875ms)
✔ authenticated cannot bypass gateway with direct DML or call private lock helper (130.507792ms)
✔ missing or disabled module configuration blocks mutation, disabled tasks hide table and history reads (46.639125ms)
✔ all six live roles: only manager, operations and HR can create (239.547375ms)
✔ HR cannot reassign and non-owner quick completion cannot masquerade as manager (1063.822375ms)
✔ forged fields, invalid dates/types, foreign relations and stale revisions are rejected (314.002083ms)
✔ foreign task, mismatched expected actor/tenant and nonmember assignee fail (161.462875ms)
✔ linked creation requires the source module while independent tasks remain available (19.357958ms)
✔ two simultaneous claims have exactly one winner and one assignment event (217.435458ms)
✔ config change winning the lock makes a waiting write see disabled state after commit (124.329042ms)
✔ a writing transaction holds its configuration barrier until commit; independent writers share it (113.401375ms)
✔ role revoked while waiting for the profile lock is rechecked after the lock (452.540208ms)
✔ passive company rejects new work; HR cannot use an unreadable contract or appointment (50.615042ms)
✔ repeatable-read writes are refused rather than using a stale post-lock snapshot (18.804208ms)
✔ contract removes an explicit column-level write grant as well as table grants (37.762ms)
✔ inherited write privilege drift aborts contract migration instead of leaving a bypass (9.635791ms)
✔ task transfer supports independent tasks, live membership roles and idempotent replay (31.188042ms)
✔ disabled task module rejects all three workflow mutations including receipt replays (260.597834ms)
✔ calendar completion without a follow-up works with tasks off, but calendar off rejects it (90.380167ms)
✔ failed appointment task request does not complete the appointment or leave a receipt (70.867042ms)
✔ definer reads obey module gates and hide company projection when only tasks remain enabled (333.030084ms)
✔ dashboard activity excludes each disabled source without suppressing enabled task activity (264.647709ms)
✔ config barrier is first for every workflow and waiting commands see the newly disabled module (1172.318791ms)
✔ workflow role and cross-tenant restrictions remain intact (197.965792ms)
✔ service-only task notification RPC filters disabled tenants and refuses incomplete config (166.956666ms)
✔ shared configuration validator preserves scope, completeness and dependency failures (27.37775ms)
✔ workflow patch aborts on unexpected function definition rather than silently skipping a guard (50.949333ms)
✔ task company projection returns only display columns and retains tenant, module, role and company RLS (267.557209ms)
✔ parent hard deletion cannot delete task history or detach task context, even with tasks disabled (292.450708ms)
✔ unreferenced parent deletion and deactivation remain possible; schema drift aborts the preservation migration (62.278375ms)
✔ parent deletion waiting behind a new task cannot erase that task after its commit (99.102834ms)
Synthetic module DB: 17.10
✔ existing tenants get exactly ten enabled settings and one truthful bootstrap receipt each (1384.463375ms)
✔ new tenant provisioning initializes all ten rows in the same transaction; rollback leaves nothing (38.33725ms)
✔ authenticated response is scoped to live membership, preserves role and bigint precision (55.1515ms)
✔ all configuration tables deny direct reads and writes to anon/authenticated/service_role (39.732458ms)
✔ only authenticated can execute the public reader; internal bootstrap and catalog have no client grants (9.529834ms)
✔ no session, foreign tenant claim and removed membership fail closed (167.1935ms)
✔ stale workspace selection and stale membership generations are rejected by the real scope functions (67.968458ms)
✔ missing config, missing key and broken hard dependencies do not return an all-enabled fallback (15.591333ms)
✔ disabled independent module is represented as disabled without changing another tenant (7.724583ms)
✔ unknown/duplicate module keys, invalid revision and bootstrap reset are rejected (184.952ms)
✔ tenant insert and migration serialize in both orders; timeout rolls back all new tables (1762.321625ms)
ℹ tests 105
ℹ suites 0
ℹ pass 105
ℹ fail 0
ℹ cancelled 0
ℹ skipped 0
ℹ todo 0
ℹ duration_ms 32720.55075
