✔ ops_execute_scoped: staffing off denies before business body (1745.826542ms)
✔ ops_reconcile_commands: staffing off denies before business body (18.535791ms)
✔ ops_create_request_batch: staffing off denies before business body (21.70775ms)
✔ ops_resize_request: staffing off denies before business body (14.004334ms)
✔ ops_record_attendance: staffing off denies before business body (17.087125ms)
✔ ops_replace_assignment: staffing off denies before business body (20.884916ms)
✔ ops_set_directory_active: staffing off denies before business body (33.788875ms)
✔ ops_start_execute: staffing off denies before business body (15.181ms)
✔ ops_start_board: staffing off denies before business body (15.769083ms)
✔ ops_start_board_filtered: staffing off denies before business body (25.373291ms)
✔ ops_comment_send: staffing off denies before business body (33.812375ms)
✔ ops_comment_list: staffing off denies before business body (25.133334ms)
✔ ops_comment_inbox: staffing off denies before business body (26.885333ms)
✔ ops_comment_read: staffing off denies before business body (18.991375ms)
✔ ops_comment_people: staffing off denies before business body (16.751333ms)
✔ ops_comment_inbox_page: staffing off denies before business body (10.649959ms)
✔ ops_comment_resolve: staffing off denies before business body (63.405291ms)
✔ ops_update_location: staffing off denies before business body (19.257875ms)
✔ ops_record_replacement_outreach: staffing off denies before business body (14.653042ms)
✔ ops_replacement_outreach_history: staffing off denies before business body (18.902458ms)
✔ ops_replacement_outreach_latest: staffing off denies before business body (14.839208ms)
✔ ops_work_record_execute: staffing off denies before business body (13.6005ms)
✔ ops_work_record_read: staffing off denies before business body (22.639333ms)
✔ ops_work_record_list: staffing off denies before business body (18.6625ms)
✔ ops_idp_read: staffing off denies before business body (11.801333ms)
✔ ops_idp_save: staffing off denies before business body (15.108125ms)
✔ ops_idp_period_create: staffing off denies before business body (12.412917ms)
✔ ops_idp_period_read: staffing off denies before business body (14.957792ms)
✔ ops_idp_period_manage: staffing off denies before business body (39.24175ms)
✔ ops_idp_period_history: staffing off denies before business body (27.243084ms)
✔ ops_fixed_roster_save: staffing off denies before business body (8.223041ms)
✔ ops_fixed_roster_list: staffing off denies before business body (15.266833ms)
✔ ops_fixed_roster_history: staffing off denies before business body (7.596958ms)
✔ ops_fixed_roster_idp_create: staffing off denies before business body (9.237083ms)
✔ ops_create_timed_requests: staffing off denies before business body (19.112084ms)
✔ ops_schedule_save: staffing off denies before business body (17.954958ms)
✔ ops_schedule_list: staffing off denies before business body (8.18275ms)
✔ ops_schedule_preview: staffing off denies before business body (24.828375ms)
✔ ops_schedule_generate: staffing off denies before business body (9.332625ms)
✔ every original statement and exact signature is preserved (36.729916ms)
✔ enabled IDP read uses actual body; talent off does not break operations (20.24925ms)
✔ each endpoint rejects actor and workspace spoof before business work (756.544291ms)
✔ original IDP role restriction survives for HR (84.80575ms)
✔ anon and service execute is denied for every scoped endpoint (443.159458ms)
✔ writer waits for settings lock then sees committed disabled state (88.256833ms)
✔ late catalog drift rolls back previous endpoint patches (432.310084ms)
✔ an unreviewed exposed actor endpoint stops migration (85.444208ms)
✔ enabled notification write keeps original recipient boundary and does not duplicate timestamp (45.695833ms)
✔ pre-history fixture is rejected rather than accepted as the deployed baseline (72.239583ms)
✔ historical service grants are removed from private helpers without exposing them (12.678666ms)
✔ reporting_project_execute rejects disabled reporting before business queries (497.402875ms)
✔ reporting_project_list rejects disabled reporting before business queries (16.766667ms)
✔ reporting_project_detail rejects disabled reporting before business queries (14.95075ms)
✔ reporting_person_code_set rejects disabled reporting before business queries (10.445458ms)
✔ reporting_import_prepare rejects disabled reporting before business queries (16.261125ms)
✔ reporting_import_finish rejects disabled reporting before business queries (11.64475ms)
✔ reporting_import_list rejects disabled reporting before business queries (7.345833ms)
✔ reporting_import_people rejects disabled reporting before business queries (17.102375ms)
✔ reporting_import_read rejects disabled reporting before business queries (14.146083ms)
✔ reporting_monthly_report rejects disabled reporting before business queries (14.219875ms)
✔ reporting_work_details rejects disabled reporting before business queries (6.314ms)
✔ reporting_source_file rejects disabled reporting before business queries (12.112458ms)
✔ all endpoint bodies retain business statements and clients cannot bypass through anon/service (80.399708ms)
✔ enabled actual list is scoped; talent and staffing can both be off (27.381958ms)
✔ Storage helper keeps ownership/status rules and denies read/upload when reporting off (35.1335ms)
✔ read role cannot use reporting writes; spoofed actor fails scope (12.935625ms)
✔ late body drift rolls back earlier endpoint patches (35.436167ms)
✔ new accessible overload and exposed internal helper require explicit review (28.031375ms)
✔ waiting reporting writer sees committed module disable before entering business work (75.087792ms)
✔ source access rejects another operators batch, foreign tenant and malformed paths (54.84525ms)
✔ historical service grants are removed from private helpers without exposing them (11.220208ms)
✔ talent_people_page rejects disabled talent before its business body (674.361875ms)
✔ talent_person_detail rejects disabled talent before its business body (12.347167ms)
✔ talent_save_person rejects disabled talent before its business body (8.825042ms)
✔ talent_resolve_person_command rejects disabled talent before its business body (7.483042ms)
✔ talent_compare_snapshot rejects disabled talent before its business body (10.225708ms)
✔ talent_import_status rejects disabled talent before its business body (9.434834ms)
✔ talent_import_prepare rejects disabled talent before its business body (7.986125ms)
✔ talent_import_apply_row rejects disabled talent before its business body (17.017709ms)
✔ talent_import_cancel rejects disabled talent before its business body (18.950375ms)
✔ talent_import_recover rejects disabled talent before its business body (31.672917ms)
✔ talent_import_close rejects disabled talent before its business body (14.100708ms)
✔ talent_import_history rejects disabled talent before its business body (8.324708ms)
✔ talent_conversation_save rejects disabled talent before its business body (19.974ms)
✔ talent_attachment_reserve rejects disabled talent before its business body (6.657291ms)
✔ talent_attachment_finish rejects disabled talent before its business body (7.332584ms)
✔ talent_attachment_list rejects disabled talent before its business body (6.548125ms)
✔ talent_attachment_pending rejects disabled talent before its business body (6.495959ms)
✔ talent_attachment_cancel rejects disabled talent before its business body (19.82625ms)
✔ talent_availability_read rejects disabled talent before its business body (6.342625ms)
✔ talent_availability_save rejects disabled talent before its business body (8.954334ms)
✔ talent_prepare_worker rejects disabled talent before its business body (7.92925ms)
✔ talent_match_source rejects disabled talent before its business body (9.823542ms)
✔ talent_work_copy_page rejects disabled talent before its business body (8.195208ms)
✔ talent_import_change_review rejects disabled talent before its business body (13.318375ms)
✔ talent_import_undo_update rejects disabled talent before its business body (17.538791ms)
✔ talent_merge_review rejects disabled talent before its business body (25.980833ms)
✔ talent_merge_apply rejects disabled talent before its business body (35.467458ms)
✔ talent_merge_resolve rejects disabled talent before its business body (7.056208ms)
✔ talent_merged_availability rejects disabled talent before its business body (9.936125ms)
✔ talent_contact_summaries rejects disabled talent before its business body (17.6155ms)
✔ talent_shared_views_read rejects disabled talent before its business body (8.585ms)
✔ talent_shared_view_create rejects disabled talent before its business body (5.850458ms)
✔ talent_shared_view_archive rejects disabled talent before its business body (5.479708ms)
✔ talent_call_lists_read rejects disabled talent before its business body (5.146625ms)
✔ talent_call_list_create rejects disabled talent before its business body (8.250708ms)
✔ talent_call_list_archive rejects disabled talent before its business body (7.061209ms)
✔ talent_call_list_edit rejects disabled talent before its business body (7.754167ms)
✔ talent_conversation_list rejects disabled talent before its business body (6.132625ms)
✔ talent_call_list_people rejects disabled talent before its business body (6.226792ms)
✔ all patched bodies preserve their original statements and acquire config before original locks (25.569667ms)
✔ neutral identity scope still serves operations when talent is off (5.12325ms)
✔ enabled read executes the actual saved-view body and returns only the selected tenant (11.03275ms)
✔ actor spoof, foreign tenant and missing membership fail before business reads (11.826166ms)
✔ prepare-worker requires staffing as well as talent (8.168083ms)
✔ anonymous and service cannot execute any patched entry, including internal read helper (48.929167ms)
✔ write after waiting on settings lock observes committed disabled state (85.153375ms)
✔ last-body drift rolls back every earlier patch and helper creation (88.399709ms)
✔ exposed internal aliases stop migration instead of leaving a bypass (37.394584ms)
✔ a newly exposed actor-scoped overload requires review (63.796625ms)
✔ attachment policy helper denies downloads and new uploads when talent is off (19.086208ms)
✔ attachment access retains tenant owner ready and onboarding rules (17.9765ms)
✔ enabled write executes original archive operation without losing authorization (11.627208ms)
✔ actual person detail withholds assignments when staffing is off and restores them when on (113.521791ms)
✔ assignment projection rejects an unexpected source body without changing it (8.9635ms)
✔ conversation history retains order and job outcome without querying disabled operation context (41.258958ms)
✔ disabled staffing blocks new request conversations but permits general notes and their retry (34.427292ms)
✔ conversation patch preserves metadata and rolls back the first patch if the second source drifts (18.142291ms)
✔ closed staffing permits linked contact/location edits but rejects name sync atomically (63.495791ms)
✔ unlinked and new people can still change names with staffing disabled (35.132625ms)
✔ actual operations worker create and retry stay usable with talent off; reopening reveals the same person (89.43175ms)
✔ maintenance trigger synchronizes once and stays tenant-scoped while talent is off (67.639125ms)
✔ closed staffing stops the actual worker writer before maintenance can create a talent row (60.154625ms)
✔ preparing an existing person reuses their card through the real trigger and remains idempotent (71.801875ms)
✔ current cancellation body retains tombstone denial and row lock; old SQL body cannot pass migration (124.418833ms)
✔ actual cancellation Storage policies cannot reveal or delete files when talent is disabled (71.275792ms)
✔ historical service grants are removed from private helpers without exposing them (7.124916ms)
ℹ tests 137
ℹ suites 0
ℹ pass 137
ℹ fail 0
ℹ cancelled 0
ℹ skipped 0
ℹ todo 0
ℹ duration_ms 10310.830625
