PASS existing tenants each receive 10 enabled modules
PASS new tenant provisions 10 modules atomically
PASS actual Auth profile trigger created both synthetic profiles
PASS actual workspace context resolves tenant-scoped module settings
PASS disabled ops_execute_scoped
PASS disabled ops_reconcile_commands
PASS disabled ops_create_request_batch
PASS disabled ops_resize_request
PASS disabled ops_record_attendance
PASS disabled ops_replace_assignment
PASS disabled ops_set_directory_active
PASS disabled ops_start_execute
PASS disabled ops_start_board
PASS disabled ops_start_board_filtered
PASS disabled ops_comment_send
PASS disabled ops_comment_list
PASS disabled ops_comment_inbox
PASS disabled ops_comment_read
PASS disabled ops_comment_people
PASS disabled ops_comment_inbox_page
PASS disabled ops_comment_resolve
PASS disabled ops_update_location
PASS disabled ops_record_replacement_outreach
PASS disabled ops_replacement_outreach_history
PASS disabled ops_replacement_outreach_latest
PASS disabled ops_work_record_execute
PASS disabled ops_work_record_read
PASS disabled ops_work_record_list
PASS disabled ops_idp_read
PASS disabled ops_idp_save
PASS disabled ops_idp_period_create
PASS disabled ops_idp_period_read
PASS disabled ops_idp_period_manage
PASS disabled ops_idp_period_history
PASS disabled ops_fixed_roster_save
PASS disabled ops_fixed_roster_list
PASS disabled ops_fixed_roster_history
PASS disabled ops_fixed_roster_idp_create
PASS disabled ops_create_timed_requests
PASS disabled ops_schedule_save
PASS disabled ops_schedule_list
PASS disabled ops_schedule_preview
PASS disabled ops_schedule_generate
PASS disabled talent_people_page
PASS disabled talent_person_detail
PASS disabled talent_save_person
PASS disabled talent_resolve_person_command
PASS disabled talent_compare_snapshot
PASS disabled talent_import_status
PASS disabled talent_import_prepare
PASS disabled talent_import_apply_row
PASS disabled talent_import_cancel
PASS disabled talent_import_recover
PASS disabled talent_import_close
PASS disabled talent_import_history
PASS disabled talent_conversation_save
PASS disabled talent_attachment_reserve
PASS disabled talent_attachment_finish
PASS disabled talent_attachment_list
PASS disabled talent_attachment_pending
PASS disabled talent_attachment_cancel
PASS disabled talent_availability_read
PASS disabled talent_availability_save
PASS disabled talent_prepare_worker
PASS disabled talent_match_source
PASS disabled talent_work_copy_page
PASS disabled talent_import_change_review
PASS disabled talent_import_undo_update
PASS disabled talent_merge_review
PASS disabled talent_merge_apply
PASS disabled talent_merge_resolve
PASS disabled talent_merged_availability
PASS disabled talent_contact_summaries
PASS disabled talent_shared_views_read
PASS disabled talent_shared_view_create
PASS disabled talent_shared_view_archive
PASS disabled talent_call_lists_read
PASS disabled talent_call_list_create
PASS disabled talent_call_list_archive
PASS disabled talent_call_list_edit
PASS disabled talent_conversation_list
PASS disabled talent_call_list_people
PASS disabled reporting_project_execute
PASS disabled reporting_project_list
PASS disabled reporting_project_detail
PASS disabled reporting_person_code_set
PASS disabled reporting_import_prepare
PASS disabled reporting_import_finish
PASS disabled reporting_import_list
PASS disabled reporting_import_people
PASS disabled reporting_import_read
PASS disabled reporting_monthly_report
PASS disabled reporting_work_details
PASS disabled reporting_source_file
PASS 7 private helpers have no browser or service execution
PASS foreign tenant claim fails with actual membership verification
